---- robot status ---- temperature [℃] ---- current [mA] ---- voltage [mV] ----
id 0 -7650 -7650 -7650 
id 1 -7650 -7650 -7650 
id 2 -7650 -7650 -7650 
id 3 -7650 -7650 -7650 
id 4 -7650 -7650 -7650 
id 5 -7650 -7650 -7650 
id 6 -7650 -7650 -7650 
id 7 -7650 -7650 -7650 
id 8 -7650 -7650 -7650 
id 9 -7650 -7650 -7650 
id 10 -7650 -7650 -7650 
id 11 -7650 -7650 -7650 
id 12 -7650 -7650 -7650 
id 13 -7650 -7650 -7650 
id 14 -7650 -7650 -7650 
id 15 -7650 -7650 -7650 
id 16 -7650 -7650 -7650 
id 17 -7650 -7650 -7650 
id 18 -7650 -7650 -7650 

 Motors which temperature is over 45℃
---------------------------------- dmesg ----------------------------------
[    0.000000] Linux version 5.10.102.1-microsoft-standard-WSL2 (oe-user@oe-host) (x86_64-msft-linux-gcc (GCC) 9.3.0, GNU ld (GNU Binutils) 2.34.0.20200220) #1 SMP Wed Mar 2 00:30:59 UTC 2022
[    0.000000] Command line: initrd=\initrd.img WSL_ROOT_INIT=1 panic=-1 nr_cpus=32 swiotlb=force console=hvc0 debug pty.legacy_count=0
[    0.000000] KERNEL supported cpus:
[    0.000000]   Intel GenuineIntel
[    0.000000]   AMD AuthenticAMD
[    0.000000]   Centaur CentaurHauls
[    0.000000] x86/fpu: Supporting XSAVE feature 0x001: 'x87 floating point registers'
[    0.000000] x86/fpu: Supporting XSAVE feature 0x002: 'SSE registers'
[    0.000000] x86/fpu: Supporting XSAVE feature 0x004: 'AVX registers'
[    0.000000] x86/fpu: xstate_offset[2]:  576, xstate_sizes[2]:  256
[    0.000000] x86/fpu: Enabled xstate features 0x7, context size is 832 bytes, using 'compacted' format.
[    0.000000] BIOS-provided physical RAM map:
[    0.000000] BIOS-e820: [mem 0x0000000000000000-0x000000000009ffff] usable
[    0.000000] BIOS-e820: [mem 0x00000000000e0000-0x00000000000e0fff] reserved
[    0.000000] BIOS-e820: [mem 0x0000000000100000-0x00000000001fffff] ACPI data
[    0.000000] BIOS-e820: [mem 0x0000000000200000-0x00000000f7ffffff] usable
[    0.000000] BIOS-e820: [mem 0x0000000100000000-0x0000000404ffffff] usable
[    0.000000] NX (Execute Disable) protection: active
[    0.000000] DMI not present or invalid.
[    0.000000] Hypervisor detected: Microsoft Hyper-V
[    0.000000] Hyper-V: privilege flags low 0xae7f, high 0x3b8030, hints 0xc2c, misc 0xe0bed7b6
[    0.000000] Hyper-V Host Build:22523-10.0-1-0.1000
[    0.000000] Hyper-V: LAPIC Timer Frequency: 0x1e8480
[    0.000000] Hyper-V: Using hypercall for remote TLB flush
[    0.000000] clocksource: hyperv_clocksource_tsc_page: mask: 0xffffffffffffffff max_cycles: 0x24e6a1710, max_idle_ns: 440795202120 ns
[    0.000001] tsc: Detected 3400.048 MHz processor
[    0.000007] e820: update [mem 0x00000000-0x00000fff] usable ==> reserved
[    0.000008] e820: remove [mem 0x000a0000-0x000fffff] usable
[    0.000010] last_pfn = 0x405000 max_arch_pfn = 0x400000000
[    0.000032] MTRR default type: uncachable
[    0.000032] MTRR fixed ranges enabled:
[    0.000033]   00000-3FFFF write-back
[    0.000033]   40000-7FFFF uncachable
[    0.000033]   80000-8FFFF write-back
[    0.000034]   90000-FFFFF uncachable
[    0.000035] MTRR variable ranges enabled:
[    0.000036]   0 base 000000000000 mask FFFF00000000 write-back
[    0.000036]   1 base 000100000000 mask FFF000000000 write-back
[    0.000037]   2 disabled
[    0.000037]   3 disabled
[    0.000037]   4 disabled
[    0.000038]   5 disabled
[    0.000038]   6 disabled
[    0.000038]   7 disabled
[    0.000046] x86/PAT: Configuration [0-7]: WB  WC  UC- UC  WB  WP  UC- WT  
[    0.000057] last_pfn = 0xf8000 max_arch_pfn = 0x400000000
[    0.000066] Using GB pages for direct mapping
[    0.000259] RAMDISK: [mem 0x03835000-0x039fefff]
[    0.000261] ACPI: Early table checksum verification disabled
[    0.000266] ACPI: RSDP 0x00000000000E0000 000024 (v02 VRTUAL)
[    0.000268] ACPI: XSDT 0x0000000000100000 000044 (v01 VRTUAL MICROSFT 00000001 MSFT 00000001)
[    0.000271] ACPI: FACP 0x0000000000101000 000114 (v06 VRTUAL MICROSFT 00000001 MSFT 00000001)
[    0.000274] ACPI: DSDT 0x00000000001011B8 01E184 (v02 MSFTVM DSDT01   00000001 MSFT 05000000)
[    0.000275] ACPI: FACS 0x0000000000101114 000040
[    0.000277] ACPI: OEM0 0x0000000000101154 000064 (v01 VRTUAL MICROSFT 00000001 MSFT 00000001)
[    0.000278] ACPI: SRAT 0x000000000011F33C 0004B0 (v02 VRTUAL MICROSFT 00000001 MSFT 00000001)
[    0.000280] ACPI: APIC 0x000000000011F7EC 000148 (v04 VRTUAL MICROSFT 00000001 MSFT 00000001)
[    0.000281] ACPI: Reserving FACP table memory at [mem 0x101000-0x101113]
[    0.000282] ACPI: Reserving DSDT table memory at [mem 0x1011b8-0x11f33b]
[    0.000282] ACPI: Reserving FACS table memory at [mem 0x101114-0x101153]
[    0.000283] ACPI: Reserving OEM0 table memory at [mem 0x101154-0x1011b7]
[    0.000283] ACPI: Reserving SRAT table memory at [mem 0x11f33c-0x11f7eb]
[    0.000284] ACPI: Reserving APIC table memory at [mem 0x11f7ec-0x11f933]
[    0.000287] ACPI: Local APIC address 0xfee00000
[    0.000400] Zone ranges:
[    0.000401]   DMA      [mem 0x0000000000001000-0x0000000000ffffff]
[    0.000402]   DMA32    [mem 0x0000000001000000-0x00000000ffffffff]
[    0.000403]   Normal   [mem 0x0000000100000000-0x0000000404ffffff]
[    0.000404]   Device   empty
[    0.000404] Movable zone start for each node
[    0.000405] Early memory node ranges
[    0.000405]   node   0: [mem 0x0000000000001000-0x000000000009ffff]
[    0.000406]   node   0: [mem 0x0000000000200000-0x00000000f7ffffff]
[    0.000406]   node   0: [mem 0x0000000100000000-0x0000000404ffffff]
[    0.000408] Initmem setup node 0 [mem 0x0000000000001000-0x0000000404ffffff]
[    0.000409] On node 0 totalpages: 4181663
[    0.000409]   DMA zone: 59 pages used for memmap
[    0.000410]   DMA zone: 22 pages reserved
[    0.000410]   DMA zone: 3743 pages, LIFO batch:0
[    0.000411]   DMA32 zone: 16320 pages used for memmap
[    0.000411]   DMA32 zone: 1011712 pages, LIFO batch:63
[    0.000412]   Normal zone: 49472 pages used for memmap
[    0.000412]   Normal zone: 3166208 pages, LIFO batch:63
[    0.000503] On node 0, zone DMA: 1 pages in unavailable ranges
[    0.000517] On node 0, zone DMA: 352 pages in unavailable ranges
[    0.008214] On node 0, zone Normal: 12288 pages in unavailable ranges
[    0.008256] ACPI: Local APIC address 0xfee00000
[    0.008262] ACPI: LAPIC_NMI (acpi_id[0x01] dfl dfl lint[0x1])
[    0.008464] IOAPIC[0]: apic_id 32, version 17, address 0xfec00000, GSI 0-23
[    0.008467] ACPI: INT_SRC_OVR (bus 0 bus_irq 9 global_irq 9 high level)
[    0.008468] ACPI: IRQ9 used by override.
[    0.008470] Using ACPI (MADT) for SMP configuration information
[    0.008475] smpboot: Allowing 32 CPUs, 0 hotplug CPUs
[    0.008482] [mem 0xf8000000-0xffffffff] available for PCI devices
[    0.008482] Booting paravirtualized kernel on Hyper-V
[    0.008484] clocksource: refined-jiffies: mask: 0xffffffff max_cycles: 0xffffffff, max_idle_ns: 19112604462750000 ns
[    0.011458] setup_percpu: NR_CPUS:256 nr_cpumask_bits:256 nr_cpu_ids:32 nr_node_ids:1
[    0.012763] percpu: Embedded 56 pages/cpu s190040 r8192 d31144 u262144
[    0.012767] pcpu-alloc: s190040 r8192 d31144 u262144 alloc=1*2097152
[    0.012769] pcpu-alloc: [0] 00 01 02 03 04 05 06 07 [0] 08 09 10 11 12 13 14 15 
[    0.012773] pcpu-alloc: [0] 16 17 18 19 20 21 22 23 [0] 24 25 26 27 28 29 30 31 
[    0.012784] Hyper-V: PV spinlocks enabled
[    0.012786] PV qspinlock hash table entries: 256 (order: 0, 4096 bytes, linear)
[    0.012789] Built 1 zonelists, mobility grouping on.  Total pages: 4115790
[    0.012790] Kernel command line: initrd=\initrd.img WSL_ROOT_INIT=1 panic=-1 nr_cpus=32 swiotlb=force console=hvc0 debug pty.legacy_count=0
[    0.012841] printk: log_buf_len individual max cpu contribution: 4096 bytes
[    0.012842] printk: log_buf_len total cpu_extra contributions: 126976 bytes
[    0.012842] printk: log_buf_len min size: 131072 bytes
[    0.012979] printk: log_buf_len: 262144 bytes
[    0.012980] printk: early log buf free: 124416(94%)
[    0.014362] Dentry cache hash table entries: 2097152 (order: 12, 16777216 bytes, linear)
[    0.015108] Inode-cache hash table entries: 1048576 (order: 11, 8388608 bytes, linear)
[    0.015192] mem auto-init: stack:off, heap alloc:off, heap free:off
[    0.025818] Memory: 4084164K/16726652K available (16404K kernel code, 2544K rwdata, 9048K rodata, 1580K init, 2772K bss, 403964K reserved, 0K cma-reserved)
[    0.025852] SLUB: HWalign=64, Order=0-3, MinObjects=0, CPUs=32, Nodes=1
[    0.025858] ftrace: allocating 51665 entries in 202 pages
[    0.037917] ftrace: allocated 202 pages with 4 groups
[    0.038081] rcu: Hierarchical RCU implementation.
[    0.038082] rcu: 	RCU restricting CPUs from NR_CPUS=256 to nr_cpu_ids=32.
[    0.038083] 	Rude variant of Tasks RCU enabled.
[    0.038084] 	Tracing variant of Tasks RCU enabled.
[    0.038084] rcu: RCU calculated value of scheduler-enlistment delay is 10 jiffies.
[    0.038085] rcu: Adjusting geometry for rcu_fanout_leaf=16, nr_cpu_ids=32
[    0.039844] Using NULL legacy PIC
[    0.039845] NR_IRQS: 16640, nr_irqs: 680, preallocated irqs: 0
[    0.040069] random: crng done (trusting CPU's manufacturer)
[    0.040083] Console: colour dummy device 80x25
[    0.040089] ACPI: Core revision 20200925
[    0.040174] Failed to register legacy timer interrupt
[    0.040174] APIC: Switch to symmetric I/O mode setup
[    0.040175] Switched APIC routing to physical flat.
[    0.040192] Hyper-V: Using IPI hypercalls
[    0.040193] Hyper-V: Using enlightened APIC (xapic mode)
[    0.040254] clocksource: tsc-early: mask: 0xffffffffffffffff max_cycles: 0x31027be7daf, max_idle_ns: 440795321487 ns
[    0.040256] Calibrating delay loop (skipped), value calculated using timer frequency.. 6800.09 BogoMIPS (lpj=34000480)
[    0.040258] pid_max: default: 32768 minimum: 301
[    0.040271] LSM: Security Framework initializing
[    0.040291] Mount-cache hash table entries: 32768 (order: 6, 262144 bytes, linear)
[    0.040306] Mountpoint-cache hash table entries: 32768 (order: 6, 262144 bytes, linear)
[    0.040460] x86/cpu: User Mode Instruction Prevention (UMIP) activated
[    0.040463] Last level iTLB entries: 4KB 512, 2MB 512, 4MB 256
[    0.040463] Last level dTLB entries: 4KB 2048, 2MB 2048, 4MB 1024, 1GB 0
[    0.040465] Spectre V1 : Mitigation: usercopy/swapgs barriers and __user pointer sanitization
[    0.040467] Spectre V2 : Mitigation: Full AMD retpoline
[    0.040467] Spectre V2 : Spectre v2 / SpectreRSB mitigation: Filling RSB on context switch
[    0.040467] Spectre V2 : Enabling Restricted Speculation for firmware calls
[    0.040468] Spectre V2 : mitigation: Enabling conditional Indirect Branch Prediction Barrier
[    0.040469] Spectre V2 : User space: Mitigation: STIBP via seccomp and prctl
[    0.040470] Speculative Store Bypass: Mitigation: Speculative Store Bypass disabled via prctl and seccomp
[    0.040589] Freeing SMP alternatives memory: 56K
[    0.041587] smpboot: CPU0: AMD Ryzen 9 5950X 16-Core Processor (family: 0x19, model: 0x21, stepping: 0x0)
[    0.041633] Performance Events: Fam17h+ core perfctr, AMD PMU driver.
[    0.041643] ... version:                0
[    0.041644] ... bit width:              48
[    0.041644] ... generic registers:      6
[    0.041644] ... value mask:             0000ffffffffffff
[    0.041645] ... max period:             00007fffffffffff
[    0.041645] ... fixed-purpose events:   0
[    0.041646] ... event mask:             000000000000003f
[    0.041677] rcu: Hierarchical SRCU implementation.
[    0.041996] smp: Bringing up secondary CPUs ...
[    0.042129] x86: Booting SMP configuration:
[    0.042130] .... node  #0, CPUs:        #1  #2  #3  #4  #5  #6  #7  #8  #9 #10 #11 #12 #13 #14 #15 #16 #17 #18 #19 #20 #21 #22 #23 #24 #25 #26 #27 #28 #29 #30 #31
[    0.050785] smp: Brought up 1 node, 32 CPUs
[    0.050785] smpboot: Max logical packages: 1
[    0.050785] smpboot: Total of 32 processors activated (217603.07 BogoMIPS)
[    0.065641] node 0 deferred pages initialised in 10ms
[    0.070615] devtmpfs: initialized
[    0.070615] x86/mm: Memory block size: 128MB
[    0.070615] clocksource: jiffies: mask: 0xffffffff max_cycles: 0xffffffff, max_idle_ns: 19112604462750000 ns
[    0.070615] futex hash table entries: 8192 (order: 7, 524288 bytes, linear)
[    0.070808] NET: Registered protocol family 16
[    0.070867] thermal_sys: Registered thermal governor 'step_wise'
[    0.070883] cpuidle: using governor menu
[    0.070883] ACPI: bus type PCI registered
[    0.070883] PCI: Fatal: No config space access function found
[    0.071134] Kprobes globally optimized
[    0.071148] HugeTLB registered 1.00 GiB page size, pre-allocated 0 pages
[    0.071148] HugeTLB registered 2.00 MiB page size, pre-allocated 0 pages
[    0.071148] raid6: skip pq benchmark and using algorithm avx2x4
[    0.071148] raid6: using avx2x2 recovery algorithm
[    0.071148] ACPI: Added _OSI(Module Device)
[    0.071148] ACPI: Added _OSI(Processor Device)
[    0.071148] ACPI: Added _OSI(3.0 _SCP Extensions)
[    0.071148] ACPI: Added _OSI(Processor Aggregator Device)
[    0.071148] ACPI: Added _OSI(Linux-Dell-Video)
[    0.071148] ACPI: Added _OSI(Linux-Lenovo-NV-HDMI-Audio)
[    0.071148] ACPI: Added _OSI(Linux-HPI-Hybrid-Graphics)
[    0.073274] ACPI: 1 ACPI AML tables successfully acquired and loaded
[    0.073811] ACPI: Interpreter enabled
[    0.073814] ACPI: (supports S0 S5)
[    0.073815] ACPI: Using IOAPIC for interrupt routing
[    0.073819] PCI: Using host bridge windows from ACPI; if necessary, use "pci=nocrs" and report a bug
[    0.073938] ACPI: Enabled 1 GPEs in block 00 to 0F
[    0.074604] iommu: Default domain type: Translated 
[    0.074660] SCSI subsystem initialized
[    0.074662] ACPI: bus type USB registered
[    0.074667] usbcore: registered new interface driver usbfs
[    0.074670] usbcore: registered new interface driver hub
[    0.074675] usbcore: registered new device driver usb
[    0.080334] hv_vmbus: Vmbus version:5.2
[    0.080334] PCI: Using ACPI for IRQ routing
[    0.080334] PCI: System does not support PCI
[    0.080845] hv_vmbus: Unknown GUID: c376c1c3-d276-48d2-90a9-c04748072c60
[    0.080892] clocksource: Switched to clocksource tsc-early
[    0.080898] hv_vmbus: Unknown GUID: 6e382d18-3336-4f4b-acc4-2b7703d4df4a
[    0.080906] hv_vmbus: Unknown GUID: dde9cbc0-5060-4436-9448-ea1254a5d177
[    0.174666] VFS: Disk quotas dquot_6.6.0
[    0.174676] VFS: Dquot-cache hash table entries: 512 (order 0, 4096 bytes)
[    0.174690] FS-Cache: Loaded
[    0.174709] pnp: PnP ACPI init
[    0.174744] pnp 00:00: Plug and Play ACPI device, IDs PNP0b00 (active)
[    0.174819] pnp: PnP ACPI: found 1 devices
[    0.177982] NET: Registered protocol family 2
[    0.178396] IP idents hash table entries: 262144 (order: 9, 2097152 bytes, linear)
[    0.179848] tcp_listen_portaddr_hash hash table entries: 8192 (order: 5, 131072 bytes, linear)
[    0.179861] TCP established hash table entries: 131072 (order: 8, 1048576 bytes, linear)
[    0.179957] TCP bind hash table entries: 65536 (order: 8, 1048576 bytes, linear)
[    0.180136] TCP: Hash tables configured (established 131072 bind 65536)
[    0.180161] UDP hash table entries: 8192 (order: 6, 262144 bytes, linear)
[    0.180183] UDP-Lite hash table entries: 8192 (order: 6, 262144 bytes, linear)
[    0.180223] NET: Registered protocol family 1
[    0.180422] RPC: Registered named UNIX socket transport module.
[    0.180424] RPC: Registered udp transport module.
[    0.180424] RPC: Registered tcp transport module.
[    0.180425] RPC: Registered tcp NFSv4.1 backchannel transport module.
[    0.180427] PCI: CLS 0 bytes, default 64
[    0.180458] Trying to unpack rootfs image as initramfs...
[    0.181088] Freeing initrd memory: 1832K
[    0.181091] PCI-DMA: Using software bounce buffering for IO (SWIOTLB)
[    0.181093] software IO TLB: mapped [mem 0x00000000f4000000-0x00000000f8000000] (64MB)
[    0.182458] kvm: no hardware support
[    0.183313] kvm: Nested Virtualization enabled
[    0.183321] SVM: kvm: Nested Paging enabled
[    0.183321] SVM: Virtual VMLOAD VMSAVE supported
[    0.186337] Initialise system trusted keyrings
[    0.186424] workingset: timestamp_bits=46 max_order=22 bucket_order=0
[    0.187012] squashfs: version 4.0 (2009/01/31) Phillip Lougher
[    0.187158] NFS: Registering the id_resolver key type
[    0.187163] Key type id_resolver registered
[    0.187164] Key type id_legacy registered
[    0.187166] nfs4filelayout_init: NFSv4 File Layout Driver Registering...
[    0.187169] nfs4flexfilelayout_init: NFSv4 Flexfile Layout Driver Registering...
[    0.187169] Installing knfsd (copyright (C) 1996 okir@monad.swb.de).
[    0.187508] Key type cifs.idmap registered
[    0.187563] fuse: init (API version 7.32)
[    0.187683] SGI XFS with ACLs, security attributes, realtime, scrub, repair, quota, no debug enabled
[    0.188123] 9p: Installing v9fs 9p2000 file system support
[    0.188131] FS-Cache: Netfs '9p' registered for caching
[    0.188160] FS-Cache: Netfs 'ceph' registered for caching
[    0.188162] ceph: loaded (mds proto 32)
[    0.191567] NET: Registered protocol family 38
[    0.191570] xor: automatically using best checksumming function   avx       
[    0.191571] Key type asymmetric registered
[    0.191572] Asymmetric key parser 'x509' registered
[    0.191580] Block layer SCSI generic (bsg) driver version 0.4 loaded (major 250)
[    0.192551] hv_vmbus: registering driver hv_pci
[    0.192852] hv_pci 6f585c2e-35cc-48c0-a384-345ff026e2eb: PCI VMBus probing: Using version 0x10003
[    0.193526] hv_pci 6f585c2e-35cc-48c0-a384-345ff026e2eb: PCI host bridge to bus 35cc:00
[    0.193528] pci_bus 35cc:00: root bus resource [mem 0x9ffe00000-0x9ffe02fff window]
[    0.193991] pci 35cc:00:00.0: [1af4:1043] type 00 class 0x010000
[    0.195024] pci 35cc:00:00.0: reg 0x10: [mem 0x9ffe00000-0x9ffe00fff 64bit]
[    0.195555] pci 35cc:00:00.0: reg 0x18: [mem 0x9ffe01000-0x9ffe01fff 64bit]
[    0.196091] pci 35cc:00:00.0: reg 0x20: [mem 0x9ffe02000-0x9ffe02fff 64bit]
[    0.197867] pci 35cc:00:00.0: BAR 0: assigned [mem 0x9ffe00000-0x9ffe00fff 64bit]
[    0.198211] pci 35cc:00:00.0: BAR 2: assigned [mem 0x9ffe01000-0x9ffe01fff 64bit]
[    0.198537] pci 35cc:00:00.0: BAR 4: assigned [mem 0x9ffe02000-0x9ffe02fff 64bit]
[    0.199104] hv_pci 2b15dd10-cf73-46f4-a5d8-5c6a4424b623: PCI VMBus probing: Using version 0x10003
[    0.199620] hv_pci 2b15dd10-cf73-46f4-a5d8-5c6a4424b623: PCI host bridge to bus cf73:00
[    0.199834] pci cf73:00:00.0: [1414:008e] type 00 class 0x030200
[    0.202580] hv_pci aaf9f325-78d5-4508-953b-25cfed480a30: PCI VMBus probing: Using version 0x10003
[    0.203327] hv_pci aaf9f325-78d5-4508-953b-25cfed480a30: PCI host bridge to bus 78d5:00
[    0.203329] pci_bus 78d5:00: root bus resource [mem 0x9ffe04000-0x9ffe06fff window]
[    0.203998] pci 78d5:00:00.0: [1af4:1049] type 00 class 0x010000
[    0.204580] pci 78d5:00:00.0: reg 0x10: [mem 0x9ffe04000-0x9ffe04fff 64bit]
[    0.204959] pci 78d5:00:00.0: reg 0x18: [mem 0x9ffe05000-0x9ffe05fff 64bit]
[    0.205338] pci 78d5:00:00.0: reg 0x20: [mem 0x9ffe06000-0x9ffe06fff 64bit]
[    0.207395] pci 78d5:00:00.0: BAR 0: assigned [mem 0x9ffe04000-0x9ffe04fff 64bit]
[    0.207692] pci 78d5:00:00.0: BAR 2: assigned [mem 0x9ffe05000-0x9ffe05fff 64bit]
[    0.208054] pci 78d5:00:00.0: BAR 4: assigned [mem 0x9ffe06000-0x9ffe06fff 64bit]
[    0.213757] Serial: 8250/16550 driver, 4 ports, IRQ sharing disabled
[    0.231326] Non-volatile memory driver v1.3
[    0.232358] printk: console [hvc0] enabled
[    0.234889] brd: module loaded
[    0.235907] loop: module loaded
[    0.236131] hv_vmbus: registering driver hv_storvsc
[    0.236585] wireguard: WireGuard 1.0.0 loaded. See www.wireguard.com for information.
[    0.236958] wireguard: Copyright (C) 2015-2019 Jason A. Donenfeld <Jason@zx2c4.com>. All Rights Reserved.
[    0.237340] tun: Universal TUN/TAP device driver, 1.6
[    0.237671] scsi host0: storvsc_host_t
[    0.237782] PPP generic driver version 2.4.2
[    0.238293] PPP BSD Compression module registered
[    0.238521] PPP Deflate Compression module registered
[    0.238763] PPP MPPE Compression module registered
[    0.238958] NET: Registered protocol family 24
[    0.239167] usbcore: registered new interface driver cdc_ether
[    0.239427] usbcore: registered new interface driver cdc_ncm
[    0.239711] hv_vmbus: registering driver hv_netvsc
[    0.239998] VFIO - User Level meta-driver version: 0.3
[    0.240367] usbcore: registered new interface driver cdc_acm
[    0.240654] cdc_acm: USB Abstract Control Model driver for USB modems and ISDN adapters
[    0.240973] usbcore: registered new interface driver ch341
[    0.241168] usbserial: USB Serial support registered for ch341-uart
[    0.241406] usbcore: registered new interface driver cp210x
[    0.241607] usbserial: USB Serial support registered for cp210x
[    0.241850] usbcore: registered new interface driver ftdi_sio
[    0.242091] usbserial: USB Serial support registered for FTDI USB Serial Device
[    0.242481] vhci_hcd vhci_hcd.0: USB/IP Virtual Host Controller
[    0.242783] vhci_hcd vhci_hcd.0: new USB bus registered, assigned bus number 1
[    0.243089] vhci_hcd: created sysfs vhci_hcd.0
[    0.243416] usb usb1: New USB device found, idVendor=1d6b, idProduct=0002, bcdDevice= 5.10
[    0.243749] usb usb1: New USB device strings: Mfr=3, Product=2, SerialNumber=1
[    0.244049] usb usb1: Product: USB/IP Virtual Host Controller
[    0.244324] usb usb1: Manufacturer: Linux 5.10.102.1-microsoft-standard-WSL2 vhci_hcd
[    0.244634] usb usb1: SerialNumber: vhci_hcd.0
[    0.244943] hub 1-0:1.0: USB hub found
[    0.245188] hub 1-0:1.0: 8 ports detected
[    0.245543] vhci_hcd vhci_hcd.0: USB/IP Virtual Host Controller
[    0.245820] vhci_hcd vhci_hcd.0: new USB bus registered, assigned bus number 2
[    0.246169] usb usb2: We don't know the algorithms for LPM for this host, disabling LPM.
[    0.246625] usb usb2: New USB device found, idVendor=1d6b, idProduct=0003, bcdDevice= 5.10
[    0.246924] usb usb2: New USB device strings: Mfr=3, Product=2, SerialNumber=1
[    0.247197] usb usb2: Product: USB/IP Virtual Host Controller
[    0.247423] usb usb2: Manufacturer: Linux 5.10.102.1-microsoft-standard-WSL2 vhci_hcd
[    0.247701] usb usb2: SerialNumber: vhci_hcd.0
[    0.247974] hub 2-0:1.0: USB hub found
[    0.248160] hub 2-0:1.0: 8 ports detected
[    0.248511] hv_vmbus: registering driver hyperv_keyboard
[    0.248835] rtc_cmos 00:00: RTC can wake from S4
[    0.249714] rtc_cmos 00:00: registered as rtc0
[    0.250151] rtc_cmos 00:00: setting system clock to 2022-06-27T05:51:07 UTC (1656309067)
[    0.250497] rtc_cmos 00:00: alarms up to one month, 114 bytes nvram
[    0.250896] device-mapper: ioctl: 4.43.0-ioctl (2020-10-01) initialised: dm-devel@redhat.com
[    0.251378] device-mapper: raid: Loading target version 1.15.1
[    0.251657] usbcore: registered new interface driver usbhid
[    0.251839] usbhid: USB HID core driver
[    0.252016] hv_utils: Registering HyperV Utility Driver
[    0.252213] hv_vmbus: registering driver hv_utils
[    0.252440] hv_vmbus: registering driver hv_balloon
[    0.252446] hv_utils: cannot register PTP clock: 0
[    0.252664] hv_vmbus: registering driver dxgkrnl
[    0.252877] hv_balloon: Using Dynamic Memory protocol version 2.0
[    0.253133] (NULL device *): dxgk: dxg_drv_init  Version: 2216
[    0.253193] hv_utils: TimeSync IC version 4.0
[    0.254281] Free page reporting enabled
[    0.254493] hv_balloon: Cold memory discard hint enabled
[    0.254723] (NULL device *): dxgk: mmio allocated 9ffe10000  200000000 9ffe10000 bffe0ffff
[    0.255645] drop_monitor: Initializing network drop monitor service
[    0.255947] Mirror/redirect action on
[    0.256375] IPVS: Registered protocols (TCP, UDP)
[    0.256617] IPVS: Connection hash table configured (size=4096, memory=64Kbytes)
[    0.256932] IPVS: ipvs loaded.
[    0.257088] IPVS: [rr] scheduler registered.
[    0.257291] IPVS: [wrr] scheduler registered.
[    0.257496] IPVS: [sh] scheduler registered.
[    0.257759] ipip: IPv4 and MPLS over IPv4 tunneling driver
[    0.259561] ipt_CLUSTERIP: ClusterIP Version 0.8 loaded successfully
[    0.260341] Initializing XFRM netlink socket
[    0.260591] NET: Registered protocol family 10
[    0.260982] Segment Routing with IPv6
[    0.262530] sit: IPv6, IPv4 and MPLS over IPv4 tunneling driver
[    0.262900] NET: Registered protocol family 17
[    0.263108] Bridge firewalling registered
[    0.263248] 8021q: 802.1Q VLAN Support v1.8
[    0.263395] sctp: Hash tables configured (bind 256/256)
[    0.263627] 9pnet: Installing 9P2000 support
[    0.273108] Key type dns_resolver registered
[    0.273429] Key type ceph registered
[    0.273742] libceph: loaded (mon/osd proto 15/24)
[    0.274059] NET: Registered protocol family 40
[    0.274302] hv_vmbus: registering driver hv_sock
[    0.274528] IPI shorthand broadcast: enabled
[    0.274726] sched_clock: Marking stable (273790412, 259000)->(281793300, -7743888)
[    0.275296] registered taskstats version 1
[    0.275459] Loading compiled-in X.509 certificates
[    0.275769] Btrfs loaded, crc32c=crc32c-generic
[    0.276696] Freeing unused kernel image (initmem) memory: 1580K
[    0.360313] Write protecting the kernel read-only data: 28672k
[    0.361423] Freeing unused kernel image (text/rodata gap) memory: 2024K
[    0.362061] Freeing unused kernel image (rodata/data gap) memory: 1192K
[    0.362386] Run /init as init process
[    0.362546]   with arguments:
[    0.362706]     /init
[    0.362809]   with environment:
[    0.362960]     HOME=/
[    0.363059]     TERM=linux
[    0.363163]     WSL_ROOT_INIT=1
[    0.402395] scsi 0:0:0:0: Direct-Access     Msft     Virtual Disk     1.0  PQ: 0 ANSI: 5
[    0.403167] sd 0:0:0:0: Attached scsi generic sg0 type 0
[    0.403614] sd 0:0:0:0: [sda] 763632 512-byte logical blocks: (391 MB/373 MiB)
[    0.404018] sd 0:0:0:0: [sda] Write Protect is on
[    0.404223] sd 0:0:0:0: [sda] Mode Sense: 0f 00 80 00
[    0.404539] sd 0:0:0:0: [sda] Write cache: disabled, read cache: enabled, doesn't support DPO or FUA
[    0.520829] EXT4-fs (sda): mounted filesystem without journal. Opts: (null)
[    0.560458] sd 0:0:0:0: [sda] Attached SCSI disk
[    1.032828] hv_pci 558c131b-ae45-461e-8dac-2ab393090548: PCI VMBus probing: Using version 0x10003
[    1.034783] hv_pci 558c131b-ae45-461e-8dac-2ab393090548: PCI host bridge to bus ae45:00
[    1.035214] pci_bus ae45:00: root bus resource [mem 0xc00000000-0xe00001fff window]
[    1.036150] pci ae45:00:00.0: [1af4:105a] type 00 class 0x088000
[    1.038175] pci ae45:00:00.0: reg 0x10: [mem 0xe00000000-0xe00000fff 64bit]
[    1.039990] pci ae45:00:00.0: reg 0x18: [mem 0xe00001000-0xe00001fff 64bit]
[    1.041827] pci ae45:00:00.0: reg 0x20: [mem 0xc00000000-0xdffffffff 64bit]
[    1.045670] pci ae45:00:00.0: BAR 4: assigned [mem 0xc00000000-0xdffffffff 64bit]
[    1.047584] pci ae45:00:00.0: BAR 0: assigned [mem 0xe00000000-0xe00000fff 64bit]
[    1.049389] pci ae45:00:00.0: BAR 2: assigned [mem 0xe00001000-0xe00001fff 64bit]
[    1.059765] virtiofs virtio2: Cache len: 0x200000000 @ 0xc00000000
[    1.125486] memmap_init_zone_device initialised 2097152 pages in 10ms
[    1.128244] WSL: SetEphemeralPortRange is a no-op : range (0, 0)
[    1.132659] FS-Cache: Duplicate cookie detected
[    1.132958] FS-Cache: O-cookie c=00000000295bfcfb [p=00000000c716c051 fl=222 nc=0 na=1]
[    1.133333] FS-Cache: O-cookie d=00000000b7f51b03 n=00000000a922e781
[    1.133627] FS-Cache: O-key=[10] '34323934393337343036'
[    1.133872] FS-Cache: N-cookie c=00000000dc85c8cc [p=00000000c716c051 fl=2 nc=0 na=1]
[    1.134201] FS-Cache: N-cookie d=00000000b7f51b03 n=000000004b9a9635
[    1.134513] FS-Cache: N-key=[10] '34323934393337343036'
[    1.230292] clocksource: tsc: mask: 0xffffffffffffffff max_cycles: 0x31027be7daf, max_idle_ns: 440795321487 ns
[    1.231794] clocksource: Switched to clocksource tsc
[    1.240304] IPv6: ADDRCONF(NETDEV_CHANGE): eth0: link becomes ready
[    2.480485] scsi 0:0:0:1: Direct-Access     Msft     Virtual Disk     1.0  PQ: 0 ANSI: 5
[    2.481367] sd 0:0:0:1: Attached scsi generic sg1 type 0
[    2.481809] sd 0:0:0:1: [sdb] 8388616 512-byte logical blocks: (4.29 GB/4.00 GiB)
[    2.481824] scsi 0:0:0:2: Direct-Access     Msft     Virtual Disk     1.0  PQ: 0 ANSI: 5
[    2.482142] sd 0:0:0:1: [sdb] 4096-byte physical blocks
[    2.482714] sd 0:0:0:2: Attached scsi generic sg2 type 0
[    2.482783] sd 0:0:0:1: [sdb] Write Protect is off
[    2.483200] sd 0:0:0:2: [sdc] 536870912 512-byte logical blocks: (275 GB/256 GiB)
[    2.483238] sd 0:0:0:1: [sdb] Mode Sense: 0f 00 00 00
[    2.483560] sd 0:0:0:2: [sdc] 4096-byte physical blocks
[    2.483842] sd 0:0:0:1: [sdb] Write cache: enabled, read cache: enabled, doesn't support DPO or FUA
[    2.484010] sd 0:0:0:2: [sdc] Write Protect is off
[    2.484540] sd 0:0:0:2: [sdc] Mode Sense: 0f 00 00 00
[    2.484860] sd 0:0:0:2: [sdc] Write cache: enabled, read cache: enabled, doesn't support DPO or FUA
[    2.485692] sd 0:0:0:1: [sdb] Attached SCSI disk
[    2.486659] sd 0:0:0:2: [sdc] Attached SCSI disk
[    2.500967] EXT4-fs (sdc): recovery complete
[    2.501803] EXT4-fs (sdc): mounted filesystem with ordered data mode. Opts: discard,errors=remount-ro,data=ordered
[    2.560290] Adding 4194304k swap on /dev/sdb.  Priority:-2 extents:1 across:4194304k 
[    2.816666] hv_pci 9e85b0c6-9108-410d-9adc-8500a9589e05: PCI VMBus probing: Using version 0x10003
[    2.817658] hv_pci 9e85b0c6-9108-410d-9adc-8500a9589e05: PCI host bridge to bus 9108:00
[    2.817748] 9pnet_virtio: no channels available for device drvfs
[    2.817970] pci_bus 9108:00: root bus resource [mem 0x9ffe08000-0x9ffe0afff window]
[    2.818265] init: (1) WARNING: mount: waiting for virtio device...
[    2.819343] pci 9108:00:00.0: [1af4:1049] type 00 class 0x010000
[    2.820286] pci 9108:00:00.0: reg 0x10: [mem 0x9ffe08000-0x9ffe08fff 64bit]
[    2.820977] pci 9108:00:00.0: reg 0x18: [mem 0x9ffe09000-0x9ffe09fff 64bit]
[    2.821644] pci 9108:00:00.0: reg 0x20: [mem 0x9ffe0a000-0x9ffe0afff 64bit]
[    2.824106] pci 9108:00:00.0: BAR 0: assigned [mem 0x9ffe08000-0x9ffe08fff 64bit]
[    2.824777] pci 9108:00:00.0: BAR 2: assigned [mem 0x9ffe09000-0x9ffe09fff 64bit]
[    2.825392] pci 9108:00:00.0: BAR 4: assigned [mem 0x9ffe0a000-0x9ffe0afff 64bit]
[    2.922523] hv_pci 80e43939-3252-4dde-954f-bc75a382bb9c: PCI VMBus probing: Using version 0x10003
[    2.923624] hv_pci 80e43939-3252-4dde-954f-bc75a382bb9c: PCI host bridge to bus 3252:00
[    2.923965] pci_bus 3252:00: root bus resource [mem 0x9ffe0c000-0x9ffe0efff window]
[    2.924322] 9pnet_virtio: no channels available for device drvfs
[    2.924665] init: (1) WARNING: mount: waiting for virtio device...
[    2.924864] pci 3252:00:00.0: [1af4:1049] type 00 class 0x010000
[    2.925798] pci 3252:00:00.0: reg 0x10: [mem 0x9ffe0c000-0x9ffe0cfff 64bit]
[    2.926445] pci 3252:00:00.0: reg 0x18: [mem 0x9ffe0d000-0x9ffe0dfff 64bit]
[    2.927115] pci 3252:00:00.0: reg 0x20: [mem 0x9ffe0e000-0x9ffe0efff 64bit]
[    2.929465] pci 3252:00:00.0: BAR 0: assigned [mem 0x9ffe0c000-0x9ffe0cfff 64bit]
[    2.930199] pci 3252:00:00.0: BAR 2: assigned [mem 0x9ffe0d000-0x9ffe0dfff 64bit]
[    2.930842] pci 3252:00:00.0: BAR 4: assigned [mem 0x9ffe0e000-0x9ffe0efff 64bit]
[    3.029112] hv_pci ad527883-fd25-45cf-92c5-1f7ad224168b: PCI VMBus probing: Using version 0x10003
[    3.030411] 9pnet_virtio: no channels available for device drvfs
[    3.030777] init: (1) WARNING: mount: waiting for virtio device...
[    3.090080] hv_pci ad527883-fd25-45cf-92c5-1f7ad224168b: PCI host bridge to bus fd25:00
[    3.090521] pci_bus fd25:00: root bus resource [mem 0xbffe10000-0xbffe12fff window]
[    3.091398] pci fd25:00:00.0: [1af4:1049] type 00 class 0x010000
[    3.092208] pci fd25:00:00.0: reg 0x10: [mem 0xbffe10000-0xbffe10fff 64bit]
[    3.092841] pci fd25:00:00.0: reg 0x18: [mem 0xbffe11000-0xbffe11fff 64bit]
[    3.093476] pci fd25:00:00.0: reg 0x20: [mem 0xbffe12000-0xbffe12fff 64bit]
[    3.095796] pci fd25:00:00.0: BAR 0: assigned [mem 0xbffe10000-0xbffe10fff 64bit]
[    3.096412] pci fd25:00:00.0: BAR 2: assigned [mem 0xbffe11000-0xbffe11fff 64bit]
[    3.097110] pci fd25:00:00.0: BAR 4: assigned [mem 0xbffe12000-0xbffe12fff 64bit]
[    3.134919] hv_pci 918e4b3e-b42b-46f4-aa56-27d5bef7087a: PCI VMBus probing: Using version 0x10003
[    3.136468] 9pnet_virtio: no channels available for device drvfs
[    3.136814] init: (1) WARNING: mount: waiting for virtio device...
[    3.191864] hv_pci 918e4b3e-b42b-46f4-aa56-27d5bef7087a: PCI host bridge to bus b42b:00
[    3.192307] pci_bus b42b:00: root bus resource [mem 0xbffe14000-0xbffe16fff window]
[    3.193167] pci b42b:00:00.0: [1af4:1049] type 00 class 0x010000
[    3.193963] pci b42b:00:00.0: reg 0x10: [mem 0xbffe14000-0xbffe14fff 64bit]
[    3.194668] pci b42b:00:00.0: reg 0x18: [mem 0xbffe15000-0xbffe15fff 64bit]
[    3.195360] pci b42b:00:00.0: reg 0x20: [mem 0xbffe16000-0xbffe16fff 64bit]
[    3.197759] pci b42b:00:00.0: BAR 0: assigned [mem 0xbffe14000-0xbffe14fff 64bit]
[    3.198408] pci b42b:00:00.0: BAR 2: assigned [mem 0xbffe15000-0xbffe15fff 64bit]
[    3.199026] pci b42b:00:00.0: BAR 4: assigned [mem 0xbffe16000-0xbffe16fff 64bit]
[    3.241141] hv_pci d5b12532-c385-4ab9-ba2a-3743beaeb4ea: PCI VMBus probing: Using version 0x10003
[    3.242663] 9pnet_virtio: no channels available for device drvfs
[    3.243013] init: (1) WARNING: mount: waiting for virtio device...
[    3.303972] hv_pci d5b12532-c385-4ab9-ba2a-3743beaeb4ea: PCI host bridge to bus c385:00
[    3.304438] pci_bus c385:00: root bus resource [mem 0xbffe18000-0xbffe1afff window]
[    3.305382] pci c385:00:00.0: [1af4:1049] type 00 class 0x010000
[    3.306209] pci c385:00:00.0: reg 0x10: [mem 0xbffe18000-0xbffe18fff 64bit]
[    3.306866] pci c385:00:00.0: reg 0x18: [mem 0xbffe19000-0xbffe19fff 64bit]
[    3.307529] pci c385:00:00.0: reg 0x20: [mem 0xbffe1a000-0xbffe1afff 64bit]
[    3.309859] pci c385:00:00.0: BAR 0: assigned [mem 0xbffe18000-0xbffe18fff 64bit]
[    3.310487] pci c385:00:00.0: BAR 2: assigned [mem 0xbffe19000-0xbffe19fff 64bit]
[    3.311111] pci c385:00:00.0: BAR 4: assigned [mem 0xbffe1a000-0xbffe1afff 64bit]
[    3.347381] hv_pci b0ce2cbc-ed97-4b89-866f-d9629f4a89b1: PCI VMBus probing: Using version 0x10003
[    3.348906] 9pnet_virtio: no channels available for device drvfs
[    3.349212] init: (1) WARNING: mount: waiting for virtio device...
[    3.408937] hv_pci b0ce2cbc-ed97-4b89-866f-d9629f4a89b1: PCI host bridge to bus ed97:00
[    3.409395] pci_bus ed97:00: root bus resource [mem 0xbffe1c000-0xbffe1efff window]
[    3.410353] pci ed97:00:00.0: [1af4:1049] type 00 class 0x010000
[    3.411204] pci ed97:00:00.0: reg 0x10: [mem 0xbffe1c000-0xbffe1cfff 64bit]
[    3.411845] pci ed97:00:00.0: reg 0x18: [mem 0xbffe1d000-0xbffe1dfff 64bit]
[    3.412495] pci ed97:00:00.0: reg 0x20: [mem 0xbffe1e000-0xbffe1efff 64bit]
[    3.414847] pci ed97:00:00.0: BAR 0: assigned [mem 0xbffe1c000-0xbffe1cfff 64bit]
[    3.415514] pci ed97:00:00.0: BAR 2: assigned [mem 0xbffe1d000-0xbffe1dfff 64bit]
[    3.416142] pci ed97:00:00.0: BAR 4: assigned [mem 0xbffe1e000-0xbffe1efff 64bit]
[    3.453609] hv_pci 24aaf555-0fb2-4bb6-ad4e-28f845a54b3b: PCI VMBus probing: Using version 0x10003
[    3.454913] 9pnet_virtio: no channels available for device drvfs
[    3.455300] init: (1) WARNING: mount: waiting for virtio device...
[    3.513994] hv_pci 24aaf555-0fb2-4bb6-ad4e-28f845a54b3b: PCI host bridge to bus 0fb2:00
[    3.514555] pci_bus 0fb2:00: root bus resource [mem 0xbffe20000-0xbffe22fff window]
[    3.515633] pci 0fb2:00:00.0: [1af4:1049] type 00 class 0x010000
[    3.516648] pci 0fb2:00:00.0: reg 0x10: [mem 0xbffe20000-0xbffe20fff 64bit]
[    3.517512] pci 0fb2:00:00.0: reg 0x18: [mem 0xbffe21000-0xbffe21fff 64bit]
[    3.518271] pci 0fb2:00:00.0: reg 0x20: [mem 0xbffe22000-0xbffe22fff 64bit]
[    3.520650] pci 0fb2:00:00.0: BAR 0: assigned [mem 0xbffe20000-0xbffe20fff 64bit]
[    3.521277] pci 0fb2:00:00.0: BAR 2: assigned [mem 0xbffe21000-0xbffe21fff 64bit]
[    3.521905] pci 0fb2:00:00.0: BAR 4: assigned [mem 0xbffe22000-0xbffe22fff 64bit]
[    3.560043] hv_pci d9cf74fd-9758-4fd3-a1c6-43362ee8fde3: PCI VMBus probing: Using version 0x10003
[    3.621832] hv_pci d9cf74fd-9758-4fd3-a1c6-43362ee8fde3: PCI host bridge to bus 9758:00
[    3.622305] pci_bus 9758:00: root bus resource [mem 0xbffe24000-0xbffe26fff window]
[    3.623320] pci 9758:00:00.0: [1af4:1049] type 00 class 0x010000
[    3.624442] pci 9758:00:00.0: reg 0x10: [mem 0xbffe24000-0xbffe24fff 64bit]
[    3.625313] pci 9758:00:00.0: reg 0x18: [mem 0xbffe25000-0xbffe25fff 64bit]
[    3.626106] pci 9758:00:00.0: reg 0x20: [mem 0xbffe26000-0xbffe26fff 64bit]
[    3.628612] pci 9758:00:00.0: BAR 0: assigned [mem 0xbffe24000-0xbffe24fff 64bit]
[    3.629269] pci 9758:00:00.0: BAR 2: assigned [mem 0xbffe25000-0xbffe25fff 64bit]
[    3.629866] pci 9758:00:00.0: BAR 4: assigned [mem 0xbffe26000-0xbffe26fff 64bit]
[    3.822714] hv_pci da10ba04-64d2-4228-88fa-b09033baef8d: PCI VMBus probing: Using version 0x10003
[    3.823971] 9pnet_virtio: no channels available for device drvfs
[    3.824271] init: (1) WARNING: mount: waiting for virtio device...
[    3.884015] hv_pci da10ba04-64d2-4228-88fa-b09033baef8d: PCI host bridge to bus 64d2:00
[    3.884405] pci_bus 64d2:00: root bus resource [mem 0xbffe28000-0xbffe2afff window]
[    3.885240] pci 64d2:00:00.0: [1af4:1049] type 00 class 0x010000
[    3.886029] pci 64d2:00:00.0: reg 0x10: [mem 0xbffe28000-0xbffe28fff 64bit]
[    3.886657] pci 64d2:00:00.0: reg 0x18: [mem 0xbffe29000-0xbffe29fff 64bit]
[    3.887337] pci 64d2:00:00.0: reg 0x20: [mem 0xbffe2a000-0xbffe2afff 64bit]
[    3.889796] pci 64d2:00:00.0: BAR 0: assigned [mem 0xbffe28000-0xbffe28fff 64bit]
[    3.890482] pci 64d2:00:00.0: BAR 2: assigned [mem 0xbffe29000-0xbffe29fff 64bit]
[    3.891080] pci 64d2:00:00.0: BAR 4: assigned [mem 0xbffe2a000-0xbffe2afff 64bit]
[    3.928455] hv_pci 19d941cb-b684-4cbf-9605-d1d6ea0bde88: PCI VMBus probing: Using version 0x10003
[    3.929613] 9pnet_virtio: no channels available for device drvfs
[    3.929893] init: (1) WARNING: mount: waiting for virtio device...
[    3.990448] hv_pci 19d941cb-b684-4cbf-9605-d1d6ea0bde88: PCI host bridge to bus b684:00
[    3.990900] pci_bus b684:00: root bus resource [mem 0xbffe2c000-0xbffe2efff window]
[    3.991776] pci b684:00:00.0: [1af4:1049] type 00 class 0x010000
[    3.992596] pci b684:00:00.0: reg 0x10: [mem 0xbffe2c000-0xbffe2cfff 64bit]
[    3.993347] pci b684:00:00.0: reg 0x18: [mem 0xbffe2d000-0xbffe2dfff 64bit]
[    3.994007] pci b684:00:00.0: reg 0x20: [mem 0xbffe2e000-0xbffe2efff 64bit]
[    3.996525] pci b684:00:00.0: BAR 0: assigned [mem 0xbffe2c000-0xbffe2cfff 64bit]
[    3.997279] pci b684:00:00.0: BAR 2: assigned [mem 0xbffe2d000-0xbffe2dfff 64bit]
[    3.997945] pci b684:00:00.0: BAR 4: assigned [mem 0xbffe2e000-0xbffe2efff 64bit]
[    4.034130] hv_pci 565916d7-221e-4d86-9920-faaf8902047a: PCI VMBus probing: Using version 0x10003
[    4.035337] 9pnet_virtio: no channels available for device drvfs
[    4.035623] init: (1) WARNING: mount: waiting for virtio device...
[    4.110182] hv_pci 565916d7-221e-4d86-9920-faaf8902047a: PCI host bridge to bus 221e:00
[    4.110700] pci_bus 221e:00: root bus resource [mem 0xbffe30000-0xbffe32fff window]
[    4.111625] pci 221e:00:00.0: [1af4:1049] type 00 class 0x010000
[    4.112473] pci 221e:00:00.0: reg 0x10: [mem 0xbffe30000-0xbffe30fff 64bit]
[    4.113192] pci 221e:00:00.0: reg 0x18: [mem 0xbffe31000-0xbffe31fff 64bit]
[    4.113881] pci 221e:00:00.0: reg 0x20: [mem 0xbffe32000-0xbffe32fff 64bit]
[    4.116629] pci 221e:00:00.0: BAR 0: assigned [mem 0xbffe30000-0xbffe30fff 64bit]
[    4.117382] pci 221e:00:00.0: BAR 2: assigned [mem 0xbffe31000-0xbffe31fff 64bit]
[    4.118064] pci 221e:00:00.0: BAR 4: assigned [mem 0xbffe32000-0xbffe32fff 64bit]
[    4.139719] hv_pci 032dab27-633f-4b26-9d03-17b1fabc0592: PCI VMBus probing: Using version 0x10003
[    4.140826] 9pnet_virtio: no channels available for device drvfs
[    4.141161] init: (1) WARNING: mount: waiting for virtio device...
[    4.193186] hv_pci 032dab27-633f-4b26-9d03-17b1fabc0592: PCI host bridge to bus 633f:00
[    4.193595] pci_bus 633f:00: root bus resource [mem 0xbffe34000-0xbffe36fff window]
[    4.194532] pci 633f:00:00.0: [1af4:1049] type 00 class 0x010000
[    4.195364] pci 633f:00:00.0: reg 0x10: [mem 0xbffe34000-0xbffe34fff 64bit]
[    4.196023] pci 633f:00:00.0: reg 0x18: [mem 0xbffe35000-0xbffe35fff 64bit]
[    4.196680] pci 633f:00:00.0: reg 0x20: [mem 0xbffe36000-0xbffe36fff 64bit]
[    4.199078] pci 633f:00:00.0: BAR 0: assigned [mem 0xbffe34000-0xbffe34fff 64bit]
[    4.199805] pci 633f:00:00.0: BAR 2: assigned [mem 0xbffe35000-0xbffe35fff 64bit]
[    4.200521] pci 633f:00:00.0: BAR 4: assigned [mem 0xbffe36000-0xbffe36fff 64bit]
[    4.245647] hv_pci 4a57feb6-70f2-4896-b71f-cb22424011c3: PCI VMBus probing: Using version 0x10003
[    4.246993] 9pnet_virtio: no channels available for device drvfs
[    4.247271] init: (1) WARNING: mount: waiting for virtio device...
[    4.299578] hv_pci 4a57feb6-70f2-4896-b71f-cb22424011c3: PCI host bridge to bus 70f2:00
[    4.299955] pci_bus 70f2:00: root bus resource [mem 0xbffe38000-0xbffe3afff window]
[    4.300800] pci 70f2:00:00.0: [1af4:1049] type 00 class 0x010000
[    4.301703] pci 70f2:00:00.0: reg 0x10: [mem 0xbffe38000-0xbffe38fff 64bit]
[    4.302433] pci 70f2:00:00.0: reg 0x18: [mem 0xbffe39000-0xbffe39fff 64bit]
[    4.303125] pci 70f2:00:00.0: reg 0x20: [mem 0xbffe3a000-0xbffe3afff 64bit]
[    4.305513] pci 70f2:00:00.0: BAR 0: assigned [mem 0xbffe38000-0xbffe38fff 64bit]
[    4.306155] pci 70f2:00:00.0: BAR 2: assigned [mem 0xbffe39000-0xbffe39fff 64bit]
[    4.306749] pci 70f2:00:00.0: BAR 4: assigned [mem 0xbffe3a000-0xbffe3afff 64bit]
[    4.351569] hv_pci 40d3048c-2c10-47f3-91d4-661d2299d232: PCI VMBus probing: Using version 0x10003
[    4.352814] 9pnet_virtio: no channels available for device drvfs
[    4.353188] init: (1) WARNING: mount: waiting for virtio device...
[    4.416352] hv_pci 40d3048c-2c10-47f3-91d4-661d2299d232: PCI host bridge to bus 2c10:00
[    4.416719] pci_bus 2c10:00: root bus resource [mem 0xbffe3c000-0xbffe3efff window]
[    4.417550] pci 2c10:00:00.0: [1af4:1049] type 00 class 0x010000
[    4.418348] pci 2c10:00:00.0: reg 0x10: [mem 0xbffe3c000-0xbffe3cfff 64bit]
[    4.418981] pci 2c10:00:00.0: reg 0x18: [mem 0xbffe3d000-0xbffe3dfff 64bit]
[    4.419618] pci 2c10:00:00.0: reg 0x20: [mem 0xbffe3e000-0xbffe3efff 64bit]
[    4.421992] pci 2c10:00:00.0: BAR 0: assigned [mem 0xbffe3c000-0xbffe3cfff 64bit]
[    4.422606] pci 2c10:00:00.0: BAR 2: assigned [mem 0xbffe3d000-0xbffe3dfff 64bit]
[    4.423213] pci 2c10:00:00.0: BAR 4: assigned [mem 0xbffe3e000-0xbffe3efff 64bit]
[    4.457406] hv_pci 524543f8-9591-4326-8f4f-b2156c5c989d: PCI VMBus probing: Using version 0x10003
[    4.458617] 9pnet_virtio: no channels available for device drvfs
[    4.458988] init: (1) WARNING: mount: waiting for virtio device...
[    4.518798] hv_pci 524543f8-9591-4326-8f4f-b2156c5c989d: PCI host bridge to bus 9591:00
[    4.519256] pci_bus 9591:00: root bus resource [mem 0xbffe40000-0xbffe42fff window]
[    4.520230] pci 9591:00:00.0: [1af4:1049] type 00 class 0x010000
[    4.521085] pci 9591:00:00.0: reg 0x10: [mem 0xbffe40000-0xbffe40fff 64bit]
[    4.521750] pci 9591:00:00.0: reg 0x18: [mem 0xbffe41000-0xbffe41fff 64bit]
[    4.522410] pci 9591:00:00.0: reg 0x20: [mem 0xbffe42000-0xbffe42fff 64bit]
[    4.524863] pci 9591:00:00.0: BAR 0: assigned [mem 0xbffe40000-0xbffe40fff 64bit]
[    4.525497] pci 9591:00:00.0: BAR 2: assigned [mem 0xbffe41000-0xbffe41fff 64bit]
[    4.526139] pci 9591:00:00.0: BAR 4: assigned [mem 0xbffe42000-0xbffe42fff 64bit]
[    4.563588] hv_pci 2081e62f-ef58-4fac-853f-8686a728130a: PCI VMBus probing: Using version 0x10003
[    4.625379] hv_pci 2081e62f-ef58-4fac-853f-8686a728130a: PCI host bridge to bus ef58:00
[    4.625781] pci_bus ef58:00: root bus resource [mem 0xbffe44000-0xbffe46fff window]
[    4.626742] pci ef58:00:00.0: [1af4:1049] type 00 class 0x010000
[    4.627582] pci ef58:00:00.0: reg 0x10: [mem 0xbffe44000-0xbffe44fff 64bit]
[    4.628289] pci ef58:00:00.0: reg 0x18: [mem 0xbffe45000-0xbffe45fff 64bit]
[    4.628932] pci ef58:00:00.0: reg 0x20: [mem 0xbffe46000-0xbffe46fff 64bit]
[    4.631477] pci ef58:00:00.0: BAR 0: assigned [mem 0xbffe44000-0xbffe44fff 64bit]
[    4.632133] pci ef58:00:00.0: BAR 2: assigned [mem 0xbffe45000-0xbffe45fff 64bit]
[    4.632760] pci ef58:00:00.0: BAR 4: assigned [mem 0xbffe46000-0xbffe46fff 64bit]
[    5.472373] TCP: eth0: Driver has suspect GRO implementation, TCP performance may be compromised.
[    6.483495] dxgk:err: is_handle_valid Entry is freed 40000080 2
[    6.483497] dxgk:err: hmgrtable_get_object_by_type invalid handle 40000080
[    6.484085] dxgk:err: adapter_by_handle failed 40000080
[    6.485450] dxgk:err: is_handle_valid Entry is freed 40000080 2
[    6.485451] dxgk:err: hmgrtable_get_object_by_type invalid handle 40000080
[    6.485959] dxgk:err: adapter_by_handle failed 40000080
[    6.490046] dxgk:err: is_handle_valid Entry is freed 40000080 2
[    6.490048] dxgk:err: hmgrtable_get_object_by_type invalid handle 40000080
[    6.490748] dxgk:err: adapter_by_handle failed 40000080
[   49.117367] hv_balloon: Max. dynamic memory size: 16336 MB
[  114.295153] scsi 0:0:0:3: Direct-Access     Msft     Virtual Disk     1.0  PQ: 0 ANSI: 5
[  114.295859] sd 0:0:0:3: Attached scsi generic sg3 type 0
[  114.296326] sd 0:0:0:3: [sdd] 536870912 512-byte logical blocks: (275 GB/256 GiB)
[  114.296661] sd 0:0:0:3: [sdd] 4096-byte physical blocks
[  114.296915] sd 0:0:0:3: [sdd] Write Protect is off
[  114.297122] sd 0:0:0:3: [sdd] Mode Sense: 0f 00 00 00
[  114.297424] sd 0:0:0:3: [sdd] Write cache: enabled, read cache: enabled, doesn't support DPO or FUA
[  114.299213] sd 0:0:0:3: [sdd] Attached SCSI disk
[  115.201831] EXT4-fs (sdd): recovery complete
[  115.202920] EXT4-fs (sdd): mounted filesystem with ordered data mode. Opts: discard,errors=remount-ro,data=ordered
[  115.230837] hv_pci 0bb78616-e2b0-4a03-8496-937918c4288e: PCI VMBus probing: Using version 0x10003
[  115.232243] 9pnet_virtio: no channels available for device drvfs
[  115.232606] init: (1) WARNING: mount: waiting for virtio device...
[  115.295988] hv_pci 0bb78616-e2b0-4a03-8496-937918c4288e: PCI host bridge to bus e2b0:00
[  115.296474] pci_bus e2b0:00: root bus resource [mem 0xbffe48000-0xbffe4afff window]
[  115.297402] pci e2b0:00:00.0: [1af4:1049] type 00 class 0x010000
[  115.298282] pci e2b0:00:00.0: reg 0x10: [mem 0xbffe48000-0xbffe48fff 64bit]
[  115.299148] pci e2b0:00:00.0: reg 0x18: [mem 0xbffe49000-0xbffe49fff 64bit]
[  115.299895] pci e2b0:00:00.0: reg 0x20: [mem 0xbffe4a000-0xbffe4afff 64bit]
[  115.302523] pci e2b0:00:00.0: BAR 0: assigned [mem 0xbffe48000-0xbffe48fff 64bit]
[  115.303171] pci e2b0:00:00.0: BAR 2: assigned [mem 0xbffe49000-0xbffe49fff 64bit]
[  115.303800] pci e2b0:00:00.0: BAR 4: assigned [mem 0xbffe4a000-0xbffe4afff 64bit]
[  115.337175] hv_pci cc8936d6-648c-4aed-a812-cdb337ff43a0: PCI VMBus probing: Using version 0x10003
[  115.338363] 9pnet_virtio: no channels available for device drvfs
[  115.338659] init: (1) WARNING: mount: waiting for virtio device...
[  115.398263] hv_pci cc8936d6-648c-4aed-a812-cdb337ff43a0: PCI host bridge to bus 648c:00
[  115.398732] pci_bus 648c:00: root bus resource [mem 0xbffe4c000-0xbffe4efff window]
[  115.399652] pci 648c:00:00.0: [1af4:1049] type 00 class 0x010000
[  115.400510] pci 648c:00:00.0: reg 0x10: [mem 0xbffe4c000-0xbffe4cfff 64bit]
[  115.401207] pci 648c:00:00.0: reg 0x18: [mem 0xbffe4d000-0xbffe4dfff 64bit]
[  115.401895] pci 648c:00:00.0: reg 0x20: [mem 0xbffe4e000-0xbffe4efff 64bit]
[  115.404285] pci 648c:00:00.0: BAR 0: assigned [mem 0xbffe4c000-0xbffe4cfff 64bit]
[  115.404924] pci 648c:00:00.0: BAR 2: assigned [mem 0xbffe4d000-0xbffe4dfff 64bit]
[  115.405541] pci 648c:00:00.0: BAR 4: assigned [mem 0xbffe4e000-0xbffe4efff 64bit]
[  115.443125] hv_pci 40c9fcbd-e0e5-41ec-afc4-c7fcfde2a8ba: PCI VMBus probing: Using version 0x10003
[  115.444277] 9pnet_virtio: no channels available for device drvfs
[  115.444572] init: (1) WARNING: mount: waiting for virtio device...
[  115.503662] hv_pci 40c9fcbd-e0e5-41ec-afc4-c7fcfde2a8ba: PCI host bridge to bus e0e5:00
[  115.504194] pci_bus e0e5:00: root bus resource [mem 0xbffe50000-0xbffe52fff window]
[  115.505338] pci e0e5:00:00.0: [1af4:1049] type 00 class 0x010000
[  115.506316] pci e0e5:00:00.0: reg 0x10: [mem 0xbffe50000-0xbffe50fff 64bit]
[  115.507053] pci e0e5:00:00.0: reg 0x18: [mem 0xbffe51000-0xbffe51fff 64bit]
[  115.507755] pci e0e5:00:00.0: reg 0x20: [mem 0xbffe52000-0xbffe52fff 64bit]
[  115.510065] pci e0e5:00:00.0: BAR 0: assigned [mem 0xbffe50000-0xbffe50fff 64bit]
[  115.510701] pci e0e5:00:00.0: BAR 2: assigned [mem 0xbffe51000-0xbffe51fff 64bit]
[  115.511306] pci e0e5:00:00.0: BAR 4: assigned [mem 0xbffe52000-0xbffe52fff 64bit]
[  115.548691] hv_pci 4b93991e-b94f-4437-82bc-16076e4c6be6: PCI VMBus probing: Using version 0x10003
[  115.549839] 9pnet_virtio: no channels available for device drvfs
[  115.550159] init: (1) WARNING: mount: waiting for virtio device...
[  115.608948] hv_pci 4b93991e-b94f-4437-82bc-16076e4c6be6: PCI host bridge to bus b94f:00
[  115.609376] pci_bus b94f:00: root bus resource [mem 0xbffe54000-0xbffe56fff window]
[  115.610259] pci b94f:00:00.0: [1af4:1049] type 00 class 0x010000
[  115.611077] pci b94f:00:00.0: reg 0x10: [mem 0xbffe54000-0xbffe54fff 64bit]
[  115.611720] pci b94f:00:00.0: reg 0x18: [mem 0xbffe55000-0xbffe55fff 64bit]
[  115.612444] pci b94f:00:00.0: reg 0x20: [mem 0xbffe56000-0xbffe56fff 64bit]
[  115.615372] pci b94f:00:00.0: BAR 0: assigned [mem 0xbffe54000-0xbffe54fff 64bit]
[  115.616030] pci b94f:00:00.0: BAR 2: assigned [mem 0xbffe55000-0xbffe55fff 64bit]
[  115.616666] pci b94f:00:00.0: BAR 4: assigned [mem 0xbffe56000-0xbffe56fff 64bit]
[  115.654394] hv_pci 7c9bf8df-2fe1-4eb7-ba91-d1c70d2a7901: PCI VMBus probing: Using version 0x10003
[  115.655600] 9pnet_virtio: no channels available for device drvfs
[  115.655895] init: (1) WARNING: mount: waiting for virtio device...
[  115.714733] hv_pci 7c9bf8df-2fe1-4eb7-ba91-d1c70d2a7901: PCI host bridge to bus 2fe1:00
[  115.715136] pci_bus 2fe1:00: root bus resource [mem 0xbffe58000-0xbffe5afff window]
[  115.715965] pci 2fe1:00:00.0: [1af4:1049] type 00 class 0x010000
[  115.716860] pci 2fe1:00:00.0: reg 0x10: [mem 0xbffe58000-0xbffe58fff 64bit]
[  115.717527] pci 2fe1:00:00.0: reg 0x18: [mem 0xbffe59000-0xbffe59fff 64bit]
[  115.718191] pci 2fe1:00:00.0: reg 0x20: [mem 0xbffe5a000-0xbffe5afff 64bit]
[  115.720596] pci 2fe1:00:00.0: BAR 0: assigned [mem 0xbffe58000-0xbffe58fff 64bit]
[  115.721227] pci 2fe1:00:00.0: BAR 2: assigned [mem 0xbffe59000-0xbffe59fff 64bit]
[  115.721850] pci 2fe1:00:00.0: BAR 4: assigned [mem 0xbffe5a000-0xbffe5afff 64bit]
[  115.760312] hv_pci 052823a4-10c8-4f55-ace9-d8d2dfa03e5d: PCI VMBus probing: Using version 0x10003
[  115.761596] 9pnet_virtio: no channels available for device drvfs
[  115.761900] init: (1) WARNING: mount: waiting for virtio device...
[  115.820752] hv_pci 052823a4-10c8-4f55-ace9-d8d2dfa03e5d: PCI host bridge to bus 10c8:00
[  115.821238] pci_bus 10c8:00: root bus resource [mem 0xbffe5c000-0xbffe5efff window]
[  115.822340] pci 10c8:00:00.0: [1af4:1049] type 00 class 0x010000
[  115.823348] pci 10c8:00:00.0: reg 0x10: [mem 0xbffe5c000-0xbffe5cfff 64bit]
[  115.824045] pci 10c8:00:00.0: reg 0x18: [mem 0xbffe5d000-0xbffe5dfff 64bit]
[  115.824746] pci 10c8:00:00.0: reg 0x20: [mem 0xbffe5e000-0xbffe5efff 64bit]
[  115.827163] pci 10c8:00:00.0: BAR 0: assigned [mem 0xbffe5c000-0xbffe5cfff 64bit]
[  115.827842] pci 10c8:00:00.0: BAR 2: assigned [mem 0xbffe5d000-0xbffe5dfff 64bit]
[  115.828443] pci 10c8:00:00.0: BAR 4: assigned [mem 0xbffe5e000-0xbffe5efff 64bit]
[  115.866227] hv_pci 779c7eea-61f3-4c12-8feb-dd9abb366327: PCI VMBus probing: Using version 0x10003
[  115.867384] 9pnet_virtio: no channels available for device drvfs
[  115.867697] init: (1) WARNING: mount: waiting for virtio device...
[  115.925556] hv_pci 779c7eea-61f3-4c12-8feb-dd9abb366327: PCI host bridge to bus 61f3:00
[  115.925994] pci_bus 61f3:00: root bus resource [mem 0xbffe60000-0xbffe62fff window]
[  115.926977] pci 61f3:00:00.0: [1af4:1049] type 00 class 0x010000
[  115.927825] pci 61f3:00:00.0: reg 0x10: [mem 0xbffe60000-0xbffe60fff 64bit]
[  115.928476] pci 61f3:00:00.0: reg 0x18: [mem 0xbffe61000-0xbffe61fff 64bit]
[  115.929133] pci 61f3:00:00.0: reg 0x20: [mem 0xbffe62000-0xbffe62fff 64bit]
[  115.931591] pci 61f3:00:00.0: BAR 0: assigned [mem 0xbffe60000-0xbffe60fff 64bit]
[  115.932244] pci 61f3:00:00.0: BAR 2: assigned [mem 0xbffe61000-0xbffe61fff 64bit]
[  115.932927] pci 61f3:00:00.0: BAR 4: assigned [mem 0xbffe62000-0xbffe62fff 64bit]
[  115.971938] hv_pci 495aae17-7d91-44a6-8fb2-759d924fe728: PCI VMBus probing: Using version 0x10003
[  116.033822] hv_pci 495aae17-7d91-44a6-8fb2-759d924fe728: PCI host bridge to bus 7d91:00
[  116.034249] pci_bus 7d91:00: root bus resource [mem 0xbffe64000-0xbffe66fff window]
[  116.035097] pci 7d91:00:00.0: [1af4:1049] type 00 class 0x010000
[  116.035956] pci 7d91:00:00.0: reg 0x10: [mem 0xbffe64000-0xbffe64fff 64bit]
[  116.036592] pci 7d91:00:00.0: reg 0x18: [mem 0xbffe65000-0xbffe65fff 64bit]
[  116.037226] pci 7d91:00:00.0: reg 0x20: [mem 0xbffe66000-0xbffe66fff 64bit]
[  116.039652] pci 7d91:00:00.0: BAR 0: assigned [mem 0xbffe64000-0xbffe64fff 64bit]
[  116.040351] pci 7d91:00:00.0: BAR 2: assigned [mem 0xbffe65000-0xbffe65fff 64bit]
[  116.041025] pci 7d91:00:00.0: BAR 4: assigned [mem 0xbffe66000-0xbffe66fff 64bit]
[  116.152156] hv_pci c52505f7-e6ad-4fb1-b25a-421de5fbf450: PCI VMBus probing: Using version 0x10003
[  116.153236] 9pnet_virtio: no channels available for device drvfs
[  116.153524] init: (1) WARNING: mount: waiting for virtio device...
[  116.214257] hv_pci c52505f7-e6ad-4fb1-b25a-421de5fbf450: PCI host bridge to bus e6ad:00
[  116.214708] pci_bus e6ad:00: root bus resource [mem 0xbffe68000-0xbffe6afff window]
[  116.215572] pci e6ad:00:00.0: [1af4:1049] type 00 class 0x010000
[  116.216420] pci e6ad:00:00.0: reg 0x10: [mem 0xbffe68000-0xbffe68fff 64bit]
[  116.217087] pci e6ad:00:00.0: reg 0x18: [mem 0xbffe69000-0xbffe69fff 64bit]
[  116.217736] pci e6ad:00:00.0: reg 0x20: [mem 0xbffe6a000-0xbffe6afff 64bit]
[  116.220330] pci e6ad:00:00.0: BAR 0: assigned [mem 0xbffe68000-0xbffe68fff 64bit]
[  116.221022] pci e6ad:00:00.0: BAR 2: assigned [mem 0xbffe69000-0xbffe69fff 64bit]
[  116.221753] pci e6ad:00:00.0: BAR 4: assigned [mem 0xbffe6a000-0xbffe6afff 64bit]
[  116.257794] hv_pci 5cbcca29-d888-492c-89f8-400ef93ae84c: PCI VMBus probing: Using version 0x10003
[  116.258954] 9pnet_virtio: no channels available for device drvfs
[  116.259219] init: (1) WARNING: mount: waiting for virtio device...
[  116.319007] hv_pci 5cbcca29-d888-492c-89f8-400ef93ae84c: PCI host bridge to bus d888:00
[  116.319389] pci_bus d888:00: root bus resource [mem 0xbffe6c000-0xbffe6efff window]
[  116.320258] pci d888:00:00.0: [1af4:1049] type 00 class 0x010000
[  116.321099] pci d888:00:00.0: reg 0x10: [mem 0xbffe6c000-0xbffe6cfff 64bit]
[  116.321762] pci d888:00:00.0: reg 0x18: [mem 0xbffe6d000-0xbffe6dfff 64bit]
[  116.322465] pci d888:00:00.0: reg 0x20: [mem 0xbffe6e000-0xbffe6efff 64bit]
[  116.324951] pci d888:00:00.0: BAR 0: assigned [mem 0xbffe6c000-0xbffe6cfff 64bit]
[  116.325628] pci d888:00:00.0: BAR 2: assigned [mem 0xbffe6d000-0xbffe6dfff 64bit]
[  116.326256] pci d888:00:00.0: BAR 4: assigned [mem 0xbffe6e000-0xbffe6efff 64bit]
[  116.363473] hv_pci 893dabd6-ef54-462f-83a6-106c29fd07fc: PCI VMBus probing: Using version 0x10003
[  116.364799] 9pnet_virtio: no channels available for device drvfs
[  116.365080] init: (1) WARNING: mount: waiting for virtio device...
[  116.425824] hv_pci 893dabd6-ef54-462f-83a6-106c29fd07fc: PCI host bridge to bus ef54:00
[  116.426262] pci_bus ef54:00: root bus resource [mem 0xbffe70000-0xbffe72fff window]
[  116.427152] pci ef54:00:00.0: [1af4:1049] type 00 class 0x010000
[  116.428016] pci ef54:00:00.0: reg 0x10: [mem 0xbffe70000-0xbffe70fff 64bit]
[  116.428690] pci ef54:00:00.0: reg 0x18: [mem 0xbffe71000-0xbffe71fff 64bit]
[  116.429344] pci ef54:00:00.0: reg 0x20: [mem 0xbffe72000-0xbffe72fff 64bit]
[  116.431772] pci ef54:00:00.0: BAR 0: assigned [mem 0xbffe70000-0xbffe70fff 64bit]
[  116.432401] pci ef54:00:00.0: BAR 2: assigned [mem 0xbffe71000-0xbffe71fff 64bit]
[  116.433027] pci ef54:00:00.0: BAR 4: assigned [mem 0xbffe72000-0xbffe72fff 64bit]
[  116.469706] hv_pci 4468577e-e805-403e-add6-75b1792af6d0: PCI VMBus probing: Using version 0x10003
[  116.470966] 9pnet_virtio: no channels available for device drvfs
[  116.471249] init: (1) WARNING: mount: waiting for virtio device...
[  116.531497] hv_pci 4468577e-e805-403e-add6-75b1792af6d0: PCI host bridge to bus e805:00
[  116.531896] pci_bus e805:00: root bus resource [mem 0xbffe74000-0xbffe76fff window]
[  116.532746] pci e805:00:00.0: [1af4:1049] type 00 class 0x010000
[  116.533569] pci e805:00:00.0: reg 0x10: [mem 0xbffe74000-0xbffe74fff 64bit]
[  116.534280] pci e805:00:00.0: reg 0x18: [mem 0xbffe75000-0xbffe75fff 64bit]
[  116.534983] pci e805:00:00.0: reg 0x20: [mem 0xbffe76000-0xbffe76fff 64bit]
[  116.537404] pci e805:00:00.0: BAR 0: assigned [mem 0xbffe74000-0xbffe74fff 64bit]
[  116.538036] pci e805:00:00.0: BAR 2: assigned [mem 0xbffe75000-0xbffe75fff 64bit]
[  116.538811] pci e805:00:00.0: BAR 4: assigned [mem 0xbffe76000-0xbffe76fff 64bit]
[  116.576217] hv_pci 289538c6-3a0f-4cdd-aac1-ebd6092398fc: PCI VMBus probing: Using version 0x10003
[  116.577522] 9pnet_virtio: no channels available for device drvfs
[  116.577902] init: (1) WARNING: mount: waiting for virtio device...
[  116.639954] hv_pci 289538c6-3a0f-4cdd-aac1-ebd6092398fc: PCI host bridge to bus 3a0f:00
[  116.640456] pci_bus 3a0f:00: root bus resource [mem 0xbffe78000-0xbffe7afff window]
[  116.641481] pci 3a0f:00:00.0: [1af4:1049] type 00 class 0x010000
[  116.642504] pci 3a0f:00:00.0: reg 0x10: [mem 0xbffe78000-0xbffe78fff 64bit]
[  116.643279] pci 3a0f:00:00.0: reg 0x18: [mem 0xbffe79000-0xbffe79fff 64bit]
[  116.644004] pci 3a0f:00:00.0: reg 0x20: [mem 0xbffe7a000-0xbffe7afff 64bit]
[  116.646492] pci 3a0f:00:00.0: BAR 0: assigned [mem 0xbffe78000-0xbffe78fff 64bit]
[  116.647238] pci 3a0f:00:00.0: BAR 2: assigned [mem 0xbffe79000-0xbffe79fff 64bit]
[  116.647856] pci 3a0f:00:00.0: BAR 4: assigned [mem 0xbffe7a000-0xbffe7afff 64bit]
[  116.682142] hv_pci 1c3fd0e5-1dec-4573-bc70-09d3525b3588: PCI VMBus probing: Using version 0x10003
[  116.683437] 9pnet_virtio: no channels available for device drvfs
[  116.683735] init: (1) WARNING: mount: waiting for virtio device...
[  116.745073] hv_pci 1c3fd0e5-1dec-4573-bc70-09d3525b3588: PCI host bridge to bus 1dec:00
[  116.745473] pci_bus 1dec:00: root bus resource [mem 0xbffe7c000-0xbffe7efff window]
[  116.746344] pci 1dec:00:00.0: [1af4:1049] type 00 class 0x010000
[  116.747191] pci 1dec:00:00.0: reg 0x10: [mem 0xbffe7c000-0xbffe7cfff 64bit]
[  116.748083] pci 1dec:00:00.0: reg 0x18: [mem 0xbffe7d000-0xbffe7dfff 64bit]
[  116.749068] pci 1dec:00:00.0: reg 0x20: [mem 0xbffe7e000-0xbffe7efff 64bit]
[  116.752502] pci 1dec:00:00.0: BAR 0: assigned [mem 0xbffe7c000-0xbffe7cfff 64bit]
[  116.753169] pci 1dec:00:00.0: BAR 2: assigned [mem 0xbffe7d000-0xbffe7dfff 64bit]
[  116.753977] pci 1dec:00:00.0: BAR 4: assigned [mem 0xbffe7e000-0xbffe7efff 64bit]
[  116.788870] hv_pci 037b7f99-2911-409a-8d39-0dc74b411cbb: PCI VMBus probing: Using version 0x10003
[  116.790014] 9pnet_virtio: no channels available for device drvfs
[  116.790319] init: (1) WARNING: mount: waiting for virtio device...
[  116.850002] hv_pci 037b7f99-2911-409a-8d39-0dc74b411cbb: PCI host bridge to bus 2911:00
[  116.850434] pci_bus 2911:00: root bus resource [mem 0xbffe80000-0xbffe82fff window]
[  116.851309] pci 2911:00:00.0: [1af4:1049] type 00 class 0x010000
[  116.852148] pci 2911:00:00.0: reg 0x10: [mem 0xbffe80000-0xbffe80fff 64bit]
[  116.852807] pci 2911:00:00.0: reg 0x18: [mem 0xbffe81000-0xbffe81fff 64bit]
[  116.853465] pci 2911:00:00.0: reg 0x20: [mem 0xbffe82000-0xbffe82fff 64bit]
[  116.855915] pci 2911:00:00.0: BAR 0: assigned [mem 0xbffe80000-0xbffe80fff 64bit]
[  116.856559] pci 2911:00:00.0: BAR 2: assigned [mem 0xbffe81000-0xbffe81fff 64bit]
[  116.857234] pci 2911:00:00.0: BAR 4: assigned [mem 0xbffe82000-0xbffe82fff 64bit]
[  116.894518] hv_pci 5d6eacf2-3e27-4f57-99d4-b8e0dc926e18: PCI VMBus probing: Using version 0x10003
[  116.956438] hv_pci 5d6eacf2-3e27-4f57-99d4-b8e0dc926e18: PCI host bridge to bus 3e27:00
[  116.956930] pci_bus 3e27:00: root bus resource [mem 0xbffe84000-0xbffe86fff window]
[  116.957830] pci 3e27:00:00.0: [1af4:1049] type 00 class 0x010000
[  116.958674] pci 3e27:00:00.0: reg 0x10: [mem 0xbffe84000-0xbffe84fff 64bit]
[  116.959335] pci 3e27:00:00.0: reg 0x18: [mem 0xbffe85000-0xbffe85fff 64bit]
[  116.960012] pci 3e27:00:00.0: reg 0x20: [mem 0xbffe86000-0xbffe86fff 64bit]
[  116.962540] pci 3e27:00:00.0: BAR 0: assigned [mem 0xbffe84000-0xbffe84fff 64bit]
[  116.963235] pci 3e27:00:00.0: BAR 2: assigned [mem 0xbffe85000-0xbffe85fff 64bit]
[  116.963837] pci 3e27:00:00.0: BAR 4: assigned [mem 0xbffe86000-0xbffe86fff 64bit]
[ 1543.130064] dxgk:err: is_handle_valid Entry is freed 40000080 2
[ 1543.130066] dxgk:err: hmgrtable_get_object_by_type invalid handle 40000080
[ 1543.130690] dxgk:err: adapter_by_handle failed 40000080
[ 1543.131915] dxgk:err: is_handle_valid Entry is freed 40000080 2
[ 1543.131916] dxgk:err: hmgrtable_get_object_by_type invalid handle 40000080
[ 1543.132482] dxgk:err: adapter_by_handle failed 40000080
[ 1543.136738] dxgk:err: is_handle_valid Entry is freed 40000080 2
[ 1543.136739] dxgk:err: hmgrtable_get_object_by_type invalid handle 40000080
[ 1543.137363] dxgk:err: adapter_by_handle failed 40000080
[ 1543.413719] dxgk:err: is_handle_valid Entry is freed 40000080 2
[ 1543.413720] dxgk:err: hmgrtable_get_object_by_type invalid handle 40000080
[ 1543.414282] dxgk:err: adapter_by_handle failed 40000080
[ 1543.415514] dxgk:err: is_handle_valid Entry is freed 40000080 2
[ 1543.415515] dxgk:err: hmgrtable_get_object_by_type invalid handle 40000080
[ 1543.416039] dxgk:err: adapter_by_handle failed 40000080
[ 1543.420303] dxgk:err: is_handle_valid Entry is freed 40000080 2
[ 1543.420304] dxgk:err: hmgrtable_get_object_by_type invalid handle 40000080
[ 1543.420893] dxgk:err: adapter_by_handle failed 40000080
[10228.076769] dxgk:err: is_handle_valid Entry is freed 40000080 2
[10228.076771] dxgk:err: hmgrtable_get_object_by_type invalid handle 40000080
[10228.078048] dxgk:err: adapter_by_handle failed 40000080
[10228.079669] dxgk:err: is_handle_valid Entry is freed 40000080 2
[10228.079670] dxgk:err: hmgrtable_get_object_by_type invalid handle 40000080
[10228.080733] dxgk:err: adapter_by_handle failed 40000080
[10228.085862] dxgk:err: is_handle_valid Entry is freed 40000080 2
[10228.085863] dxgk:err: hmgrtable_get_object_by_type invalid handle 40000080
[10228.087027] dxgk:err: adapter_by_handle failed 40000080
[10290.847605] dxgk:err: is_handle_valid Entry is freed 40000080 2
[10290.847607] dxgk:err: hmgrtable_get_object_by_type invalid handle 40000080
[10290.848682] dxgk:err: adapter_by_handle failed 40000080
[10290.850686] dxgk:err: is_handle_valid Entry is freed 40000080 2
[10290.850687] dxgk:err: hmgrtable_get_object_by_type invalid handle 40000080
[10290.851910] dxgk:err: adapter_by_handle failed 40000080
[10290.855857] dxgk:err: is_handle_valid Entry is freed 40000080 2
[10290.855857] dxgk:err: hmgrtable_get_object_by_type invalid handle 40000080
[10290.856984] dxgk:err: adapter_by_handle failed 40000080
[10591.824274] rviz[13777]: segfault at 7f3850c94000 ip 00007f38456970a1 sp 00007f3850c92af0 error 4 in libnvwgf2umx.so[7f3844938000+12e3000]
[10591.825457] Code: 90 90 90 90 90 90 90 90 90 41 8b 45 10 48 8b 54 24 10 48 83 c2 01 89 c1 41 83 c7 01 48 39 ca 0f 83 6c 01 00 00 48 8b 4c 24 20 <8b> 0c 91 0f b7 c9 41 3b 8c 95 44 04 00 00 74 d8 41 89 8c 95 44 04
[10591.827026] potentially unexpected fatal signal 11.
[10591.827484] CPU: 16 PID: 13777 Comm: rviz Not tainted 5.10.102.1-microsoft-standard-WSL2 #1
[10591.828128] RIP: 0033:0x7f38456970a1
[10591.828435] Code: 90 90 90 90 90 90 90 90 90 41 8b 45 10 48 8b 54 24 10 48 83 c2 01 89 c1 41 83 c7 01 48 39 ca 0f 83 6c 01 00 00 48 8b 4c 24 20 <8b> 0c 91 0f b7 c9 41 3b 8c 95 44 04 00 00 74 d8 41 89 8c 95 44 04
[10591.829871] RSP: 002b:00007f3850c92af0 EFLAGS: 00010246
[10591.830264] RAX: 0000000000000006 RBX: 000055b988244280 RCX: 00007f3850c94000
[10591.830867] RDX: 0000000000000000 RSI: 000055b9882ac870 RDI: 000055b988244280
[10591.831478] RBP: 0000000000000000 R08: 0000000000000000 R09: 00007ffc495fb080
[10591.832089] R10: 00000000001d23a6 R11: 0000000000000000 R12: 000055b9882ac870
[10591.832716] R13: 000055b9882ac870 R14: 000055b988244301 R15: 0000000000000000
[10591.833317] FS:  00007f3850c93700 GS:  0000000000000000
[10591.833762] dxgk:err: wait_for_complition failed: fffffe00
[10591.833771] dxgk:err: did not find packet to complete
[10591.834205] dxgk:err: vm_munmap failed -4
[10591.834879] dxgk:err: wait_for_complition failed: fffffe00
[10591.835167] dxgk:err: wait_for_complition failed: fffffe00
[10591.835542] dxgk:err: wait_for_complition failed: fffffe00
[10591.835938] dxgk:err: wait_for_complition failed: fffffe00
[10591.836313] dxgk:err: wait_for_complition failed: fffffe00
[10591.836687] dxgk:err: wait_for_complition failed: fffffe00
[10591.837073] dxgk:err: wait_for_complition failed: fffffe00
[10591.837474] dxgk:err: wait_for_complition failed: fffffe00
[10591.837955] dxgk:err: wait_for_complition failed: fffffe00
[10591.838327] dxgk:err: wait_for_complition failed: fffffe00
[10591.838695] dxgk:err: wait_for_complition failed: fffffe00
[10591.839129] dxgk:err: wait_for_complition failed: fffffe00
[10591.839501] dxgk:err: wait_for_complition failed: fffffe00
[10591.839966] dxgk:err: wait_for_complition failed: fffffe00
[10591.840390] dxgk:err: wait_for_complition failed: fffffe00
[10591.840782] dxgk:err: wait_for_complition failed: fffffe00
[10591.841218] dxgk:err: wait_for_complition failed: fffffe00
[10591.841655] dxgk:err: wait_for_complition failed: fffffe00
[10591.842122] dxgk:err: wait_for_complition failed: fffffe00
[10591.842538] dxgk:err: wait_for_complition failed: fffffe00
[10591.842927] dxgk:err: wait_for_complition failed: fffffe00
[10591.843327] dxgk:err: wait_for_complition failed: fffffe00
[10591.843711] dxgk:err: wait_for_complition failed: fffffe00
[10591.844110] dxgk:err: wait_for_complition failed: fffffe00
[10591.844505] dxgk:err: wait_for_complition failed: fffffe00
[10591.844901] dxgk:err: wait_for_complition failed: fffffe00
[10591.845337] dxgk:err: wait_for_complition failed: fffffe00
[10591.845720] dxgk:err: wait_for_complition failed: fffffe00
[10591.846114] dxgk:err: wait_for_complition failed: fffffe00
[10591.846591] dxgk:err: wait_for_complition failed: fffffe00
[10591.846990] dxgk:err: wait_for_complition failed: fffffe00
[10591.847439] dxgk:err: wait_for_complition failed: fffffe00
[10591.847828] dxgk:err: wait_for_complition failed: fffffe00
[10591.848218] dxgk:err: wait_for_complition failed: fffffe00
[10591.848647] dxgk:err: wait_for_complition failed: fffffe00
[10591.849061] dxgk:err: wait_for_complition failed: fffffe00
[10591.849528] dxgk:err: wait_for_complition failed: fffffe00
[10591.849908] dxgk:err: wait_for_complition failed: fffffe00
[10591.850301] dxgk:err: wait_for_complition failed: fffffe00
[10591.850693] dxgk:err: wait_for_complition failed: fffffe00
[10591.851073] dxgk:err: wait_for_complition failed: fffffe00
[10591.851492] dxgk:err: wait_for_complition failed: fffffe00
[10591.851886] dxgk:err: wait_for_complition failed: fffffe00
[10591.852379] dxgk:err: wait_for_complition failed: fffffe00
[10591.852796] dxgk:err: wait_for_complition failed: fffffe00
[10591.853197] dxgk:err: wait_for_complition failed: fffffe00
[10591.853722] dxgk:err: wait_for_complition failed: fffffe00
[10591.854125] dxgk:err: wait_for_complition failed: fffffe00
[10591.854539] dxgk:err: wait_for_complition failed: fffffe00
[10591.854930] dxgk:err: wait_for_complition failed: fffffe00
[10591.855330] dxgk:err: wait_for_complition failed: fffffe00
[10591.855730] dxgk:err: wait_for_complition failed: fffffe00
[10591.856138] dxgk:err: wait_for_complition failed: fffffe00
[10591.856532] dxgk:err: wait_for_complition failed: fffffe00
[10591.856919] dxgk:err: wait_for_complition failed: fffffe00
[10591.857360] dxgk:err: wait_for_complition failed: fffffe00
[10591.857746] dxgk:err: wait_for_complition failed: fffffe00
[10591.858143] dxgk:err: wait_for_complition failed: fffffe00
[10591.858536] dxgk:err: wait_for_complition failed: fffffe00
[10591.858952] dxgk:err: wait_for_complition failed: fffffe00
[10591.859371] dxgk:err: wait_for_complition failed: fffffe00
[10591.859749] dxgk:err: wait_for_complition failed: fffffe00
[10591.860140] dxgk:err: wait_for_complition failed: fffffe00
[10591.860523] dxgk:err: wait_for_complition failed: fffffe00
[10591.860910] dxgk:err: wait_for_complition failed: fffffe00
[10591.861305] dxgk:err: wait_for_complition failed: fffffe00
[10591.861695] dxgk:err: wait_for_complition failed: fffffe00
[10591.862094] dxgk:err: wait_for_complition failed: fffffe00
[10591.862484] dxgk:err: wait_for_complition failed: fffffe00
[10591.862859] dxgk:err: wait_for_complition failed: fffffe00
[10591.863238] dxgk:err: wait_for_complition failed: fffffe00
[10591.863616] dxgk:err: wait_for_complition failed: fffffe00
[10591.864019] dxgk:err: wait_for_complition failed: fffffe00
[10591.864451] dxgk:err: wait_for_complition failed: fffffe00
[10591.865010] dxgk:err: wait_for_complition failed: fffffe00
[10591.870315] dxgk:err: did not find packet to complete
[10591.885177] dxgk:err: did not find packet to complete
[10600.259323] dxgk:err: is_handle_valid Entry is freed 40000080 2
[10600.259846] dxgk:err: hmgrtable_get_object_by_type invalid handle 40000080
[10600.260791] dxgk:err: adapter_by_handle failed 40000080
[10600.262303] dxgk:err: is_handle_valid Entry is freed 40000080 2
[10600.262304] dxgk:err: hmgrtable_get_object_by_type invalid handle 40000080
[10600.263229] dxgk:err: adapter_by_handle failed 40000080
[10600.268224] dxgk:err: is_handle_valid Entry is freed 40000080 2
[10600.268225] dxgk:err: hmgrtable_get_object_by_type invalid handle 40000080
[10600.269168] dxgk:err: adapter_by_handle failed 40000080
[10604.090708] python3[13680]: segfault at 7f6910266000 ip 00007f68e2e4d0a1 sp 00007f68ef7fde30 error 4 in libnvwgf2umx.so[7f68e20ee000+12e3000]
[10604.092975] Code: 90 90 90 90 90 90 90 90 90 41 8b 45 10 48 8b 54 24 10 48 83 c2 01 89 c1 41 83 c7 01 48 39 ca 0f 83 6c 01 00 00 48 8b 4c 24 20 <8b> 0c 91 0f b7 c9 41 3b 8c 95 44 04 00 00 74 d8 41 89 8c 95 44 04
[10604.094469] potentially unexpected fatal signal 11.
[10604.094904] CPU: 10 PID: 13680 Comm: python3 Not tainted 5.10.102.1-microsoft-standard-WSL2 #1
[10604.095622] RIP: 0033:0x7f68e2e4d0a1
[10604.095926] Code: 90 90 90 90 90 90 90 90 90 41 8b 45 10 48 8b 54 24 10 48 83 c2 01 89 c1 41 83 c7 01 48 39 ca 0f 83 6c 01 00 00 48 8b 4c 24 20 <8b> 0c 91 0f b7 c9 41 3b 8c 95 44 04 00 00 74 d8 41 89 8c 95 44 04
[10604.097847] RSP: 002b:00007f68ef7fde30 EFLAGS: 00010246
[10604.098480] RAX: 0000000000000006 RBX: 0000000001ecc900 RCX: 00007f6910266000
[10604.099255] RDX: 0000000000000000 RSI: 0000000001f330f0 RDI: 0000000001ecc900
[10604.100056] RBP: 0000000000000000 R08: 0000000000000000 R09: 00007ffddabb9080
[10604.100754] R10: 00000000001d2d3c R11: 0000000000000000 R12: 0000000001f330f0
[10604.101450] R13: 0000000001f330f0 R14: 0000000001ecca01 R15: 0000000000000000
[10604.102056] FS:  00007f68ef7fe700 GS:  0000000000000000
[10604.102513] dxgk:err: wait_for_complition failed: fffffe00
[10604.111038] dxgk:err: did not find packet to complete
[10662.689561] dxgk:err: is_handle_valid Entry is freed 40000080 2
[10662.690134] dxgk:err: hmgrtable_get_object_by_type invalid handle 40000080
[10662.691030] dxgk:err: adapter_by_handle failed 40000080
[10662.692664] dxgk:err: is_handle_valid Entry is freed 40000080 2
[10662.692665] dxgk:err: hmgrtable_get_object_by_type invalid handle 40000080
[10662.693715] dxgk:err: adapter_by_handle failed 40000080
[10662.697251] dxgk:err: is_handle_valid Entry is freed 40000080 2
[10662.697252] dxgk:err: hmgrtable_get_object_by_type invalid handle 40000080
[10662.698271] dxgk:err: adapter_by_handle failed 40000080
[10677.847980] dxgk:err: is_handle_valid Entry is freed 40000080 2
[10677.847981] dxgk:err: hmgrtable_get_object_by_type invalid handle 40000080
[10677.849107] dxgk:err: adapter_by_handle failed 40000080
[10677.850599] dxgk:err: is_handle_valid Entry is freed 40000080 2
[10677.850599] dxgk:err: hmgrtable_get_object_by_type invalid handle 40000080
[10677.851647] dxgk:err: adapter_by_handle failed 40000080
[10677.854826] dxgk:err: is_handle_valid Entry is freed 40000080 2
[10677.854827] dxgk:err: hmgrtable_get_object_by_type invalid handle 40000080
[10677.855707] dxgk:err: adapter_by_handle failed 40000080
[10719.618003] rviz[14304]: segfault at 7f5d800df000 ip 00007f5d6e8670a1 sp 00007f5d6ce0faf0 error 4 in libnvwgf2umx.so[7f5d6db08000+12e3000]
[10719.619474] Code: 90 90 90 90 90 90 90 90 90 41 8b 45 10 48 8b 54 24 10 48 83 c2 01 89 c1 41 83 c7 01 48 39 ca 0f 83 6c 01 00 00 48 8b 4c 24 20 <8b> 0c 91 0f b7 c9 41 3b 8c 95 44 04 00 00 74 d8 41 89 8c 95 44 04
[10719.621167] potentially unexpected fatal signal 11.
[10719.621620] CPU: 3 PID: 14304 Comm: rviz Not tainted 5.10.102.1-microsoft-standard-WSL2 #1
[10719.622395] RIP: 0033:0x7f5d6e8670a1
[10719.622716] Code: 90 90 90 90 90 90 90 90 90 41 8b 45 10 48 8b 54 24 10 48 83 c2 01 89 c1 41 83 c7 01 48 39 ca 0f 83 6c 01 00 00 48 8b 4c 24 20 <8b> 0c 91 0f b7 c9 41 3b 8c 95 44 04 00 00 74 d8 41 89 8c 95 44 04
[10719.624347] RSP: 002b:00007f5d6ce0faf0 EFLAGS: 00010246
[10719.624805] RAX: 0000000000000006 RBX: 00005639114dbb40 RCX: 00007f5d800df000
[10719.625504] RDX: 0000000000000000 RSI: 0000563911544860 RDI: 00005639114dbb40
[10719.626171] RBP: 0000000000000000 R08: 0000000000000000 R09: 00007ffd1359e080
[10719.626806] R10: 00000000001d8302 R11: 0000000000000000 R12: 0000563911544860
[10719.627458] R13: 0000563911544860 R14: 00005639114dbc01 R15: 0000000000000000
[10719.628068] FS:  00007f5d6ce10700 GS:  0000000000000000
[10719.628474] dxgk:err: wait_for_complition failed: fffffe00
[10719.628476] dxgk:err: wait_for_complition failed: fffffe00
[10719.628528] dxgk:err: did not find packet to complete
[10719.629073] dxgk:err: wait_for_complition failed: fffffe00
[10719.629484] dxgk:err: did not find packet to complete
[10719.629852] dxgk:err: wait_for_complition failed: fffffe00
[10719.630238] dxgk:err: did not find packet to complete
[10719.630614] dxgk:err: wait_for_complition failed: fffffe00
[10719.631039] dxgk:err: did not find packet to complete
[10719.631482] dxgk:err: wait_for_complition failed: fffffe00
[10719.631891] dxgk:err: did not find packet to complete
[10719.632298] dxgk:err: wait_for_complition failed: fffffe00
[10719.632705] dxgk:err: did not find packet to complete
[10719.633117] dxgk:err: wait_for_complition failed: fffffe00
[10719.633542] dxgk:err: did not find packet to complete
[10719.633957] dxgk:err: wait_for_complition failed: fffffe00
[10719.634391] dxgk:err: did not find packet to complete
[10719.634766] dxgk:err: wait_for_complition failed: fffffe00
[10719.635108] dxgk:err: did not find packet to complete
[10719.635482] dxgk:err: wait_for_complition failed: fffffe00
[10719.635805] dxgk:err: did not find packet to complete
[10719.636170] dxgk:err: wait_for_complition failed: fffffe00
[10719.636509] dxgk:err: did not find packet to complete
[10719.637344] dxgk:err: wait_for_complition failed: fffffe00
[10719.637746] dxgk:err: wait_for_complition failed: fffffe00
[10719.638141] dxgk:err: wait_for_complition failed: fffffe00
[10719.638527] dxgk:err: wait_for_complition failed: fffffe00
[10719.638903] dxgk:err: wait_for_complition failed: fffffe00
[10719.639338] dxgk:err: wait_for_complition failed: fffffe00
[10719.639758] dxgk:err: wait_for_complition failed: fffffe00
[10719.640145] dxgk:err: wait_for_complition failed: fffffe00
[10719.640531] dxgk:err: wait_for_complition failed: fffffe00
[10719.640920] dxgk:err: wait_for_complition failed: fffffe00
[10719.641365] dxgk:err: wait_for_complition failed: fffffe00
[10719.641784] dxgk:err: wait_for_complition failed: fffffe00
[10719.642183] dxgk:err: wait_for_complition failed: fffffe00
[10719.642625] dxgk:err: wait_for_complition failed: fffffe00
[10719.643055] dxgk:err: wait_for_complition failed: fffffe00
[10719.643439] dxgk:err: wait_for_complition failed: fffffe00
[10719.643872] dxgk:err: wait_for_complition failed: fffffe00
[10719.644276] dxgk:err: wait_for_complition failed: fffffe00
[10719.644650] dxgk:err: wait_for_complition failed: fffffe00
[10719.645044] dxgk:err: wait_for_complition failed: fffffe00
[10719.645422] dxgk:err: wait_for_complition failed: fffffe00
[10719.645814] dxgk:err: wait_for_complition failed: fffffe00
[10719.646195] dxgk:err: wait_for_complition failed: fffffe00
[10719.646584] dxgk:err: wait_for_complition failed: fffffe00
[10719.646973] dxgk:err: wait_for_complition failed: fffffe00
[10719.647463] dxgk:err: wait_for_complition failed: fffffe00
[10719.647893] dxgk:err: wait_for_complition failed: fffffe00
[10719.648305] dxgk:err: wait_for_complition failed: fffffe00
[10719.648701] dxgk:err: wait_for_complition failed: fffffe00
[10719.649111] dxgk:err: wait_for_complition failed: fffffe00
[10719.649495] dxgk:err: wait_for_complition failed: fffffe00
[10719.649892] dxgk:err: wait_for_complition failed: fffffe00
[10719.650282] dxgk:err: wait_for_complition failed: fffffe00
[10719.650699] dxgk:err: wait_for_complition failed: fffffe00
[10719.651090] dxgk:err: wait_for_complition failed: fffffe00
[10719.651470] dxgk:err: wait_for_complition failed: fffffe00
[10719.651875] dxgk:err: wait_for_complition failed: fffffe00
[10719.652334] dxgk:err: wait_for_complition failed: fffffe00
[10719.652726] dxgk:err: wait_for_complition failed: fffffe00
[10719.653114] dxgk:err: wait_for_complition failed: fffffe00
[10719.653545] dxgk:err: wait_for_complition failed: fffffe00
[10719.653940] dxgk:err: wait_for_complition failed: fffffe00
[10719.654317] dxgk:err: wait_for_complition failed: fffffe00
[10719.654697] dxgk:err: wait_for_complition failed: fffffe00
[10719.655086] dxgk:err: wait_for_complition failed: fffffe00
[10719.655506] dxgk:err: wait_for_complition failed: fffffe00
[10719.655919] dxgk:err: wait_for_complition failed: fffffe00
[10719.656307] dxgk:err: wait_for_complition failed: fffffe00
[10719.656687] dxgk:err: wait_for_complition failed: fffffe00
[10719.657108] dxgk:err: wait_for_complition failed: fffffe00
[10719.657501] dxgk:err: wait_for_complition failed: fffffe00
[10719.657905] dxgk:err: wait_for_complition failed: fffffe00
[10719.658307] dxgk:err: wait_for_complition failed: fffffe00
[10719.658714] dxgk:err: wait_for_complition failed: fffffe00
[10719.659120] dxgk:err: wait_for_complition failed: fffffe00
[10719.659502] dxgk:err: wait_for_complition failed: fffffe00
[10719.659920] dxgk:err: wait_for_complition failed: fffffe00
[10719.660320] dxgk:err: wait_for_complition failed: fffffe00
[10719.660727] dxgk:err: wait_for_complition failed: fffffe00
[10719.661113] dxgk:err: wait_for_complition failed: fffffe00
[10719.661496] dxgk:err: wait_for_complition failed: fffffe00
[10719.661901] dxgk:err: wait_for_complition failed: fffffe00
[10719.662287] dxgk:err: wait_for_complition failed: fffffe00
[10719.662676] dxgk:err: wait_for_complition failed: fffffe00
[10719.663163] dxgk:err: wait_for_complition failed: fffffe00
[10719.663621] dxgk:err: wait_for_complition failed: fffffe00
[10719.664004] dxgk:err: wait_for_complition failed: fffffe00
[10719.664386] dxgk:err: wait_for_complition failed: fffffe00
[10719.664726] dxgk:err: wait_for_complition failed: fffffe00
[10719.665112] dxgk:err: wait_for_complition failed: fffffe00
[10719.665453] dxgk:err: wait_for_complition failed: fffffe00
[10719.665793] dxgk:err: wait_for_complition failed: fffffe00
[10719.666153] dxgk:err: wait_for_complition failed: fffffe00
[10719.666518] dxgk:err: wait_for_complition failed: fffffe00
[10719.666938] dxgk:err: wait_for_complition failed: fffffe00
[10719.667350] dxgk:err: wait_for_complition failed: fffffe00
[10719.667739] dxgk:err: wait_for_complition failed: fffffe00
[10719.668159] dxgk:err: wait_for_complition failed: fffffe00
[10719.668542] dxgk:err: wait_for_complition failed: fffffe00
[10719.668939] dxgk:err: wait_for_complition failed: fffffe00
[10719.669352] dxgk:err: wait_for_complition failed: fffffe00
[10719.669744] dxgk:err: wait_for_complition failed: fffffe00
[10719.670132] dxgk:err: wait_for_complition failed: fffffe00
[10719.670515] dxgk:err: wait_for_complition failed: fffffe00
[10719.670991] dxgk:err: wait_for_complition failed: fffffe00
[10719.671395] dxgk:err: wait_for_complition failed: fffffe00
[10719.671777] dxgk:err: wait_for_complition failed: fffffe00
[10719.672187] dxgk:err: wait_for_complition failed: fffffe00
[10719.672582] dxgk:err: wait_for_complition failed: fffffe00
[10719.673068] dxgk:err: wait_for_complition failed: fffffe00
[10719.673460] dxgk:err: wait_for_complition failed: fffffe00
[10719.673850] dxgk:err: wait_for_complition failed: fffffe00
[10719.674246] dxgk:err: wait_for_complition failed: fffffe00
[10719.674661] dxgk:err: wait_for_complition failed: fffffe00
[10719.675074] dxgk:err: wait_for_complition failed: fffffe00
[10719.675478] dxgk:err: wait_for_complition failed: fffffe00
[10719.675890] dxgk:err: wait_for_complition failed: fffffe00
[10719.676322] dxgk:err: wait_for_complition failed: fffffe00
[10719.676714] dxgk:err: wait_for_complition failed: fffffe00
[10719.677116] dxgk:err: wait_for_complition failed: fffffe00
[10719.677468] dxgk:err: wait_for_complition failed: fffffe00
[10719.677874] dxgk:err: wait_for_complition failed: fffffe00
[10719.678284] dxgk:err: wait_for_complition failed: fffffe00
[10719.678676] dxgk:err: wait_for_complition failed: fffffe00
[10719.679090] dxgk:err: wait_for_complition failed: fffffe00
[10719.679476] dxgk:err: wait_for_complition failed: fffffe00
[10719.679826] dxgk:err: wait_for_complition failed: fffffe00
[10719.680181] dxgk:err: wait_for_complition failed: fffffe00
[10719.680539] dxgk:err: wait_for_complition failed: fffffe00
[10719.680897] dxgk:err: wait_for_complition failed: fffffe00
[10719.681281] dxgk:err: wait_for_complition failed: fffffe00
[10719.681841] dxgk:err: wait_for_complition failed: fffffe00
[10719.686575] dxgk:err: did not find packet to complete
[10719.701143] dxgk:err: did not find packet to complete
[10768.666083] dxgk:err: is_handle_valid Entry is freed 40000080 2
[10768.666729] dxgk:err: hmgrtable_get_object_by_type invalid handle 40000080
[10768.667758] dxgk:err: adapter_by_handle failed 40000080
[10768.669662] dxgk:err: is_handle_valid Entry is freed 40000080 2
[10768.669663] dxgk:err: hmgrtable_get_object_by_type invalid handle 40000080
[10768.670623] dxgk:err: adapter_by_handle failed 40000080
[10768.683717] dxgk:err: is_handle_valid Entry is freed 40000080 2
[10768.683718] dxgk:err: hmgrtable_get_object_by_type invalid handle 40000080
[10768.684735] dxgk:err: adapter_by_handle failed 40000080
[10948.287350] rviz[14376]: segfault at 7f354c010000 ip 00007f3532e4d0a1 sp 00007f35313f5af0 error 4 in libnvwgf2umx.so[7f35320ee000+12e3000]
[10948.288792] Code: 90 90 90 90 90 90 90 90 90 41 8b 45 10 48 8b 54 24 10 48 83 c2 01 89 c1 41 83 c7 01 48 39 ca 0f 83 6c 01 00 00 48 8b 4c 24 20 <8b> 0c 91 0f b7 c9 41 3b 8c 95 44 04 00 00 74 d8 41 89 8c 95 44 04
[10948.290651] potentially unexpected fatal signal 11.
[10948.291107] CPU: 31 PID: 14376 Comm: rviz Not tainted 5.10.102.1-microsoft-standard-WSL2 #1
[10948.291742] RIP: 0033:0x7f3532e4d0a1
[10948.292080] Code: 90 90 90 90 90 90 90 90 90 41 8b 45 10 48 8b 54 24 10 48 83 c2 01 89 c1 41 83 c7 01 48 39 ca 0f 83 6c 01 00 00 48 8b 4c 24 20 <8b> 0c 91 0f b7 c9 41 3b 8c 95 44 04 00 00 74 d8 41 89 8c 95 44 04
[10948.293570] RSP: 002b:00007f35313f5af0 EFLAGS: 00010246
[10948.293976] RAX: 0000000000000006 RBX: 000055a785165180 RCX: 00007f354c010000
[10948.294627] RDX: 0000000000000000 RSI: 000055a7851cd940 RDI: 000055a785165180
[10948.295285] RBP: 0000000000000000 R08: 0000000000000000 R09: 00007fffbf172080
[10948.295948] R10: 00000000001e35a6 R11: 0000000000000000 R12: 000055a7851cd940
[10948.296676] R13: 000055a7851cd940 R14: 000055a785165201 R15: 0000000000000000
[10948.297628] FS:  00007f35313f6700 GS:  0000000000000000
[10948.298106] dxgk:err: wait_for_complition failed: fffffe00
[10948.298573] dxgk:err: wait_for_complition failed: fffffe00
[10948.298621] dxgk:err: did not find packet to complete
[10948.299113] dxgk:err: wait_for_complition failed: fffffe00
[10948.299723] dxgk:err: did not find packet to complete
[10948.300204] dxgk:err: wait_for_complition failed: fffffe00
[10948.300577] dxgk:err: did not find packet to complete
[10948.301047] dxgk:err: wait_for_complition failed: fffffe00
[10948.301461] dxgk:err: did not find packet to complete
[10948.301889] dxgk:err: wait_for_complition failed: fffffe00
[10948.302259] dxgk:err: did not find packet to complete
[10948.302659] dxgk:err: wait_for_complition failed: fffffe00
[10948.303119] dxgk:err: did not find packet to complete
[10948.303568] dxgk:err: wait_for_complition failed: fffffe00
[10948.304006] dxgk:err: did not find packet to complete
[10948.304389] dxgk:err: wait_for_complition failed: fffffe00
[10948.304785] dxgk:err: did not find packet to complete
[10948.305581] dxgk:err: wait_for_complition failed: fffffe00
[10948.305968] dxgk:err: wait_for_complition failed: fffffe00
[10948.306370] dxgk:err: wait_for_complition failed: fffffe00
[10948.306805] dxgk:err: wait_for_complition failed: fffffe00
[10948.307257] dxgk:err: wait_for_complition failed: fffffe00
[10948.307655] dxgk:err: wait_for_complition failed: fffffe00
[10948.308044] dxgk:err: wait_for_complition failed: fffffe00
[10948.308441] dxgk:err: wait_for_complition failed: fffffe00
[10948.308849] dxgk:err: wait_for_complition failed: fffffe00
[10948.309269] dxgk:err: wait_for_complition failed: fffffe00
[10948.309761] dxgk:err: wait_for_complition failed: fffffe00
[10948.310157] dxgk:err: wait_for_complition failed: fffffe00
[10948.310546] dxgk:err: wait_for_complition failed: fffffe00
[10948.310930] dxgk:err: wait_for_complition failed: fffffe00
[10948.311340] dxgk:err: wait_for_complition failed: fffffe00
[10948.311732] dxgk:err: wait_for_complition failed: fffffe00
[10948.312132] dxgk:err: wait_for_complition failed: fffffe00
[10948.312561] dxgk:err: wait_for_complition failed: fffffe00
[10948.312972] dxgk:err: wait_for_complition failed: fffffe00
[10948.313375] dxgk:err: wait_for_complition failed: fffffe00
[10948.313774] dxgk:err: wait_for_complition failed: fffffe00
[10948.314221] dxgk:err: wait_for_complition failed: fffffe00
[10948.314627] dxgk:err: wait_for_complition failed: fffffe00
[10948.315026] dxgk:err: wait_for_complition failed: fffffe00
[10948.315408] dxgk:err: wait_for_complition failed: fffffe00
[10948.315807] dxgk:err: wait_for_complition failed: fffffe00
[10948.316287] dxgk:err: wait_for_complition failed: fffffe00
[10948.316712] dxgk:err: wait_for_complition failed: fffffe00
[10948.317137] dxgk:err: wait_for_complition failed: fffffe00
[10948.317537] dxgk:err: wait_for_complition failed: fffffe00
[10948.317939] dxgk:err: wait_for_complition failed: fffffe00
[10948.318385] dxgk:err: wait_for_complition failed: fffffe00
[10948.318809] dxgk:err: wait_for_complition failed: fffffe00
[10948.319205] dxgk:err: wait_for_complition failed: fffffe00
[10948.319707] dxgk:err: wait_for_complition failed: fffffe00
[10948.320102] dxgk:err: wait_for_complition failed: fffffe00
[10948.320501] dxgk:err: wait_for_complition failed: fffffe00
[10948.320971] dxgk:err: wait_for_complition failed: fffffe00
[10948.321504] dxgk:err: wait_for_complition failed: fffffe00
[10948.326505] dxgk:err: did not find packet to complete
[10948.340964] dxgk:err: did not find packet to complete
[11970.836338] python3[14227]: segfault at 7f39841ac000 ip 00007f39496970a1 sp 00007f395958ce30 error 4 in libnvwgf2umx.so[7f3948938000+12e3000]
[11970.838215] Code: 90 90 90 90 90 90 90 90 90 41 8b 45 10 48 8b 54 24 10 48 83 c2 01 89 c1 41 83 c7 01 48 39 ca 0f 83 6c 01 00 00 48 8b 4c 24 20 <8b> 0c 91 0f b7 c9 41 3b 8c 95 44 04 00 00 74 d8 41 89 8c 95 44 04
[11970.839679] potentially unexpected fatal signal 11.
[11970.840126] CPU: 30 PID: 14227 Comm: python3 Not tainted 5.10.102.1-microsoft-standard-WSL2 #1
[11970.840879] RIP: 0033:0x7f39496970a1
[11970.841194] Code: 90 90 90 90 90 90 90 90 90 41 8b 45 10 48 8b 54 24 10 48 83 c2 01 89 c1 41 83 c7 01 48 39 ca 0f 83 6c 01 00 00 48 8b 4c 24 20 <8b> 0c 91 0f b7 c9 41 3b 8c 95 44 04 00 00 74 d8 41 89 8c 95 44 04
[11970.842708] RSP: 002b:00007f395958ce30 EFLAGS: 00010246
[11970.843081] RAX: 0000000000000006 RBX: 0000000002bed980 RCX: 00007f39841ac000
[11970.843777] RDX: 0000000000000000 RSI: 0000000002c53c70 RDI: 0000000002bed980
[11970.844371] RBP: 0000000000000000 R08: 0000000000000000 R09: 00007ffeb638f080
[11970.844940] R10: 000000000021547a R11: 0000000000000000 R12: 0000000002c53c70
[11970.845590] R13: 0000000002c53c70 R14: 0000000002beda01 R15: 0000000000000000
[11970.846131] FS:  00007f395958d700 GS:  0000000000000000
[11970.846560] dxgk:err: wait_for_complition failed: fffffe00
[11970.851951] dxgk:err: did not find packet to complete
[14844.303462] dxgk:err: is_handle_valid Entry is freed 40000080 2
[14844.304033] dxgk:err: hmgrtable_get_object_by_type invalid handle 40000080
[14844.304877] dxgk:err: adapter_by_handle failed 40000080
[14844.306450] dxgk:err: is_handle_valid Entry is freed 40000080 2
[14844.306450] dxgk:err: hmgrtable_get_object_by_type invalid handle 40000080
[14844.307321] dxgk:err: adapter_by_handle failed 40000080
[14844.310713] dxgk:err: is_handle_valid Entry is freed 40000080 2
[14844.310714] dxgk:err: hmgrtable_get_object_by_type invalid handle 40000080
[14844.311748] dxgk:err: adapter_by_handle failed 40000080
[14986.798009] rviz[18837]: segfault at 7f37bcae3000 ip 00007f37a96970a1 sp 00007f37bcae1af0 error 4 in libnvwgf2umx.so[7f37a8938000+12e3000]
[14986.799213] Code: 90 90 90 90 90 90 90 90 90 41 8b 45 10 48 8b 54 24 10 48 83 c2 01 89 c1 41 83 c7 01 48 39 ca 0f 83 6c 01 00 00 48 8b 4c 24 20 <8b> 0c 91 0f b7 c9 41 3b 8c 95 44 04 00 00 74 d8 41 89 8c 95 44 04
[14986.800631] potentially unexpected fatal signal 11.
[14986.801046] CPU: 5 PID: 18837 Comm: rviz Not tainted 5.10.102.1-microsoft-standard-WSL2 #1
[14986.801649] RIP: 0033:0x7f37a96970a1
[14986.801959] Code: 90 90 90 90 90 90 90 90 90 41 8b 45 10 48 8b 54 24 10 48 83 c2 01 89 c1 41 83 c7 01 48 39 ca 0f 83 6c 01 00 00 48 8b 4c 24 20 <8b> 0c 91 0f b7 c9 41 3b 8c 95 44 04 00 00 74 d8 41 89 8c 95 44 04
[14986.803401] RSP: 002b:00007f37bcae1af0 EFLAGS: 00010246
[14986.803900] RAX: 0000000000000006 RBX: 0000561319149000 RCX: 00007f37bcae3000
[14986.804771] RDX: 0000000000000000 RSI: 00005613191b1260 RDI: 0000561319149000
[14986.805375] RBP: 0000000000000000 R08: 0000000000000000 R09: 00007ffcb7346080
[14986.806038] R10: 0000000000298920 R11: 0000000000000000 R12: 00005613191b1260
[14986.806743] R13: 00005613191b1260 R14: 0000561319149101 R15: 0000000000000000
[14986.807412] FS:  00007f37bcae2700 GS:  0000000000000000
[14986.807895] dxgk:err: wait_for_complition failed: fffffe00
[14986.807964] dxgk:err: did not find packet to complete
[14986.808329] dxgk:err: wait_for_complition failed: fffffe00
[14986.809008] dxgk:err: wait_for_complition failed: fffffe00
[14986.809414] dxgk:err: wait_for_complition failed: fffffe00
[14986.809799] dxgk:err: wait_for_complition failed: fffffe00
[14986.810201] dxgk:err: wait_for_complition failed: fffffe00
[14986.810585] dxgk:err: wait_for_complition failed: fffffe00
[14986.810965] dxgk:err: wait_for_complition failed: fffffe00
[14986.811339] dxgk:err: wait_for_complition failed: fffffe00
[14986.811744] dxgk:err: wait_for_complition failed: fffffe00
[14986.812154] dxgk:err: wait_for_complition failed: fffffe00
[14986.812574] dxgk:err: wait_for_complition failed: fffffe00
[14986.812959] dxgk:err: wait_for_complition failed: fffffe00
[14986.813357] dxgk:err: wait_for_complition failed: fffffe00
[14986.813766] dxgk:err: wait_for_complition failed: fffffe00
[14986.814181] dxgk:err: wait_for_complition failed: fffffe00
[14986.814584] dxgk:err: wait_for_complition failed: fffffe00
[14986.814971] dxgk:err: wait_for_complition failed: fffffe00
[14986.815392] dxgk:err: wait_for_complition failed: fffffe00
[14986.815843] dxgk:err: wait_for_complition failed: fffffe00
[14986.816252] dxgk:err: wait_for_complition failed: fffffe00
[14986.816651] dxgk:err: wait_for_complition failed: fffffe00
[14986.817034] dxgk:err: wait_for_complition failed: fffffe00
[14986.817431] dxgk:err: wait_for_complition failed: fffffe00
[14986.817817] dxgk:err: wait_for_complition failed: fffffe00
[14986.818208] dxgk:err: wait_for_complition failed: fffffe00
[14986.818611] dxgk:err: wait_for_complition failed: fffffe00
[14986.818986] dxgk:err: wait_for_complition failed: fffffe00
[14986.819392] dxgk:err: wait_for_complition failed: fffffe00
[14986.819783] dxgk:err: wait_for_complition failed: fffffe00
[14986.820161] dxgk:err: wait_for_complition failed: fffffe00
[14986.820612] dxgk:err: wait_for_complition failed: fffffe00
[14986.820993] dxgk:err: wait_for_complition failed: fffffe00
[14986.821484] dxgk:err: wait_for_complition failed: fffffe00
[14986.822132] dxgk:err: wait_for_complition failed: fffffe00
[14986.827535] dxgk:err: did not find packet to complete
[14986.842531] dxgk:err: did not find packet to complete
[23165.244937] dxgk:err: is_handle_valid Entry is freed 40000080 2
[23165.245800] dxgk:err: hmgrtable_get_object_by_type invalid handle 40000080
[23165.246652] dxgk:err: adapter_by_handle failed 40000080
[23165.248615] dxgk:err: is_handle_valid Entry is freed 40000080 2
[23165.248616] dxgk:err: hmgrtable_get_object_by_type invalid handle 40000080
[23165.249582] dxgk:err: adapter_by_handle failed 40000080
[23165.255108] dxgk:err: is_handle_valid Entry is freed 40000080 2
[23165.255109] dxgk:err: hmgrtable_get_object_by_type invalid handle 40000080
[23165.255950] dxgk:err: adapter_by_handle failed 40000080
[23166.832850] rviz[24883]: segfault at 7f42ed4e4000 ip 00007f42e16970a1 sp 00007f42ed4e2af0 error 4 in libnvwgf2umx.so[7f42e0938000+12e3000]
[23166.834006] Code: 90 90 90 90 90 90 90 90 90 41 8b 45 10 48 8b 54 24 10 48 83 c2 01 89 c1 41 83 c7 01 48 39 ca 0f 83 6c 01 00 00 48 8b 4c 24 20 <8b> 0c 91 0f b7 c9 41 3b 8c 95 44 04 00 00 74 d8 41 89 8c 95 44 04
[23166.835522] potentially unexpected fatal signal 11.
[23166.836000] CPU: 31 PID: 24883 Comm: rviz Not tainted 5.10.102.1-microsoft-standard-WSL2 #1
[23166.836619] RIP: 0033:0x7f42e16970a1
[23166.836956] Code: 90 90 90 90 90 90 90 90 90 41 8b 45 10 48 8b 54 24 10 48 83 c2 01 89 c1 41 83 c7 01 48 39 ca 0f 83 6c 01 00 00 48 8b 4c 24 20 <8b> 0c 91 0f b7 c9 41 3b 8c 95 44 04 00 00 74 d8 41 89 8c 95 44 04
[23166.838585] RSP: 002b:00007f42ed4e2af0 EFLAGS: 00010246
[23166.839012] RAX: 0000000000000006 RBX: 00005566f6a04c40 RCX: 00007f42ed4e4000
[23166.839705] RDX: 0000000000000000 RSI: 00005566f6a6d0e0 RDI: 00005566f6a04c40
[23166.840407] RBP: 0000000000000000 R08: 0000000000000000 R09: 00007ffe9d1ea080
[23166.841110] R10: 0000000000403786 R11: 0000000000000000 R12: 00005566f6a6d0e0
[23166.841748] R13: 00005566f6a6d0e0 R14: 00005566f6a04d01 R15: 0000000000000000
[23166.842345] FS:  00007f42ed4e3700 GS:  0000000000000000
[23166.842786] dxgk:err: wait_for_complition failed: fffffe00
[23166.842802] dxgk:err: wait_for_complition failed: fffffe00
[23166.843358] dxgk:err: did not find packet to complete
[23166.853643] dxgk:err: did not find packet to complete
[23172.147649] dxgk:err: is_handle_valid Entry is freed 40000080 2
[23172.148134] dxgk:err: hmgrtable_get_object_by_type invalid handle 40000080
[23172.148987] dxgk:err: adapter_by_handle failed 40000080
[23172.150513] dxgk:err: is_handle_valid Entry is freed 40000080 2
[23172.150514] dxgk:err: hmgrtable_get_object_by_type invalid handle 40000080
[23172.151422] dxgk:err: adapter_by_handle failed 40000080
[23172.157220] dxgk:err: is_handle_valid Entry is freed 40000080 2
[23172.157222] dxgk:err: hmgrtable_get_object_by_type invalid handle 40000080
[23172.158355] dxgk:err: adapter_by_handle failed 40000080
[23294.888376] rviz[24929]: segfault at 7efd00007000 ip 00007efcdd6970a1 sp 00007efce9033af0 error 4 in libnvwgf2umx.so[7efcdc938000+12e3000]
[23294.889656] Code: 90 90 90 90 90 90 90 90 90 41 8b 45 10 48 8b 54 24 10 48 83 c2 01 89 c1 41 83 c7 01 48 39 ca 0f 83 6c 01 00 00 48 8b 4c 24 20 <8b> 0c 91 0f b7 c9 41 3b 8c 95 44 04 00 00 74 d8 41 89 8c 95 44 04
[23294.891367] potentially unexpected fatal signal 11.
[23294.891774] CPU: 15 PID: 24929 Comm: rviz Not tainted 5.10.102.1-microsoft-standard-WSL2 #1
[23294.892349] RIP: 0033:0x7efcdd6970a1
[23294.892646] Code: 90 90 90 90 90 90 90 90 90 41 8b 45 10 48 8b 54 24 10 48 83 c2 01 89 c1 41 83 c7 01 48 39 ca 0f 83 6c 01 00 00 48 8b 4c 24 20 <8b> 0c 91 0f b7 c9 41 3b 8c 95 44 04 00 00 74 d8 41 89 8c 95 44 04
[23294.894015] RSP: 002b:00007efce9033af0 EFLAGS: 00010246
[23294.894425] RAX: 0000000000000006 RBX: 00005590dd4e9380 RCX: 00007efd00007000
[23294.895019] RDX: 0000000000000000 RSI: 00005590dd551840 RDI: 00005590dd4e9380
[23294.895673] RBP: 0000000000000000 R08: 0000000000000000 R09: 00007fffd43ce080
[23294.896243] R10: 0000000000409b22 R11: 0000000000000000 R12: 00005590dd551840
[23294.896791] R13: 00005590dd551840 R14: 00005590dd4e9401 R15: 0000000000000000
[23294.897384] FS:  00007efce9034700 GS:  0000000000000000
[23294.897803] dxgk:err: wait_for_complition failed: fffffe00
[23294.897808] dxgk:err: wait_for_complition failed: fffffe00
[23294.897814] dxgk:err: did not find packet to complete
[23294.898479] dxgk:err: wait_for_complition failed: fffffe00
[23294.898873] dxgk:err: did not find packet to complete
[23294.899585] dxgk:err: wait_for_complition failed: fffffe00
[23294.899956] dxgk:err: wait_for_complition failed: fffffe00
[23294.900340] dxgk:err: wait_for_complition failed: fffffe00
[23294.900747] dxgk:err: wait_for_complition failed: fffffe00
[23294.901120] dxgk:err: wait_for_complition failed: fffffe00
[23294.901492] dxgk:err: wait_for_complition failed: fffffe00
[23294.901869] dxgk:err: wait_for_complition failed: fffffe00
[23294.902251] dxgk:err: wait_for_complition failed: fffffe00
[23294.902644] dxgk:err: wait_for_complition failed: fffffe00
[23294.903038] dxgk:err: wait_for_complition failed: fffffe00
[23294.903451] dxgk:err: wait_for_complition failed: fffffe00
[23294.903971] dxgk:err: wait_for_complition failed: fffffe00
[23294.904349] dxgk:err: wait_for_complition failed: fffffe00
[23294.904771] dxgk:err: wait_for_complition failed: fffffe00
[23294.905167] dxgk:err: wait_for_complition failed: fffffe00
[23294.905568] dxgk:err: wait_for_complition failed: fffffe00
[23294.905957] dxgk:err: wait_for_complition failed: fffffe00
[23294.906336] dxgk:err: wait_for_complition failed: fffffe00
[23294.906747] dxgk:err: wait_for_complition failed: fffffe00
[23294.907174] dxgk:err: wait_for_complition failed: fffffe00
[23294.907583] dxgk:err: wait_for_complition failed: fffffe00
