---- robot status ---- temperature [℃] ---- current [mA] ---- voltage [mV] ----
id 0 -7650 71 11952 
id 1 39.87 64 12012 
id 2 43.05 64 11923 
id 3 42.35 69 11923 
id 4 40.8 68 11982 
id 5 41.28 60 12012 
id 6 39.87 73 11982 
id 7 40.43 73 12012 
id 8 38.05 64 11923 
id 9 42.65 63 11833 
id 10 39.68 71 11893 
id 11 42.95 59 12071 
id 12 43.86 62 11714 
id 13 40.71 61 11893 
id 14 41.67 61 12012 
id 15 40.05 73 11982 
id 16 39.5 60 11774 
id 17 37.52 63 11685 
id 18 39.04 63 11863 

 Motors which temperature is over 45℃
---------------------------------- dmesg ----------------------------------
[    0.000000] Booting Linux on physical CPU 0x0
[    0.000000] Linux version 4.9.201 (hiroki@hiroki) (gcc version 7.3.1 20180425 [linaro-7.3-2018.05 revision d29120a424ecfbc167ef90065c0eeb7f91977701] (Linaro GCC 7.3-2018.05) ) #1 SMP PREEMPT Mon May 16 20:47:32 JST 2022
[    0.000000] Boot CPU: AArch64 Processor [4e0f0040]
[    0.000000] OF: fdt:memory scan node memory, reg size 48,
[    0.000000] OF: fdt: - 80000000 ,  2c000000
[    0.000000] OF: fdt: - ac200000 ,  44800000
[    0.000000] OF: fdt: - 100000000 ,  180000000
[    0.000000] earlycon: tegra_comb_uart0 at MMIO32 0x000000000c168000 (options '')
[    0.000000] bootconsole [tegra_comb_uart0] enabled
[    0.000000] OF: fdt:Reserved memory: failed to reserve memory for node 'fb0_carveout': base 0x0000000000000000, size 0 MiB
[    0.000000] OF: fdt:Reserved memory: failed to reserve memory for node 'fb0_carveout': base 0x0000000000000000, size 0 MiB
[    0.000000] OF: fdt:Reserved memory: failed to reserve memory for node 'fb1_carveout': base 0x0000000000000000, size 0 MiB
[    0.000000] OF: fdt:Reserved memory: failed to reserve memory for node 'fb1_carveout': base 0x0000000000000000, size 0 MiB
[    0.000000] OF: fdt:Reserved memory: failed to reserve memory for node 'fb2_carveout': base 0x0000000000000000, size 0 MiB
[    0.000000] OF: fdt:Reserved memory: failed to reserve memory for node 'fb2_carveout': base 0x0000000000000000, size 0 MiB
[    0.000000] OF: fdt:Reserved memory: failed to reserve memory for node 'fb3_carveout': base 0x0000000000000000, size 0 MiB
[    0.000000] OF: fdt:Reserved memory: failed to reserve memory for node 'fb3_carveout': base 0x0000000000000000, size 0 MiB
[    0.000000] OF: reserved mem: initialized node ramoops_carveout, compatible id nvidia,ramoops
[    0.000000] OF: reserved mem: initialized node vpr-carveout, compatible id nvidia,vpr-carveout
[    0.000000] OF: reserved mem: initialized node grid-of-semaphores, compatible id nvidia,gosmem
[    0.000000] cma: Reserved 64 MiB at 0x00000000c2000000
[    0.000000] On node 0 totalpages: 2033152
[    0.000000]   DMA zone: 7192 pages used for memmap
[    0.000000]   DMA zone: 0 pages reserved
[    0.000000]   DMA zone: 460288 pages, LIFO batch:31
[    0.000000]   Normal zone: 24576 pages used for memmap
[    0.000000]   Normal zone: 1572864 pages, LIFO batch:31
[    0.000000] psci: probing for conduit method from DT.
[    0.000000] psci: PSCIv1.0 detected in firmware.
[    0.000000] psci: Using standard PSCI v0.2 function IDs
[    0.000000] psci: MIGRATE_INFO_TYPE not supported.
[    0.000000] psci: SMC Calling Convention v1.1
[    0.000000] percpu: Embedded 24 pages/cpu s57560 r8192 d32552 u98304
[    0.000000] pcpu-alloc: s57560 r8192 d32552 u98304 alloc=24*4096
[    0.000000] pcpu-alloc: [0] 0 [0] 1 [0] 2 [0] 3 [0] 4 [0] 5 
[    0.000000] Speculative Store Bypass Disable mitigation not required
[    0.000000] Built 1 zonelists in Zone order, mobility grouping on.  Total pages: 2001384
[    0.000000] Kernel command line: console=ttyTCU0,115200 video=tegrafb no_console_suspend=1 earlycon=tegra_comb_uart,mmio32,0x0c168000 gpt rootfs.slot_suffix= usbcore.old_scheme_first=1 tegraid=19.1.2.0.0 maxcpus=6 boot.slot_suffix= boot.ratchetvalues=0.4.2 vpr_resize sdhci_tegra.en_boot_part_access=1    quiet root=PARTUUID=ddbf9896-a4db-4932-8580-5f014e7f85fd rw rootwait rootfstype=ext4 console=ttyTCU0,115200n8 console=tty0 fbcon=map:0 net.ifnames=0
[    0.000000] log_buf_len individual max cpu contribution: 32768 bytes
[    0.000000] log_buf_len total cpu_extra contributions: 163840 bytes
[    0.000000] log_buf_len min size: 32768 bytes
[    0.000000] log_buf_len: 262144 bytes
[    0.000000] early log buf free: 29072(88%)
[    0.000000] PID hash table entries: 4096 (order: 3, 32768 bytes)
[    0.000000] Dentry cache hash table entries: 1048576 (order: 11, 8388608 bytes)
[    0.000000] Inode-cache hash table entries: 524288 (order: 10, 4194304 bytes)
[    0.000000] Memory: 7190728K/8132608K available (15294K kernel code, 2942K rwdata, 6716K rodata, 8576K init, 609K bss, 188216K reserved, 753664K cma-reserved)
[    0.000000] Virtual kernel memory layout:
[    0.000000]     modules : 0xffffff8000000000 - 0xffffff8008000000   (   128 MB)
[    0.000000]     vmalloc : 0xffffff8008000000 - 0xffffffbebfff0000   (   250 GB)
[    0.000000]       .text : 0xffffff8008080000 - 0xffffff8008f70000   ( 15296 KB)
[    0.000000]     .rodata : 0xffffff8008f70000 - 0xffffff8009610000   (  6784 KB)
[    0.000000]       .init : 0xffffff8009610000 - 0xffffff8009e70000   (  8576 KB)
[    0.000000]       .data : 0xffffff8009e70000 - 0xffffff800a14f808   (  2943 KB)
[    0.000000]        .bss : 0xffffff800a14f808 - 0xffffff800a1e7cbc   (   610 KB)
[    0.000000]     fixed   : 0xffffffbefe7fd000 - 0xffffffbefec00000   (  4108 KB)
[    0.000000]     PCI I/O : 0xffffffbefee00000 - 0xffffffbeffe00000   (    16 MB)
[    0.000000]     vmemmap : 0xffffffbf00000000 - 0xffffffc000000000   (     4 GB maximum)
[    0.000000]               0xffffffbf00000000 - 0xffffffbf08000000   (   128 MB actual)
[    0.000000]     memory  : 0xffffffc000000000 - 0xffffffc200000000   (  8192 MB)
[    0.000000] SLUB: HWalign=64, Order=0-3, MinObjects=0, CPUs=6, Nodes=1
[    0.000000] Preemptible hierarchical RCU implementation.
[    0.000000] 	Build-time adjustment of leaf fanout to 64.
[    0.000000] 	RCU restricting CPUs from NR_CPUS=64 to nr_cpu_ids=6.
[    0.000000] RCU: Adjusting geometry for rcu_fanout_leaf=64, nr_cpu_ids=6
[    0.000000] NR_IRQS:64 nr_irqs:64 0
[    0.000000] GIC: Using split EOI/Deactivate mode
[    0.000000] arm_arch_timer: Architected cp15 timer(s) running at 31.25MHz (phys).
[    0.000000] clocksource: arch_sys_counter: mask: 0xffffffffffffff max_cycles: 0xe6a171046, max_idle_ns: 881590405314 ns
[    0.000004] sched_clock: 56 bits at 31MHz, resolution 32ns, wraps every 4398046511088ns
[    0.000635] Console: colour dummy device 80x25
[    0.000646] console [tty0] enabled
[    0.000653] bootconsole [tegra_comb_uart0] disabled
[    0.000667] kmemleak: Kernel memory leak detector disabled
[    0.000685] Calibrating delay loop (skipped), value calculated using timer frequency.. 62.50 BogoMIPS (lpj=125000)
[    0.000700] pid_max: default: 32768 minimum: 301
[    0.001768] Security Framework initialized
[    0.002346] Mount-cache hash table entries: 16384 (order: 5, 131072 bytes)
[    0.002356] Mountpoint-cache hash table entries: 16384 (order: 5, 131072 bytes)
[    0.004000] ftrace: allocating 47179 entries in 185 pages
[    0.396517] sched-energy: Sched-energy-costs installed from DT
[    0.396536] ASID allocator initialised with 65536 entries
[    0.431724] tegra-id: chipid=21917.
[    0.431736] tegra-id: opt_subrevision=1.
[    0.431763] Tegra Revision: A02p SKU: 0xde CPU Process: 0 SoC Process: 0
[    0.431805] DTS File Name: /home/hiroki/top_dir/kernel_sources/Linux_for_Tegra/source/public/kernel/kernel-4.9/arch/arm64/boot/dts/../../../../../../hardware/nvidia/platform/t19x/jakku/kernel-dts/tegra194-p3668-all-p3509-0000-ar0521.dts
[    0.431814] DTB Build time: May 16 2022 21:04:32
[    0.479843] CPU1: Booted secondary processor [4e0f0040]
[    0.511897] CPU2: Booted secondary processor [4e0f0040]
[    0.544002] CPU3: Booted secondary processor [4e0f0040]
[    0.576304] CPU4: Booted secondary processor [4e0f0040]
[    0.608433] CPU5: Booted secondary processor [4e0f0040]
[    0.608688] Brought up 6 CPUs
[    0.608697] SMP: Total of 6 processors activated.
[    0.608706] CPU features: detected feature: Privileged Access Never
[    0.608713] CPU features: detected feature: LSE atomic instructions
[    0.608719] CPU features: detected feature: User Access Override
[    0.608725] CPU features: detected feature: 32-bit EL0 Support
[    0.610334] CPU: All CPU(s) started at EL2
[    0.610389] alternatives: patching kernel code
[    0.616823] devtmpfs: initialized
[    0.654686] Initilizing CustomIPI irq domain
[    0.654920] clocksource: jiffies: mask: 0xffffffff max_cycles: 0xffffffff, max_idle_ns: 7645041785100000 ns
[    0.654937] futex hash table entries: 2048 (order: 5, 131072 bytes)
[    0.665081] pinctrl core: initialized pinctrl subsystem
[    0.665298] OS set in device tree is not L4T.
[    0.665520] regulator-dummy: no parameters
[    0.665734] Initializing plugin-manager
[    0.665783] Plugin module not found
[    0.665839] Plugin-manager status disabled
[    0.666940] NET: Registered protocol family 16
[    0.668118] pstore: using zlib compression
[    0.668137] console [pstore-1] enabled
[    0.668143] pstore: Registered ramoops as persistent store backend
[    0.668149] ramoops: attached 0x200000@0xf0800000, ecc: 0/0
[    0.683255] cpuidle: using governor menu
[    0.684300] bpmp: waiting for handshake
[    0.684308] bpmp: handshake completed
[    0.684323] bpmp: synchronizing channels
[    0.684331] bpmp: channels synchronized
[    0.684338] bpmp: mail init ok
[    0.686780] t19x-arm-smmu 12000000.iommu: found 3 SMMUs and ISO SMMU id is 2
[    0.686946] t19x-arm-smmu 12000000.iommu: probing hardware configuration...
[    0.686952] t19x-arm-smmu 12000000.iommu: SMMUv2 with:
[    0.686959] t19x-arm-smmu 12000000.iommu: 	stage 1 translation
[    0.686964] t19x-arm-smmu 12000000.iommu: 	stage 2 translation
[    0.686970] t19x-arm-smmu 12000000.iommu: 	nested translation
[    0.686979] t19x-arm-smmu 12000000.iommu: 	stream matching with 128 register groups, mask 0x7f80
[    0.686987] t19x-arm-smmu 12000000.iommu: SMMU address space size (0x800000) differs from mapped region size (0x1000000)!
[    0.686996] t19x-arm-smmu 12000000.iommu: 	64 context banks (0 stage-2 only)
[    0.687022] t19x-arm-smmu 12000000.iommu: 	Stage-1: 39-bit VA -> 48-bit IPA
[    0.687028] t19x-arm-smmu 12000000.iommu: 	Stage-2: 39-bit IPA -> 48-bit PA
[    0.690294] vdso: 2 pages (1 code @ ffffff8008f77000, 1 data @ ffffff8009e74000)
[    0.690319] hw-breakpoint: found 6 breakpoint and 4 watchpoint registers.
[    0.692805] atomic_pool_init():622: DMA: preallocated 1024 KiB pool for atomic allocations
[    0.693822] tegra_aon_clk_init: ok
[    0.693830] Registering BPMP clocks...
[    0.693946] tegra_bpmp_clk_init: clock init ok (400 clks)
[    0.694504] Serial: AMBA PL011 UART driver
[    0.694612] tegra_powergate_init: DONE
[    0.694689] DTS File Name: /home/hiroki/top_dir/kernel_sources/Linux_for_Tegra/source/public/kernel/kernel-4.9/arch/arm64/boot/dts/../../../../../../hardware/nvidia/platform/t19x/jakku/kernel-dts/tegra194-p3668-all-p3509-0000-ar0521.dts
[    0.694699] DTB Build time: May 16 2022 21:04:32
[    0.697384] Tegra reboot handler registered.
[    0.704132] iommu: Adding device 14160000.pcie to group 0
[    0.704747] iommu: Adding device 141a0000.pcie to group 1
[    0.705963] iommu: Adding device 2490000.ether_qos to group 2
[    0.706508] iommu: Adding device 3100000.serial to group 3
[    0.706969] iommu: Adding device 3110000.serial to group 4
[    0.707347] iommu: Adding device 3140000.serial to group 5
[    0.707928] tegra-pmc c360000.pmc: scratch reg offset dts data not present
[    0.708111] tegra-pmc: get_secure_pmc_setting: done secure_pmc=0
[    0.708133] tegra-pmc: ### PMC reset source: TEGRA_POWER_ON_RESET
[    0.708141] tegra-pmc: ### PMC reset level: TEGRA_RESET_LEVEL_L0
[    0.708148] tegra-pmc: ### PMC reset status reg: 0x0
[    0.708195] tegra-pmc: PMC Prod config success
[    0.708404] padctrl padctrl.0: Pad control driver tegra-pmc-padctrl registered
[    0.708417] tegra-pmc c360000.pmc: IO padctrl driver initialized
[    0.708767] iommu: Adding device 3460000.sdhci to group 6
[    0.709334] iommu: Adding device 3440000.sdhci to group 7
[    0.709803] iommu: Adding device 3210000.spi to group 8
[    0.710195] iommu: Adding device 3230000.spi to group 9
[    0.710663] iommu: Adding device 3270000.spi to group 10
[    0.711766] iommu: Adding device 3160000.i2c to group 11
[    0.712145] iommu: Adding device c240000.i2c to group 12
[    0.712551] iommu: Adding device 3180000.i2c to group 13
[    0.713001] iommu: Adding device 3190000.i2c to group 14
[    0.713462] iommu: Adding device 31b0000.i2c to group 15
[    0.713867] iommu: Adding device 31c0000.i2c to group 16
[    0.714275] iommu: Adding device c250000.i2c to group 17
[    0.714711] iommu: Adding device 31e0000.i2c to group 18
[    0.715212] iommu: Adding device sound to group 19
[    0.715748] iommu: Adding device 3510000.hda to group 20
[    0.716274] iommu: Adding device bc00000.rtcpu to group 21
[    0.718029] iommu: Adding device 13e10000.host1x to group 22
[    0.718396] iommu: Adding device 13e10000.host1x:ctx0 to group 23
[    0.718742] iommu: Adding device 13e10000.host1x:ctx1 to group 24
[    0.719092] iommu: Adding device 13e10000.host1x:ctx2 to group 25
[    0.719444] iommu: Adding device 13e10000.host1x:ctx3 to group 26
[    0.719814] iommu: Adding device 13e10000.host1x:ctx4 to group 27
[    0.720169] iommu: Adding device 13e10000.host1x:ctx5 to group 28
[    0.720566] iommu: Adding device 13e10000.host1x:ctx6 to group 29
[    0.720939] iommu: Adding device 13e10000.host1x:ctx7 to group 30
[    0.721475] iommu: Adding device 15340000.vic to group 31
[    0.721873] iommu: Adding device 15380000.nvjpg to group 32
[    0.722185] iommu: Adding device 15500000.tsec to group 33
[    0.722515] iommu: Adding device 15100000.tsecb to group 34
[    0.722789] iommu: Adding device 15480000.nvdec to group 35
[    0.723052] iommu: Adding device 15140000.nvdec1 to group 36
[    0.723350] iommu: Adding device 154c0000.nvenc to group 37
[    0.723675] iommu: Adding device 15a80000.nvenc1 to group 38
[    0.724082] iommu: Adding device 15880000.nvdla0 to group 39
[    0.724543] iommu: Adding device 158c0000.nvdla1 to group 40
[    0.725072] iommu: Adding device 15200000.nvdisplay to group 41
[    0.729093] platform 15200000.nvdisplay: IOVA linear map 0x00000000c6000000(2a000000)
[    0.729168] t19x-arm-smmu: Adding 15200000.nvdisplay to ISO SMMU client
[    0.729677] iommu: Adding device 15210000.nvdisplay to group 42
[    0.729724] t19x-arm-smmu: Adding 15210000.nvdisplay to ISO SMMU client
[    0.731333] iommu: Adding device 15c10000.vi to group 43
[    0.731492] t19x-arm-smmu: Adding 15c10000.vi to ISO SMMU client
[    0.731889] iommu: Adding device 14800000.isp to group 44
[    0.732957] iommu: Adding device 16000000.pva0 to group 45
[    0.733469] iommu: Adding device 16800000.pva1 to group 46
[    0.733908] iommu: Adding device 15810000.se to group 47
[    0.734317] iommu: Adding device 15820000.se to group 48
[    0.734596] iommu: Adding device 15830000.se to group 49
[    0.734879] iommu: Adding device 15840000.se to group 50
[    0.735243] iommu: Adding device c1a0000.aon to group 51
[    0.737000] iommu: Adding device d000000.bpmp to group 52
[    0.737354] bpmp: ping status is 0
[    0.737479] bpmp d000000.bpmp: firmware tag is e73a758761f0c6d24a1e69a2ac6b5035
[    0.740606] bpmp d000000.bpmp: probe ok
[    0.742361] tegra-reset 0.bpmp_reset: registered 190 resets.
[    0.742798] iommu: Adding device smmu_test to group 53
[    0.744122] mc: mapped MMIO address: 0xffffff800a5c0000 -> 0x2c10000
[    0.744147] mc: mapped MMIO address: 0xffffff800a5e0000 -> 0x2c20000
[    0.744169] mc: mapped MMIO address: 0xffffff800a7b0000 -> 0x2c30000
[    0.744191] mc: mapped MMIO address: 0xffffff800a7d0000 -> 0x2c40000
[    0.744251] mc: mapped MMIO address: 0xffffff800b010000 -> 0x2c50000
[    0.744273] mc: mapped MMIO address: 0xffffff800b030000 -> 0x2b80000
[    0.744292] mc: mapped MMIO address: 0xffffff800b050000 -> 0x2b90000
[    0.744313] mc: mapped MMIO address: 0xffffff800b070000 -> 0x2ba0000
[    0.744333] mc: mapped MMIO address: 0xffffff800b090000 -> 0x2bb0000
[    0.744355] mc: mapped MMIO address: 0xffffff800b0b0000 -> 0x1700000
[    0.744375] mc: mapped MMIO address: 0xffffff800b0d0000 -> 0x1710000
[    0.744395] mc: mapped MMIO address: 0xffffff800b0f0000 -> 0x1720000
[    0.744441] mc: mapped MMIO address: 0xffffff800b110000 -> 0x1730000
[    0.744462] mc: mapped MMIO address: 0xffffff800b130000 -> 0x1740000
[    0.744496] mc: mapped MMIO address: 0xffffff800b150000 -> 0x1750000
[    0.744517] mc: mapped MMIO address: 0xffffff800b170000 -> 0x1760000
[    0.744542] mc: mapped MMIO address: 0xffffff800b190000 -> 0x1770000
[    0.744620] mc-err: mcerr ops are set to t19x
[    0.750207] iommu: Adding device 2600000.dma to group 54
[    0.756121] gpio gpiochip0: gpio-line-names specifies 240 line names but there are 224 lines on the chip
[    0.757289] GPIO line 339 (wifi-enable) hogged as output/high
[    0.757329] GPIO line 412 (camera-control-output-low) hogged as output/high
[    0.757357] GPIO line 412 (camera-control-output-low) hogged as output/high
[    0.757618] gpiochip_setup_dev: registered GPIOs 288 to 511 on device: gpiochip0 (tegra-gpio)
[    0.763588] gpio gpiochip1: gpio-line-names specifies 21 line names but there are 40 lines on the chip
[    0.763650] GPIO line 253 (pex-refclk-sel-low) hogged as output/low
[    0.763682] GPIO line 266 (w-disable1) hogged as output/high
[    0.763712] GPIO line 264 (w-disable2) hogged as output/high
[    0.763742] GPIO line 265 (suspend-led-gpio) hogged as output/high
[    0.764012] gpiochip_setup_dev: registered GPIOs 248 to 287 on device: gpiochip1 (tegra-gpio-aon)
[    0.765953] tegra186-aowake c370000.pmc: WAKE_AOWAKE_CNTRL_83 = 0x10a
[    0.765967] tegra186-aowake c370000.pmc: WAKE_AOWAKE_CTRL_0 = 3
[    0.765976] tegra186-aowake c370000.pmc: WAKE_AOWAKE_CNTRL_24(PMU_INT) = 256
[    0.766769] iommu: Adding device 3550000.xudc to group 55
[    0.767505] iommu: Adding device 3610000.xhci to group 56
[    0.770530] arm64_ras arm64_ras: probed
[    0.770917] ras_fhi_enable: FHI 470 enabled on CPU0
[    0.770963] ras_fhi_enable: FHI 471 enabled on CPU1
[    0.771040] ras_fhi_enable: FHI 472 enabled on CPU2
[    0.771119] ras_fhi_enable: FHI 473 enabled on CPU3
[    0.771224] ras_fhi_enable: FHI 474 enabled on CPU4
[    0.771306] ras_fhi_enable: FHI 475 enabled on CPU5
[    0.771496] carmel_ras_enable: RAS enabled on cpu0
[    0.771667] carmel_ras_enable: RAS enabled on cpu1
[    0.771871] carmel_ras_enable: RAS enabled on cpu2
[    0.772068] carmel_ras_enable: RAS enabled on cpu3
[    0.772322] carmel_ras_enable: RAS enabled on cpu4
[    0.772513] carmel_ras_enable: RAS enabled on cpu5
[    0.772595] carmel_ras carmel_ras: probed
[    0.773867] tegra-cbb 2300000.cbb-noc: noc_secure_irq = 479, noc_nonsecure_irq = 478>
[    0.774328] tegra-cbb c600000.aon-noc: noc_secure_irq = 481, noc_nonsecure_irq = 480>
[    0.775293] tegra-cbb d600000.bpmp-noc: noc_secure_irq = 483, noc_nonsecure_irq = 482>
[    0.776233] tegra-cbb be00000.rce-noc: noc_secure_irq = 485, noc_nonsecure_irq = 484>
[    0.777279] tegra-cbb b600000.sce-noc: noc_secure_irq = 487, noc_nonsecure_irq = 486>
[    0.777667] tegra-cbb 14040000.cv-noc: defer probe as CV-NOC not probed yet
[    0.778998] vdd-ac-bat: 5000 mV 
[    0.779493] vdd-sdmmc1-sw: 3300 mV 
[    0.779781] vdd-1v8-sd: 1800 mV 
[    0.780056] vdd-3v3-cvb: 3300 mV 
[    0.780375] vdd-1v8-cvb: 1800 mV 
[    0.780913] vdd-epb-1v0: supplied by vdd-3v3-cvb
[    0.780968] vdd-epb-1v0: 1000 mV 
[    0.781323] avdd-cam-2v8: 2800 mV 
[    0.781637] vdd-fan: 5000 mV 
[    0.781976] vdd-hdmi-5v0: 5000 mV 
[    0.782226] vdd_sys_en: 1200 mV 
[    0.821543] HugeTLB registered 2 MB page size, pre-allocated 0 pages
[    0.827551] eventlib_kernel: keventlib is initialized, test id: 0
[    0.827874] SCSI subsystem initialized
[    0.828157] libata version 3.00 loaded.
[    0.828421] usbcore: registered new interface driver usbfs
[    0.828475] usbcore: registered new interface driver hub
[    0.828532] usbcore: registered new device driver usb
[    0.839699] tegra-i2c 31e0000.i2c: could not find pctldev for node /host1x/dpaux@155F0000/pinmux@0, deferring probe
[    0.842899] max77620 4-003c: PMIC Version OTP:0x51 and ES:0x1
[    0.849174] vdd-1v0: at 1000 mV 
[    0.853178] vdd-1v8-hs: at 1800 mV 
[    0.857209] vdd-1v8-ls: at 1800 mV 
[    0.861227] vdd-1v8-ao: at 1800 mV 
[    0.865247] vddio-ddr-1v1: at 1100 mV 
[    0.869031] vdd-rtc: at 800 mV 
[    0.870191] spmic-ldo1: at 2375 mV 
[    0.877074] vdd-ao-3v3: at 3300 mV 
[    0.885105] vddio-emmc-3v3: at 3300 mV 
[    0.886319] spmic-ldo4: at 1587 mV 
[    0.893156] vdd-usb-3v3: at 3300 mV 
[    0.901209] vddio-sdmmc1-3v3: at 3300 mV 
[    0.905235] vdd-csi-1v2: at 1200 mV 
[    0.906694] spmic-ldo8: at 1800 mV 
[    0.911550] GPIO line 246 (gpio_default) hogged as output/high
[    0.912890] GPIO line 247 (gpio_default) hogged as output/high
[    0.913185] gpiochip_setup_dev: registered GPIOs 240 to 247 on device: gpiochip2 (max77620-gpio)
[    0.913454] max77620 4-003c: max77620 probe successful
[    0.914262] media: Linux media interface: v0.10
[    0.914331] Linux video capture interface: v2.00
[    0.915900] pps_core: LinuxPPS API ver. 1 registered
[    0.915906] pps_core: Software ver. 5.3.6 - Copyright 2005-2007 Rodolfo Giometti <giometti@linux.it>
[    0.915982] PTP clock support registered
[    0.916450] tegra_wdt_t18x 30c0000.watchdog: Expiry count is deprecated
[    0.916736] tegra_wdt_t18x 30c0000.watchdog: Tegra WDT init timeout = 120 sec
[    0.916768] tegra_wdt_t18x 30c0000.watchdog: Registered successfully
[    0.919659] trusty trusty: trusty version: Built: 08:56:10 Jul  9 2021 
[    0.919719] trusty trusty: selected api version: 3 (requested 3)
[    0.920765] Advanced Linux Sound Architecture Driver Initialized.
[    0.921196] Bluetooth: Core ver 2.22
[    0.921233] NET: Registered protocol family 31
[    0.921238] Bluetooth: HCI device and connection manager initialized
[    0.921248] Bluetooth: HCI socket layer initialized
[    0.921256] Bluetooth: L2CAP socket layer initialized
[    0.921315] Bluetooth: SCO socket layer initialized
[    0.924241] camchar: rtcpu character device driver loaded
[    0.924730] gpio tegra-gpio wake61 for gpio=201(Z:1)
[    0.924814] extcon-gpio-states external-connection:extcon@1: Cable state:0, cable id:0
[    0.927415] clocksource: Switched to clocksource arch_sys_counter
[    0.974726] VFS: Disk quotas dquot_6.6.0
[    0.974823] VFS: Dquot-cache hash table entries: 512 (order 0, 4096 bytes)
[    0.975183] nvmap_heap_init: nvmap_heap_init: created heap block cache
[    0.976473] tegra-carveouts tegra-carveouts: assigned reserved memory node grid-of-semaphores
[    0.976521] dma_declare_coherent_resizable_cma_memory:324: resizable heap=vpr, base=0x00000000c6000000, size=0x2a000000
[    0.976777] cma: enabled page replacement for spfn=c6000, epfn=f0000
[    0.976785] dma_declare_coherent_resizable_cma_memory:373: resizable cma heap=vpr create successful
[    0.976797] nvmap: nvmap_select_cache_ops() nvmap cache ops set to scf
[    0.976805] nvmap_page_pool_init: Total RAM pages: 1986098
[    0.976837] nvmap_page_pool_init: nvmap page pool size: 248262 pages (969 MB)
[    0.977003] nvmap_background_zero_thread: PP zeroing thread starting.
[    0.977334] misc nvmap: created heap vpr base 0x00000000c6000000 size (688128KiB)
[    0.979279] tegra-gpcdma 2600000.dma: GPC DMA driver register 31 channels
[    0.991150] thermal thermal_zone0: Registering thermal zone thermal_zone0 for type CPU-therm
[    0.991344] thermal thermal_zone1: Registering thermal zone thermal_zone1 for type GPU-therm
[    0.991579] thermal thermal_zone2: Registering thermal zone thermal_zone2 for type AUX-therm
[    0.991728] thermal thermal_zone3: Registering thermal zone thermal_zone3 for type AO-therm
[    0.991919] thermal thermal_zone4: Registering thermal zone thermal_zone4 for type PMIC-Die
[    0.993175] la/ptsa driver initialized.
[    0.993604] NET: Registered protocol family 2
[    0.994507] TCP established hash table entries: 65536 (order: 7, 524288 bytes)
[    0.994866] TCP bind hash table entries: 65536 (order: 8, 1048576 bytes)
[    0.995559] TCP: Hash tables configured (established 65536 bind 65536)
[    0.995603] UDP hash table entries: 4096 (order: 5, 131072 bytes)
[    0.995718] UDP-Lite hash table entries: 4096 (order: 5, 131072 bytes)
[    0.996149] NET: Registered protocol family 1
[    0.996882] RPC: Registered named UNIX socket transport module.
[    0.996888] RPC: Registered udp transport module.
[    0.996893] RPC: Registered tcp transport module.
[    0.996898] RPC: Registered tcp NFSv4.1 backchannel transport module.
[    0.996908] PCI: CLS 0 bytes, default 64
[    0.997188] Trying to unpack rootfs image as initramfs...
[    1.228989] Freeing initrd memory: 7064K
[    1.243005] random: fast init done
[    1.247098] host1x 13e10000.host1x: initialized
[    1.248941] hw perfevents: enabled with armv8_pmuv3 PMU driver, 7 counters available
[    1.253853] audit: initializing netlink subsys (disabled)
[    1.253890] audit: type=2000 audit(0.876:1): initialized
[    1.254609] workingset: timestamp_bits=46 max_order=21 bucket_order=0
[    1.262196] squashfs: version 4.0 (2009/01/31) Phillip Lougher
[    1.263494] ntfs: driver 2.1.32 [Flags: R/W].
[    1.264195] 9p: Installing v9fs 9p2000 file system support
[    1.268924] Block layer SCSI generic (bsg) driver version 0.4 loaded (major 240)
[    1.269137] io scheduler noop registered
[    1.269393] io scheduler cfq registered (default)
[    1.273296] gic 2a41000.agic-controller: GIC IRQ controller registered
[    1.303177] iommu: Adding device 2993000.adsp to group 57
[    1.313409] iommu: Adding device aconnect@2a41000:adsp_audio to group 58
[    1.313546] tegra-aconnect aconnect@2a41000: Tegra ACONNECT bus registered
[    1.326234] tegra-pwm 3280000.pwm: PWM clk can sleep in ops
[    1.326688] tegra-pwm c340000.pwm: PWM clk can sleep in ops
[    1.327276] tegra-pwm 32c0000.pwm: PWM clk can sleep in ops
[    1.327695] tegra-pwm 32d0000.pwm: PWM clk can sleep in ops
[    1.328078] tegra-pwm 32f0000.pwm: PWM clk can sleep in ops
[    1.331557] tegra_camera_platform tegra-camera-platform: tegra_camera_probe:camera_platform_driver probe
[    1.331714] misc tegra_camera_ctrl: tegra_camera_isomgr_register: some fields not in DT.
[    1.331725] misc tegra_camera_ctrl: tegra_camera_isomgr_register isp_iso_bw=0, vi_iso_bw=8350000, max_bw=8350000
[    1.334618] tsec 15500000.tsec: initialized
[    1.336221] tsec 15100000.tsecb: initialized
[    1.340108] nvdec 15480000.nvdec: initialized
[    1.342453] nvdec 15140000.nvdec1: initialized
[    1.348777] falcon 15340000.vic: initialized
[    1.350627] falcon 15380000.nvjpg: initialized
[    1.352523] falcon 154c0000.nvenc: initialized
[    1.354387] falcon 15a80000.nvenc1: initialized
[    1.358295] iommu_context_dev 13e10000.host1x:ctx0: initialized (streamid=56)
[    1.360050] iommu_context_dev 13e10000.host1x:ctx1: initialized (streamid=57)
[    1.361506] iommu_context_dev 13e10000.host1x:ctx2: initialized (streamid=58)
[    1.362930] iommu_context_dev 13e10000.host1x:ctx3: initialized (streamid=59)
[    1.364421] iommu_context_dev 13e10000.host1x:ctx4: initialized (streamid=60)
[    1.365887] iommu_context_dev 13e10000.host1x:ctx5: initialized (streamid=61)
[    1.367333] iommu_context_dev 13e10000.host1x:ctx6: initialized (streamid=62)
[    1.368754] iommu_context_dev 13e10000.host1x:ctx7: initialized (streamid=63)
[    1.372398] t194-nvcsi 15a00000.nvcsi: initialized
[    1.378100] scare-pigeon 13e10000.host1x:vi-thi@15f00000: initialized
[    1.378442] scare-pigeon 14b00000.isp-thi: initialized
[    1.383774] pva 16000000.pva0: initialized
[    1.389281] pva 16800000.pva1: initialized
[    1.394049] nvdla 15880000.nvdla0: initialized
[    1.398672] nvdla 158c0000.nvdla1: initialized
[    1.400365] tegradccommon 15200000.dc_common: host1x channel mapped
[    1.400376] tegradccommon 15200000.dc_common: dc_common syncpt # 1 allocated
[    1.400417] tegradccommon 15200000.dc_common: dma mapping done
[    1.400587] tegra_cec 3960000.tegra_cec: dt=1 start=0x03960000 end=0x03960FFF irq=78
[    1.400597] tegra_cec 3960000.tegra_cec: Unpowergate DISP: 0.
[    1.400832] tegra_cec 3960000.tegra_cec: Enable clock result: 0.
[    1.400929] tegra_cec 3960000.tegra_cec: tegra_cec_init started
[    1.401047] tegra_cec 3960000.tegra_cec: cec_add_sysfs ret=0
[    1.401055] tegra_cec 3960000.tegra_cec: probed
[    1.401686] tegradc 15200000.nvdisplay: disp0 connected to head0->/host1x/sor1
[    1.401723] generic_infoframe_type: 0x87
[    1.401818] tegradc 15200000.nvdisplay: DT parsed successfully
[    1.401856] tegradc 15200000.nvdisplay: Display dc.ffffff800bce0000 registered with id=0
[    1.406602] tegra_nvdisp_bandwidth_register_max_config: max config iso bw = 7088400 KB/s
[    1.406610] tegra_nvdisp_bandwidth_register_max_config: max config EMC floor = 800000000 Hz
[    1.406615] tegra_nvdisp_bandwidth_register_max_config: max config hubclk = 300000000 Hz
[    1.406873] tegradc 15200000.nvdisplay: vblank syncpt # 8 for dc 0
[    1.406883] tegradc 15200000.nvdisplay: vpulse3 syncpt # 9 for dc 0
[    1.410045] tegradc 15200000.nvdisplay: hdmi: invalid prod list prod_list_hdmi_board
[    1.410053] tegradc 15200000.nvdisplay: hdmi: tegra_hdmi_tmds_range_read(bd) failed
[    1.412302] tegra-adma 2930000.adma: Tegra210 ADMA driver registered 32 channels
[    1.413059] tegra-fuse-burn 3820000.efuse:efuse-burn: shutdown limit check disabled
[    1.413067] tegra-fuse-burn 3820000.efuse:efuse-burn: Fuse burn driver initialized
[    1.413552] kfuse 3830000.kfuse: initialized
[    1.414021] tegradc 15200000.nvdisplay: probed
[    1.414528] Console: switching to colour frame buffer device 80x30
[    1.414556] tegradc 15200000.nvdisplay: fb registered
[    1.414851] gpio tegra-gpio wake63 for gpio=97(M:1)
[    1.415473] tegradc 15210000.nvdisplay: disp1 connected to head1->/host1x/sor
[    1.415513] tegradc 15210000.nvdisplay: parse_dp_settings: No dp-lt-settings node
[    1.415643] tegradc 15210000.nvdisplay: DT parsed successfully
[    1.415688] tegradc 15210000.nvdisplay: Display dc.ffffff800be50000 registered with id=1
[    1.415873] tegradc 15210000.nvdisplay: vblank syncpt # 11 for dc 1
[    1.415882] tegradc 15210000.nvdisplay: vpulse3 syncpt # 12 for dc 1
[    1.419725] Serial: 8250/16550 driver, 4 ports, IRQ sharing disabled
[    1.422186] 3100000.serial: ttyTHS0 at MMIO 0x3100000 (irq = 47, base_baud = 0) is a TEGRA_UART
[    1.423265] 3110000.serial: ttyTHS1 at MMIO 0x3110000 (irq = 48, base_baud = 0) is a TEGRA_UART
[    1.424486] 3140000.serial: ttyTHS4 at MMIO 0x3140000 (irq = 49, base_baud = 0) is a TEGRA_UART
[    1.425644] console [ttyTCU0] enabled
[    1.425960] tegradc 15210000.nvdisplay: probed
[    1.426007] [drm] Initialized
[    1.426319] tegradc 15210000.nvdisplay: fb registered
[    1.429981] hpd: state 7 (Takeover from bootloader), hpd 0, pending_hpd_evt 1
[    1.429988] hpd: switching from state 7 (Takeover from bootloader) to state 0 (Reset)
[    1.430001] hpd: state 0 (Reset), hpd 0, pending_hpd_evt 0
[    1.430012] tegradc 15210000.nvdisplay: blank - powerdown
[    1.430025] extcon-disp-state external-connection:disp-state: cable 44 state 0 already set.
[    1.430030] Extcon DP: HPD disabled
[    1.430037] hpd: hpd_switch 0
[    1.430044] hpd: switching from state 0 (Reset) to state 1 (Check Plug)
[    1.430054] hpd: state 1 (Check Plug), hpd 0, pending_hpd_evt 0
[    1.430063] hpd: switching from state 1 (Check Plug) to state 3 (Disabled)
[    1.435320] brd: module loaded
[    1.444128] loop: module loaded
[    1.444194] tegra_profiler: version: 1.143, samples/io: 48/28
[    1.444356] tegra_profiler: auth: init
[    1.445088] THERMAL EST: found 3 subdevs
[    1.445095] THERMAL EST num_resources: 0
[    1.445101] [THERMAL EST subdev 0]
[    1.445107] [THERMAL EST subdev 1]
[    1.445112] [THERMAL EST subdev 2]
[    1.445121] THERMAL EST: Found 2 profiles, default profile is quiet
[    1.445400] thermal thermal_zone5: Registering thermal zone thermal_zone5 for type thermal-fan-est
[    1.445405] THERMAL EST: thz register success.
[    1.445569] THERMAL EST: end of probe, return err: 0
[    1.446247] sd: No Scsi addr parsed to reserve index
[    1.446275] hisi_sas: driver version v1.6
[    1.456181] qspi_mtd spi6.0: s25fs256s SSG 8 0 1000 2000000
[    1.456190] qspi_mtd spi6.0: s25fs256s (32768 Kbytes)
[    1.456200] qspi_mtd spi6.0: mtd .name = spi6.0, .size = 0x2000000 (32MiB) .erasesize = 0x00010000 (64KiB) .numeraseregions = 0
[    1.456464] 1 ofpart partitions found on MTD device spi6.0
[    1.456470] Creating 1 MTD partitions on "spi6.0":
[    1.456488] 0x000000000000-0x000002000000 : "Whole_flash0"
[    1.458643] libphy: Fixed MDIO Bus: probed
[    1.459642] tun: Universal TUN/TAP device driver, 1.6
[    1.459647] tun: (C) 1999-2004 Max Krasnyansky <maxk@qualcomm.com>
[    1.460436] e1000e: Intel(R) PRO/1000 Network Driver - 3.2.6-k
[    1.460441] e1000e: Copyright(c) 1999 - 2015 Intel Corporation.
[    1.460473] igb: Intel(R) Gigabit Ethernet Network Driver - version 5.4.0-k
[    1.460477] igb: Copyright (c) 2007-2014 Intel Corporation.
[    1.460516] igbvf: Intel(R) Gigabit Virtual Function Network Driver - version 2.4.0-k
[    1.460520] igbvf: Copyright (c) 2009 - 2012 Intel Corporation.
[    1.460547] Intel(R) 10GbE PCI Express Linux Network Driver - version 4.6.4
[    1.460551] Copyright(c) 1999 - 2017 Intel Corporation.
[    1.706431] eqos 2490000.ether_qos: failed to read eqos_auto_cal_config_0_reg
[    1.706968] eqos 2490000.ether_qos: Setting local MAC: 48 b0 2d 5a 78 43
[    1.707123] libphy: dwc_phy: probed
[    1.709599] PPP generic driver version 2.4.2
[    1.709806] PPP BSD Compression module registered
[    1.709814] PPP Deflate Compression module registered
[    1.709832] PPP MPPE Compression module registered
[    1.709838] NET: Registered protocol family 24
[    1.709880] usbcore: registered new interface driver r8152
[    1.709905] usbcore: registered new interface driver asix
[    1.709940] usbcore: registered new interface driver ax88179_178a
[    1.709962] usbcore: registered new interface driver cdc_ether
[    1.709982] usbcore: registered new interface driver net1080
[    1.710003] usbcore: registered new interface driver cdc_subset
[    1.710025] usbcore: registered new interface driver zaurus
[    1.710056] usbcore: registered new interface driver cdc_ncm
[    1.710482] VFIO - User Level meta-driver version: 0.3
[    1.711627] ehci_hcd: USB 2.0 'Enhanced' Host Controller (EHCI) Driver
[    1.711644] ehci-pci: EHCI PCI platform driver
[    1.711670] ohci_hcd: USB 1.1 'Open' Host Controller (OHCI) Driver
[    1.711680] ohci-pci: OHCI PCI platform driver
[    1.711704] ohci-platform: OHCI generic platform driver
[    1.716860] tegra-xusb 3610000.xhci: USB2 port 0 has OTG_CAP
[    1.718889] tegra-xusb 3610000.xhci: extcon 0: ffffffc1f4c98800 id
[    1.719545] usbcore: registered new interface driver uas
[    1.719600] usbcore: registered new interface driver usb-storage
[    1.719673] usbcore: registered new interface driver usbserial
[    1.721260] tegra-xusb 3610000.xhci: Firmware timestamp: 2019-07-24 05:47:34 UTC, Version: 60.06 release
[    1.721295] tegra-xusb 3610000.xhci: xHCI Host Controller
[    1.721312] tegra-xusb 3610000.xhci: new USB bus registered, assigned bus number 1
[    1.722009] tegra-xusb 3610000.xhci: hcc params 0x0184ff25 hci version 0x110 quirks 0x00050810
[    1.722047] tegra-xusb 3610000.xhci: irq 465, io mem 0x03610000
[    1.722251] usb usb1: New USB device found, idVendor=1d6b, idProduct=0002
[    1.722258] usb usb1: New USB device strings: Mfr=3, Product=2, SerialNumber=1
[    1.722265] usb usb1: Product: xHCI Host Controller
[    1.722270] usb usb1: Manufacturer: Linux 4.9.201 xhci-hcd
[    1.722276] usb usb1: SerialNumber: 3610000.xhci
[    1.722639] hub 1-0:1.0: USB hub found
[    1.722756] hub 1-0:1.0: 4 ports detected
[    1.723287] tegra-xusb 3610000.xhci: xHCI Host Controller
[    1.723298] tegra-xusb 3610000.xhci: new USB bus registered, assigned bus number 2
[    1.723307] tegra-xusb 3610000.xhci: Host supports USB 3.1 Enhanced SuperSpeed
[    1.723584] usb usb2: New USB device found, idVendor=1d6b, idProduct=0003
[    1.723592] usb usb2: New USB device strings: Mfr=3, Product=2, SerialNumber=1
[    1.723597] usb usb2: Product: xHCI Host Controller
[    1.723603] usb usb2: Manufacturer: Linux 4.9.201 xhci-hcd
[    1.723609] usb usb2: SerialNumber: 3610000.xhci
[    1.724018] hub 2-0:1.0: USB hub found
[    1.724061] hub 2-0:1.0: 4 ports detected
[    1.724871] Wake76 for irq=199
[    1.724877] Wake77 for irq=199
[    1.724881] Wake78 for irq=199
[    1.724885] Wake79 for irq=199
[    1.724889] Wake80 for irq=199
[    1.724893] Wake81 for irq=199
[    1.724896] Wake82 for irq=199
[    1.724935] tegra-xusb 3610000.xhci: Upgrade port 0 to USB3.0
[    1.724942] tegra-xusb 3610000.xhci: Upgrade port 1 to USB3.0
[    1.725478] tegra-xudc-new 3550000.xudc: PMQOS CPU boost enabled
[    1.725553] tegra-xudc-new 3550000.xudc: device count: 1
[    1.726437] tegra-xudc-new 3550000.xudc: vbus state: 0
[    1.726446] tegra-xudc-new 3550000.xudc: Initialize boost_cpufreq work
[    1.726470] tegra-xudc-new 3550000.xudc: entering ELPG
[    1.726729] tegra-xudc-new 3550000.xudc: entering ELPG done
[    1.727266] mousedev: PS/2 mouse device common for all mice
[    1.727364] usbcore: registered new interface driver xpad
[    1.827794] usb usb2: usb_suspend_both: status 0
[    1.857171] max77686-rtc max77620-rtc: rtc core: registered max77620-rtc as rtc0
[    1.858851] Wake73 for irq=42
[    1.860132] rtc rtc1: alarm rtc device
[    1.860148] tegra_rtc c2a0000.rtc: rtc core: registered c2a0000.rtc as rtc1
[    1.860192] tegra_rtc c2a0000.rtc: Tegra internal Real Time Clock
[    1.860359] i2c /dev entries driver
[    1.862966] max77620-power max20024-power: Event recorder REG_NVERC : 0x44
[    1.870173] tegra-thermal-throttle bthrot_cdev: cpufreq policy is not ready defer
[    1.870604] FAN dev name: pwm-fan
[    1.870650] FAN:gpio request success.
[    1.870681] pwm_fan_driver pwm-fan: Found 2 profiles, default profile is quiet
[    1.870711] pwm_fan_driver pwm-fan: cap state:4, cap pwm:255
[    1.870901] pwm_fan_driver pwm-fan: got pwm for fan. polarity is normal
[    1.871106] gpio tegra-gpio-aon wake39 for gpio=19(CC:3)
[    1.871159] pwm_fan_driver pwm-fan: fan tach request irq success
[    1.871169] pwm_fan_driver pwm-fan: tach period: 1000
[    1.871929] pwm_fan_driver pwm-fan: index 0: pwm=0, rpm=0, rru=40, rrd=40, state:2
[    1.871939] pwm_fan_driver pwm-fan: index 1: pwm=130, rpm=1000, rru=2, rrd=2, state:2
[    1.871946] pwm_fan_driver pwm-fan: index 2: pwm=160, rpm=2000, rru=1, rrd=1, state:2
[    1.871951] pwm_fan_driver pwm-fan: index 3: pwm=200, rpm=3000, rru=1, rrd=1, state:2
[    1.871957] pwm_fan_driver pwm-fan: index 4: pwm=255, rpm=4000, rru=1, rrd=1, state:3
[    1.871962] pwm_fan_driver pwm-fan: index 5: pwm=255, rpm=5000, rru=1, rrd=1, state:3
[    1.871968] pwm_fan_driver pwm-fan: index 6: pwm=255, rpm=6000, rru=1, rrd=1, state:3
[    1.871974] pwm_fan_driver pwm-fan: index 7: pwm=255, rpm=7000, rru=1, rrd=1, state:4
[    1.871981] pwm_fan_driver pwm-fan: index 8: pwm=255, rpm=10000, rru=1, rrd=1, state:4
[    1.871987] pwm_fan_driver pwm-fan: index 9: pwm=255, rpm=11000, rru=1, rrd=1, state:4
[    1.872906] tegra-oc-event d280000.soctherm-oc-event: OC driver initialized
[    1.873922] device-mapper: uevent: version 1.0.3
[    1.874298] device-mapper: ioctl: 4.35.0-ioctl (2016-06-23) initialised: dm-devel@redhat.com
[    1.877970] tegra194_cpufreq_probe: platform driver Initialization: pass
[    1.879272] cpuidle: Initializing cpuidle driver
[    1.880226] sdhci: Secure Digital Host Controller Interface driver
[    1.880230] sdhci: Copyright(c) Pierre Ossman
[    1.880233] sdhci-pltfm: SDHCI platform and OF driver helper
[    1.881145] sdhci-tegra 3460000.sdhci: Client registration for eMC Successful
[    1.882893] CMDQ: cmdq_platfm_init successful
[    1.883340] sdhci-tegra 3440000.sdhci: Got CD GPIO
[    1.885650] sdhci-tegra 3440000.sdhci: Client registration for eMC Successful
[    1.892693] tegra-se-elp 3ad0000.se_elp: tegra_se_elp_probe: complete
[    1.893701] tegra-se-nvhost 15810000.se: initialized
[    1.894708] tegra-se-nvhost 15810000.se: tegra_se_probe: complete
[    1.895339] tegra-se-nvhost 15820000.se: initialized
[    1.896528] tegra-se-nvhost 15820000.se: tegra_se_probe: complete
[    1.897209] tegra-se-nvhost 15830000.se: initialized
[    1.897878] tegra-se-nvhost 15830000.se: tegra_se_probe: complete
[    1.898463] tegra-se-nvhost 15840000.se: initialized
[    1.899446] tegra-se-nvhost 15840000.se: tegra_se_probe: complete
[    1.899722] hidraw: raw HID events driver (C) Jiri Kosina
[    1.900836] usbcore: registered new interface driver usbhid
[    1.900841] usbhid: USB HID core driver
[    1.904909] tegra186-cam-rtcpu bc00000.rtcpu: deferring, 14800000.isp is not probed
[    1.906160] tegra_aon c1a0000.aon: tegra aon driver probe OK
[    1.906708] tegra186-aondbg aondbg: aondbg driver probe() OK
[    1.907626] denver_knobs_init:MTS_VERSION:51035886
[    1.907801] tegra19x_actmon d230000.actmon: in actmon_register()...
[    1.908547] tegra19x_actmon d230000.actmon: initialization Completed for the device mc_all
[    1.909013] t19x_cache tegra-cache: probed
[    1.911716] misc nvmap: cvsram :dma coherent mem declare 0x0000000050000000,4194304
[    1.911727] misc nvmap: created heap cvsram base 0x0000000050000000 size (4096KiB)
[    1.912499] carmel-pmu-drv carmel-pmu: Registered Carmel PMU
[    1.913025] PLL_AON clock registered
[    1.914583] Clocks initialized successfully
[    1.916450] nvpmodel: initialized successfully
[    1.917697] trusty-virtio trusty:virtio: initializing
[    1.917896] trusty_ipc virtio0: vring0: va(pa)  ffffffc1f26cc000(0) qsz 32 notifyid 1
[    1.917906] trusty_ipc virtio0: vring1: va(pa)  ffffffc1f26ce000(0) qsz 32 notifyid 2
[    1.918051] trusty-virtio trusty:virtio: initializing done
[    1.918301] trusty_ipc virtio0: is online
[    1.918908] tegra-hda 3510000.hda: Override SDO lines to 4
[    1.919233] usbcore: registered new interface driver snd-usb-audio
[    1.923481] mmc0: SDHCI controller on 3460000.sdhci [3460000.sdhci] using ADMA 64-bit with 64 bit addr
[    1.931764] input: tegra-hda-xnx HDMI/DP,pcm=3 as /devices/3510000.hda/sound/card0/input0
[    1.932772] gpio tegra-gpio wake51 for gpio=130(Q:2)
[    1.932832] mmc1: SDHCI controller on 3440000.sdhci [3440000.sdhci] using ADMA 64-bit with 64 bit addr
[    1.935167] input: tegra-hda-xnx HDMI/DP,pcm=7 as /devices/3510000.hda/sound/card0/input1
[    1.935344] input: tegra-hda-xnx HDMI/DP,pcm=8 as /devices/3510000.hda/sound/card0/input2
[    1.935502] input: tegra-hda-xnx HDMI/DP,pcm=9 as /devices/3510000.hda/sound/card0/input3
[    1.969445] mmc0: mmc_decode_ext_csd: CMDQ supported: depth: 31, cmdq_support: 1
[    1.981449] mmc0: periodic cache flush enabled
[    1.981461] mmc0: new HS400 Enhanced strobe MMC card at address 0001
[    1.981967] mmcblk0: mmc0:0001 DG4016 14.7 GiB 
[    1.982238] mmcblk0boot0: mmc0:0001 DG4016 partition 1 4.00 MiB
[    1.982517] mmcblk0boot1: mmc0:0001 DG4016 partition 2 4.00 MiB
[    1.982753] mmcblk0rpmb: mmc0:0001 DG4016 partition 3 4.00 MiB
[    1.987983]  mmcblk0: p1 p2 p3 p4 p5 p6 p7 p8 p9 p10 p11
[    2.031013] OPE platform probe
[    2.031145] OPE platform probe successful
[    2.047486] usb 1-2: new high-speed USB device number 2 using tegra-xusb
[    2.083140] usb 1-2: New USB device found, idVendor=0bda, idProduct=5411
[    2.083146] usb 1-2: New USB device strings: Mfr=1, Product=2, SerialNumber=0
[    2.083151] usb 1-2: Product: 4-Port USB 2.0 Hub
[    2.083155] usb 1-2: Manufacturer: Generic
[    2.085202] hub 1-2:1.0: USB hub found
[    2.086455] hub 1-2:1.0: 4 ports detected
[    2.113953] tegra-asoc: sound: ADMAIF1 <-> ADMAIF1 mapping ok
[    2.114039] tegra-asoc: sound: ADMAIF2 <-> ADMAIF2 mapping ok
[    2.114139] tegra-asoc: sound: ADMAIF3 <-> ADMAIF3 mapping ok
[    2.114233] tegra-asoc: sound: ADMAIF4 <-> ADMAIF4 mapping ok
[    2.114313] tegra-asoc: sound: ADMAIF5 <-> ADMAIF5 mapping ok
[    2.114413] tegra-asoc: sound: ADMAIF6 <-> ADMAIF6 mapping ok
[    2.114516] tegra-asoc: sound: ADMAIF7 <-> ADMAIF7 mapping ok
[    2.114616] tegra-asoc: sound: ADMAIF8 <-> ADMAIF8 mapping ok
[    2.114691] tegra-asoc: sound: ADMAIF9 <-> ADMAIF9 mapping ok
[    2.114768] tegra-asoc: sound: ADMAIF10 <-> ADMAIF10 mapping ok
[    2.114840] tegra-asoc: sound: ADMAIF11 <-> ADMAIF11 mapping ok
[    2.114913] tegra-asoc: sound: ADMAIF12 <-> ADMAIF12 mapping ok
[    2.114987] tegra-asoc: sound: ADMAIF13 <-> ADMAIF13 mapping ok
[    2.115060] tegra-asoc: sound: ADMAIF14 <-> ADMAIF14 mapping ok
[    2.115132] tegra-asoc: sound: ADMAIF15 <-> ADMAIF15 mapping ok
[    2.115233] tegra-asoc: sound: ADMAIF16 <-> ADMAIF16 mapping ok
[    2.115332] tegra-asoc: sound: ADMAIF17 <-> ADMAIF17 mapping ok
[    2.115465] tegra-asoc: sound: ADMAIF18 <-> ADMAIF18 mapping ok
[    2.115550] tegra-asoc: sound: ADMAIF19 <-> ADMAIF19 mapping ok
[    2.115628] tegra-asoc: sound: ADMAIF20 <-> ADMAIF20 mapping ok
[    2.144376] u32 classifier
[    2.144381]     Actions configured
[    2.144496] Initializing XFRM netlink socket
[    2.144985] NET: Registered protocol family 10
[    2.146881] NET: Registered protocol family 17
[    2.146894] NET: Registered protocol family 15
[    2.146946] bridge: filtering via arp/ip/ip6tables is no longer available by default. Update your scripts to load br_netfilter if you need this.
[    2.147061] Bluetooth: RFCOMM socket layer initialized
[    2.147082] Bluetooth: RFCOMM ver 1.11
[    2.147089] Bluetooth: HIDP (Human Interface Emulation) ver 1.2
[    2.147096] Bluetooth: HIDP socket layer initialized
[    2.147114] 9pnet: Installing 9P2000 support
[    2.147151] Key type dns_resolver registered
[    2.147424] Registered cp15_barrier emulation handler
[    2.147444] Registered setend emulation handler
[    2.149196] registered taskstats version 1
[    2.149686] tegra-pcie-dw 14160000.pcie: Setting init speed to max speed
[    2.150682] OF: PCI: host bridge /pcie@14160000 ranges:
[    2.150727] OF: PCI:    IO 0x36100000..0x361fffff -> 0x36100000
[    2.150748] OF: PCI:   MEM 0x1740000000..0x17ffffffff -> 0x40000000
[    2.150757] OF: PCI:   MEM 0x1400000000..0x173fffffff -> 0x1400000000
[    2.172840] mmc1: host does not support reading read-only switch, assuming write-enable
[    2.192928] usb 2-3: new SuperSpeed USB device number 2 using tegra-xusb
[    2.230755] usb 2-3: New USB device found, idVendor=0bda, idProduct=0411
[    2.230761] usb 2-3: New USB device strings: Mfr=1, Product=2, SerialNumber=0
[    2.230765] usb 2-3: Product: 2-Port USB 3.0 Hub
[    2.230769] usb 2-3: Manufacturer: Generic
[    2.247615] hub 2-3:1.0: USB hub found
[    2.249805] hub 2-3:1.0: 4 ports detected
[    2.318391] mmc1: hw tuning done ...
[    2.318424] mmc1: new ultra high speed SDR104 SDXC card at address aaaa
[    2.318823] mmcblk1: mmc1:aaaa SR64G 59.5 GiB 
[    2.329263]  mmcblk1: p1 p2 p3 p4 p5 p6 p7 p8 p9 p10 p11
[    2.379446] usb 1-2.1: new high-speed USB device number 3 using tegra-xusb
[    2.399844] usb 1-2.1: New USB device found, idVendor=1a40, idProduct=0101
[    2.399850] usb 1-2.1: New USB device strings: Mfr=0, Product=1, SerialNumber=0
[    2.399871] usb 1-2.1: Product: USB 2.0 Hub
[    2.400630] hub 1-2.1:1.0: USB hub found
[    2.400693] hub 1-2.1:1.0: 4 ports detected
[    2.419471] tegra_cec 3960000.tegra_cec: Can't find physical addresse.
[    2.419476] tegra_cec 3960000.tegra_cec: tegra_cec_init Done.
[    2.423462] usb 2-3: usb_suspend_both: status 0
[    2.423656] usb usb2: usb_suspend_both: status 0
[    2.663228] tegra-pcie-dw 14160000.pcie: link is down
[    2.663354] tegra-pcie-dw 14160000.pcie: PCI host bridge to bus 0004:00
[    2.663361] pci_bus 0004:00: root bus resource [bus 00-ff]
[    2.663371] pci_bus 0004:00: root bus resource [io  0x0000-0xfffff] (bus address [0x36100000-0x361fffff])
[    2.663377] pci_bus 0004:00: root bus resource [mem 0x1740000000-0x17ffffffff] (bus address [0x40000000-0xffffffff])
[    2.663381] pci_bus 0004:00: root bus resource [mem 0x1400000000-0x173fffffff pref]
[    2.663463] pci 0004:00:00.0: [10de:1ad1] type 01 class 0x060400
[    2.663620] pci 0004:00:00.0: PME# supported from D0 D3hot D3cold
[    2.663863] iommu: Adding device 0004:00:00.0 to group 59
[    2.664050] pci 0004:00:00.0: PCI bridge to [bus 01-ff]
[    2.664072] pci 0004:00:00.0: Max Payload Size set to  256/ 256 (was  256), Max Read Rq  512
[    2.664242] pcieport 0004:00:00.0: Signaling PME through PCIe PME interrupt
[    2.664249] pcie_pme 0004:00:00.0:pcie001: service driver pcie_pme loaded
[    2.664314] aer 0004:00:00.0:pcie002: service driver aer loaded
[    2.664461] pcie_pme 0004:00:00.0:pcie001: unloading service driver pcie_pme
[    2.664503] aer 0004:00:00.0:pcie002: unloading service driver aer
[    2.664586] pci_bus 0004:01: busn_res: [bus 01-ff] is released
[    2.664677] iommu: Removing device 0004:00:00.0 from group 59
[    2.664715] pci_bus 0004:00: busn_res: [bus 00-ff] is released
[    2.666354] tegra-pcie-dw 14160000.pcie: PCIe link is not up...!
[    2.667322] tegra-pcie-dw 141a0000.pcie: Setting init speed to max speed
[    2.668396] OF: PCI: host bridge /pcie@141a0000 ranges:
[    2.668413] OF: PCI:    IO 0x3a100000..0x3a1fffff -> 0x3a100000
[    2.668422] OF: PCI:   MEM 0x1f40000000..0x1fffffffff -> 0x40000000
[    2.668430] OF: PCI:   MEM 0x1c00000000..0x1f3fffffff -> 0x1c00000000
[    2.687454] usb 1-2.1.1: new high-speed USB device number 4 using tegra-xusb
[    2.711883] usb 1-2.1.1: New USB device found, idVendor=0403, idProduct=6011
[    2.711889] usb 1-2.1.1: New USB device strings: Mfr=1, Product=2, SerialNumber=3
[    2.711894] usb 1-2.1.1: Product: FT4232H MiniModule
[    2.711898] usb 1-2.1.1: Manufacturer: FTDI
[    2.711902] usb 1-2.1.1: SerialNumber: FT7KBQC1
[    2.799440] usb 1-2.1.2: new high-speed USB device number 5 using tegra-xusb
[    2.819940] usb 1-2.1.2: New USB device found, idVendor=0bda, idProduct=c811
[    2.819945] usb 1-2.1.2: New USB device strings: Mfr=1, Product=2, SerialNumber=3
[    2.819949] usb 1-2.1.2: Product: 802.11ac NIC
[    2.819954] usb 1-2.1.2: Manufacturer: Realtek
[    2.819957] usb 1-2.1.2: SerialNumber: 123456
[    2.919473] usb 1-2.1.3: new full-speed USB device number 6 using tegra-xusb
[    2.943437] usb 1-2.1.3: New USB device found, idVendor=2341, idProduct=8036
[    2.943443] usb 1-2.1.3: New USB device strings: Mfr=1, Product=2, SerialNumber=3
[    2.943447] usb 1-2.1.3: Product: Arduino Leonardo
[    2.943451] usb 1-2.1.3: Manufacturer: Arduino LLC
[    2.943455] usb 1-2.1.3: SerialNumber: HIDPH
[    2.946277] input: Arduino LLC Arduino Leonardo as /devices/3610000.xhci/usb1/1-2/1-2.1/1-2.1.3/1-2.1.3:1.2/0003:2341:8036.0001/input/input4
[    2.946573] hid-generic 0003:2341:8036.0001: input,hidraw0: USB HID v1.01 Joystick [Arduino LLC Arduino Leonardo] on usb-3610000.xhci-2.1.3/input2
[    3.180195] tegra-pcie-dw 141a0000.pcie: link is down
[    3.180353] tegra-pcie-dw 141a0000.pcie: PCI host bridge to bus 0005:00
[    3.180362] pci_bus 0005:00: root bus resource [bus 00-ff]
[    3.180369] pci_bus 0005:00: root bus resource [io  0x100000-0x1fffff] (bus address [0x3a100000-0x3a1fffff])
[    3.180375] pci_bus 0005:00: root bus resource [mem 0x1f40000000-0x1fffffffff] (bus address [0x40000000-0xffffffff])
[    3.180379] pci_bus 0005:00: root bus resource [mem 0x1c00000000-0x1f3fffffff pref]
[    3.180410] pci 0005:00:00.0: [10de:1ad0] type 01 class 0x060400
[    3.180594] pci 0005:00:00.0: PME# supported from D0 D3hot D3cold
[    3.180790] iommu: Adding device 0005:00:00.0 to group 59
[    3.181100] pci 0005:00:00.0: PCI bridge to [bus 01-ff]
[    3.181124] pci 0005:00:00.0: Max Payload Size set to  256/ 256 (was  256), Max Read Rq  512
[    3.181353] pcieport 0005:00:00.0: Signaling PME through PCIe PME interrupt
[    3.181360] pcie_pme 0005:00:00.0:pcie001: service driver pcie_pme loaded
[    3.181462] aer 0005:00:00.0:pcie002: service driver aer loaded
[    3.181651] pcie_pme 0005:00:00.0:pcie001: unloading service driver pcie_pme
[    3.181759] aer 0005:00:00.0:pcie002: unloading service driver aer
[    3.181862] pci_bus 0005:01: busn_res: [bus 01-ff] is released
[    3.181953] iommu: Removing device 0005:00:00.0 from group 59
[    3.181981] pci_bus 0005:00: busn_res: [bus 00-ff] is released
[    3.183537] tegra-pcie-dw 141a0000.pcie: PCIe link is not up...!
[    3.194290] tegra-cbb 14040000.cv-noc: noc_secure_irq = 91, noc_nonsecure_irq = 90>
[    3.198890] tegra194-isp5 14800000.isp: initialized
[    3.206002] tegra194-vi5 15c10000.vi: using default number of vi channels, 36
[    3.209173] tegra194-vi5 15c10000.vi: initialized
[    3.213490] tegra194-vi5 15c10000.vi: subdev 15a00000.nvcsi--2 bound
[    3.213547] tegra194-vi5 15c10000.vi: subdev 15a00000.nvcsi--1 bound
[    3.213773] tegra-thermal-throttle bthrot_cdev: clk:cpu max:1907200000, min:115200000 steps:24
[    3.218159] tegra-thermal-throttle bthrot_cdev: clk:gpu max:1109250000, min:114750000 steps:10
[    3.218216] tegra-thermal-throttle bthrot_cdev: cdev:skin-balanced clk:0:cpu off:0 slope-adj:200
[    3.218221] tegra-thermal-throttle bthrot_cdev: cdev:skin-balanced clk:1:gpu off:0 slope-adj:400
[    3.218283] tegra-thermal-throttle bthrot_cdev: cdev:skin-balanced max_state:48 cutoff:0
[    3.218335] tegra-thermal-throttle bthrot_cdev: cdev:gpu-balanced clk:0:cpu off:0 slope-adj:400
[    3.218340] tegra-thermal-throttle bthrot_cdev: cdev:gpu-balanced clk:1:gpu off:0 slope-adj:400
[    3.222237] tegra-thermal-throttle bthrot_cdev: cdev:gpu-balanced max_state:40 cutoff:1
[    3.222276] tegra-thermal-throttle bthrot_cdev: cdev:cpu-balanced clk:0:cpu off:0 slope-adj:200
[    3.222281] tegra-thermal-throttle bthrot_cdev: cdev:cpu-balanced clk:1:gpu off:365500000 slope-adj:300
[    3.222659] tegra-thermal-throttle bthrot_cdev: cdev:cpu-balanced max_state:48 cutoff:0
[    3.222705] tegra-thermal-throttle bthrot_cdev: cdev:emergency-balanced clk:0:cpu off:38400000 slope-adj:10
[    3.222710] tegra-thermal-throttle bthrot_cdev: cdev:emergency-balanced clk:1:gpu off:25500000 slope-adj:10
[    3.223040] tegra-thermal-throttle bthrot_cdev: cdev:emergency-balanced max_state:2 cutoff:0
[    3.223078] tegra-thermal-throttle bthrot_cdev: cdev:aux-balanced clk:0:cpu off:0 slope-adj:400
[    3.223082] tegra-thermal-throttle bthrot_cdev: cdev:aux-balanced clk:1:gpu off:0 slope-adj:400
[    3.223290] tegra-thermal-throttle bthrot_cdev: cdev:aux-balanced max_state:40 cutoff:1
[    3.224210] tegra186-cam-rtcpu bc00000.rtcpu: Trace buffer configured at IOVA=0xbff00000
[    3.306518] tegra-ivc ivc-bc00000.rtcpu: region 0: iova=0xbfee0000-0xbfefffff size=131072
[    3.306816] tegra-ivc ivc-bc00000.rtcpu:echo@0: echo: ver=0 grp=1 RX[16x64]=0x1000-0x1480 TX[16x64]=0x1480-0x1900
[    3.307037] tegra-ivc ivc-bc00000.rtcpu:dbg@1: dbg: ver=0 grp=1 RX[1x384]=0x1900-0x1b00 TX[1x384]=0x1b00-0x1d00
[    3.307214] tegra-ivc ivc-bc00000.rtcpu:dbg@2: dbg: ver=0 grp=1 RX[1x8192]=0x1d00-0x3d80 TX[1x8192]=0x3d80-0x5e00
[    3.307624] tegra-ivc ivc-bc00000.rtcpu:ivccontrol@3: ivccontrol: ver=0 grp=1 RX[64x320]=0x5e00-0xae80 TX[64x320]=0xae80-0xff00
[    3.307686] tegra-ivc ivc-bc00000.rtcpu:ivccapture@4: ivccapture: ver=0 grp=1 RX[512x64]=0xff00-0x17f80 TX[512x64]=0x17f80-0x20000
[    3.307866] tegra186-cam-rtcpu bc00000.rtcpu: using cam RTCPU IRQ (66)
[    3.307871] tegra186-cam-rtcpu bc00000.rtcpu: tegra_camrtc_mon_create is successful
[    3.308912] tegra186-cam-rtcpu bc00000.rtcpu: firmware version cpu=rce cmd=5 sha1=cf2bef3ad10e437272857b76308abef8ffb80bda
[    3.309301] Wake83 for irq=211
[    3.309367] gpio tegra-gpio wake67 for gpio=48(G:0)
[    3.309439] gpio tegra-gpio-aon wake29 for gpio=36(EE:4)
[    3.309554] input: gpio-keys as /devices/gpio-keys/input/input5
[    3.340457] tegra_rtc c2a0000.rtc: setting system clock to 2022-07-12 01:41:43 UTC (1657590103)
[    3.340934] mmcblk mmc0:0001: Card claimed for testing.
[    3.340943] mmcblk mmc1:aaaa: Card claimed for testing.
[    3.381491] bpmp: mounted debugfs mirror
[    3.387888] ALSA device list:
[    3.387895]   #0: tegra-hda-xnx at 0x3518000 irq 65
[    3.387898]   #1: jetson-xaviernx-ape
[    3.389846] Freeing unused kernel memory: 8576K
[    3.430739] Root device found: PARTUUID=ddbf9896-a4db-4932-8580-5f014e7f85fd
[    4.167614] EXT4-fs (mmcblk1p1): mounted filesystem with ordered data mode. Opts: (null)
[    4.174739] Rootfs mounted over PARTUUID=ddbf9896-a4db-4932-8580-5f014e7f85fd
[    4.204671] Switching from initrd to actual rootfs
[    4.456113] ip_tables: (C) 2000-2006 Netfilter Core Team
[    4.461003] cgroup: cgroup2: unknown option "nsdelegate"
[    4.471363] systemd[1]: systemd 237 running in system mode. (+PAM +AUDIT +SELINUX +IMA +APPARMOR +SMACK +SYSVINIT +UTMP +LIBCRYPTSETUP +GCRYPT +GNUTLS +ACL +XZ +LZ4 +SECCOMP +BLKID +ELFUTILS +KMOD -IDN2 +IDN -PCRE2 default-hierarchy=hybrid)
[    4.472084] systemd[1]: Detected architecture arm64.
[    4.477439] systemd[1]: Set hostname to <cit172>.
[    4.626864] systemd[1]: File /lib/systemd/system/systemd-journald.service:36 configures an IP firewall (IPAddressDeny=any), but the local system does not support BPF/cgroup based firewalling.
[    4.626876] systemd[1]: Proceeding WITHOUT firewalling in effect! (This warning is only shown for the first loaded unit using IP firewalling.)
[    4.797174] random: systemd: uninitialized urandom read (16 bytes read)
[    4.797587] systemd[1]: Set up automount Arbitrary Executable File Formats File System Automount Point.
[    4.797729] random: systemd: uninitialized urandom read (16 bytes read)
[    4.801244] systemd[1]: Created slice System Slice.
[    4.801356] random: systemd: uninitialized urandom read (16 bytes read)
[    4.801690] systemd[1]: Listening on udev Control Socket.
[    4.801931] systemd[1]: Listening on Syslog Socket.
[    4.802140] systemd[1]: Listening on udev Kernel Socket.
[    4.858560] EXT4-fs (mmcblk1p1): re-mounted. Opts: (null)
[    4.888363] pca954x 2-0070: vcc-pullup regulator not found
[    4.888376] pca954x 2-0070: pca954x_probe: forcing device bus number, start 30.
[    4.888381] pca954x 2-0070: device detect skipped.
[    4.888859] i2c i2c-2: Added multiplexed i2c bus 30
[    4.889499] i2c i2c-2: Added multiplexed i2c bus 31
[    4.889771] i2c i2c-2: Added multiplexed i2c bus 32
[    4.890018] i2c i2c-2: Added multiplexed i2c bus 33
[    4.890023] pca954x 2-0070: registered 4 multiplexed busses for I2C switch pca9546
[    4.901172] GPIO line 224 (tca9539_74_outlow) hogged as output/low
[    4.901408] GPIO line 225 (tca9539_74_outlow) hogged as output/low
[    4.901637] GPIO line 226 (tca9539_74_outlow) hogged as output/low
[    4.901866] GPIO line 227 (tca9539_74_outlow) hogged as output/low
[    4.902096] GPIO line 228 (tca9539_74_outlow) hogged as output/low
[    4.902337] GPIO line 229 (tca9539_74_outlow) hogged as output/low
[    4.902577] GPIO line 230 (tca9539_74_outlow) hogged as output/low
[    4.902817] GPIO line 231 (tca9539_74_outlow) hogged as output/low
[    4.903040] gpiochip_setup_dev: registered GPIOs 224 to 239 on device: gpiochip3 (pca9539)
[    4.903047] pca953x 2-0074: interrupt support not compiled in
[    4.903558] tegra-i2c 3180000.i2c: no acknowledge from address 0x22
[    4.903722] pca953x 30-0022: failed reading register
[    4.903916] pca953x: probe of 30-0022 failed with error -121
[    4.906010] GPIO line 200 (tca6424_22_outlow) hogged as output/low
[    4.906709] GPIO line 201 (tca6424_22_outlow) hogged as output/low
[    4.907599] GPIO line 202 (tca6424_22_outlow) hogged as output/low
[    4.908394] GPIO line 203 (tca6424_22_outlow) hogged as output/low
[    4.909180] GPIO line 204 (tca6424_22_outlow) hogged as output/low
[    4.909944] GPIO line 205 (tca6424_22_outlow) hogged as output/low
[    4.910677] GPIO line 206 (tca6424_22_outlow) hogged as output/low
[    4.911481] GPIO line 207 (tca6424_22_outlow) hogged as output/low
[    4.911773] gpiochip_setup_dev: registered GPIOs 200 to 223 on device: gpiochip4 (tca6424)
[    4.911780] pca953x 31-0022: interrupt support not compiled in
[    4.924263] ar0521: loading out-of-tree module taints kernel.
[    4.925725] ar0521 30-0042: Unable to toggle GPIO
[    4.925873] ar0521: probe of 30-0042 failed with error -22
[    4.992058] Current Firmware Version - (50CUNANO-g3bfcc9c)
[    5.086906] cam_isp_init
[    5.191165] systemd-journald[2417]: Received request to flush runtime journal from PID 1
[    6.247120] random: crng init done
[    6.247127] random: 7 urandom warning(s) missed due to ratelimiting
[    6.804699] cdc_acm 1-2.1.3:1.0: ttyACM0: USB ACM device
[    6.805224] usbcore: registered new interface driver cdc_acm
[    6.805230] cdc_acm: USB Abstract Control Model driver for USB modems and ISDN adapters
[    6.869530] usbcore: registered new interface driver ftdi_sio
[    6.869614] usbserial: USB Serial support registered for FTDI USB Serial Device
[    6.869748] ftdi_sio 1-2.1.1:1.0: FTDI USB Serial Device converter detected
[    6.870632] usb 1-2.1.1: Detected FT4232H
[    6.871544] usb 1-2.1.1: FTDI USB Serial Device converter now attached to ttyUSB0
[    6.871690] ftdi_sio 1-2.1.1:1.1: FTDI USB Serial Device converter detected
[    6.871845] usb 1-2.1.1: Detected FT4232H
[    6.872368] usb 1-2.1.1: FTDI USB Serial Device converter now attached to ttyUSB1
[    6.872516] ftdi_sio 1-2.1.1:1.2: FTDI USB Serial Device converter detected
[    6.872603] usb 1-2.1.1: Detected FT4232H
[    6.874615] usb 1-2.1.1: FTDI USB Serial Device converter now attached to ttyUSB2
[    6.874693] ftdi_sio 1-2.1.1:1.3: FTDI USB Serial Device converter detected
[    6.874773] usb 1-2.1.1: Detected FT4232H
[    6.875269] usb 1-2.1.1: FTDI USB Serial Device converter now attached to ttyUSB3
[    7.384113] usbcore: registered new interface driver rtl8821cu
[    7.997724] nvgpu: 17000000.gv11b          nvgpu_nvhost_syncpt_init:291  [INFO]  syncpt_unit_base 60000000 syncpt_unit_size 400000 size 1000

[    9.160096] ar0521 31-0042: ISP Already Initialized !! 
[    9.166679] SENSOR ID=0x0265
[    9.171534]  cam_stream_off 2180 CAM Get CMD Stream off Success !! 
[    9.251326] 0. Initialized Control 0x00980900 - Brightness 
[    9.251335] 1. Initialized Control 0x00980901 - Contrast 
[    9.251343] 2. Initialized Control 0x00980902 - Saturation 
[    9.251348] 3. Initialized Control 0x0098090c - White Balance, Automatic 
[    9.251352] 4. Initialized Control 0x00980910 - Gamma 
[    9.251357] 5. Initialized Control 0x0098091a - White Balance Temperature 
[    9.251362] 6. Initialized Control 0x0098091b - Sharpness 
[    9.251367] 7. Initialized Control 0x00980913 - Gain 
[    9.257091]  Menu Element 0 : Full FOV Auto Mode 
[    9.257097]  Menu Element 1 : Manual Mode 
[    9.257102]  Menu Element 2 : ROI Based Auto Mode 
[    9.257113] 8. Initialized Custom Ctrl 0x009a0901 - Exposure Auto 
[    9.257120] 9. Initialized Control 0x009a0902 - Exposure Time, Absolute 
[    9.257126] 10. Initialized Control 0x009a090d - Zoom, Absolute 
[    9.257133] 11. Initialized Control 0x009a0908 - Pan, Absolute 
[    9.257138] 12. Initialized Control 0x009a0909 - Tilt, Absolute 
[    9.260253] 13. Initialized Custom Ctrl 0x009a092d - Denoise 
[    9.260261] 14. Initialized Control 0x00980914 - Horizontal Flip 
[    9.260267] 15. Initialized Control 0x00980915 - Vertical Flip 
[    9.263845] 16. Initialized Custom Ctrl 0x009a0926 - ROI Exposure 
[    9.267869] 17. Initialized Custom Ctrl 0x009a0924 - ROI Window Size 
[    9.271915] 18. Initialized Custom Ctrl 0x009a0931 - Exposure Compensation 
[    9.271925] tegra194-vi5 15c10000.vi: subdev ar0521 31-0042 bound
[    9.282717] cpu-throttle-alert cooling device registered.
[    9.283666] gpu-throttle-alert cooling device registered.
[    9.284076] aux-throttle-alert cooling device registered.
[   10.541210] using random self ethernet address
[   10.541376] using random host ethernet address
[   11.114948] Mass Storage Function, version: 2009/09/11
[   11.114959] LUN: removable file: (no medium)
[   11.120645] using random self ethernet address
[   11.120772] using random host ethernet address
[   11.485015] rndis0: HOST MAC d2:6c:55:29:4d:38
[   11.485439] rndis0: MAC d2:6c:55:29:4d:39
[   11.504226] usb0: HOST MAC d2:6c:55:29:4d:3a
[   11.504289] usb0: MAC d2:6c:55:29:4d:3b
[   11.504324] tegra-xudc-new 3550000.xudc: exiting ELPG
[   11.505981] tegra-xudc-new 3550000.xudc: exiting ELPG done
[   11.506014] tegra-xudc-new 3550000.xudc: ep 0 (type: 0, dir: out) enabled
[   11.506399] tegra-xudc-new 3550000.xudc: entering ELPG
[   11.506760] tegra-xudc-new 3550000.xudc: entering ELPG done
[   11.506782] tegra-xudc-new 3550000.xudc: exiting ELPG
[   11.507391] tegra-xudc-new 3550000.xudc: exiting ELPG done
[   11.507458] tegra-xudc-new 3550000.xudc: entering ELPG
[   11.507954] tegra-xudc-new 3550000.xudc: entering ELPG done
[   11.516213] l4tbr0: port 1(rndis0) entered blocking state
[   11.516226] l4tbr0: port 1(rndis0) entered disabled state
[   11.516909] device rndis0 entered promiscuous mode
[   11.550228] l4tbr0: port 2(usb0) entered blocking state
[   11.550241] l4tbr0: port 2(usb0) entered disabled state
[   11.551288] device usb0 entered promiscuous mode
[   11.587022] IPv6: ADDRCONF(NETDEV_UP): eth0: link is not ready
[   11.720875] nvgpu: 17000000.gv11b                 tpc_pg_mask_store:843  [INFO]  no value change, same mask already set
[   11.904469] gpio tegra-gpio wake20 for gpio=52(G:4)
[   11.916968] IPv6: ADDRCONF(NETDEV_UP): eth0: link is not ready
[   11.955293] IPv6: ADDRCONF(NETDEV_UP): wlan0: link is not ready
[   12.045699] zram: Added device: zram0
[   12.048264] zram: Added device: zram1
[   12.051726] zram: Added device: zram2
[   12.054662] zram: Added device: zram3
[   12.055994] zram: Added device: zram4
[   12.057898] zram: Added device: zram5
[   12.090486] zram0: detected capacity change from 0 to 679256064
[   12.170951] Adding 663332k swap on /dev/zram0.  Priority:5 extents:1 across:663332k SS
[   12.181561] zram1: detected capacity change from 0 to 679256064
[   12.221147] Adding 663332k swap on /dev/zram1.  Priority:5 extents:1 across:663332k SS
[   12.225380] zram2: detected capacity change from 0 to 679256064
[   12.249150] Adding 663332k swap on /dev/zram2.  Priority:5 extents:1 across:663332k SS
[   12.252699] zram3: detected capacity change from 0 to 679256064
[   12.278262] Adding 663332k swap on /dev/zram3.  Priority:5 extents:1 across:663332k SS
[   12.282912] zram4: detected capacity change from 0 to 679256064
[   12.305025] Adding 663332k swap on /dev/zram4.  Priority:5 extents:1 across:663332k SS
[   12.308429] zram5: detected capacity change from 0 to 679256064
[   12.325488] Adding 663332k swap on /dev/zram5.  Priority:5 extents:1 across:663332k SS
[   13.181692] start_addr=(0x8000), end_addr=(0x10000), buffer_size=(0x8000), smp_number_max=(4096)
[   13.203568] IPv6: ADDRCONF(NETDEV_UP): wlan0: link is not ready
[   13.428553] IPv6: ADDRCONF(NETDEV_UP): wlan0: link is not ready
[   13.453942] tegradc 15200000.nvdisplay: blank - powerdown
[   13.453958] tegradc 15210000.nvdisplay: blank - powerdown
[   15.932628] eqos 2490000.ether_qos eth0: Link is Up - 1Gbps/Full - flow control rx/tx
[   15.933277] IPv6: ADDRCONF(NETDEV_CHANGE): eth0: link becomes ready
[   16.118271] fuse init (API version 7.26)
[   21.862643] Bluetooth: BNEP (Ethernet Emulation) ver 1.3
[   21.862662] Bluetooth: BNEP socket layer initialized
[   24.997469] EXT4-fs (mmcblk0p1): mounted filesystem with ordered data mode. Opts: (null)
[   34.131596] vdd-sdmmc1-sw: disabling
[   34.131631] vdd-1v8-cvb: disabling
[   34.131636] vdd-epb-1v0: disabling
[   34.131641] avdd-cam-2v8: disabling
[   34.131647] vdd-fan: disabling
[   34.131652] vdd_sys_en: disabling
[   42.147348] start_addr=(0x8000), end_addr=(0x10000), buffer_size=(0x8000), smp_number_max=(4096)
[   58.004286] nvgpu: 17000000.gv11b                 tpc_pg_mask_store:843  [INFO]  no value change, same mask already set
[   58.552587]  Index = 0x0000 , format = 0x59565955, width = 640, height = 480, frate num = 75 
[   58.643517] [RCE] vi5_hwinit: firmware CL2018101701 protocol version 2.2
[   58.799537] usb 2-3: usb_suspend_both: status 0
[   58.799805] usb usb2: usb_suspend_both: status 0
[   58.819941] usb usb2: usb_suspend_both: status 0
[   58.999481] usb 2-3: usb_suspend_both: status 0
[   58.999699] usb usb2: usb_suspend_both: status 0
[   59.019782] usb usb2: usb_suspend_both: status 0
[   75.194827] start_addr=(0x8000), end_addr=(0x10000), buffer_size=(0x8000), smp_number_max=(4096)
[  118.244074] start_addr=(0x8000), end_addr=(0x10000), buffer_size=(0x8000), smp_number_max=(4096)
[  171.263313] start_addr=(0x8000), end_addr=(0x10000), buffer_size=(0x8000), smp_number_max=(4096)
[  234.245190] start_addr=(0x8000), end_addr=(0x10000), buffer_size=(0x8000), smp_number_max=(4096)
[  297.259740] start_addr=(0x8000), end_addr=(0x10000), buffer_size=(0x8000), smp_number_max=(4096)
[  360.271748] start_addr=(0x8000), end_addr=(0x10000), buffer_size=(0x8000), smp_number_max=(4096)
[  422.547755] FAN rising trip_level:1 cur_temp:46150 trip_temps[2]:60000
[  423.297666] start_addr=(0x8000), end_addr=(0x10000), buffer_size=(0x8000), smp_number_max=(4096)
[  486.312529] start_addr=(0x8000), end_addr=(0x10000), buffer_size=(0x8000), smp_number_max=(4096)
[  493.108468] FAN cooling trip_level:0 cur_temp:37950 trip_temps[1]:46000
[  549.310850] start_addr=(0x8000), end_addr=(0x10000), buffer_size=(0x8000), smp_number_max=(4096)
[  604.743185] nvgpu: 17000000.gv11b                 tpc_pg_mask_store:843  [INFO]  no value change, same mask already set
[  605.267283]  Index = 0x0000 , format = 0x59565955, width = 640, height = 480, frate num = 75 
[  605.267292] Skipping Previous mode set ... 
[  605.299475] [RCE] vi5_hwinit: firmware CL2018101701 protocol version 2.2
[  605.487483] usb 2-3: usb_suspend_both: status 0
[  605.487741] usb usb2: usb_suspend_both: status 0
[  605.504116] usb usb2: usb_suspend_both: status 0
[  605.683480] usb 2-3: usb_suspend_both: status 0
[  605.683666] usb usb2: usb_suspend_both: status 0
[  605.699838] usb usb2: usb_suspend_both: status 0
[  612.150167] start_addr=(0x8000), end_addr=(0x10000), buffer_size=(0x8000), smp_number_max=(4096)
[  675.234796] start_addr=(0x8000), end_addr=(0x10000), buffer_size=(0x8000), smp_number_max=(4096)
[  738.250594] start_addr=(0x8000), end_addr=(0x10000), buffer_size=(0x8000), smp_number_max=(4096)
[  751.827933] FAN rising trip_level:1 cur_temp:46000 trip_temps[2]:60000
[  801.233988] start_addr=(0x8000), end_addr=(0x10000), buffer_size=(0x8000), smp_number_max=(4096)
[  864.442486] start_addr=(0x8000), end_addr=(0x10000), buffer_size=(0x8000), smp_number_max=(4096)
[  910.784404] nvgpu: 17000000.gv11b                 tpc_pg_mask_store:843  [INFO]  no value change, same mask already set
[  911.308389]  Index = 0x0000 , format = 0x59565955, width = 640, height = 480, frate num = 75 
[  911.308398] Skipping Previous mode set ... 
[  911.359509] [RCE] vi5_hwinit: firmware CL2018101701 protocol version 2.2
[  911.519501] usb 2-3: usb_suspend_both: status 0
[  911.519781] usb usb2: usb_suspend_both: status 0
[  911.539859] usb usb2: usb_suspend_both: status 0
[  911.727482] usb 2-3: usb_suspend_both: status 0
[  911.727908] usb usb2: usb_suspend_both: status 0
[  927.189821] start_addr=(0x8000), end_addr=(0x10000), buffer_size=(0x8000), smp_number_max=(4096)
[  974.711873] FAN rising trip_level:1 cur_temp:46100 trip_temps[2]:60000
[  990.254322] start_addr=(0x8000), end_addr=(0x10000), buffer_size=(0x8000), smp_number_max=(4096)
[ 1053.232003] start_addr=(0x8000), end_addr=(0x10000), buffer_size=(0x8000), smp_number_max=(4096)
[ 1116.298359] start_addr=(0x8000), end_addr=(0x10000), buffer_size=(0x8000), smp_number_max=(4096)
[ 1179.265935] start_addr=(0x8000), end_addr=(0x10000), buffer_size=(0x8000), smp_number_max=(4096)
[ 1242.260728] start_addr=(0x8000), end_addr=(0x10000), buffer_size=(0x8000), smp_number_max=(4096)
[ 1305.312807] start_addr=(0x8000), end_addr=(0x10000), buffer_size=(0x8000), smp_number_max=(4096)
[ 1368.294336] start_addr=(0x8000), end_addr=(0x10000), buffer_size=(0x8000), smp_number_max=(4096)
[ 1431.234114] start_addr=(0x8000), end_addr=(0x10000), buffer_size=(0x8000), smp_number_max=(4096)
[ 1489.433644] nvgpu: 17000000.gv11b                 tpc_pg_mask_store:843  [INFO]  no value change, same mask already set
[ 1489.957659]  Index = 0x0000 , format = 0x59565955, width = 640, height = 480, frate num = 75 
[ 1489.957671] Skipping Previous mode set ... 
[ 1490.007481] [RCE] vi5_hwinit: firmware CL2018101701 protocol version 2.2
[ 1490.009241] tegra194-vi5 15c10000.vi: corr_err: discarding frame 0, flags: 32, err_data 162
[ 1490.009433] tegra194-vi5 15c10000.vi: err_rec: attempting to reset the capture channel
[ 1490.012578] tegra194-vi5 15c10000.vi: err_rec: successfully reset the capture channel
[ 1490.187436] usb 2-3: usb_suspend_both: status 0
[ 1490.187678] usb usb2: usb_suspend_both: status 0
[ 1490.383466] usb 2-3: usb_suspend_both: status 0
[ 1490.383667] usb usb2: usb_suspend_both: status 0
[ 1494.175742] start_addr=(0x8000), end_addr=(0x10000), buffer_size=(0x8000), smp_number_max=(4096)
[ 1519.027706] FAN rising trip_level:1 cur_temp:46100 trip_temps[2]:60000
[ 1557.265572] start_addr=(0x8000), end_addr=(0x10000), buffer_size=(0x8000), smp_number_max=(4096)
[ 1620.258082] start_addr=(0x8000), end_addr=(0x10000), buffer_size=(0x8000), smp_number_max=(4096)
[ 1683.305729] start_addr=(0x8000), end_addr=(0x10000), buffer_size=(0x8000), smp_number_max=(4096)
[ 1746.236471] start_addr=(0x8000), end_addr=(0x10000), buffer_size=(0x8000), smp_number_max=(4096)
[ 1809.307104] start_addr=(0x8000), end_addr=(0x10000), buffer_size=(0x8000), smp_number_max=(4096)
[ 1872.250122] start_addr=(0x8000), end_addr=(0x10000), buffer_size=(0x8000), smp_number_max=(4096)
