---- robot status ---- temperature [℃] ---- current [mA] ---- voltage [mV] ----
id 0 0 0 0 
id 1 0 0 0 
id 2 0 0 0 
id 3 0 0 0 
id 4 0 0 0 
id 5 0 0 0 
id 6 0 0 0 
id 7 0 0 0 
id 8 0 0 0 
id 9 0 0 0 
id 10 0 0 0 
id 11 0 0 0 
id 12 0 0 0 
id 13 0 0 0 
id 14 0 0 0 
id 15 0 0 0 
id 16 0 0 0 
id 17 0 0 0 
id 18 0 0 0 

 Motors which temperature is over 45℃
---------------------------------- dmesg ----------------------------------
[    0.000000] Booting Linux on physical CPU 0x0
[    0.000000] Linux version 4.9.201 (hiroki@hiroki) (gcc version 7.3.1 20180425 [linaro-7.3-2018.05 revision d29120a424ecfbc167ef90065c0eeb7f91977701] (Linaro GCC 7.3-2018.05) ) #1 SMP PREEMPT Mon May 16 20:47:32 JST 2022
[    0.000000] Boot CPU: AArch64 Processor [4e0f0040]
[    0.000000] OF: fdt:memory scan node memory, reg size 48,
[    0.000000] OF: fdt: - 80000000 ,  2c000000
[    0.000000] OF: fdt: - ac200000 ,  44800000
[    0.000000] OF: fdt: - 100000000 ,  180000000
[    0.000000] earlycon: tegra_comb_uart0 at MMIO32 0x000000000c168000 (options '')
[    0.000000] bootconsole [tegra_comb_uart0] enabled
[    0.000000] OF: fdt:Reserved memory: failed to reserve memory for node 'fb0_carveout': base 0x0000000000000000, size 0 MiB
[    0.000000] OF: fdt:Reserved memory: failed to reserve memory for node 'fb0_carveout': base 0x0000000000000000, size 0 MiB
[    0.000000] OF: fdt:Reserved memory: failed to reserve memory for node 'fb1_carveout': base 0x0000000000000000, size 0 MiB
[    0.000000] OF: fdt:Reserved memory: failed to reserve memory for node 'fb1_carveout': base 0x0000000000000000, size 0 MiB
[    0.000000] OF: fdt:Reserved memory: failed to reserve memory for node 'fb2_carveout': base 0x0000000000000000, size 0 MiB
[    0.000000] OF: fdt:Reserved memory: failed to reserve memory for node 'fb2_carveout': base 0x0000000000000000, size 0 MiB
[    0.000000] OF: fdt:Reserved memory: failed to reserve memory for node 'fb3_carveout': base 0x0000000000000000, size 0 MiB
[    0.000000] OF: fdt:Reserved memory: failed to reserve memory for node 'fb3_carveout': base 0x0000000000000000, size 0 MiB
[    0.000000] OF: reserved mem: initialized node ramoops_carveout, compatible id nvidia,ramoops
[    0.000000] OF: reserved mem: initialized node vpr-carveout, compatible id nvidia,vpr-carveout
[    0.000000] OF: reserved mem: initialized node grid-of-semaphores, compatible id nvidia,gosmem
[    0.000000] cma: Reserved 64 MiB at 0x00000000c2000000
[    0.000000] On node 0 totalpages: 2033152
[    0.000000]   DMA zone: 7192 pages used for memmap
[    0.000000]   DMA zone: 0 pages reserved
[    0.000000]   DMA zone: 460288 pages, LIFO batch:31
[    0.000000]   Normal zone: 24576 pages used for memmap
[    0.000000]   Normal zone: 1572864 pages, LIFO batch:31
[    0.000000] psci: probing for conduit method from DT.
[    0.000000] psci: PSCIv1.0 detected in firmware.
[    0.000000] psci: Using standard PSCI v0.2 function IDs
[    0.000000] psci: MIGRATE_INFO_TYPE not supported.
[    0.000000] psci: SMC Calling Convention v1.1
[    0.000000] percpu: Embedded 24 pages/cpu s57560 r8192 d32552 u98304
[    0.000000] pcpu-alloc: s57560 r8192 d32552 u98304 alloc=24*4096
[    0.000000] pcpu-alloc: [0] 0 [0] 1 [0] 2 [0] 3 [0] 4 [0] 5 
[    0.000000] Speculative Store Bypass Disable mitigation not required
[    0.000000] Built 1 zonelists in Zone order, mobility grouping on.  Total pages: 2001384
[    0.000000] Kernel command line: console=ttyTCU0,115200 video=tegrafb no_console_suspend=1 earlycon=tegra_comb_uart,mmio32,0x0c168000 gpt rootfs.slot_suffix= usbcore.old_scheme_first=1 tegraid=19.1.2.0.0 maxcpus=6 boot.slot_suffix= boot.ratchetvalues=0.4.2 vpr_resize sdhci_tegra.en_boot_part_access=1    quiet root=PARTUUID=ddbf9896-a4db-4932-8580-5f014e7f85fd rw rootwait rootfstype=ext4 console=ttyTCU0,115200n8 console=tty0 fbcon=map:0 net.ifnames=0
[    0.000000] log_buf_len individual max cpu contribution: 32768 bytes
[    0.000000] log_buf_len total cpu_extra contributions: 163840 bytes
[    0.000000] log_buf_len min size: 32768 bytes
[    0.000000] log_buf_len: 262144 bytes
[    0.000000] early log buf free: 29072(88%)
[    0.000000] PID hash table entries: 4096 (order: 3, 32768 bytes)
[    0.000000] Dentry cache hash table entries: 1048576 (order: 11, 8388608 bytes)
[    0.000000] Inode-cache hash table entries: 524288 (order: 10, 4194304 bytes)
[    0.000000] Memory: 7190728K/8132608K available (15294K kernel code, 2942K rwdata, 6716K rodata, 8576K init, 609K bss, 188216K reserved, 753664K cma-reserved)
[    0.000000] Virtual kernel memory layout:
[    0.000000]     modules : 0xffffff8000000000 - 0xffffff8008000000   (   128 MB)
[    0.000000]     vmalloc : 0xffffff8008000000 - 0xffffffbebfff0000   (   250 GB)
[    0.000000]       .text : 0xffffff8008080000 - 0xffffff8008f70000   ( 15296 KB)
[    0.000000]     .rodata : 0xffffff8008f70000 - 0xffffff8009610000   (  6784 KB)
[    0.000000]       .init : 0xffffff8009610000 - 0xffffff8009e70000   (  8576 KB)
[    0.000000]       .data : 0xffffff8009e70000 - 0xffffff800a14f808   (  2943 KB)
[    0.000000]        .bss : 0xffffff800a14f808 - 0xffffff800a1e7cbc   (   610 KB)
[    0.000000]     fixed   : 0xffffffbefe7fd000 - 0xffffffbefec00000   (  4108 KB)
[    0.000000]     PCI I/O : 0xffffffbefee00000 - 0xffffffbeffe00000   (    16 MB)
[    0.000000]     vmemmap : 0xffffffbf00000000 - 0xffffffc000000000   (     4 GB maximum)
[    0.000000]               0xffffffbf00000000 - 0xffffffbf08000000   (   128 MB actual)
[    0.000000]     memory  : 0xffffffc000000000 - 0xffffffc200000000   (  8192 MB)
[    0.000000] SLUB: HWalign=64, Order=0-3, MinObjects=0, CPUs=6, Nodes=1
[    0.000000] Preemptible hierarchical RCU implementation.
[    0.000000] 	Build-time adjustment of leaf fanout to 64.
[    0.000000] 	RCU restricting CPUs from NR_CPUS=64 to nr_cpu_ids=6.
[    0.000000] RCU: Adjusting geometry for rcu_fanout_leaf=64, nr_cpu_ids=6
[    0.000000] NR_IRQS:64 nr_irqs:64 0
[    0.000000] GIC: Using split EOI/Deactivate mode
[    0.000000] arm_arch_timer: Architected cp15 timer(s) running at 31.25MHz (phys).
[    0.000000] clocksource: arch_sys_counter: mask: 0xffffffffffffff max_cycles: 0xe6a171046, max_idle_ns: 881590405314 ns
[    0.000004] sched_clock: 56 bits at 31MHz, resolution 32ns, wraps every 4398046511088ns
[    0.000591] Console: colour dummy device 80x25
[    0.000602] console [tty0] enabled
[    0.000610] bootconsole [tegra_comb_uart0] disabled
[    0.000623] kmemleak: Kernel memory leak detector disabled
[    0.000641] Calibrating delay loop (skipped), value calculated using timer frequency.. 62.50 BogoMIPS (lpj=125000)
[    0.000657] pid_max: default: 32768 minimum: 301
[    0.001741] Security Framework initialized
[    0.002319] Mount-cache hash table entries: 16384 (order: 5, 131072 bytes)
[    0.002330] Mountpoint-cache hash table entries: 16384 (order: 5, 131072 bytes)
[    0.003987] ftrace: allocating 47179 entries in 185 pages
[    0.401623] sched-energy: Sched-energy-costs installed from DT
[    0.401642] ASID allocator initialised with 65536 entries
[    0.436690] tegra-id: chipid=21917.
[    0.436702] tegra-id: opt_subrevision=1.
[    0.436730] Tegra Revision: A02p SKU: 0xde CPU Process: 0 SoC Process: 0
[    0.436748] DTS File Name: /home/hiroki/top_dir/kernel_sources/Linux_for_Tegra/source/public/kernel/kernel-4.9/arch/arm64/boot/dts/../../../../../../hardware/nvidia/platform/t19x/jakku/kernel-dts/tegra194-p3668-all-p3509-0000-ar0521.dts
[    0.436757] DTB Build time: May 16 2022 21:04:32
[    0.484858] CPU1: Booted secondary processor [4e0f0040]
[    0.516942] CPU2: Booted secondary processor [4e0f0040]
[    0.549058] CPU3: Booted secondary processor [4e0f0040]
[    0.581324] CPU4: Booted secondary processor [4e0f0040]
[    0.613439] CPU5: Booted secondary processor [4e0f0040]
[    0.613685] Brought up 6 CPUs
[    0.613694] SMP: Total of 6 processors activated.
[    0.613703] CPU features: detected feature: Privileged Access Never
[    0.613709] CPU features: detected feature: LSE atomic instructions
[    0.613715] CPU features: detected feature: User Access Override
[    0.613722] CPU features: detected feature: 32-bit EL0 Support
[    0.615202] CPU: All CPU(s) started at EL2
[    0.615266] alternatives: patching kernel code
[    0.621706] devtmpfs: initialized
[    0.661748] Initilizing CustomIPI irq domain
[    0.661978] clocksource: jiffies: mask: 0xffffffff max_cycles: 0xffffffff, max_idle_ns: 7645041785100000 ns
[    0.661992] futex hash table entries: 2048 (order: 5, 131072 bytes)
[    0.672093] pinctrl core: initialized pinctrl subsystem
[    0.672302] OS set in device tree is not L4T.
[    0.672531] regulator-dummy: no parameters
[    0.672756] Initializing plugin-manager
[    0.672805] Plugin module not found
[    0.672837] Plugin-manager status disabled
[    0.673903] NET: Registered protocol family 16
[    0.675117] pstore: using zlib compression
[    0.675137] console [pstore-1] enabled
[    0.675142] pstore: Registered ramoops as persistent store backend
[    0.675149] ramoops: attached 0x200000@0xf0800000, ecc: 0/0
[    0.688109] cpuidle: using governor menu
[    0.689067] bpmp: waiting for handshake
[    0.689074] bpmp: handshake completed
[    0.689088] bpmp: synchronizing channels
[    0.689097] bpmp: channels synchronized
[    0.689103] bpmp: mail init ok
[    0.691530] t19x-arm-smmu 12000000.iommu: found 3 SMMUs and ISO SMMU id is 2
[    0.691707] t19x-arm-smmu 12000000.iommu: probing hardware configuration...
[    0.691714] t19x-arm-smmu 12000000.iommu: SMMUv2 with:
[    0.691720] t19x-arm-smmu 12000000.iommu: 	stage 1 translation
[    0.691726] t19x-arm-smmu 12000000.iommu: 	stage 2 translation
[    0.691732] t19x-arm-smmu 12000000.iommu: 	nested translation
[    0.691741] t19x-arm-smmu 12000000.iommu: 	stream matching with 128 register groups, mask 0x7f80
[    0.691749] t19x-arm-smmu 12000000.iommu: SMMU address space size (0x800000) differs from mapped region size (0x1000000)!
[    0.691759] t19x-arm-smmu 12000000.iommu: 	64 context banks (0 stage-2 only)
[    0.691791] t19x-arm-smmu 12000000.iommu: 	Stage-1: 39-bit VA -> 48-bit IPA
[    0.691797] t19x-arm-smmu 12000000.iommu: 	Stage-2: 39-bit IPA -> 48-bit PA
[    0.695328] vdso: 2 pages (1 code @ ffffff8008f77000, 1 data @ ffffff8009e74000)
[    0.695356] hw-breakpoint: found 6 breakpoint and 4 watchpoint registers.
[    0.697855] atomic_pool_init():622: DMA: preallocated 1024 KiB pool for atomic allocations
[    0.698661] tegra_aon_clk_init: ok
[    0.698670] Registering BPMP clocks...
[    0.698766] tegra_bpmp_clk_init: clock init ok (400 clks)
[    0.699311] Serial: AMBA PL011 UART driver
[    0.699438] tegra_powergate_init: DONE
[    0.699523] DTS File Name: /home/hiroki/top_dir/kernel_sources/Linux_for_Tegra/source/public/kernel/kernel-4.9/arch/arm64/boot/dts/../../../../../../hardware/nvidia/platform/t19x/jakku/kernel-dts/tegra194-p3668-all-p3509-0000-ar0521.dts
[    0.699560] DTB Build time: May 16 2022 21:04:32
[    0.702232] Tegra reboot handler registered.
[    0.709348] iommu: Adding device 14160000.pcie to group 0
[    0.709933] iommu: Adding device 141a0000.pcie to group 1
[    0.711251] iommu: Adding device 2490000.ether_qos to group 2
[    0.711759] iommu: Adding device 3100000.serial to group 3
[    0.712198] iommu: Adding device 3110000.serial to group 4
[    0.712601] iommu: Adding device 3140000.serial to group 5
[    0.713105] tegra-pmc c360000.pmc: scratch reg offset dts data not present
[    0.713256] tegra-pmc: get_secure_pmc_setting: done secure_pmc=0
[    0.713281] tegra-pmc: ### PMC reset source: TEGRA_POWER_ON_RESET
[    0.713291] tegra-pmc: ### PMC reset level: TEGRA_RESET_LEVEL_L0
[    0.713300] tegra-pmc: ### PMC reset status reg: 0x0
[    0.713370] tegra-pmc: PMC Prod config success
[    0.713559] padctrl padctrl.0: Pad control driver tegra-pmc-padctrl registered
[    0.713572] tegra-pmc c360000.pmc: IO padctrl driver initialized
[    0.713852] iommu: Adding device 3460000.sdhci to group 6
[    0.714325] iommu: Adding device 3440000.sdhci to group 7
[    0.714770] iommu: Adding device 3210000.spi to group 8
[    0.715120] iommu: Adding device 3230000.spi to group 9
[    0.715486] iommu: Adding device 3270000.spi to group 10
[    0.716421] iommu: Adding device 3160000.i2c to group 11
[    0.716781] iommu: Adding device c240000.i2c to group 12
[    0.717124] iommu: Adding device 3180000.i2c to group 13
[    0.717573] iommu: Adding device 3190000.i2c to group 14
[    0.718097] iommu: Adding device 31b0000.i2c to group 15
[    0.718447] iommu: Adding device 31c0000.i2c to group 16
[    0.718878] iommu: Adding device c250000.i2c to group 17
[    0.719281] iommu: Adding device 31e0000.i2c to group 18
[    0.719804] iommu: Adding device sound to group 19
[    0.720417] iommu: Adding device 3510000.hda to group 20
[    0.720920] iommu: Adding device bc00000.rtcpu to group 21
[    0.723048] iommu: Adding device 13e10000.host1x to group 22
[    0.723429] iommu: Adding device 13e10000.host1x:ctx0 to group 23
[    0.723816] iommu: Adding device 13e10000.host1x:ctx1 to group 24
[    0.724211] iommu: Adding device 13e10000.host1x:ctx2 to group 25
[    0.724711] iommu: Adding device 13e10000.host1x:ctx3 to group 26
[    0.725124] iommu: Adding device 13e10000.host1x:ctx4 to group 27
[    0.725468] iommu: Adding device 13e10000.host1x:ctx5 to group 28
[    0.725838] iommu: Adding device 13e10000.host1x:ctx6 to group 29
[    0.726227] iommu: Adding device 13e10000.host1x:ctx7 to group 30
[    0.726741] iommu: Adding device 15340000.vic to group 31
[    0.727178] iommu: Adding device 15380000.nvjpg to group 32
[    0.727471] iommu: Adding device 15500000.tsec to group 33
[    0.727722] iommu: Adding device 15100000.tsecb to group 34
[    0.727983] iommu: Adding device 15480000.nvdec to group 35
[    0.728290] iommu: Adding device 15140000.nvdec1 to group 36
[    0.728593] iommu: Adding device 154c0000.nvenc to group 37
[    0.728840] iommu: Adding device 15a80000.nvenc1 to group 38
[    0.729247] iommu: Adding device 15880000.nvdla0 to group 39
[    0.729623] iommu: Adding device 158c0000.nvdla1 to group 40
[    0.730188] iommu: Adding device 15200000.nvdisplay to group 41
[    0.734223] platform 15200000.nvdisplay: IOVA linear map 0x00000000c6000000(2a000000)
[    0.734289] t19x-arm-smmu: Adding 15200000.nvdisplay to ISO SMMU client
[    0.735080] iommu: Adding device 15210000.nvdisplay to group 42
[    0.735148] t19x-arm-smmu: Adding 15210000.nvdisplay to ISO SMMU client
[    0.736692] iommu: Adding device 15c10000.vi to group 43
[    0.736838] t19x-arm-smmu: Adding 15c10000.vi to ISO SMMU client
[    0.737221] iommu: Adding device 14800000.isp to group 44
[    0.738138] iommu: Adding device 16000000.pva0 to group 45
[    0.738626] iommu: Adding device 16800000.pva1 to group 46
[    0.739009] iommu: Adding device 15810000.se to group 47
[    0.739410] iommu: Adding device 15820000.se to group 48
[    0.739666] iommu: Adding device 15830000.se to group 49
[    0.739919] iommu: Adding device 15840000.se to group 50
[    0.740199] iommu: Adding device c1a0000.aon to group 51
[    0.741812] iommu: Adding device d000000.bpmp to group 52
[    0.742128] bpmp: ping status is 0
[    0.742253] bpmp d000000.bpmp: firmware tag is e73a758761f0c6d24a1e69a2ac6b5035
[    0.745407] bpmp d000000.bpmp: probe ok
[    0.747237] tegra-reset 0.bpmp_reset: registered 190 resets.
[    0.747647] iommu: Adding device smmu_test to group 53
[    0.748717] mc: mapped MMIO address: 0xffffff800a5c0000 -> 0x2c10000
[    0.748779] mc: mapped MMIO address: 0xffffff800a5e0000 -> 0x2c20000
[    0.748799] mc: mapped MMIO address: 0xffffff800a7b0000 -> 0x2c30000
[    0.748818] mc: mapped MMIO address: 0xffffff800a7d0000 -> 0x2c40000
[    0.748836] mc: mapped MMIO address: 0xffffff800b010000 -> 0x2c50000
[    0.748853] mc: mapped MMIO address: 0xffffff800b030000 -> 0x2b80000
[    0.748873] mc: mapped MMIO address: 0xffffff800b050000 -> 0x2b90000
[    0.748888] mc: mapped MMIO address: 0xffffff800b070000 -> 0x2ba0000
[    0.748905] mc: mapped MMIO address: 0xffffff800b090000 -> 0x2bb0000
[    0.748923] mc: mapped MMIO address: 0xffffff800b0b0000 -> 0x1700000
[    0.748939] mc: mapped MMIO address: 0xffffff800b0d0000 -> 0x1710000
[    0.748955] mc: mapped MMIO address: 0xffffff800b0f0000 -> 0x1720000
[    0.748971] mc: mapped MMIO address: 0xffffff800b110000 -> 0x1730000
[    0.748987] mc: mapped MMIO address: 0xffffff800b130000 -> 0x1740000
[    0.749002] mc: mapped MMIO address: 0xffffff800b150000 -> 0x1750000
[    0.749018] mc: mapped MMIO address: 0xffffff800b170000 -> 0x1760000
[    0.749034] mc: mapped MMIO address: 0xffffff800b190000 -> 0x1770000
[    0.749105] mc-err: mcerr ops are set to t19x
[    0.755010] iommu: Adding device 2600000.dma to group 54
[    0.760740] gpio gpiochip0: gpio-line-names specifies 240 line names but there are 224 lines on the chip
[    0.761919] GPIO line 339 (wifi-enable) hogged as output/high
[    0.761967] GPIO line 412 (camera-control-output-low) hogged as output/high
[    0.762000] GPIO line 412 (camera-control-output-low) hogged as output/high
[    0.762284] gpiochip_setup_dev: registered GPIOs 288 to 511 on device: gpiochip0 (tegra-gpio)
[    0.769711] gpio gpiochip1: gpio-line-names specifies 21 line names but there are 40 lines on the chip
[    0.769782] GPIO line 253 (pex-refclk-sel-low) hogged as output/low
[    0.769824] GPIO line 266 (w-disable1) hogged as output/high
[    0.769861] GPIO line 264 (w-disable2) hogged as output/high
[    0.769899] GPIO line 265 (suspend-led-gpio) hogged as output/high
[    0.770175] gpiochip_setup_dev: registered GPIOs 248 to 287 on device: gpiochip1 (tegra-gpio-aon)
[    0.772659] tegra186-aowake c370000.pmc: WAKE_AOWAKE_CNTRL_83 = 0x10a
[    0.772674] tegra186-aowake c370000.pmc: WAKE_AOWAKE_CTRL_0 = 3
[    0.772690] tegra186-aowake c370000.pmc: WAKE_AOWAKE_CNTRL_24(PMU_INT) = 256
[    0.773564] iommu: Adding device 3550000.xudc to group 55
[    0.774246] iommu: Adding device 3610000.xhci to group 56
[    0.776495] arm64_ras arm64_ras: probed
[    0.776876] ras_fhi_enable: FHI 470 enabled on CPU0
[    0.776929] ras_fhi_enable: FHI 471 enabled on CPU1
[    0.777024] ras_fhi_enable: FHI 472 enabled on CPU2
[    0.777109] ras_fhi_enable: FHI 473 enabled on CPU3
[    0.777199] ras_fhi_enable: FHI 474 enabled on CPU4
[    0.777277] ras_fhi_enable: FHI 475 enabled on CPU5
[    0.777461] carmel_ras_enable: RAS enabled on cpu0
[    0.777642] carmel_ras_enable: RAS enabled on cpu1
[    0.777851] carmel_ras_enable: RAS enabled on cpu2
[    0.778056] carmel_ras_enable: RAS enabled on cpu3
[    0.778274] carmel_ras_enable: RAS enabled on cpu4
[    0.778483] carmel_ras_enable: RAS enabled on cpu5
[    0.778562] carmel_ras carmel_ras: probed
[    0.779648] tegra-cbb 2300000.cbb-noc: noc_secure_irq = 479, noc_nonsecure_irq = 478>
[    0.780171] tegra-cbb c600000.aon-noc: noc_secure_irq = 481, noc_nonsecure_irq = 480>
[    0.780913] tegra-cbb d600000.bpmp-noc: noc_secure_irq = 483, noc_nonsecure_irq = 482>
[    0.781763] tegra-cbb be00000.rce-noc: noc_secure_irq = 485, noc_nonsecure_irq = 484>
[    0.782798] tegra-cbb b600000.sce-noc: noc_secure_irq = 487, noc_nonsecure_irq = 486>
[    0.783204] tegra-cbb 14040000.cv-noc: defer probe as CV-NOC not probed yet
[    0.784419] vdd-ac-bat: 5000 mV 
[    0.784814] vdd-sdmmc1-sw: 3300 mV 
[    0.785099] vdd-1v8-sd: 1800 mV 
[    0.785427] vdd-3v3-cvb: 3300 mV 
[    0.785753] vdd-1v8-cvb: 1800 mV 
[    0.786076] vdd-epb-1v0: supplied by vdd-3v3-cvb
[    0.786151] vdd-epb-1v0: 1000 mV 
[    0.786518] avdd-cam-2v8: 2800 mV 
[    0.786792] vdd-fan: 5000 mV 
[    0.787061] vdd-hdmi-5v0: 5000 mV 
[    0.787367] vdd_sys_en: 1200 mV 
[    0.826814] HugeTLB registered 2 MB page size, pre-allocated 0 pages
[    0.831297] eventlib_kernel: keventlib is initialized, test id: 0
[    0.831622] SCSI subsystem initialized
[    0.831866] libata version 3.00 loaded.
[    0.832067] usbcore: registered new interface driver usbfs
[    0.832142] usbcore: registered new interface driver hub
[    0.832232] usbcore: registered new device driver usb
[    0.843186] tegra-i2c 31e0000.i2c: could not find pctldev for node /host1x/dpaux@155F0000/pinmux@0, deferring probe
[    0.845780] max77620 4-003c: PMIC Version OTP:0x51 and ES:0x1
[    0.854287] vdd-1v0: at 1000 mV 
[    0.858302] vdd-1v8-hs: at 1800 mV 
[    0.862359] vdd-1v8-ls: at 1800 mV 
[    0.866342] vdd-1v8-ao: at 1800 mV 
[    0.870376] vddio-ddr-1v1: at 1100 mV 
[    0.874146] vdd-rtc: at 800 mV 
[    0.875341] spmic-ldo1: at 2375 mV 
[    0.882192] vdd-ao-3v3: at 3300 mV 
[    0.890249] vddio-emmc-3v3: at 3300 mV 
[    0.891454] spmic-ldo4: at 1587 mV 
[    0.898274] vdd-usb-3v3: at 3300 mV 
[    0.906329] vddio-sdmmc1-3v3: at 3300 mV 
[    0.910337] vdd-csi-1v2: at 1200 mV 
[    0.911731] spmic-ldo8: at 1800 mV 
[    0.916466] GPIO line 246 (gpio_default) hogged as output/high
[    0.917838] GPIO line 247 (gpio_default) hogged as output/high
[    0.918087] gpiochip_setup_dev: registered GPIOs 240 to 247 on device: gpiochip2 (max77620-gpio)
[    0.918430] max77620 4-003c: max77620 probe successful
[    0.918991] media: Linux media interface: v0.10
[    0.919071] Linux video capture interface: v2.00
[    0.920492] pps_core: LinuxPPS API ver. 1 registered
[    0.920498] pps_core: Software ver. 5.3.6 - Copyright 2005-2007 Rodolfo Giometti <giometti@linux.it>
[    0.920565] PTP clock support registered
[    0.920866] tegra_wdt_t18x 30c0000.watchdog: Expiry count is deprecated
[    0.921154] tegra_wdt_t18x 30c0000.watchdog: Tegra WDT init timeout = 120 sec
[    0.921187] tegra_wdt_t18x 30c0000.watchdog: Registered successfully
[    0.923544] trusty trusty: trusty version: Built: 08:56:10 Jul  9 2021 
[    0.923603] trusty trusty: selected api version: 3 (requested 3)
[    0.924404] Advanced Linux Sound Architecture Driver Initialized.
[    0.924853] Bluetooth: Core ver 2.22
[    0.924889] NET: Registered protocol family 31
[    0.924894] Bluetooth: HCI device and connection manager initialized
[    0.924903] Bluetooth: HCI socket layer initialized
[    0.924911] Bluetooth: L2CAP socket layer initialized
[    0.924956] Bluetooth: SCO socket layer initialized
[    0.928026] camchar: rtcpu character device driver loaded
[    0.928624] gpio tegra-gpio wake61 for gpio=201(Z:1)
[    0.928713] extcon-gpio-states external-connection:extcon@1: Cable state:0, cable id:0
[    0.930368] clocksource: Switched to clocksource arch_sys_counter
[    0.971895] VFS: Disk quotas dquot_6.6.0
[    0.971974] VFS: Dquot-cache hash table entries: 512 (order 0, 4096 bytes)
[    0.972276] nvmap_heap_init: nvmap_heap_init: created heap block cache
[    0.973750] tegra-carveouts tegra-carveouts: assigned reserved memory node grid-of-semaphores
[    0.973801] dma_declare_coherent_resizable_cma_memory:324: resizable heap=vpr, base=0x00000000c6000000, size=0x2a000000
[    0.974053] cma: enabled page replacement for spfn=c6000, epfn=f0000
[    0.974062] dma_declare_coherent_resizable_cma_memory:373: resizable cma heap=vpr create successful
[    0.974103] nvmap: nvmap_select_cache_ops() nvmap cache ops set to scf
[    0.974111] nvmap_page_pool_init: Total RAM pages: 1986098
[    0.974116] nvmap_page_pool_init: nvmap page pool size: 248262 pages (969 MB)
[    0.974322] nvmap_background_zero_thread: PP zeroing thread starting.
[    0.974931] misc nvmap: created heap vpr base 0x00000000c6000000 size (688128KiB)
[    0.976395] tegra-gpcdma 2600000.dma: GPC DMA driver register 31 channels
[    0.988801] thermal thermal_zone0: Registering thermal zone thermal_zone0 for type CPU-therm
[    0.989004] thermal thermal_zone1: Registering thermal zone thermal_zone1 for type GPU-therm
[    0.989229] thermal thermal_zone2: Registering thermal zone thermal_zone2 for type AUX-therm
[    0.989383] thermal thermal_zone3: Registering thermal zone thermal_zone3 for type AO-therm
[    0.989541] thermal thermal_zone4: Registering thermal zone thermal_zone4 for type PMIC-Die
[    0.990716] la/ptsa driver initialized.
[    0.991028] NET: Registered protocol family 2
[    0.991853] TCP established hash table entries: 65536 (order: 7, 524288 bytes)
[    0.992178] TCP bind hash table entries: 65536 (order: 8, 1048576 bytes)
[    0.992789] TCP: Hash tables configured (established 65536 bind 65536)
[    0.992828] UDP hash table entries: 4096 (order: 5, 131072 bytes)
[    0.992945] UDP-Lite hash table entries: 4096 (order: 5, 131072 bytes)
[    0.993293] NET: Registered protocol family 1
[    0.993890] RPC: Registered named UNIX socket transport module.
[    0.993895] RPC: Registered udp transport module.
[    0.993900] RPC: Registered tcp transport module.
[    0.993904] RPC: Registered tcp NFSv4.1 backchannel transport module.
[    0.993916] PCI: CLS 0 bytes, default 64
[    0.994123] Trying to unpack rootfs image as initramfs...
[    1.223414] Freeing initrd memory: 7064K
[    1.239487] random: fast init done
[    1.243502] host1x 13e10000.host1x: initialized
[    1.245648] hw perfevents: enabled with armv8_pmuv3 PMU driver, 7 counters available
[    1.250055] audit: initializing netlink subsys (disabled)
[    1.250100] audit: type=2000 audit(0.868:1): initialized
[    1.250836] workingset: timestamp_bits=46 max_order=21 bucket_order=0
[    1.259838] squashfs: version 4.0 (2009/01/31) Phillip Lougher
[    1.260973] ntfs: driver 2.1.32 [Flags: R/W].
[    1.261534] 9p: Installing v9fs 9p2000 file system support
[    1.266515] Block layer SCSI generic (bsg) driver version 0.4 loaded (major 240)
[    1.266720] io scheduler noop registered
[    1.266979] io scheduler cfq registered (default)
[    1.270492] gic 2a41000.agic-controller: GIC IRQ controller registered
[    1.304803] iommu: Adding device 2993000.adsp to group 57
[    1.411440] iommu: Adding device aconnect@2a41000:adsp_audio to group 58
[    1.412546] tegra-aconnect aconnect@2a41000: Tegra ACONNECT bus registered
[    1.424786] tegra-pwm 3280000.pwm: PWM clk can sleep in ops
[    1.425177] tegra-pwm c340000.pwm: PWM clk can sleep in ops
[    1.425682] tegra-pwm 32c0000.pwm: PWM clk can sleep in ops
[    1.426056] tegra-pwm 32d0000.pwm: PWM clk can sleep in ops
[    1.426486] tegra-pwm 32f0000.pwm: PWM clk can sleep in ops
[    1.428776] tegra_camera_platform tegra-camera-platform: tegra_camera_probe:camera_platform_driver probe
[    1.428974] misc tegra_camera_ctrl: tegra_camera_isomgr_register: some fields not in DT.
[    1.428986] misc tegra_camera_ctrl: tegra_camera_isomgr_register isp_iso_bw=0, vi_iso_bw=8350000, max_bw=8350000
[    1.431604] tsec 15500000.tsec: initialized
[    1.433204] tsec 15100000.tsecb: initialized
[    1.436392] nvdec 15480000.nvdec: initialized
[    1.438907] nvdec 15140000.nvdec1: initialized
[    1.443768] falcon 15340000.vic: initialized
[    1.445479] falcon 15380000.nvjpg: initialized
[    1.447305] falcon 154c0000.nvenc: initialized
[    1.449207] falcon 15a80000.nvenc1: initialized
[    1.452712] iommu_context_dev 13e10000.host1x:ctx0: initialized (streamid=56)
[    1.454274] iommu_context_dev 13e10000.host1x:ctx1: initialized (streamid=57)
[    1.455741] iommu_context_dev 13e10000.host1x:ctx2: initialized (streamid=58)
[    1.457186] iommu_context_dev 13e10000.host1x:ctx3: initialized (streamid=59)
[    1.458749] iommu_context_dev 13e10000.host1x:ctx4: initialized (streamid=60)
[    1.460215] iommu_context_dev 13e10000.host1x:ctx5: initialized (streamid=61)
[    1.461661] iommu_context_dev 13e10000.host1x:ctx6: initialized (streamid=62)
[    1.463160] iommu_context_dev 13e10000.host1x:ctx7: initialized (streamid=63)
[    1.466720] t194-nvcsi 15a00000.nvcsi: initialized
[    1.471804] scare-pigeon 13e10000.host1x:vi-thi@15f00000: initialized
[    1.472201] scare-pigeon 14b00000.isp-thi: initialized
[    1.477488] pva 16000000.pva0: initialized
[    1.483016] pva 16800000.pva1: initialized
[    1.487759] nvdla 15880000.nvdla0: initialized
[    1.492159] nvdla 158c0000.nvdla1: initialized
[    1.493313] tegradccommon 15200000.dc_common: host1x channel mapped
[    1.493326] tegradccommon 15200000.dc_common: dc_common syncpt # 1 allocated
[    1.493380] tegradccommon 15200000.dc_common: dma mapping done
[    1.494061] tegra_cec 3960000.tegra_cec: dt=1 start=0x03960000 end=0x03960FFF irq=78
[    1.494069] tegra_cec 3960000.tegra_cec: Unpowergate DISP: 0.
[    1.494331] tegra_cec 3960000.tegra_cec: Enable clock result: 0.
[    1.494388] tegra_cec 3960000.tegra_cec: tegra_cec_init started
[    1.494603] tegra_cec 3960000.tegra_cec: cec_add_sysfs ret=0
[    1.494610] tegra_cec 3960000.tegra_cec: probed
[    1.495120] tegradc 15200000.nvdisplay: disp0 connected to head0->/host1x/sor1
[    1.495149] generic_infoframe_type: 0x87
[    1.495249] tegradc 15200000.nvdisplay: DT parsed successfully
[    1.495294] tegradc 15200000.nvdisplay: Display dc.ffffff800bce0000 registered with id=0
[    1.500185] tegra_nvdisp_bandwidth_register_max_config: max config iso bw = 7088400 KB/s
[    1.500192] tegra_nvdisp_bandwidth_register_max_config: max config EMC floor = 800000000 Hz
[    1.500198] tegra_nvdisp_bandwidth_register_max_config: max config hubclk = 300000000 Hz
[    1.500458] tegradc 15200000.nvdisplay: vblank syncpt # 8 for dc 0
[    1.500467] tegradc 15200000.nvdisplay: vpulse3 syncpt # 9 for dc 0
[    1.503706] tegradc 15200000.nvdisplay: hdmi: invalid prod list prod_list_hdmi_board
[    1.503714] tegradc 15200000.nvdisplay: hdmi: tegra_hdmi_tmds_range_read(bd) failed
[    1.505945] tegra-adma 2930000.adma: Tegra210 ADMA driver registered 32 channels
[    1.506932] tegra-fuse-burn 3820000.efuse:efuse-burn: shutdown limit check disabled
[    1.506942] tegra-fuse-burn 3820000.efuse:efuse-burn: Fuse burn driver initialized
[    1.507216] kfuse 3830000.kfuse: initialized
[    1.508259] tegradc 15200000.nvdisplay: probed
[    1.509747] Console: switching to colour frame buffer device 80x30
[    1.509860] tegradc 15200000.nvdisplay: fb registered
[    1.510294] gpio tegra-gpio wake63 for gpio=97(M:1)
[    1.510762] tegradc 15210000.nvdisplay: disp1 connected to head1->/host1x/sor
[    1.510827] tegradc 15210000.nvdisplay: parse_dp_settings: No dp-lt-settings node
[    1.510899] tegradc 15210000.nvdisplay: DT parsed successfully
[    1.510931] tegradc 15210000.nvdisplay: Display dc.ffffff800be50000 registered with id=1
[    1.511092] tegradc 15210000.nvdisplay: vblank syncpt # 11 for dc 1
[    1.511101] tegradc 15210000.nvdisplay: vpulse3 syncpt # 12 for dc 1
[    1.512918] Serial: 8250/16550 driver, 4 ports, IRQ sharing disabled
[    1.515474] 3100000.serial: ttyTHS0 at MMIO 0x3100000 (irq = 47, base_baud = 0) is a TEGRA_UART
[    1.517339] 3110000.serial: ttyTHS1 at MMIO 0x3110000 (irq = 48, base_baud = 0) is a TEGRA_UART
[    1.518306] 3140000.serial: ttyTHS4 at MMIO 0x3140000 (irq = 49, base_baud = 0) is a TEGRA_UART
[    1.519476] console [ttyTCU0] enabled
[    1.519692] [drm] Initialized
[    1.521303] tegradc 15210000.nvdisplay: probed
[    1.521715] tegradc 15210000.nvdisplay: fb registered
[    1.525248] hpd: state 7 (Takeover from bootloader), hpd 0, pending_hpd_evt 1
[    1.525256] hpd: switching from state 7 (Takeover from bootloader) to state 0 (Reset)
[    1.525268] hpd: state 0 (Reset), hpd 0, pending_hpd_evt 0
[    1.525279] tegradc 15210000.nvdisplay: blank - powerdown
[    1.525294] extcon-disp-state external-connection:disp-state: cable 44 state 0 already set.
[    1.525298] Extcon DP: HPD disabled
[    1.525303] hpd: hpd_switch 0
[    1.525309] hpd: switching from state 0 (Reset) to state 1 (Check Plug)
[    1.525320] hpd: state 1 (Check Plug), hpd 0, pending_hpd_evt 0
[    1.525334] hpd: switching from state 1 (Check Plug) to state 3 (Disabled)
[    1.555276] brd: module loaded
[    1.564136] loop: module loaded
[    1.564208] tegra_profiler: version: 1.143, samples/io: 48/28
[    1.564342] tegra_profiler: auth: init
[    1.564901] THERMAL EST: found 3 subdevs
[    1.564908] THERMAL EST num_resources: 0
[    1.564914] [THERMAL EST subdev 0]
[    1.564920] [THERMAL EST subdev 1]
[    1.564926] [THERMAL EST subdev 2]
[    1.564935] THERMAL EST: Found 2 profiles, default profile is quiet
[    1.565191] thermal thermal_zone5: Registering thermal zone thermal_zone5 for type thermal-fan-est
[    1.565196] THERMAL EST: thz register success.
[    1.565357] THERMAL EST: end of probe, return err: 0
[    1.565931] sd: No Scsi addr parsed to reserve index
[    1.565964] hisi_sas: driver version v1.6
[    1.579245] qspi_mtd spi6.0: s25fs256s SSG 8 0 1000 2000000
[    1.579254] qspi_mtd spi6.0: s25fs256s (32768 Kbytes)
[    1.579263] qspi_mtd spi6.0: mtd .name = spi6.0, .size = 0x2000000 (32MiB) .erasesize = 0x00010000 (64KiB) .numeraseregions = 0
[    1.579558] 1 ofpart partitions found on MTD device spi6.0
[    1.579565] Creating 1 MTD partitions on "spi6.0":
[    1.579573] 0x000000000000-0x000002000000 : "Whole_flash0"
[    1.582543] libphy: Fixed MDIO Bus: probed
[    1.583095] tun: Universal TUN/TAP device driver, 1.6
[    1.583099] tun: (C) 1999-2004 Max Krasnyansky <maxk@qualcomm.com>
[    1.583804] e1000e: Intel(R) PRO/1000 Network Driver - 3.2.6-k
[    1.583810] e1000e: Copyright(c) 1999 - 2015 Intel Corporation.
[    1.583845] igb: Intel(R) Gigabit Ethernet Network Driver - version 5.4.0-k
[    1.583849] igb: Copyright (c) 2007-2014 Intel Corporation.
[    1.583882] igbvf: Intel(R) Gigabit Virtual Function Network Driver - version 2.4.0-k
[    1.583886] igbvf: Copyright (c) 2009 - 2012 Intel Corporation.
[    1.583917] Intel(R) 10GbE PCI Express Linux Network Driver - version 4.6.4
[    1.583921] Copyright(c) 1999 - 2017 Intel Corporation.
[    1.833695] eqos 2490000.ether_qos: failed to read eqos_auto_cal_config_0_reg
[    1.834332] eqos 2490000.ether_qos: Setting local MAC: 48 b0 2d 5a 79 a2
[    1.834455] libphy: dwc_phy: probed
[    1.836726] PPP generic driver version 2.4.2
[    1.837127] PPP BSD Compression module registered
[    1.837135] PPP Deflate Compression module registered
[    1.837155] PPP MPPE Compression module registered
[    1.837161] NET: Registered protocol family 24
[    1.837219] usbcore: registered new interface driver r8152
[    1.837251] usbcore: registered new interface driver asix
[    1.837287] usbcore: registered new interface driver ax88179_178a
[    1.837313] usbcore: registered new interface driver cdc_ether
[    1.837340] usbcore: registered new interface driver net1080
[    1.837365] usbcore: registered new interface driver cdc_subset
[    1.837395] usbcore: registered new interface driver zaurus
[    1.837443] usbcore: registered new interface driver cdc_ncm
[    1.837675] VFIO - User Level meta-driver version: 0.3
[    1.838847] ehci_hcd: USB 2.0 'Enhanced' Host Controller (EHCI) Driver
[    1.838868] ehci-pci: EHCI PCI platform driver
[    1.838897] ohci_hcd: USB 1.1 'Open' Host Controller (OHCI) Driver
[    1.838908] ohci-pci: OHCI PCI platform driver
[    1.838935] ohci-platform: OHCI generic platform driver
[    1.843491] tegra-xusb 3610000.xhci: USB2 port 0 has OTG_CAP
[    1.845424] tegra-xusb 3610000.xhci: extcon 0: ffffffc1f4c8e400 id
[    1.845637] usbcore: registered new interface driver uas
[    1.845692] usbcore: registered new interface driver usb-storage
[    1.845752] usbcore: registered new interface driver usbserial
[    1.848542] tegra-xudc-new 3550000.xudc: PMQOS CPU boost enabled
[    1.848653] tegra-xudc-new 3550000.xudc: device count: 1
[    1.849055] tegra-xusb 3610000.xhci: Firmware timestamp: 2019-07-24 05:47:34 UTC, Version: 60.06 release
[    1.849081] tegra-xusb 3610000.xhci: xHCI Host Controller
[    1.849098] tegra-xusb 3610000.xhci: new USB bus registered, assigned bus number 1
[    1.849802] tegra-xusb 3610000.xhci: hcc params 0x0184ff25 hci version 0x110 quirks 0x00050810
[    1.849840] tegra-xusb 3610000.xhci: irq 465, io mem 0x03610000
[    1.850101] usb usb1: New USB device found, idVendor=1d6b, idProduct=0002
[    1.850108] usb usb1: New USB device strings: Mfr=3, Product=2, SerialNumber=1
[    1.850115] usb usb1: Product: xHCI Host Controller
[    1.850120] usb usb1: Manufacturer: Linux 4.9.201 xhci-hcd
[    1.850126] usb usb1: SerialNumber: 3610000.xhci
[    1.850615] hub 1-0:1.0: USB hub found
[    1.850706] hub 1-0:1.0: 4 ports detected
[    1.850835] tegra-xudc-new 3550000.xudc: vbus state: 0
[    1.850846] tegra-xudc-new 3550000.xudc: Initialize boost_cpufreq work
[    1.850873] tegra-xudc-new 3550000.xudc: entering ELPG
[    1.851193] tegra-xudc-new 3550000.xudc: entering ELPG done
[    1.851308] tegra-xusb 3610000.xhci: xHCI Host Controller
[    1.851322] tegra-xusb 3610000.xhci: new USB bus registered, assigned bus number 2
[    1.851332] tegra-xusb 3610000.xhci: Host supports USB 3.1 Enhanced SuperSpeed
[    1.851687] mousedev: PS/2 mouse device common for all mice
[    1.851777] usb usb2: New USB device found, idVendor=1d6b, idProduct=0003
[    1.851786] usb usb2: New USB device strings: Mfr=3, Product=2, SerialNumber=1
[    1.851792] usb usb2: Product: xHCI Host Controller
[    1.851798] usb usb2: Manufacturer: Linux 4.9.201 xhci-hcd
[    1.851803] usb usb2: SerialNumber: 3610000.xhci
[    1.851833] usbcore: registered new interface driver xpad
[    1.852268] hub 2-0:1.0: USB hub found
[    1.852321] hub 2-0:1.0: 4 ports detected
[    1.853194] Wake76 for irq=199
[    1.853200] Wake77 for irq=199
[    1.853204] Wake78 for irq=199
[    1.853209] Wake79 for irq=199
[    1.853213] Wake80 for irq=199
[    1.853217] Wake81 for irq=199
[    1.853221] Wake82 for irq=199
[    1.853257] tegra-xusb 3610000.xhci: Upgrade port 0 to USB3.0
[    1.853264] tegra-xusb 3610000.xhci: Upgrade port 1 to USB3.0
[    1.954920] usb usb2: usb_suspend_both: status 0
[    1.985535] max77686-rtc max77620-rtc: rtc core: registered max77620-rtc as rtc0
[    1.987016] Wake73 for irq=42
[    1.988262] rtc rtc1: alarm rtc device
[    1.988278] tegra_rtc c2a0000.rtc: rtc core: registered c2a0000.rtc as rtc1
[    1.988303] tegra_rtc c2a0000.rtc: Tegra internal Real Time Clock
[    1.988462] i2c /dev entries driver
[    1.991085] max77620-power max20024-power: Event recorder REG_NVERC : 0x44
[    1.997209] tegra-thermal-throttle bthrot_cdev: cpufreq policy is not ready defer
[    1.997507] FAN dev name: pwm-fan
[    1.997553] FAN:gpio request success.
[    1.997613] pwm_fan_driver pwm-fan: Found 2 profiles, default profile is quiet
[    1.997881] pwm_fan_driver pwm-fan: cap state:4, cap pwm:255
[    1.998100] pwm_fan_driver pwm-fan: got pwm for fan. polarity is normal
[    1.998263] gpio tegra-gpio-aon wake39 for gpio=19(CC:3)
[    1.998341] pwm_fan_driver pwm-fan: fan tach request irq success
[    1.998383] pwm_fan_driver pwm-fan: tach period: 1000
[    1.999197] pwm_fan_driver pwm-fan: index 0: pwm=0, rpm=0, rru=40, rrd=40, state:2
[    1.999208] pwm_fan_driver pwm-fan: index 1: pwm=130, rpm=1000, rru=2, rrd=2, state:2
[    1.999215] pwm_fan_driver pwm-fan: index 2: pwm=160, rpm=2000, rru=1, rrd=1, state:2
[    1.999222] pwm_fan_driver pwm-fan: index 3: pwm=200, rpm=3000, rru=1, rrd=1, state:2
[    1.999228] pwm_fan_driver pwm-fan: index 4: pwm=255, rpm=4000, rru=1, rrd=1, state:3
[    1.999234] pwm_fan_driver pwm-fan: index 5: pwm=255, rpm=5000, rru=1, rrd=1, state:3
[    1.999242] pwm_fan_driver pwm-fan: index 6: pwm=255, rpm=6000, rru=1, rrd=1, state:3
[    1.999274] pwm_fan_driver pwm-fan: index 7: pwm=255, rpm=7000, rru=1, rrd=1, state:4
[    1.999281] pwm_fan_driver pwm-fan: index 8: pwm=255, rpm=10000, rru=1, rrd=1, state:4
[    1.999288] pwm_fan_driver pwm-fan: index 9: pwm=255, rpm=11000, rru=1, rrd=1, state:4
[    2.000107] tegra-oc-event d280000.soctherm-oc-event: OC driver initialized
[    2.001000] device-mapper: uevent: version 1.0.3
[    2.001489] device-mapper: ioctl: 4.35.0-ioctl (2016-06-23) initialised: dm-devel@redhat.com
[    2.005011] tegra194_cpufreq_probe: platform driver Initialization: pass
[    2.006309] cpuidle: Initializing cpuidle driver
[    2.007184] sdhci: Secure Digital Host Controller Interface driver
[    2.007188] sdhci: Copyright(c) Pierre Ossman
[    2.007191] sdhci-pltfm: SDHCI platform and OF driver helper
[    2.008182] sdhci-tegra 3460000.sdhci: Client registration for eMC Successful
[    2.009967] CMDQ: cmdq_platfm_init successful
[    2.010606] sdhci-tegra 3440000.sdhci: Got CD GPIO
[    2.012821] sdhci-tegra 3440000.sdhci: Client registration for eMC Successful
[    2.019840] tegra-se-elp 3ad0000.se_elp: tegra_se_elp_probe: complete
[    2.021198] tegra-se-nvhost 15810000.se: initialized
[    2.022675] tegra-se-nvhost 15810000.se: tegra_se_probe: complete
[    2.023384] tegra-se-nvhost 15820000.se: initialized
[    2.024659] tegra-se-nvhost 15820000.se: tegra_se_probe: complete
[    2.025614] tegra-se-nvhost 15830000.se: initialized
[    2.026265] tegra-se-nvhost 15830000.se: tegra_se_probe: complete
[    2.027055] tegra-se-nvhost 15840000.se: initialized
[    2.028068] tegra-se-nvhost 15840000.se: tegra_se_probe: complete
[    2.028278] hidraw: raw HID events driver (C) Jiri Kosina
[    2.030619] usbcore: registered new interface driver usbhid
[    2.030623] usbhid: USB HID core driver
[    2.034755] tegra186-cam-rtcpu bc00000.rtcpu: deferring, 14800000.isp is not probed
[    2.035878] tegra_aon c1a0000.aon: tegra aon driver probe OK
[    2.036280] tegra186-aondbg aondbg: aondbg driver probe() OK
[    2.036985] denver_knobs_init:MTS_VERSION:51035886
[    2.037189] tegra19x_actmon d230000.actmon: in actmon_register()...
[    2.037905] tegra19x_actmon d230000.actmon: initialization Completed for the device mc_all
[    2.038312] t19x_cache tegra-cache: probed
[    2.040915] misc nvmap: cvsram :dma coherent mem declare 0x0000000050000000,4194304
[    2.040925] misc nvmap: created heap cvsram base 0x0000000050000000 size (4096KiB)
[    2.041543] carmel-pmu-drv carmel-pmu: Registered Carmel PMU
[    2.041871] PLL_AON clock registered
[    2.043824] Clocks initialized successfully
[    2.045622] nvpmodel: initialized successfully
[    2.046643] trusty-virtio trusty:virtio: initializing
[    2.046847] trusty_ipc virtio0: vring0: va(pa)  ffffffc1f2726000(0) qsz 32 notifyid 1
[    2.046880] trusty_ipc virtio0: vring1: va(pa)  ffffffc1f272c000(0) qsz 32 notifyid 2
[    2.047019] trusty-virtio trusty:virtio: initializing done
[    2.047156] trusty_ipc virtio0: is online
[    2.048002] tegra-hda 3510000.hda: Override SDO lines to 4
[    2.048289] usbcore: registered new interface driver snd-usb-audio
[    2.050418] mmc0: SDHCI controller on 3460000.sdhci [3460000.sdhci] using ADMA 64-bit with 64 bit addr
[    2.060870] input: tegra-hda-xnx HDMI/DP,pcm=3 as /devices/3510000.hda/sound/card0/input0
[    2.061065] input: tegra-hda-xnx HDMI/DP,pcm=7 as /devices/3510000.hda/sound/card0/input1
[    2.061254] input: tegra-hda-xnx HDMI/DP,pcm=8 as /devices/3510000.hda/sound/card0/input2
[    2.061442] input: tegra-hda-xnx HDMI/DP,pcm=9 as /devices/3510000.hda/sound/card0/input3
[    2.062568] gpio tegra-gpio wake51 for gpio=130(Q:2)
[    2.062623] mmc1: SDHCI controller on 3440000.sdhci [3440000.sdhci] using ADMA 64-bit with 64 bit addr
[    2.092321] mmc0: mmc_decode_ext_csd: CMDQ supported: depth: 31, cmdq_support: 1
[    2.104930] mmc0: periodic cache flush enabled
[    2.104943] mmc0: new HS400 Enhanced strobe MMC card at address 0001
[    2.105503] mmcblk0: mmc0:0001 DG4016 14.7 GiB 
[    2.109810] mmcblk0boot0: mmc0:0001 DG4016 partition 1 4.00 MiB
[    2.110019] mmcblk0boot1: mmc0:0001 DG4016 partition 2 4.00 MiB
[    2.114310] mmcblk0rpmb: mmc0:0001 DG4016 partition 3 4.00 MiB
[    2.119520]  mmcblk0: p1 p2 p3 p4 p5 p6 p7 p8 p9 p10 p11
[    2.148676] OPE platform probe
[    2.148796] OPE platform probe successful
[    2.182408] usb 1-2: new high-speed USB device number 2 using tegra-xusb
[    2.219522] usb 1-2: New USB device found, idVendor=0bda, idProduct=5411
[    2.219529] usb 1-2: New USB device strings: Mfr=1, Product=2, SerialNumber=0
[    2.219534] usb 1-2: Product: 4-Port USB 2.0 Hub
[    2.219538] usb 1-2: Manufacturer: Generic
[    2.220840] hub 1-2:1.0: USB hub found
[    2.221943] hub 1-2:1.0: 4 ports detected
[    2.230750] tegra-asoc: sound: ADMAIF1 <-> ADMAIF1 mapping ok
[    2.230858] tegra-asoc: sound: ADMAIF2 <-> ADMAIF2 mapping ok
[    2.230945] tegra-asoc: sound: ADMAIF3 <-> ADMAIF3 mapping ok
[    2.231024] tegra-asoc: sound: ADMAIF4 <-> ADMAIF4 mapping ok
[    2.231099] tegra-asoc: sound: ADMAIF5 <-> ADMAIF5 mapping ok
[    2.231175] tegra-asoc: sound: ADMAIF6 <-> ADMAIF6 mapping ok
[    2.231251] tegra-asoc: sound: ADMAIF7 <-> ADMAIF7 mapping ok
[    2.231325] tegra-asoc: sound: ADMAIF8 <-> ADMAIF8 mapping ok
[    2.231395] tegra-asoc: sound: ADMAIF9 <-> ADMAIF9 mapping ok
[    2.231494] tegra-asoc: sound: ADMAIF10 <-> ADMAIF10 mapping ok
[    2.231587] tegra-asoc: sound: ADMAIF11 <-> ADMAIF11 mapping ok
[    2.231680] tegra-asoc: sound: ADMAIF12 <-> ADMAIF12 mapping ok
[    2.231757] tegra-asoc: sound: ADMAIF13 <-> ADMAIF13 mapping ok
[    2.231829] tegra-asoc: sound: ADMAIF14 <-> ADMAIF14 mapping ok
[    2.231901] tegra-asoc: sound: ADMAIF15 <-> ADMAIF15 mapping ok
[    2.231975] tegra-asoc: sound: ADMAIF16 <-> ADMAIF16 mapping ok
[    2.232052] tegra-asoc: sound: ADMAIF17 <-> ADMAIF17 mapping ok
[    2.232131] tegra-asoc: sound: ADMAIF18 <-> ADMAIF18 mapping ok
[    2.232206] tegra-asoc: sound: ADMAIF19 <-> ADMAIF19 mapping ok
[    2.232307] tegra-asoc: sound: ADMAIF20 <-> ADMAIF20 mapping ok
[    2.261121] u32 classifier
[    2.261134]     Actions configured
[    2.261204] Initializing XFRM netlink socket
[    2.261753] NET: Registered protocol family 10
[    2.262572] NET: Registered protocol family 17
[    2.262590] NET: Registered protocol family 15
[    2.262650] bridge: filtering via arp/ip/ip6tables is no longer available by default. Update your scripts to load br_netfilter if you need this.
[    2.262788] Bluetooth: RFCOMM socket layer initialized
[    2.262808] Bluetooth: RFCOMM ver 1.11
[    2.262819] Bluetooth: HIDP (Human Interface Emulation) ver 1.2
[    2.262825] Bluetooth: HIDP socket layer initialized
[    2.262861] 9pnet: Installing 9P2000 support
[    2.262914] Key type dns_resolver registered
[    2.263631] Registered cp15_barrier emulation handler
[    2.263650] Registered setend emulation handler
[    2.265303] registered taskstats version 1
[    2.265793] tegra-pcie-dw 14160000.pcie: Setting init speed to max speed
[    2.267015] OF: PCI: host bridge /pcie@14160000 ranges:
[    2.267052] OF: PCI:    IO 0x36100000..0x361fffff -> 0x36100000
[    2.267060] OF: PCI:   MEM 0x1740000000..0x17ffffffff -> 0x40000000
[    2.267065] OF: PCI:   MEM 0x1400000000..0x173fffffff -> 0x1400000000
[    2.299501] mmc1: host does not support reading read-only switch, assuming write-enable
[    2.327937] usb 2-3: new SuperSpeed USB device number 2 using tegra-xusb
[    2.367687] usb 2-3: New USB device found, idVendor=0bda, idProduct=0411
[    2.367694] usb 2-3: New USB device strings: Mfr=1, Product=2, SerialNumber=0
[    2.367699] usb 2-3: Product: 2-Port USB 3.0 Hub
[    2.367703] usb 2-3: Manufacturer: Generic
[    2.384348] hub 2-3:1.0: USB hub found
[    2.387563] hub 2-3:1.0: 4 ports detected
[    2.444264] mmc1: hw tuning done ...
[    2.444298] mmc1: new ultra high speed SDR104 SDXC card at address aaaa
[    2.444671] mmcblk1: mmc1:aaaa SR64G 59.5 GiB 
[    2.449802]  mmcblk1: p1 p2 p3 p4 p5 p6 p7 p8 p9 p10 p11
[    2.514392] usb 1-2.1: new high-speed USB device number 3 using tegra-xusb
[    2.522409] tegra_cec 3960000.tegra_cec: Can't find physical addresse.
[    2.522416] tegra_cec 3960000.tegra_cec: tegra_cec_init Done.
[    2.534819] usb 1-2.1: New USB device found, idVendor=1a40, idProduct=0101
[    2.534826] usb 1-2.1: New USB device strings: Mfr=0, Product=1, SerialNumber=0
[    2.534830] usb 1-2.1: Product: USB 2.0 Hub
[    2.535620] hub 1-2.1:1.0: USB hub found
[    2.535710] hub 1-2.1:1.0: 4 ports detected
[    2.562412] usb 2-3: usb_suspend_both: status 0
[    2.562591] usb usb2: usb_suspend_both: status 0
[    2.777361] tegra-pcie-dw 14160000.pcie: link is down
[    2.777479] tegra-pcie-dw 14160000.pcie: PCI host bridge to bus 0004:00
[    2.777486] pci_bus 0004:00: root bus resource [bus 00-ff]
[    2.777494] pci_bus 0004:00: root bus resource [io  0x0000-0xfffff] (bus address [0x36100000-0x361fffff])
[    2.777501] pci_bus 0004:00: root bus resource [mem 0x1740000000-0x17ffffffff] (bus address [0x40000000-0xffffffff])
[    2.777528] pci_bus 0004:00: root bus resource [mem 0x1400000000-0x173fffffff pref]
[    2.777555] pci 0004:00:00.0: [10de:1ad1] type 01 class 0x060400
[    2.777704] pci 0004:00:00.0: PME# supported from D0 D3hot D3cold
[    2.777944] iommu: Adding device 0004:00:00.0 to group 59
[    2.778136] pci 0004:00:00.0: PCI bridge to [bus 01-ff]
[    2.778161] pci 0004:00:00.0: Max Payload Size set to  256/ 256 (was  256), Max Read Rq  512
[    2.778347] pcieport 0004:00:00.0: Signaling PME through PCIe PME interrupt
[    2.778385] pcie_pme 0004:00:00.0:pcie001: service driver pcie_pme loaded
[    2.778460] aer 0004:00:00.0:pcie002: service driver aer loaded
[    2.778607] pcie_pme 0004:00:00.0:pcie001: unloading service driver pcie_pme
[    2.778662] aer 0004:00:00.0:pcie002: unloading service driver aer
[    2.778750] pci_bus 0004:01: busn_res: [bus 01-ff] is released
[    2.778845] iommu: Removing device 0004:00:00.0 from group 59
[    2.778870] pci_bus 0004:00: busn_res: [bus 00-ff] is released
[    2.780478] tegra-pcie-dw 14160000.pcie: PCIe link is not up...!
[    2.781402] tegra-pcie-dw 141a0000.pcie: Setting init speed to max speed
[    2.782570] OF: PCI: host bridge /pcie@141a0000 ranges:
[    2.782615] OF: PCI:    IO 0x3a100000..0x3a1fffff -> 0x3a100000
[    2.782623] OF: PCI:   MEM 0x1f40000000..0x1fffffffff -> 0x40000000
[    2.782629] OF: PCI:   MEM 0x1c00000000..0x1f3fffffff -> 0x1c00000000
[    2.822403] usb 1-2.1.1: new high-speed USB device number 4 using tegra-xusb
[    2.842991] usb 1-2.1.1: New USB device found, idVendor=2357, idProduct=011e
[    2.842998] usb 1-2.1.1: New USB device strings: Mfr=1, Product=2, SerialNumber=3
[    2.843002] usb 1-2.1.1: Product: 802.11ac WLAN Adapter 
[    2.843006] usb 1-2.1.1: Manufacturer: Realtek 
[    2.843010] usb 1-2.1.1: SerialNumber: 00e04c000001
[    2.922393] usb 1-2.1.2: new high-speed USB device number 5 using tegra-xusb
[    2.946660] usb 1-2.1.2: New USB device found, idVendor=0403, idProduct=6011
[    2.946668] usb 1-2.1.2: New USB device strings: Mfr=1, Product=2, SerialNumber=3
[    2.946672] usb 1-2.1.2: Product: FT4232H MiniModule
[    2.946677] usb 1-2.1.2: Manufacturer: FTDI
[    2.946681] usb 1-2.1.2: SerialNumber: FT6QNUX1
[    3.054421] usb 1-2.1.3: new full-speed USB device number 6 using tegra-xusb
[    3.078262] usb 1-2.1.3: New USB device found, idVendor=2341, idProduct=8036
[    3.078269] usb 1-2.1.3: New USB device strings: Mfr=1, Product=2, SerialNumber=3
[    3.078274] usb 1-2.1.3: Product: Arduino Leonardo
[    3.078296] usb 1-2.1.3: Manufacturer: Arduino LLC
[    3.078301] usb 1-2.1.3: SerialNumber: HIDPH
[    3.081044] input: Arduino LLC Arduino Leonardo as /devices/3610000.xhci/usb1/1-2/1-2.1/1-2.1.3/1-2.1.3:1.2/0003:2341:8036.0001/input/input4
[    3.081281] hid-generic 0003:2341:8036.0001: input,hidraw0: USB HID v1.01 Joystick [Arduino LLC Arduino Leonardo] on usb-3610000.xhci-2.1.3/input2
[    3.292224] tegra-pcie-dw 141a0000.pcie: link is down
[    3.292319] tegra-pcie-dw 141a0000.pcie: PCI host bridge to bus 0005:00
[    3.292333] pci_bus 0005:00: root bus resource [bus 00-ff]
[    3.292341] pci_bus 0005:00: root bus resource [io  0x100000-0x1fffff] (bus address [0x3a100000-0x3a1fffff])
[    3.292347] pci_bus 0005:00: root bus resource [mem 0x1f40000000-0x1fffffffff] (bus address [0x40000000-0xffffffff])
[    3.292372] pci_bus 0005:00: root bus resource [mem 0x1c00000000-0x1f3fffffff pref]
[    3.292398] pci 0005:00:00.0: [10de:1ad0] type 01 class 0x060400
[    3.292556] pci 0005:00:00.0: PME# supported from D0 D3hot D3cold
[    3.292744] iommu: Adding device 0005:00:00.0 to group 59
[    3.292954] pci 0005:00:00.0: PCI bridge to [bus 01-ff]
[    3.292976] pci 0005:00:00.0: Max Payload Size set to  256/ 256 (was  256), Max Read Rq  512
[    3.293150] pcieport 0005:00:00.0: Signaling PME through PCIe PME interrupt
[    3.293157] pcie_pme 0005:00:00.0:pcie001: service driver pcie_pme loaded
[    3.293241] aer 0005:00:00.0:pcie002: service driver aer loaded
[    3.293400] pcie_pme 0005:00:00.0:pcie001: unloading service driver pcie_pme
[    3.293444] aer 0005:00:00.0:pcie002: unloading service driver aer
[    3.293530] pci_bus 0005:01: busn_res: [bus 01-ff] is released
[    3.293661] iommu: Removing device 0005:00:00.0 from group 59
[    3.293683] pci_bus 0005:00: busn_res: [bus 00-ff] is released
[    3.295626] tegra-pcie-dw 141a0000.pcie: PCIe link is not up...!
[    3.306303] tegra-cbb 14040000.cv-noc: noc_secure_irq = 91, noc_nonsecure_irq = 90>
[    3.312820] tegra194-isp5 14800000.isp: initialized
[    3.319124] tegra194-vi5 15c10000.vi: using default number of vi channels, 36
[    3.326669] tegra194-vi5 15c10000.vi: initialized
[    3.331658] tegra194-vi5 15c10000.vi: subdev 15a00000.nvcsi--2 bound
[    3.331706] tegra194-vi5 15c10000.vi: subdev 15a00000.nvcsi--1 bound
[    3.331875] tegra-thermal-throttle bthrot_cdev: clk:cpu max:1907200000, min:115200000 steps:24
[    3.336656] tegra-thermal-throttle bthrot_cdev: clk:gpu max:1109250000, min:114750000 steps:10
[    3.336674] tegra-thermal-throttle bthrot_cdev: cdev:skin-balanced clk:0:cpu off:0 slope-adj:200
[    3.336680] tegra-thermal-throttle bthrot_cdev: cdev:skin-balanced clk:1:gpu off:0 slope-adj:400
[    3.336753] tegra-thermal-throttle bthrot_cdev: cdev:skin-balanced max_state:48 cutoff:0
[    3.336814] tegra-thermal-throttle bthrot_cdev: cdev:gpu-balanced clk:0:cpu off:0 slope-adj:400
[    3.336819] tegra-thermal-throttle bthrot_cdev: cdev:gpu-balanced clk:1:gpu off:0 slope-adj:400
[    3.340866] tegra-thermal-throttle bthrot_cdev: cdev:gpu-balanced max_state:40 cutoff:1
[    3.340903] tegra-thermal-throttle bthrot_cdev: cdev:cpu-balanced clk:0:cpu off:0 slope-adj:200
[    3.340908] tegra-thermal-throttle bthrot_cdev: cdev:cpu-balanced clk:1:gpu off:365500000 slope-adj:300
[    3.341313] tegra-thermal-throttle bthrot_cdev: cdev:cpu-balanced max_state:48 cutoff:0
[    3.341364] tegra-thermal-throttle bthrot_cdev: cdev:emergency-balanced clk:0:cpu off:38400000 slope-adj:10
[    3.341369] tegra-thermal-throttle bthrot_cdev: cdev:emergency-balanced clk:1:gpu off:25500000 slope-adj:10
[    3.341994] tegra-thermal-throttle bthrot_cdev: cdev:emergency-balanced max_state:2 cutoff:0
[    3.342054] tegra-thermal-throttle bthrot_cdev: cdev:aux-balanced clk:0:cpu off:0 slope-adj:400
[    3.342058] tegra-thermal-throttle bthrot_cdev: cdev:aux-balanced clk:1:gpu off:0 slope-adj:400
[    3.342590] tegra-thermal-throttle bthrot_cdev: cdev:aux-balanced max_state:40 cutoff:1
[    3.343326] tegra186-cam-rtcpu bc00000.rtcpu: Trace buffer configured at IOVA=0xbff00000
[    3.427894] tegra-ivc ivc-bc00000.rtcpu: region 0: iova=0xbfee0000-0xbfefffff size=131072
[    3.428136] tegra-ivc ivc-bc00000.rtcpu:echo@0: echo: ver=0 grp=1 RX[16x64]=0x1000-0x1480 TX[16x64]=0x1480-0x1900
[    3.428292] tegra-ivc ivc-bc00000.rtcpu:dbg@1: dbg: ver=0 grp=1 RX[1x384]=0x1900-0x1b00 TX[1x384]=0x1b00-0x1d00
[    3.428417] tegra-ivc ivc-bc00000.rtcpu:dbg@2: dbg: ver=0 grp=1 RX[1x8192]=0x1d00-0x3d80 TX[1x8192]=0x3d80-0x5e00
[    3.428804] tegra-ivc ivc-bc00000.rtcpu:ivccontrol@3: ivccontrol: ver=0 grp=1 RX[64x320]=0x5e00-0xae80 TX[64x320]=0xae80-0xff00
[    3.428892] tegra-ivc ivc-bc00000.rtcpu:ivccapture@4: ivccapture: ver=0 grp=1 RX[512x64]=0xff00-0x17f80 TX[512x64]=0x17f80-0x20000
[    3.429057] tegra186-cam-rtcpu bc00000.rtcpu: using cam RTCPU IRQ (66)
[    3.429062] tegra186-cam-rtcpu bc00000.rtcpu: tegra_camrtc_mon_create is successful
[    3.430447] tegra186-cam-rtcpu bc00000.rtcpu: firmware version cpu=rce cmd=5 sha1=cf2bef3ad10e437272857b76308abef8ffb80bda
[    3.430789] Wake83 for irq=211
[    3.430850] gpio tegra-gpio wake67 for gpio=48(G:0)
[    3.430947] gpio tegra-gpio-aon wake29 for gpio=36(EE:4)
[    3.431063] input: gpio-keys as /devices/gpio-keys/input/input5
[    3.463467] tegra_rtc c2a0000.rtc: setting system clock to 2022-06-24 06:54:31 UTC (1656053671)
[    3.463911] mmcblk mmc0:0001: Card claimed for testing.
[    3.463924] mmcblk mmc1:aaaa: Card claimed for testing.
[    3.503104] bpmp: mounted debugfs mirror
[    3.509393] ALSA device list:
[    3.509399]   #0: tegra-hda-xnx at 0x3518000 irq 65
[    3.509403]   #1: jetson-xaviernx-ape
[    3.511386] Freeing unused kernel memory: 8576K
[    3.551973] Root device found: PARTUUID=ddbf9896-a4db-4932-8580-5f014e7f85fd
[    4.275331] EXT4-fs (mmcblk1p1): mounted filesystem with ordered data mode. Opts: (null)
[    4.282019] Rootfs mounted over PARTUUID=ddbf9896-a4db-4932-8580-5f014e7f85fd
[    4.310819] Switching from initrd to actual rootfs
[    4.585632] ip_tables: (C) 2000-2006 Netfilter Core Team
[    4.591246] cgroup: cgroup2: unknown option "nsdelegate"
[    4.601535] systemd[1]: systemd 237 running in system mode. (+PAM +AUDIT +SELINUX +IMA +APPARMOR +SMACK +SYSVINIT +UTMP +LIBCRYPTSETUP +GCRYPT +GNUTLS +ACL +XZ +LZ4 +SECCOMP +BLKID +ELFUTILS +KMOD -IDN2 +IDN -PCRE2 default-hierarchy=hybrid)
[    4.602190] systemd[1]: Detected architecture arm64.
[    4.607540] systemd[1]: Set hostname to <cit174>.
[    4.748239] systemd[1]: File /lib/systemd/system/systemd-journald.service:36 configures an IP firewall (IPAddressDeny=any), but the local system does not support BPF/cgroup based firewalling.
[    4.748257] systemd[1]: Proceeding WITHOUT firewalling in effect! (This warning is only shown for the first loaded unit using IP firewalling.)
[    4.931553] random: systemd: uninitialized urandom read (16 bytes read)
[    4.931590] systemd[1]: Reached target User and Group Name Lookups.
[    4.931829] random: systemd: uninitialized urandom read (16 bytes read)
[    4.934430] systemd[1]: Created slice System Slice.
[    4.934496] random: systemd: uninitialized urandom read (16 bytes read)
[    4.935498] systemd[1]: Created slice system-serial\x2dgetty.slice.
[    4.936406] systemd[1]: Listening on udev Control Socket.
[    4.936850] systemd[1]: Listening on Journal Audit Socket.
[    4.971356] EXT4-fs (mmcblk1p1): re-mounted. Opts: (null)
[    5.019507] pca954x 2-0070: vcc-pullup regulator not found
[    5.019522] pca954x 2-0070: pca954x_probe: forcing device bus number, start 30.
[    5.019526] pca954x 2-0070: device detect skipped.
[    5.020089] i2c i2c-2: Added multiplexed i2c bus 30
[    5.020496] i2c i2c-2: Added multiplexed i2c bus 31
[    5.020764] i2c i2c-2: Added multiplexed i2c bus 32
[    5.020911] i2c i2c-2: Added multiplexed i2c bus 33
[    5.020918] pca954x 2-0070: registered 4 multiplexed busses for I2C switch pca9546
[    5.030215] GPIO line 224 (tca9539_74_outlow) hogged as output/low
[    5.030655] GPIO line 225 (tca9539_74_outlow) hogged as output/low
[    5.030914] GPIO line 226 (tca9539_74_outlow) hogged as output/low
[    5.031180] GPIO line 227 (tca9539_74_outlow) hogged as output/low
[    5.031428] GPIO line 228 (tca9539_74_outlow) hogged as output/low
[    5.031671] GPIO line 229 (tca9539_74_outlow) hogged as output/low
[    5.031916] GPIO line 230 (tca9539_74_outlow) hogged as output/low
[    5.032206] GPIO line 231 (tca9539_74_outlow) hogged as output/low
[    5.032572] gpiochip_setup_dev: registered GPIOs 224 to 239 on device: gpiochip3 (pca9539)
[    5.032583] pca953x 2-0074: interrupt support not compiled in
[    5.033069] tegra-i2c 3180000.i2c: no acknowledge from address 0x22
[    5.033242] pca953x 30-0022: failed reading register
[    5.033429] pca953x: probe of 30-0022 failed with error -121
[    5.035749] GPIO line 200 (tca6424_22_outlow) hogged as output/low
[    5.036493] GPIO line 201 (tca6424_22_outlow) hogged as output/low
[    5.037218] GPIO line 202 (tca6424_22_outlow) hogged as output/low
[    5.037924] GPIO line 203 (tca6424_22_outlow) hogged as output/low
[    5.038620] GPIO line 204 (tca6424_22_outlow) hogged as output/low
[    5.039437] GPIO line 205 (tca6424_22_outlow) hogged as output/low
[    5.040187] GPIO line 206 (tca6424_22_outlow) hogged as output/low
[    5.040868] GPIO line 207 (tca6424_22_outlow) hogged as output/low
[    5.041111] gpiochip_setup_dev: registered GPIOs 200 to 223 on device: gpiochip4 (tca6424)
[    5.041119] pca953x 31-0022: interrupt support not compiled in
[    5.061167] ar0521: loading out-of-tree module taints kernel.
[    5.062850] ar0521 30-0042: Unable to toggle GPIO
[    5.063011] ar0521: probe of 30-0042 failed with error -22
[    5.127788] Current Firmware Version - (50CUNANO-g3bfcc9c)
[    5.223117] cam_isp_init
[    5.337118] systemd-journald[2349]: Received request to flush runtime journal from PID 1
[    6.177495] random: crng init done
[    6.177505] random: 7 urandom warning(s) missed due to ratelimiting
[    6.817042] cdc_acm 1-2.1.3:1.0: ttyACM0: USB ACM device
[    6.817768] usbcore: registered new interface driver cdc_acm
[    6.817775] cdc_acm: USB Abstract Control Model driver for USB modems and ISDN adapters
[    6.833176] usbcore: registered new interface driver ftdi_sio
[    6.833230] usbserial: USB Serial support registered for FTDI USB Serial Device
[    6.833355] ftdi_sio 1-2.1.2:1.0: FTDI USB Serial Device converter detected
[    6.833501] usb 1-2.1.2: Detected FT4232H
[    6.834016] usb 1-2.1.2: FTDI USB Serial Device converter now attached to ttyUSB0
[    6.834082] ftdi_sio 1-2.1.2:1.1: FTDI USB Serial Device converter detected
[    6.834163] usb 1-2.1.2: Detected FT4232H
[    6.838995] usb 1-2.1.2: FTDI USB Serial Device converter now attached to ttyUSB1
[    6.839113] ftdi_sio 1-2.1.2:1.2: FTDI USB Serial Device converter detected
[    6.839317] usb 1-2.1.2: Detected FT4232H
[    6.839742] usb 1-2.1.2: FTDI USB Serial Device converter now attached to ttyUSB2
[    6.839806] ftdi_sio 1-2.1.2:1.3: FTDI USB Serial Device converter detected
[    6.840025] usb 1-2.1.2: Detected FT4232H
[    6.840657] usb 1-2.1.2: FTDI USB Serial Device converter now attached to ttyUSB3
[    7.334968] usbcore: registered new interface driver rtl8821au
[    8.064606] nvgpu: 17000000.gv11b          nvgpu_nvhost_syncpt_init:291  [INFO]  syncpt_unit_base 60000000 syncpt_unit_size 400000 size 1000

[    9.282976] ar0521 31-0042: ISP Already Initialized !! 
[    9.289743] SENSOR ID=0x0265
[    9.294567]  cam_stream_off 2180 CAM Get CMD Stream off Success !! 
[    9.374407] 0. Initialized Control 0x00980900 - Brightness 
[    9.374419] 1. Initialized Control 0x00980901 - Contrast 
[    9.374444] 2. Initialized Control 0x00980902 - Saturation 
[    9.374448] 3. Initialized Control 0x0098090c - White Balance, Automatic 
[    9.374453] 4. Initialized Control 0x00980910 - Gamma 
[    9.374460] 5. Initialized Control 0x0098091a - White Balance Temperature 
[    9.374465] 6. Initialized Control 0x0098091b - Sharpness 
[    9.374469] 7. Initialized Control 0x00980913 - Gain 
[    9.380166]  Menu Element 0 : Full FOV Auto Mode 
[    9.380174]  Menu Element 1 : Manual Mode 
[    9.380178]  Menu Element 2 : ROI Based Auto Mode 
[    9.380189] 8. Initialized Custom Ctrl 0x009a0901 - Exposure Auto 
[    9.380194] 9. Initialized Control 0x009a0902 - Exposure Time, Absolute 
[    9.380199] 10. Initialized Control 0x009a090d - Zoom, Absolute 
[    9.380205] 11. Initialized Control 0x009a0908 - Pan, Absolute 
[    9.380210] 12. Initialized Control 0x009a0909 - Tilt, Absolute 
[    9.383322] 13. Initialized Custom Ctrl 0x009a092d - Denoise 
[    9.383331] 14. Initialized Control 0x00980914 - Horizontal Flip 
[    9.383336] 15. Initialized Control 0x00980915 - Vertical Flip 
[    9.386916] 16. Initialized Custom Ctrl 0x009a0926 - ROI Exposure 
[    9.390933] 17. Initialized Custom Ctrl 0x009a0924 - ROI Window Size 
[    9.394942] 18. Initialized Custom Ctrl 0x009a0931 - Exposure Compensation 
[    9.394954] tegra194-vi5 15c10000.vi: subdev ar0521 31-0042 bound
[    9.407539] cpu-throttle-alert cooling device registered.
[    9.407995] gpu-throttle-alert cooling device registered.
[    9.408371] aux-throttle-alert cooling device registered.
[    9.902195] using random self ethernet address
[    9.902335] using random host ethernet address
[   10.856447] Mass Storage Function, version: 2009/09/11
[   10.856460] LUN: removable file: (no medium)
[   10.861719] using random self ethernet address
[   10.861857] using random host ethernet address
[   10.994605] rndis0: HOST MAC d2:6c:55:29:4d:38
[   10.995280] rndis0: MAC d2:6c:55:29:4d:39
[   10.998701] usb0: HOST MAC d2:6c:55:29:4d:3a
[   10.998800] usb0: MAC d2:6c:55:29:4d:3b
[   10.998826] tegra-xudc-new 3550000.xudc: exiting ELPG
[   11.001148] tegra-xudc-new 3550000.xudc: exiting ELPG done
[   11.001178] tegra-xudc-new 3550000.xudc: ep 0 (type: 0, dir: out) enabled
[   11.001225] tegra-xudc-new 3550000.xudc: entering ELPG
[   11.001449] tegra-xudc-new 3550000.xudc: entering ELPG done
[   11.001466] tegra-xudc-new 3550000.xudc: exiting ELPG
[   11.001899] tegra-xudc-new 3550000.xudc: exiting ELPG done
[   11.001912] tegra-xudc-new 3550000.xudc: entering ELPG
[   11.002101] tegra-xudc-new 3550000.xudc: entering ELPG done
[   11.009631] l4tbr0: port 1(rndis0) entered blocking state
[   11.009639] l4tbr0: port 1(rndis0) entered disabled state
[   11.010299] device rndis0 entered promiscuous mode
[   11.023171] l4tbr0: port 2(usb0) entered blocking state
[   11.023182] l4tbr0: port 2(usb0) entered disabled state
[   11.024056] device usb0 entered promiscuous mode
[   12.211065] ras_fhi_disable: FHI 474 disabled
[   12.212813] CPU4: shutdown
[   12.212936] psci: CPU4 killed.
[   12.259878] ras_fhi_disable: FHI 475 disabled
[   12.265987] CPU5: shutdown
[   12.270258] IPv6: ADDRCONF(NETDEV_UP): eth0: link is not ready
[   12.282444] psci: Retrying again to check for CPU kill
[   12.282469] psci: CPU5 killed.
[   12.284519] nvgpu: 17000000.gv11b                 tpc_pg_mask_store:843  [INFO]  no value change, same mask already set
[   12.586699] gpio tegra-gpio wake20 for gpio=52(G:4)
[   12.602289] IPv6: ADDRCONF(NETDEV_UP): eth0: link is not ready
[   12.631419] zram: Added device: zram0
[   12.633969] zram: Added device: zram1
[   12.639287] zram: Added device: zram2
[   12.642827] zram: Added device: zram3
[   12.676661] IPv6: ADDRCONF(NETDEV_UP): wlan0: link is not ready
[   12.678320] zram0: detected capacity change from 0 to 1018884096
[   13.000874] Adding 995000k swap on /dev/zram0.  Priority:5 extents:1 across:995000k SS
[   13.008347] zram1: detected capacity change from 0 to 1018884096
[   13.041151] Adding 995000k swap on /dev/zram1.  Priority:5 extents:1 across:995000k SS
[   13.055540] zram2: detected capacity change from 0 to 1018884096
[   13.098541] Adding 995000k swap on /dev/zram2.  Priority:5 extents:1 across:995000k SS
[   13.111257] zram3: detected capacity change from 0 to 1018884096
[   13.146847] Adding 995000k swap on /dev/zram3.  Priority:5 extents:1 across:995000k SS
[   13.456084] IPv6: ADDRCONF(NETDEV_UP): wlan0: link is not ready
[   13.710182] IPv6: ADDRCONF(NETDEV_UP): wlan0: link is not ready
[   14.260878] Bridge firewalling registered
[   14.351070] nf_conntrack version 0.5.0 (65536 buckets, 262144 max)
[   14.785281] Netfilter messages via NETLINK v0.30.
[   14.797349] ctnetlink v0.93: registering with nfnetlink.
[   15.279359] tegradc 15200000.nvdisplay: blank - powerdown
[   15.279378] tegradc 15210000.nvdisplay: blank - powerdown
[   17.892015] fuse init (API version 7.26)
[   18.060025] ------------[ cut here ]------------
[   18.060322] WARNING: CPU: 3 PID: 6962 at /home/hiroki/top_dir/kernel_sources/Linux_for_Tegra/source/public/kernel/kernel-4.9/net/wireless/nl80211.c:14141 cfg80211_ch_switch_notify+0x150/0x170 [cfg80211]
[   18.060609] Modules linked in: fuse xt_conntrack ipt_MASQUERADE nf_nat_masquerade_ipv4 nf_conntrack_netlink nfnetlink xt_addrtype iptable_filter iptable_nat nf_conntrack_ipv4 nf_defrag_ipv4 nf_nat_ipv4 nf_nat nf_conntrack br_netfilter zram overlay userspace_alert nvgpu rtl8821au ftdi_sio cdc_acm cfg80211 spidev ar0521(O) gpio_pca953x i2c_mux_pca954x bluedroid_pm ip_tables x_tables

[   18.060754] CPU: 3 PID: 6962 Comm: RTW_CMD_THREAD Tainted: G           O    4.9.201 #1
[   18.060759] Hardware name: NVIDIA Jetson Xavier NX Developer Kit (DT)
[   18.060767] task: ffffffc1f2533800 task.stack: ffffffc1e9c78000
[   18.060903] PC is at cfg80211_ch_switch_notify+0x150/0x170 [cfg80211]
[   18.061557] LR is at rtw_cfg80211_ch_switch_notify+0x94/0x98 [rtl8821au]
[   18.061565] pc : [<ffffff8001102080>] lr : [<ffffff80012e18b0>] pstate: 60c00045
[   18.061570] sp : ffffffc1e9c7bc20
[   18.061576] x29: ffffffc1e9c7bc20 x28: ffffff8001283930 
[   18.061590] x27: ffffff800be421ac x26: ffffff80013e6870 
[   18.061604] x25: ffffff8001439dfc x24: ffffffc1f04e2000 
[   18.061618] x23: ffffffc1f2507000 x22: ffffffc1e045b800 
[   18.061631] x21: 0000000000000002 x20: ffffffc1e9c7bca8 
[   18.061644] x19: ffffffc1eb7d8000 x18: 0000000000000000 
[   18.061658] x17: 0000007f9d39e6f8 x16: 0000000000000000 
[   18.061671] x15: 000000000000002a x14: 0000000000000008 
[   18.061684] x13: 7f0201c70000002a x12: 0105c001b2fffe01 
[   18.061697] x11: 0000000000000004 x10: 0000000000000002 
[   18.061712] x9 : 0000000000000004 x8 : ffffffc1e9c7bd3a 
[   18.061726] x7 : 0000000000000000 x6 : 0000000000000001 
[   18.061739] x5 : 0000000000000040 x4 : 00000000000009b4 
[   18.061755] x3 : 0000145a00000003 x2 : ffffffc1e045d048 
[   18.061769] x1 : 0000145a00000003 x0 : 0000000000000000 

[   18.061787] ---[ end trace 2723a01bdabaa691 ]---
[   18.061911] Call trace:
[   18.062060] [<ffffff8001102080>] cfg80211_ch_switch_notify+0x150/0x170 [cfg80211]
[   18.062710] [<ffffff80012e18b0>] rtw_cfg80211_ch_switch_notify+0x94/0x98 [rtl8821au]
[   18.063330] [<ffffff8001283894>] rtw_chk_start_clnt_join+0x43c/0x4d8 [rtl8821au]
[   18.063947] [<ffffff8001283b68>] join_cmd_hdl+0x238/0x330 [rtl8821au]
[   18.064563] [<ffffff8001247550>] rtw_cmd_thread+0x308/0x608 [rtl8821au]
[   18.064579] [<ffffff80080db074>] kthread+0xec/0xf0
[   18.064590] [<ffffff80080838a0>] ret_from_fork+0x10/0x30
[   18.329010] IPv6: ADDRCONF(NETDEV_CHANGE): wlan0: link becomes ready
[   23.580838] Bluetooth: BNEP (Ethernet Emulation) ver 1.3
[   23.580857] Bluetooth: BNEP socket layer initialized
[   29.475496] EXT4-fs (mmcblk0p1): mounted filesystem with ordered data mode. Opts: (null)
[   34.138530] vdd-sdmmc1-sw: disabling
[   34.138541] vdd-1v8-cvb: disabling
[   34.138546] vdd-epb-1v0: disabling
[   34.138551] avdd-cam-2v8: disabling
[   34.138556] vdd-fan: disabling
[   34.138561] vdd_sys_en: disabling
