---- robot status ---- temperature [℃] ---- current [mA] ---- voltage [mV] ----
id 0 0 0 0 
id 1 0 0 0 
id 2 0 0 0 
id 3 0 0 0 
id 4 0 0 0 
id 5 0 0 0 
id 6 0 0 0 
id 7 0 0 0 
id 8 0 0 0 
id 9 0 0 0 
id 10 0 0 0 
id 11 0 0 0 
id 12 0 0 0 
id 13 0 0 0 
id 14 0 0 0 
id 15 0 0 0 
id 16 0 0 0 
id 17 0 0 0 
id 18 0 0 0 

 Motors which temperature is over 45℃
---------------------------------- dmesg ----------------------------------
[    0.000000] Booting Linux on physical CPU 0x0
[    0.000000] Linux version 4.9.201 (hiroki@hiroki) (gcc version 7.3.1 20180425 [linaro-7.3-2018.05 revision d29120a424ecfbc167ef90065c0eeb7f91977701] (Linaro GCC 7.3-2018.05) ) #1 SMP PREEMPT Mon May 16 20:47:32 JST 2022
[    0.000000] Boot CPU: AArch64 Processor [4e0f0040]
[    0.000000] OF: fdt:memory scan node memory, reg size 48,
[    0.000000] OF: fdt: - 80000000 ,  2c000000
[    0.000000] OF: fdt: - ac200000 ,  44800000
[    0.000000] OF: fdt: - 100000000 ,  180000000
[    0.000000] earlycon: tegra_comb_uart0 at MMIO32 0x000000000c168000 (options '')
[    0.000000] bootconsole [tegra_comb_uart0] enabled
[    0.000000] OF: fdt:Reserved memory: failed to reserve memory for node 'fb0_carveout': base 0x0000000000000000, size 0 MiB
[    0.000000] OF: fdt:Reserved memory: failed to reserve memory for node 'fb0_carveout': base 0x0000000000000000, size 0 MiB
[    0.000000] OF: fdt:Reserved memory: failed to reserve memory for node 'fb1_carveout': base 0x0000000000000000, size 0 MiB
[    0.000000] OF: fdt:Reserved memory: failed to reserve memory for node 'fb1_carveout': base 0x0000000000000000, size 0 MiB
[    0.000000] OF: fdt:Reserved memory: failed to reserve memory for node 'fb2_carveout': base 0x0000000000000000, size 0 MiB
[    0.000000] OF: fdt:Reserved memory: failed to reserve memory for node 'fb2_carveout': base 0x0000000000000000, size 0 MiB
[    0.000000] OF: fdt:Reserved memory: failed to reserve memory for node 'fb3_carveout': base 0x0000000000000000, size 0 MiB
[    0.000000] OF: fdt:Reserved memory: failed to reserve memory for node 'fb3_carveout': base 0x0000000000000000, size 0 MiB
[    0.000000] OF: reserved mem: initialized node ramoops_carveout, compatible id nvidia,ramoops
[    0.000000] OF: reserved mem: initialized node vpr-carveout, compatible id nvidia,vpr-carveout
[    0.000000] OF: reserved mem: initialized node grid-of-semaphores, compatible id nvidia,gosmem
[    0.000000] cma: Reserved 64 MiB at 0x00000000c2000000
[    0.000000] On node 0 totalpages: 2033152
[    0.000000]   DMA zone: 7192 pages used for memmap
[    0.000000]   DMA zone: 0 pages reserved
[    0.000000]   DMA zone: 460288 pages, LIFO batch:31
[    0.000000]   Normal zone: 24576 pages used for memmap
[    0.000000]   Normal zone: 1572864 pages, LIFO batch:31
[    0.000000] psci: probing for conduit method from DT.
[    0.000000] psci: PSCIv1.0 detected in firmware.
[    0.000000] psci: Using standard PSCI v0.2 function IDs
[    0.000000] psci: MIGRATE_INFO_TYPE not supported.
[    0.000000] psci: SMC Calling Convention v1.1
[    0.000000] percpu: Embedded 24 pages/cpu s57560 r8192 d32552 u98304
[    0.000000] pcpu-alloc: s57560 r8192 d32552 u98304 alloc=24*4096
[    0.000000] pcpu-alloc: [0] 0 [0] 1 [0] 2 [0] 3 [0] 4 [0] 5 
[    0.000000] Speculative Store Bypass Disable mitigation not required
[    0.000000] Built 1 zonelists in Zone order, mobility grouping on.  Total pages: 2001384
[    0.000000] Kernel command line: console=ttyTCU0,115200 video=tegrafb no_console_suspend=1 earlycon=tegra_comb_uart,mmio32,0x0c168000 gpt rootfs.slot_suffix= usbcore.old_scheme_first=1 tegraid=19.1.2.0.0 maxcpus=6 boot.slot_suffix= boot.ratchetvalues=0.4.2 vpr_resize sdhci_tegra.en_boot_part_access=1    quiet root=PARTUUID=ddbf9896-a4db-4932-8580-5f014e7f85fd rw rootwait rootfstype=ext4 console=ttyTCU0,115200n8 console=tty0 fbcon=map:0 net.ifnames=0
[    0.000000] log_buf_len individual max cpu contribution: 32768 bytes
[    0.000000] log_buf_len total cpu_extra contributions: 163840 bytes
[    0.000000] log_buf_len min size: 32768 bytes
[    0.000000] log_buf_len: 262144 bytes
[    0.000000] early log buf free: 29072(88%)
[    0.000000] PID hash table entries: 4096 (order: 3, 32768 bytes)
[    0.000000] Dentry cache hash table entries: 1048576 (order: 11, 8388608 bytes)
[    0.000000] Inode-cache hash table entries: 524288 (order: 10, 4194304 bytes)
[    0.000000] Memory: 7190728K/8132608K available (15294K kernel code, 2942K rwdata, 6716K rodata, 8576K init, 609K bss, 188216K reserved, 753664K cma-reserved)
[    0.000000] Virtual kernel memory layout:
[    0.000000]     modules : 0xffffff8000000000 - 0xffffff8008000000   (   128 MB)
[    0.000000]     vmalloc : 0xffffff8008000000 - 0xffffffbebfff0000   (   250 GB)
[    0.000000]       .text : 0xffffff8008080000 - 0xffffff8008f70000   ( 15296 KB)
[    0.000000]     .rodata : 0xffffff8008f70000 - 0xffffff8009610000   (  6784 KB)
[    0.000000]       .init : 0xffffff8009610000 - 0xffffff8009e70000   (  8576 KB)
[    0.000000]       .data : 0xffffff8009e70000 - 0xffffff800a14f808   (  2943 KB)
[    0.000000]        .bss : 0xffffff800a14f808 - 0xffffff800a1e7cbc   (   610 KB)
[    0.000000]     fixed   : 0xffffffbefe7fd000 - 0xffffffbefec00000   (  4108 KB)
[    0.000000]     PCI I/O : 0xffffffbefee00000 - 0xffffffbeffe00000   (    16 MB)
[    0.000000]     vmemmap : 0xffffffbf00000000 - 0xffffffc000000000   (     4 GB maximum)
[    0.000000]               0xffffffbf00000000 - 0xffffffbf08000000   (   128 MB actual)
[    0.000000]     memory  : 0xffffffc000000000 - 0xffffffc200000000   (  8192 MB)
[    0.000000] SLUB: HWalign=64, Order=0-3, MinObjects=0, CPUs=6, Nodes=1
[    0.000000] Preemptible hierarchical RCU implementation.
[    0.000000] 	Build-time adjustment of leaf fanout to 64.
[    0.000000] 	RCU restricting CPUs from NR_CPUS=64 to nr_cpu_ids=6.
[    0.000000] RCU: Adjusting geometry for rcu_fanout_leaf=64, nr_cpu_ids=6
[    0.000000] NR_IRQS:64 nr_irqs:64 0
[    0.000000] GIC: Using split EOI/Deactivate mode
[    0.000000] arm_arch_timer: Architected cp15 timer(s) running at 31.25MHz (phys).
[    0.000000] clocksource: arch_sys_counter: mask: 0xffffffffffffff max_cycles: 0xe6a171046, max_idle_ns: 881590405314 ns
[    0.000004] sched_clock: 56 bits at 31MHz, resolution 32ns, wraps every 4398046511088ns
[    0.000558] Console: colour dummy device 80x25
[    0.000569] console [tty0] enabled
[    0.000577] bootconsole [tegra_comb_uart0] disabled
[    0.000590] kmemleak: Kernel memory leak detector disabled
[    0.000608] Calibrating delay loop (skipped), value calculated using timer frequency.. 62.50 BogoMIPS (lpj=125000)
[    0.000624] pid_max: default: 32768 minimum: 301
[    0.001718] Security Framework initialized
[    0.002282] Mount-cache hash table entries: 16384 (order: 5, 131072 bytes)
[    0.002295] Mountpoint-cache hash table entries: 16384 (order: 5, 131072 bytes)
[    0.003950] ftrace: allocating 47179 entries in 185 pages
[    0.400447] sched-energy: Sched-energy-costs installed from DT
[    0.400473] ASID allocator initialised with 65536 entries
[    0.436579] tegra-id: chipid=21917.
[    0.436591] tegra-id: opt_subrevision=1.
[    0.436619] Tegra Revision: A02p SKU: 0xde CPU Process: 0 SoC Process: 0
[    0.436632] DTS File Name: /home/hiroki/top_dir/kernel_sources/Linux_for_Tegra/source/public/kernel/kernel-4.9/arch/arm64/boot/dts/../../../../../../hardware/nvidia/platform/t19x/jakku/kernel-dts/tegra194-p3668-all-p3509-0000-ar0521.dts
[    0.436644] DTB Build time: May 16 2022 21:04:32
[    0.483813] CPU1: Booted secondary processor [4e0f0040]
[    0.515913] CPU2: Booted secondary processor [4e0f0040]
[    0.548003] CPU3: Booted secondary processor [4e0f0040]
[    0.580255] CPU4: Booted secondary processor [4e0f0040]
[    0.612396] CPU5: Booted secondary processor [4e0f0040]
[    0.612663] Brought up 6 CPUs
[    0.612673] SMP: Total of 6 processors activated.
[    0.612683] CPU features: detected feature: Privileged Access Never
[    0.612689] CPU features: detected feature: LSE atomic instructions
[    0.612695] CPU features: detected feature: User Access Override
[    0.612701] CPU features: detected feature: 32-bit EL0 Support
[    0.614325] CPU: All CPU(s) started at EL2
[    0.614381] alternatives: patching kernel code
[    0.620747] devtmpfs: initialized
[    0.658792] Initilizing CustomIPI irq domain
[    0.659102] clocksource: jiffies: mask: 0xffffffff max_cycles: 0xffffffff, max_idle_ns: 7645041785100000 ns
[    0.659116] futex hash table entries: 2048 (order: 5, 131072 bytes)
[    0.669469] pinctrl core: initialized pinctrl subsystem
[    0.669685] OS set in device tree is not L4T.
[    0.669935] regulator-dummy: no parameters
[    0.670173] Initializing plugin-manager
[    0.670212] Plugin module not found
[    0.670242] Plugin-manager status disabled
[    0.671577] NET: Registered protocol family 16
[    0.672761] pstore: using zlib compression
[    0.672781] console [pstore-1] enabled
[    0.672786] pstore: Registered ramoops as persistent store backend
[    0.672793] ramoops: attached 0x200000@0xf0800000, ecc: 0/0
[    0.691255] cpuidle: using governor menu
[    0.692578] bpmp: waiting for handshake
[    0.692586] bpmp: handshake completed
[    0.692601] bpmp: synchronizing channels
[    0.692610] bpmp: channels synchronized
[    0.692616] bpmp: mail init ok
[    0.695600] t19x-arm-smmu 12000000.iommu: found 3 SMMUs and ISO SMMU id is 2
[    0.695787] t19x-arm-smmu 12000000.iommu: probing hardware configuration...
[    0.695793] t19x-arm-smmu 12000000.iommu: SMMUv2 with:
[    0.695824] t19x-arm-smmu 12000000.iommu: 	stage 1 translation
[    0.695831] t19x-arm-smmu 12000000.iommu: 	stage 2 translation
[    0.695838] t19x-arm-smmu 12000000.iommu: 	nested translation
[    0.695848] t19x-arm-smmu 12000000.iommu: 	stream matching with 128 register groups, mask 0x7f80
[    0.695882] t19x-arm-smmu 12000000.iommu: SMMU address space size (0x800000) differs from mapped region size (0x1000000)!
[    0.695888] t19x-arm-smmu 12000000.iommu: 	64 context banks (0 stage-2 only)
[    0.695896] t19x-arm-smmu 12000000.iommu: 	Stage-1: 39-bit VA -> 48-bit IPA
[    0.695902] t19x-arm-smmu 12000000.iommu: 	Stage-2: 39-bit IPA -> 48-bit PA
[    0.698962] vdso: 2 pages (1 code @ ffffff8008f77000, 1 data @ ffffff8009e74000)
[    0.698985] hw-breakpoint: found 6 breakpoint and 4 watchpoint registers.
[    0.701627] atomic_pool_init():622: DMA: preallocated 1024 KiB pool for atomic allocations
[    0.703173] tegra_aon_clk_init: ok
[    0.703182] Registering BPMP clocks...
[    0.703310] tegra_bpmp_clk_init: clock init ok (400 clks)
[    0.704005] Serial: AMBA PL011 UART driver
[    0.704136] tegra_powergate_init: DONE
[    0.704194] DTS File Name: /home/hiroki/top_dir/kernel_sources/Linux_for_Tegra/source/public/kernel/kernel-4.9/arch/arm64/boot/dts/../../../../../../hardware/nvidia/platform/t19x/jakku/kernel-dts/tegra194-p3668-all-p3509-0000-ar0521.dts
[    0.704205] DTB Build time: May 16 2022 21:04:32
[    0.707529] Tegra reboot handler registered.
[    0.715716] iommu: Adding device 14160000.pcie to group 0
[    0.716360] iommu: Adding device 141a0000.pcie to group 1
[    0.717753] iommu: Adding device 2490000.ether_qos to group 2
[    0.718270] iommu: Adding device 3100000.serial to group 3
[    0.718773] iommu: Adding device 3110000.serial to group 4
[    0.719164] iommu: Adding device 3140000.serial to group 5
[    0.719813] tegra-pmc c360000.pmc: scratch reg offset dts data not present
[    0.720120] tegra-pmc: get_secure_pmc_setting: done secure_pmc=0
[    0.720142] tegra-pmc: ### PMC reset source: TEGRA_SOFTWARE_RESET
[    0.720147] tegra-pmc: ### PMC reset level: TEGRA_RESET_LEVEL_L1
[    0.720152] tegra-pmc: ### PMC reset status reg: 0x2d
[    0.720212] tegra-pmc: PMC Prod config success
[    0.720448] padctrl padctrl.0: Pad control driver tegra-pmc-padctrl registered
[    0.720461] tegra-pmc c360000.pmc: IO padctrl driver initialized
[    0.720778] iommu: Adding device 3460000.sdhci to group 6
[    0.721275] iommu: Adding device 3440000.sdhci to group 7
[    0.721834] iommu: Adding device 3210000.spi to group 8
[    0.722345] iommu: Adding device 3230000.spi to group 9
[    0.722774] iommu: Adding device 3270000.spi to group 10
[    0.724009] iommu: Adding device 3160000.i2c to group 11
[    0.724483] iommu: Adding device c240000.i2c to group 12
[    0.724898] iommu: Adding device 3180000.i2c to group 13
[    0.725361] iommu: Adding device 3190000.i2c to group 14
[    0.725915] iommu: Adding device 31b0000.i2c to group 15
[    0.726343] iommu: Adding device 31c0000.i2c to group 16
[    0.726811] iommu: Adding device c250000.i2c to group 17
[    0.727258] iommu: Adding device 31e0000.i2c to group 18
[    0.727901] iommu: Adding device sound to group 19
[    0.728535] iommu: Adding device 3510000.hda to group 20
[    0.729160] iommu: Adding device bc00000.rtcpu to group 21
[    0.731641] iommu: Adding device 13e10000.host1x to group 22
[    0.732102] iommu: Adding device 13e10000.host1x:ctx0 to group 23
[    0.732470] iommu: Adding device 13e10000.host1x:ctx1 to group 24
[    0.732901] iommu: Adding device 13e10000.host1x:ctx2 to group 25
[    0.733266] iommu: Adding device 13e10000.host1x:ctx3 to group 26
[    0.733646] iommu: Adding device 13e10000.host1x:ctx4 to group 27
[    0.734004] iommu: Adding device 13e10000.host1x:ctx5 to group 28
[    0.734411] iommu: Adding device 13e10000.host1x:ctx6 to group 29
[    0.734804] iommu: Adding device 13e10000.host1x:ctx7 to group 30
[    0.735334] iommu: Adding device 15340000.vic to group 31
[    0.735825] iommu: Adding device 15380000.nvjpg to group 32
[    0.736136] iommu: Adding device 15500000.tsec to group 33
[    0.736420] iommu: Adding device 15100000.tsecb to group 34
[    0.736748] iommu: Adding device 15480000.nvdec to group 35
[    0.737029] iommu: Adding device 15140000.nvdec1 to group 36
[    0.737312] iommu: Adding device 154c0000.nvenc to group 37
[    0.737609] iommu: Adding device 15a80000.nvenc1 to group 38
[    0.738563] iommu: Adding device 15880000.nvdla0 to group 39
[    0.739006] iommu: Adding device 158c0000.nvdla1 to group 40
[    0.739651] iommu: Adding device 15200000.nvdisplay to group 41
[    0.743685] platform 15200000.nvdisplay: IOVA linear map 0x00000000c6000000(2a000000)
[    0.743771] t19x-arm-smmu: Adding 15200000.nvdisplay to ISO SMMU client
[    0.744234] iommu: Adding device 15210000.nvdisplay to group 42
[    0.744283] t19x-arm-smmu: Adding 15210000.nvdisplay to ISO SMMU client
[    0.746050] iommu: Adding device 15c10000.vi to group 43
[    0.746218] t19x-arm-smmu: Adding 15c10000.vi to ISO SMMU client
[    0.746683] iommu: Adding device 14800000.isp to group 44
[    0.747958] iommu: Adding device 16000000.pva0 to group 45
[    0.748518] iommu: Adding device 16800000.pva1 to group 46
[    0.748926] iommu: Adding device 15810000.se to group 47
[    0.749409] iommu: Adding device 15820000.se to group 48
[    0.749732] iommu: Adding device 15830000.se to group 49
[    0.750032] iommu: Adding device 15840000.se to group 50
[    0.750366] iommu: Adding device c1a0000.aon to group 51
[    0.752119] iommu: Adding device d000000.bpmp to group 52
[    0.752470] bpmp: ping status is 0
[    0.752607] bpmp d000000.bpmp: firmware tag is e73a758761f0c6d24a1e69a2ac6b5035
[    0.755640] bpmp d000000.bpmp: probe ok
[    0.757456] tegra-reset 0.bpmp_reset: registered 190 resets.
[    0.758142] iommu: Adding device smmu_test to group 53
[    0.759648] mc: mapped MMIO address: 0xffffff800a5c0000 -> 0x2c10000
[    0.759700] mc: mapped MMIO address: 0xffffff800a5e0000 -> 0x2c20000
[    0.759729] mc: mapped MMIO address: 0xffffff800a7b0000 -> 0x2c30000
[    0.759751] mc: mapped MMIO address: 0xffffff800a7d0000 -> 0x2c40000
[    0.759811] mc: mapped MMIO address: 0xffffff800b010000 -> 0x2c50000
[    0.759835] mc: mapped MMIO address: 0xffffff800b030000 -> 0x2b80000
[    0.759861] mc: mapped MMIO address: 0xffffff800b050000 -> 0x2b90000
[    0.759882] mc: mapped MMIO address: 0xffffff800b070000 -> 0x2ba0000
[    0.759905] mc: mapped MMIO address: 0xffffff800b090000 -> 0x2bb0000
[    0.759929] mc: mapped MMIO address: 0xffffff800b0b0000 -> 0x1700000
[    0.759952] mc: mapped MMIO address: 0xffffff800b0d0000 -> 0x1710000
[    0.759973] mc: mapped MMIO address: 0xffffff800b0f0000 -> 0x1720000
[    0.759997] mc: mapped MMIO address: 0xffffff800b110000 -> 0x1730000
[    0.760018] mc: mapped MMIO address: 0xffffff800b130000 -> 0x1740000
[    0.760057] mc: mapped MMIO address: 0xffffff800b150000 -> 0x1750000
[    0.760079] mc: mapped MMIO address: 0xffffff800b170000 -> 0x1760000
[    0.760106] mc: mapped MMIO address: 0xffffff800b190000 -> 0x1770000
[    0.760200] mc-err: mcerr ops are set to t19x
[    0.767609] iommu: Adding device 2600000.dma to group 54
[    0.773350] gpio gpiochip0: gpio-line-names specifies 240 line names but there are 224 lines on the chip
[    0.774633] GPIO line 339 (wifi-enable) hogged as output/high
[    0.774679] GPIO line 412 (camera-control-output-low) hogged as output/high
[    0.774711] GPIO line 412 (camera-control-output-low) hogged as output/high
[    0.775050] gpiochip_setup_dev: registered GPIOs 288 to 511 on device: gpiochip0 (tegra-gpio)
[    0.783363] gpio gpiochip1: gpio-line-names specifies 21 line names but there are 40 lines on the chip
[    0.783430] GPIO line 253 (pex-refclk-sel-low) hogged as output/low
[    0.783472] GPIO line 266 (w-disable1) hogged as output/high
[    0.783508] GPIO line 264 (w-disable2) hogged as output/high
[    0.783545] GPIO line 265 (suspend-led-gpio) hogged as output/high
[    0.783824] gpiochip_setup_dev: registered GPIOs 248 to 287 on device: gpiochip1 (tegra-gpio-aon)
[    0.786353] tegra186-aowake c370000.pmc: WAKE_AOWAKE_CNTRL_83 = 0x10a
[    0.786369] tegra186-aowake c370000.pmc: WAKE_AOWAKE_CTRL_0 = 3
[    0.786379] tegra186-aowake c370000.pmc: WAKE_AOWAKE_CNTRL_24(PMU_INT) = 256
[    0.787323] iommu: Adding device 3550000.xudc to group 55
[    0.788116] iommu: Adding device 3610000.xhci to group 56
[    0.790481] arm64_ras arm64_ras: probed
[    0.790919] ras_fhi_enable: FHI 470 enabled on CPU0
[    0.790983] ras_fhi_enable: FHI 471 enabled on CPU1
[    0.791081] ras_fhi_enable: FHI 472 enabled on CPU2
[    0.791179] ras_fhi_enable: FHI 473 enabled on CPU3
[    0.791256] ras_fhi_enable: FHI 474 enabled on CPU4
[    0.791345] ras_fhi_enable: FHI 475 enabled on CPU5
[    0.791535] carmel_ras_enable: RAS enabled on cpu0
[    0.791706] carmel_ras_enable: RAS enabled on cpu1
[    0.791907] carmel_ras_enable: RAS enabled on cpu2
[    0.792155] carmel_ras_enable: RAS enabled on cpu3
[    0.792357] carmel_ras_enable: RAS enabled on cpu4
[    0.792544] carmel_ras_enable: RAS enabled on cpu5
[    0.792626] carmel_ras carmel_ras: probed
[    0.793867] tegra-cbb 2300000.cbb-noc: noc_secure_irq = 479, noc_nonsecure_irq = 478>
[    0.794419] tegra-cbb c600000.aon-noc: noc_secure_irq = 481, noc_nonsecure_irq = 480>
[    0.795416] tegra-cbb d600000.bpmp-noc: noc_secure_irq = 483, noc_nonsecure_irq = 482>
[    0.796747] tegra-cbb be00000.rce-noc: noc_secure_irq = 485, noc_nonsecure_irq = 484>
[    0.797777] tegra-cbb b600000.sce-noc: noc_secure_irq = 487, noc_nonsecure_irq = 486>
[    0.798170] tegra-cbb 14040000.cv-noc: defer probe as CV-NOC not probed yet
[    0.799583] vdd-ac-bat: 5000 mV 
[    0.800058] vdd-sdmmc1-sw: 3300 mV 
[    0.800416] vdd-1v8-sd: 1800 mV 
[    0.800787] vdd-3v3-cvb: 3300 mV 
[    0.801120] vdd-1v8-cvb: 1800 mV 
[    0.801515] vdd-epb-1v0: supplied by vdd-3v3-cvb
[    0.801577] vdd-epb-1v0: 1000 mV 
[    0.801978] avdd-cam-2v8: 2800 mV 
[    0.802303] vdd-fan: 5000 mV 
[    0.802654] vdd-hdmi-5v0: 5000 mV 
[    0.802981] vdd_sys_en: 1200 mV 
[    0.837207] HugeTLB registered 2 MB page size, pre-allocated 0 pages
[    0.842033] eventlib_kernel: keventlib is initialized, test id: 0
[    0.842356] SCSI subsystem initialized
[    0.842676] libata version 3.00 loaded.
[    0.842964] usbcore: registered new interface driver usbfs
[    0.843040] usbcore: registered new interface driver hub
[    0.843141] usbcore: registered new device driver usb
[    0.855156] tegra-i2c 31e0000.i2c: could not find pctldev for node /host1x/dpaux@155F0000/pinmux@0, deferring probe
[    0.858140] max77620 4-003c: PMIC Version OTP:0x51 and ES:0x1
[    0.864773] vdd-1v0: at 1000 mV 
[    0.868798] vdd-1v8-hs: at 1800 mV 
[    0.872810] vdd-1v8-ls: at 1800 mV 
[    0.876865] vdd-1v8-ao: at 1800 mV 
[    0.880866] vddio-ddr-1v1: at 1100 mV 
[    0.884673] vdd-rtc: at 800 mV 
[    0.885942] spmic-ldo1: at 2375 mV 
[    0.892676] vdd-ao-3v3: at 3300 mV 
[    0.900719] vddio-emmc-3v3: at 3300 mV 
[    0.902058] spmic-ldo4: at 1587 mV 
[    0.908744] vdd-usb-3v3: at 3300 mV 
[    0.916801] vddio-sdmmc1-3v3: at 3300 mV 
[    0.920823] vdd-csi-1v2: at 1200 mV 
[    0.922031] spmic-ldo8: at 1800 mV 
[    0.926392] GPIO line 246 (gpio_default) hogged as output/high
[    0.927328] GPIO line 247 (gpio_default) hogged as output/high
[    0.927617] gpiochip_setup_dev: registered GPIOs 240 to 247 on device: gpiochip2 (max77620-gpio)
[    0.927937] max77620 4-003c: max77620 probe successful
[    0.928554] media: Linux media interface: v0.10
[    0.928598] Linux video capture interface: v2.00
[    0.930017] pps_core: LinuxPPS API ver. 1 registered
[    0.930023] pps_core: Software ver. 5.3.6 - Copyright 2005-2007 Rodolfo Giometti <giometti@linux.it>
[    0.930089] PTP clock support registered
[    0.930468] tegra_wdt_t18x 30c0000.watchdog: Expiry count is deprecated
[    0.930760] tegra_wdt_t18x 30c0000.watchdog: Tegra WDT init timeout = 120 sec
[    0.930805] tegra_wdt_t18x 30c0000.watchdog: Registered successfully
[    0.933540] trusty trusty: trusty version: Built: 08:56:10 Jul  9 2021 
[    0.933602] trusty trusty: selected api version: 3 (requested 3)
[    0.935170] Advanced Linux Sound Architecture Driver Initialized.
[    0.935717] Bluetooth: Core ver 2.22
[    0.935769] NET: Registered protocol family 31
[    0.935774] Bluetooth: HCI device and connection manager initialized
[    0.935784] Bluetooth: HCI socket layer initialized
[    0.935792] Bluetooth: L2CAP socket layer initialized
[    0.935818] Bluetooth: SCO socket layer initialized
[    0.938591] camchar: rtcpu character device driver loaded
[    0.939082] gpio tegra-gpio wake61 for gpio=201(Z:1)
[    0.939229] extcon-gpio-states external-connection:extcon@1: Cable state:0, cable id:0
[    0.940188] clocksource: Switched to clocksource arch_sys_counter
[    0.991405] VFS: Disk quotas dquot_6.6.0
[    0.991539] VFS: Dquot-cache hash table entries: 512 (order 0, 4096 bytes)
[    0.991877] nvmap_heap_init: nvmap_heap_init: created heap block cache
[    0.993208] tegra-carveouts tegra-carveouts: assigned reserved memory node grid-of-semaphores
[    0.993257] dma_declare_coherent_resizable_cma_memory:324: resizable heap=vpr, base=0x00000000c6000000, size=0x2a000000
[    0.993515] cma: enabled page replacement for spfn=c6000, epfn=f0000
[    0.993523] dma_declare_coherent_resizable_cma_memory:373: resizable cma heap=vpr create successful
[    0.993536] nvmap: nvmap_select_cache_ops() nvmap cache ops set to scf
[    0.993545] nvmap_page_pool_init: Total RAM pages: 1986098
[    0.993552] nvmap_page_pool_init: nvmap page pool size: 248262 pages (969 MB)
[    0.993738] nvmap_background_zero_thread: PP zeroing thread starting.
[    0.994183] misc nvmap: created heap vpr base 0x00000000c6000000 size (688128KiB)
[    0.996873] tegra-gpcdma 2600000.dma: GPC DMA driver register 31 channels
[    1.009904] thermal thermal_zone0: Registering thermal zone thermal_zone0 for type CPU-therm
[    1.010139] thermal thermal_zone1: Registering thermal zone thermal_zone1 for type GPU-therm
[    1.010381] thermal thermal_zone2: Registering thermal zone thermal_zone2 for type AUX-therm
[    1.010570] thermal thermal_zone3: Registering thermal zone thermal_zone3 for type AO-therm
[    1.010755] thermal thermal_zone4: Registering thermal zone thermal_zone4 for type PMIC-Die
[    1.012015] la/ptsa driver initialized.
[    1.012413] NET: Registered protocol family 2
[    1.013231] TCP established hash table entries: 65536 (order: 7, 524288 bytes)
[    1.013597] TCP bind hash table entries: 65536 (order: 8, 1048576 bytes)
[    1.014242] TCP: Hash tables configured (established 65536 bind 65536)
[    1.014288] UDP hash table entries: 4096 (order: 5, 131072 bytes)
[    1.014439] UDP-Lite hash table entries: 4096 (order: 5, 131072 bytes)
[    1.014848] NET: Registered protocol family 1
[    1.015557] RPC: Registered named UNIX socket transport module.
[    1.015563] RPC: Registered udp transport module.
[    1.015568] RPC: Registered tcp transport module.
[    1.015572] RPC: Registered tcp NFSv4.1 backchannel transport module.
[    1.015583] PCI: CLS 0 bytes, default 64
[    1.015832] Trying to unpack rootfs image as initramfs...
[    1.247501] Freeing initrd memory: 7064K
[    1.270167] host1x 13e10000.host1x: initialized
[    1.271899] hw perfevents: enabled with armv8_pmuv3 PMU driver, 7 counters available
[    1.276439] audit: initializing netlink subsys (disabled)
[    1.276479] audit: type=2000 audit(0.900:1): initialized
[    1.277230] workingset: timestamp_bits=46 max_order=21 bucket_order=0
[    1.287077] squashfs: version 4.0 (2009/01/31) Phillip Lougher
[    1.288402] ntfs: driver 2.1.32 [Flags: R/W].
[    1.289174] 9p: Installing v9fs 9p2000 file system support
[    1.294564] Block layer SCSI generic (bsg) driver version 0.4 loaded (major 240)
[    1.294748] io scheduler noop registered
[    1.295022] io scheduler cfq registered (default)
[    1.298846] gic 2a41000.agic-controller: GIC IRQ controller registered
[    1.300081] random: fast init done
[    1.332516] iommu: Adding device 2993000.adsp to group 57
[    1.446341] iommu: Adding device aconnect@2a41000:adsp_audio to group 58
[    1.447356] tegra-aconnect aconnect@2a41000: Tegra ACONNECT bus registered
[    1.461500] tegra-pwm 3280000.pwm: PWM clk can sleep in ops
[    1.462027] tegra-pwm c340000.pwm: PWM clk can sleep in ops
[    1.462694] tegra-pwm 32c0000.pwm: PWM clk can sleep in ops
[    1.463139] tegra-pwm 32d0000.pwm: PWM clk can sleep in ops
[    1.463622] tegra-pwm 32f0000.pwm: PWM clk can sleep in ops
[    1.467200] tegra_camera_platform tegra-camera-platform: tegra_camera_probe:camera_platform_driver probe
[    1.467425] misc tegra_camera_ctrl: tegra_camera_isomgr_register: some fields not in DT.
[    1.467438] misc tegra_camera_ctrl: tegra_camera_isomgr_register isp_iso_bw=0, vi_iso_bw=8350000, max_bw=8350000
[    1.470655] tsec 15500000.tsec: initialized
[    1.472321] tsec 15100000.tsecb: initialized
[    1.476375] nvdec 15480000.nvdec: initialized
[    1.479332] nvdec 15140000.nvdec1: initialized
[    1.485043] falcon 15340000.vic: initialized
[    1.486853] falcon 15380000.nvjpg: initialized
[    1.488812] falcon 154c0000.nvenc: initialized
[    1.490878] falcon 15a80000.nvenc1: initialized
[    1.494231] iommu_context_dev 13e10000.host1x:ctx0: initialized (streamid=56)
[    1.496992] iommu_context_dev 13e10000.host1x:ctx1: initialized (streamid=57)
[    1.499693] iommu_context_dev 13e10000.host1x:ctx2: initialized (streamid=58)
[    1.502449] iommu_context_dev 13e10000.host1x:ctx3: initialized (streamid=59)
[    1.505188] iommu_context_dev 13e10000.host1x:ctx4: initialized (streamid=60)
[    1.507684] iommu_context_dev 13e10000.host1x:ctx5: initialized (streamid=61)
[    1.509189] iommu_context_dev 13e10000.host1x:ctx6: initialized (streamid=62)
[    1.510670] iommu_context_dev 13e10000.host1x:ctx7: initialized (streamid=63)
[    1.514304] t194-nvcsi 15a00000.nvcsi: initialized
[    1.519687] scare-pigeon 13e10000.host1x:vi-thi@15f00000: initialized
[    1.520182] scare-pigeon 14b00000.isp-thi: initialized
[    1.526173] pva 16000000.pva0: initialized
[    1.531866] pva 16800000.pva1: initialized
[    1.537066] nvdla 15880000.nvdla0: initialized
[    1.542039] nvdla 158c0000.nvdla1: initialized
[    1.543606] tegradccommon 15200000.dc_common: host1x channel mapped
[    1.543620] tegradccommon 15200000.dc_common: dc_common syncpt # 1 allocated
[    1.543660] tegradccommon 15200000.dc_common: dma mapping done
[    1.543842] tegra_cec 3960000.tegra_cec: dt=1 start=0x03960000 end=0x03960FFF irq=78
[    1.543853] tegra_cec 3960000.tegra_cec: Unpowergate DISP: 0.
[    1.544254] tegra_cec 3960000.tegra_cec: Enable clock result: 0.
[    1.544408] tegra_cec 3960000.tegra_cec: tegra_cec_init started
[    1.544558] tegra_cec 3960000.tegra_cec: cec_add_sysfs ret=0
[    1.544566] tegra_cec 3960000.tegra_cec: probed
[    1.545232] tegradc 15200000.nvdisplay: disp0 connected to head0->/host1x/sor1
[    1.545280] generic_infoframe_type: 0x87
[    1.545375] tegradc 15200000.nvdisplay: DT parsed successfully
[    1.545411] tegradc 15200000.nvdisplay: Display dc.ffffff800bce0000 registered with id=0
[    1.550073] tegra_nvdisp_bandwidth_register_max_config: max config iso bw = 7088400 KB/s
[    1.550082] tegra_nvdisp_bandwidth_register_max_config: max config EMC floor = 800000000 Hz
[    1.550120] tegra_nvdisp_bandwidth_register_max_config: max config hubclk = 300000000 Hz
[    1.550639] tegradc 15200000.nvdisplay: vblank syncpt # 8 for dc 0
[    1.550650] tegradc 15200000.nvdisplay: vpulse3 syncpt # 9 for dc 0
[    1.553664] tegradc 15200000.nvdisplay: hdmi: invalid prod list prod_list_hdmi_board
[    1.553672] tegradc 15200000.nvdisplay: hdmi: tegra_hdmi_tmds_range_read(bd) failed
[    1.557835] tegradc 15200000.nvdisplay: probed
[    1.558002] tegra-adma 2930000.adma: Tegra210 ADMA driver registered 32 channels
[    1.558467] Console: switching to colour frame buffer device 80x30
[    1.558495] tegradc 15200000.nvdisplay: fb registered
[    1.558781] gpio tegra-gpio wake63 for gpio=97(M:1)
[    1.558816] tegra-fuse-burn 3820000.efuse:efuse-burn: shutdown limit check disabled
[    1.558825] tegra-fuse-burn 3820000.efuse:efuse-burn: Fuse burn driver initialized
[    1.559315] kfuse 3830000.kfuse: initialized
[    1.559713] tegradc 15210000.nvdisplay: disp1 connected to head1->/host1x/sor
[    1.559753] tegradc 15210000.nvdisplay: parse_dp_settings: No dp-lt-settings node
[    1.559983] tegradc 15210000.nvdisplay: DT parsed successfully
[    1.560041] tegradc 15210000.nvdisplay: Display dc.ffffff800be50000 registered with id=1
[    1.560268] tegradc 15210000.nvdisplay: vblank syncpt # 11 for dc 1
[    1.560278] tegradc 15210000.nvdisplay: vpulse3 syncpt # 12 for dc 1
[    1.566286] Serial: 8250/16550 driver, 4 ports, IRQ sharing disabled
[    1.569292] 3100000.serial: ttyTHS0 at MMIO 0x3100000 (irq = 47, base_baud = 0) is a TEGRA_UART
[    1.569520] tegradc 15210000.nvdisplay: probed
[    1.569834] tegradc 15210000.nvdisplay: fb registered
[    1.570680] 3110000.serial: ttyTHS1 at MMIO 0x3110000 (irq = 48, base_baud = 0) is a TEGRA_UART
[    1.571474] 3140000.serial: ttyTHS4 at MMIO 0x3140000 (irq = 49, base_baud = 0) is a TEGRA_UART
[    1.572656] console [ttyTCU0] enabled
[    1.572987] [drm] Initialized
[    1.573508] hpd: state 7 (Takeover from bootloader), hpd 0, pending_hpd_evt 1
[    1.573516] hpd: switching from state 7 (Takeover from bootloader) to state 0 (Reset)
[    1.573528] hpd: state 0 (Reset), hpd 0, pending_hpd_evt 0
[    1.573541] tegradc 15210000.nvdisplay: blank - powerdown
[    1.573555] extcon-disp-state external-connection:disp-state: cable 44 state 0 already set.
[    1.573559] Extcon DP: HPD disabled
[    1.573563] hpd: hpd_switch 0
[    1.573568] hpd: switching from state 0 (Reset) to state 1 (Check Plug)
[    1.573578] hpd: state 1 (Check Plug), hpd 0, pending_hpd_evt 0
[    1.573587] hpd: switching from state 1 (Check Plug) to state 3 (Disabled)
[    1.585288] brd: module loaded
[    1.590529] loop: module loaded
[    1.590613] tegra_profiler: version: 1.143, samples/io: 48/28
[    1.590739] tegra_profiler: auth: init
[    1.591469] THERMAL EST: found 3 subdevs
[    1.591476] THERMAL EST num_resources: 0
[    1.591482] [THERMAL EST subdev 0]
[    1.591487] [THERMAL EST subdev 1]
[    1.591492] [THERMAL EST subdev 2]
[    1.591502] THERMAL EST: Found 2 profiles, default profile is quiet
[    1.591825] thermal thermal_zone5: Registering thermal zone thermal_zone5 for type thermal-fan-est
[    1.591829] THERMAL EST: thz register success.
[    1.592003] THERMAL EST: end of probe, return err: 0
[    1.592732] sd: No Scsi addr parsed to reserve index
[    1.592762] hisi_sas: driver version v1.6
[    1.602941] qspi_mtd spi6.0: s25fs256s SSG 8 0 1000 2000000
[    1.602949] qspi_mtd spi6.0: s25fs256s (32768 Kbytes)
[    1.602959] qspi_mtd spi6.0: mtd .name = spi6.0, .size = 0x2000000 (32MiB) .erasesize = 0x00010000 (64KiB) .numeraseregions = 0
[    1.603273] 1 ofpart partitions found on MTD device spi6.0
[    1.603279] Creating 1 MTD partitions on "spi6.0":
[    1.603298] 0x000000000000-0x000002000000 : "Whole_flash0"
[    1.606581] libphy: Fixed MDIO Bus: probed
[    1.608462] tun: Universal TUN/TAP device driver, 1.6
[    1.608468] tun: (C) 1999-2004 Max Krasnyansky <maxk@qualcomm.com>
[    1.609288] e1000e: Intel(R) PRO/1000 Network Driver - 3.2.6-k
[    1.609294] e1000e: Copyright(c) 1999 - 2015 Intel Corporation.
[    1.609344] igb: Intel(R) Gigabit Ethernet Network Driver - version 5.4.0-k
[    1.609349] igb: Copyright (c) 2007-2014 Intel Corporation.
[    1.609383] igbvf: Intel(R) Gigabit Virtual Function Network Driver - version 2.4.0-k
[    1.609387] igbvf: Copyright (c) 2009 - 2012 Intel Corporation.
[    1.609426] Intel(R) 10GbE PCI Express Linux Network Driver - version 4.6.4
[    1.609431] Copyright(c) 1999 - 2017 Intel Corporation.
[    1.855586] eqos 2490000.ether_qos: failed to read eqos_auto_cal_config_0_reg
[    1.856195] eqos 2490000.ether_qos: Setting local MAC: 48 b0 2d 5a 79 a2
[    1.856309] libphy: dwc_phy: probed
[    1.858855] PPP generic driver version 2.4.2
[    1.859077] PPP BSD Compression module registered
[    1.859083] PPP Deflate Compression module registered
[    1.859102] PPP MPPE Compression module registered
[    1.859109] NET: Registered protocol family 24
[    1.859209] usbcore: registered new interface driver r8152
[    1.859294] usbcore: registered new interface driver asix
[    1.859378] usbcore: registered new interface driver ax88179_178a
[    1.859460] usbcore: registered new interface driver cdc_ether
[    1.859564] usbcore: registered new interface driver net1080
[    1.859639] usbcore: registered new interface driver cdc_subset
[    1.859745] usbcore: registered new interface driver zaurus
[    1.859868] usbcore: registered new interface driver cdc_ncm
[    1.860189] VFIO - User Level meta-driver version: 0.3
[    1.861753] ehci_hcd: USB 2.0 'Enhanced' Host Controller (EHCI) Driver
[    1.861771] ehci-pci: EHCI PCI platform driver
[    1.861849] ohci_hcd: USB 1.1 'Open' Host Controller (OHCI) Driver
[    1.861859] ohci-pci: OHCI PCI platform driver
[    1.861936] ohci-platform: OHCI generic platform driver
[    1.867059] tegra-xusb 3610000.xhci: USB2 port 0 has OTG_CAP
[    1.869080] tegra-xusb 3610000.xhci: extcon 0: ffffffc1f4d8c400 id
[    1.869713] usbcore: registered new interface driver uas
[    1.869776] usbcore: registered new interface driver usb-storage
[    1.869905] usbcore: registered new interface driver usbserial
[    1.871466] tegra-xusb 3610000.xhci: Firmware timestamp: 2019-07-24 05:47:34 UTC, Version: 60.06 release
[    1.871497] tegra-xusb 3610000.xhci: xHCI Host Controller
[    1.871516] tegra-xusb 3610000.xhci: new USB bus registered, assigned bus number 1
[    1.872319] tegra-xusb 3610000.xhci: hcc params 0x0184ff25 hci version 0x110 quirks 0x00050810
[    1.872362] tegra-xusb 3610000.xhci: irq 465, io mem 0x03610000
[    1.872735] usb usb1: New USB device found, idVendor=1d6b, idProduct=0002
[    1.872742] usb usb1: New USB device strings: Mfr=3, Product=2, SerialNumber=1
[    1.872749] usb usb1: Product: xHCI Host Controller
[    1.872755] usb usb1: Manufacturer: Linux 4.9.201 xhci-hcd
[    1.872761] usb usb1: SerialNumber: 3610000.xhci
[    1.873339] hub 1-0:1.0: USB hub found
[    1.873408] hub 1-0:1.0: 4 ports detected
[    1.873981] tegra-xusb 3610000.xhci: xHCI Host Controller
[    1.873994] tegra-xusb 3610000.xhci: new USB bus registered, assigned bus number 2
[    1.874003] tegra-xusb 3610000.xhci: Host supports USB 3.1 Enhanced SuperSpeed
[    1.874262] usb usb2: New USB device found, idVendor=1d6b, idProduct=0003
[    1.874269] usb usb2: New USB device strings: Mfr=3, Product=2, SerialNumber=1
[    1.874275] usb usb2: Product: xHCI Host Controller
[    1.874281] usb usb2: Manufacturer: Linux 4.9.201 xhci-hcd
[    1.874286] usb usb2: SerialNumber: 3610000.xhci
[    1.874732] tegra-xudc-new 3550000.xudc: PMQOS CPU boost enabled
[    1.874817] tegra-xudc-new 3550000.xudc: device count: 1
[    1.875012] hub 2-0:1.0: USB hub found
[    1.875058] hub 2-0:1.0: 4 ports detected
[    1.875769] Wake76 for irq=199
[    1.875775] Wake77 for irq=199
[    1.875780] Wake78 for irq=199
[    1.875788] Wake79 for irq=199
[    1.875792] Wake80 for irq=199
[    1.875796] Wake81 for irq=199
[    1.875800] Wake82 for irq=199
[    1.875875] tegra-xusb 3610000.xhci: Upgrade port 0 to USB3.0
[    1.875883] tegra-xusb 3610000.xhci: Upgrade port 1 to USB3.0
[    1.876499] tegra-xudc-new 3550000.xudc: vbus state: 0
[    1.876508] tegra-xudc-new 3550000.xudc: Initialize boost_cpufreq work
[    1.876529] tegra-xudc-new 3550000.xudc: entering ELPG
[    1.876792] tegra-xudc-new 3550000.xudc: entering ELPG done
[    1.877274] mousedev: PS/2 mouse device common for all mice
[    1.877339] usbcore: registered new interface driver xpad
[    1.976850] usb usb2: usb_suspend_both: status 0
[    2.011494] max77686-rtc max77620-rtc: rtc core: registered max77620-rtc as rtc0
[    2.013240] Wake73 for irq=42
[    2.014534] rtc rtc1: alarm rtc device
[    2.014550] tegra_rtc c2a0000.rtc: rtc core: registered c2a0000.rtc as rtc1
[    2.014590] tegra_rtc c2a0000.rtc: Tegra internal Real Time Clock
[    2.014746] i2c /dev entries driver
[    2.017592] max77620-power max20024-power: Event recorder REG_NVERC : 0x0
[    2.024821] tegra-thermal-throttle bthrot_cdev: cpufreq policy is not ready defer
[    2.025244] FAN dev name: pwm-fan
[    2.025290] FAN:gpio request success.
[    2.025323] pwm_fan_driver pwm-fan: Found 2 profiles, default profile is quiet
[    2.025363] pwm_fan_driver pwm-fan: cap state:4, cap pwm:255
[    2.025571] pwm_fan_driver pwm-fan: got pwm for fan. polarity is normal
[    2.025729] gpio tegra-gpio-aon wake39 for gpio=19(CC:3)
[    2.025858] pwm_fan_driver pwm-fan: fan tach request irq success
[    2.025871] pwm_fan_driver pwm-fan: tach period: 1000
[    2.026704] pwm_fan_driver pwm-fan: index 0: pwm=0, rpm=0, rru=40, rrd=40, state:2
[    2.026713] pwm_fan_driver pwm-fan: index 1: pwm=130, rpm=1000, rru=2, rrd=2, state:2
[    2.026720] pwm_fan_driver pwm-fan: index 2: pwm=160, rpm=2000, rru=1, rrd=1, state:2
[    2.026727] pwm_fan_driver pwm-fan: index 3: pwm=200, rpm=3000, rru=1, rrd=1, state:2
[    2.026733] pwm_fan_driver pwm-fan: index 4: pwm=255, rpm=4000, rru=1, rrd=1, state:3
[    2.026740] pwm_fan_driver pwm-fan: index 5: pwm=255, rpm=5000, rru=1, rrd=1, state:3
[    2.026747] pwm_fan_driver pwm-fan: index 6: pwm=255, rpm=6000, rru=1, rrd=1, state:3
[    2.026754] pwm_fan_driver pwm-fan: index 7: pwm=255, rpm=7000, rru=1, rrd=1, state:4
[    2.026760] pwm_fan_driver pwm-fan: index 8: pwm=255, rpm=10000, rru=1, rrd=1, state:4
[    2.026767] pwm_fan_driver pwm-fan: index 9: pwm=255, rpm=11000, rru=1, rrd=1, state:4
[    2.027688] tegra-oc-event d280000.soctherm-oc-event: OC driver initialized
[    2.028854] device-mapper: uevent: version 1.0.3
[    2.029341] device-mapper: ioctl: 4.35.0-ioctl (2016-06-23) initialised: dm-devel@redhat.com
[    2.032914] tegra194_cpufreq_probe: platform driver Initialization: pass
[    2.034111] cpuidle: Initializing cpuidle driver
[    2.035203] sdhci: Secure Digital Host Controller Interface driver
[    2.035207] sdhci: Copyright(c) Pierre Ossman
[    2.035210] sdhci-pltfm: SDHCI platform and OF driver helper
[    2.036588] sdhci-tegra 3460000.sdhci: Client registration for eMC Successful
[    2.038434] CMDQ: cmdq_platfm_init successful
[    2.038997] sdhci-tegra 3440000.sdhci: Got CD GPIO
[    2.040050] sdhci-tegra 3440000.sdhci: Client registration for eMC Successful
[    2.046290] tegra-se-elp 3ad0000.se_elp: tegra_se_elp_probe: complete
[    2.047366] tegra-se-nvhost 15810000.se: initialized
[    2.048524] tegra-se-nvhost 15810000.se: tegra_se_probe: complete
[    2.049342] tegra-se-nvhost 15820000.se: initialized
[    2.050728] tegra-se-nvhost 15820000.se: tegra_se_probe: complete
[    2.051882] tegra-se-nvhost 15830000.se: initialized
[    2.052597] tegra-se-nvhost 15830000.se: tegra_se_probe: complete
[    2.053530] tegra-se-nvhost 15840000.se: initialized
[    2.054660] tegra-se-nvhost 15840000.se: tegra_se_probe: complete
[    2.055225] hidraw: raw HID events driver (C) Jiri Kosina
[    2.056472] usbcore: registered new interface driver usbhid
[    2.056475] usbhid: USB HID core driver
[    2.060488] tegra186-cam-rtcpu bc00000.rtcpu: deferring, 14800000.isp is not probed
[    2.061656] tegra_aon c1a0000.aon: tegra aon driver probe OK
[    2.062174] tegra186-aondbg aondbg: aondbg driver probe() OK
[    2.062939] denver_knobs_init:MTS_VERSION:51035886
[    2.063149] tegra19x_actmon d230000.actmon: in actmon_register()...
[    2.063990] tegra19x_actmon d230000.actmon: initialization Completed for the device mc_all
[    2.064547] t19x_cache tegra-cache: probed
[    2.067295] misc nvmap: cvsram :dma coherent mem declare 0x0000000050000000,4194304
[    2.067305] misc nvmap: created heap cvsram base 0x0000000050000000 size (4096KiB)
[    2.068015] carmel-pmu-drv carmel-pmu: Registered Carmel PMU
[    2.068531] PLL_AON clock registered
[    2.069823] Clocks initialized successfully
[    2.071305] nvpmodel: initialized successfully
[    2.072529] trusty-virtio trusty:virtio: initializing
[    2.072748] trusty_ipc virtio0: vring0: va(pa)  ffffffc1f26dc000(0) qsz 32 notifyid 1
[    2.072759] trusty_ipc virtio0: vring1: va(pa)  ffffffc1f26de000(0) qsz 32 notifyid 2
[    2.072933] trusty-virtio trusty:virtio: initializing done
[    2.073168] trusty_ipc virtio0: is online
[    2.074111] tegra-hda 3510000.hda: Override SDO lines to 4
[    2.074506] usbcore: registered new interface driver snd-usb-audio
[    2.080204] mmc0: SDHCI controller on 3460000.sdhci [3460000.sdhci] using ADMA 64-bit with 64 bit addr
[    2.086993] input: tegra-hda-xnx HDMI/DP,pcm=3 as /devices/3510000.hda/sound/card0/input0
[    2.087271] input: tegra-hda-xnx HDMI/DP,pcm=7 as /devices/3510000.hda/sound/card0/input1
[    2.087536] input: tegra-hda-xnx HDMI/DP,pcm=8 as /devices/3510000.hda/sound/card0/input2
[    2.087797] input: tegra-hda-xnx HDMI/DP,pcm=9 as /devices/3510000.hda/sound/card0/input3
[    2.088290] gpio tegra-gpio wake51 for gpio=130(Q:2)
[    2.088346] mmc1: SDHCI controller on 3440000.sdhci [3440000.sdhci] using ADMA 64-bit with 64 bit addr
[    2.122132] mmc0: mmc_decode_ext_csd: CMDQ supported: depth: 31, cmdq_support: 1
[    2.125626] mmc1: host does not support reading read-only switch, assuming write-enable
[    2.134487] mmc0: periodic cache flush enabled
[    2.134501] mmc0: new HS400 Enhanced strobe MMC card at address 0001
[    2.135446] mmcblk0: mmc0:0001 DG4016 14.7 GiB 
[    2.135678] mmcblk0boot0: mmc0:0001 DG4016 partition 1 4.00 MiB
[    2.135907] mmcblk0boot1: mmc0:0001 DG4016 partition 2 4.00 MiB
[    2.137130] mmcblk0rpmb: mmc0:0001 DG4016 partition 3 4.00 MiB
[    2.142303]  mmcblk0: p1 p2 p3 p4 p5 p6 p7 p8 p9 p10 p11
[    2.147779] OPE platform probe
[    2.147872] OPE platform probe successful
[    2.205121] usb 1-2: new high-speed USB device number 2 using tegra-xusb
[    2.219072] tegra-asoc: sound: ADMAIF1 <-> ADMAIF1 mapping ok
[    2.219169] tegra-asoc: sound: ADMAIF2 <-> ADMAIF2 mapping ok
[    2.219252] tegra-asoc: sound: ADMAIF3 <-> ADMAIF3 mapping ok
[    2.219343] tegra-asoc: sound: ADMAIF4 <-> ADMAIF4 mapping ok
[    2.219428] tegra-asoc: sound: ADMAIF5 <-> ADMAIF5 mapping ok
[    2.219510] tegra-asoc: sound: ADMAIF6 <-> ADMAIF6 mapping ok
[    2.219602] tegra-asoc: sound: ADMAIF7 <-> ADMAIF7 mapping ok
[    2.219725] tegra-asoc: sound: ADMAIF8 <-> ADMAIF8 mapping ok
[    2.219824] tegra-asoc: sound: ADMAIF9 <-> ADMAIF9 mapping ok
[    2.219911] tegra-asoc: sound: ADMAIF10 <-> ADMAIF10 mapping ok
[    2.219994] tegra-asoc: sound: ADMAIF11 <-> ADMAIF11 mapping ok
[    2.220079] tegra-asoc: sound: ADMAIF12 <-> ADMAIF12 mapping ok
[    2.220210] tegra-asoc: sound: ADMAIF13 <-> ADMAIF13 mapping ok
[    2.220307] tegra-asoc: sound: ADMAIF14 <-> ADMAIF14 mapping ok
[    2.220424] tegra-asoc: sound: ADMAIF15 <-> ADMAIF15 mapping ok
[    2.220530] tegra-asoc: sound: ADMAIF16 <-> ADMAIF16 mapping ok
[    2.220635] tegra-asoc: sound: ADMAIF17 <-> ADMAIF17 mapping ok
[    2.220723] tegra-asoc: sound: ADMAIF18 <-> ADMAIF18 mapping ok
[    2.220807] tegra-asoc: sound: ADMAIF19 <-> ADMAIF19 mapping ok
[    2.220891] tegra-asoc: sound: ADMAIF20 <-> ADMAIF20 mapping ok
[    2.244634] usb 1-2: New USB device found, idVendor=0bda, idProduct=5411
[    2.244642] usb 1-2: New USB device strings: Mfr=1, Product=2, SerialNumber=0
[    2.244647] usb 1-2: Product: 4-Port USB 2.0 Hub
[    2.244651] usb 1-2: Manufacturer: Generic
[    2.249280] hub 1-2:1.0: USB hub found
[    2.249870] u32 classifier
[    2.249875]     Actions configured
[    2.249945] Initializing XFRM netlink socket
[    2.250566] NET: Registered protocol family 10
[    2.251305] NET: Registered protocol family 17
[    2.251317] NET: Registered protocol family 15
[    2.251374] bridge: filtering via arp/ip/ip6tables is no longer available by default. Update your scripts to load br_netfilter if you need this.
[    2.251382] hub 1-2:1.0: 4 ports detected
[    2.251474] Bluetooth: RFCOMM socket layer initialized
[    2.251490] Bluetooth: RFCOMM ver 1.11
[    2.251497] Bluetooth: HIDP (Human Interface Emulation) ver 1.2
[    2.251503] Bluetooth: HIDP socket layer initialized
[    2.251528] 9pnet: Installing 9P2000 support
[    2.251579] Key type dns_resolver registered
[    2.252480] Registered cp15_barrier emulation handler
[    2.252505] Registered setend emulation handler
[    2.254520] registered taskstats version 1
[    2.254980] tegra-pcie-dw 14160000.pcie: Setting init speed to max speed
[    2.255934] OF: PCI: host bridge /pcie@14160000 ranges:
[    2.255954] OF: PCI:    IO 0x36100000..0x361fffff -> 0x36100000
[    2.255963] OF: PCI:   MEM 0x1740000000..0x17ffffffff -> 0x40000000
[    2.255968] OF: PCI:   MEM 0x1400000000..0x173fffffff -> 0x1400000000
[    2.270962] mmc1: hw tuning done ...
[    2.271003] mmc1: new ultra high speed SDR104 SDXC card at address aaaa
[    2.271432] mmcblk1: mmc1:aaaa SR64G 59.5 GiB 
[    2.276102]  mmcblk1: p1 p2 p3 p4 p5 p6 p7 p8 p9 p10 p11
[    2.352989] usb 2-3: new SuperSpeed USB device number 2 using tegra-xusb
[    2.386923] usb 2-3: New USB device found, idVendor=0bda, idProduct=0411
[    2.386929] usb 2-3: New USB device strings: Mfr=1, Product=2, SerialNumber=0
[    2.386934] usb 2-3: Product: 2-Port USB 3.0 Hub
[    2.386939] usb 2-3: Manufacturer: Generic
[    2.397116] hub 2-3:1.0: USB hub found
[    2.399800] hub 2-3:1.0: 4 ports detected
[    2.544172] usb 1-2.1: new high-speed USB device number 3 using tegra-xusb
[    2.548191] tegra_cec 3960000.tegra_cec: Can't find physical addresse.
[    2.548197] tegra_cec 3960000.tegra_cec: tegra_cec_init Done.
[    2.564570] usb 1-2.1: New USB device found, idVendor=1a40, idProduct=0101
[    2.564577] usb 1-2.1: New USB device strings: Mfr=0, Product=1, SerialNumber=0
[    2.564581] usb 1-2.1: Product: USB 2.0 Hub
[    2.565276] hub 1-2.1:1.0: USB hub found
[    2.565342] hub 1-2.1:1.0: 4 ports detected
[    2.568192] usb 2-3: usb_suspend_both: status 0
[    2.568390] usb usb2: usb_suspend_both: status 0
[    2.768384] tegra-pcie-dw 14160000.pcie: link is down
[    2.768486] tegra-pcie-dw 14160000.pcie: PCI host bridge to bus 0004:00
[    2.768492] pci_bus 0004:00: root bus resource [bus 00-ff]
[    2.768500] pci_bus 0004:00: root bus resource [io  0x0000-0xfffff] (bus address [0x36100000-0x361fffff])
[    2.768506] pci_bus 0004:00: root bus resource [mem 0x1740000000-0x17ffffffff] (bus address [0x40000000-0xffffffff])
[    2.768510] pci_bus 0004:00: root bus resource [mem 0x1400000000-0x173fffffff pref]
[    2.768539] pci 0004:00:00.0: [10de:1ad1] type 01 class 0x060400
[    2.768707] pci 0004:00:00.0: PME# supported from D0 D3hot D3cold
[    2.768936] iommu: Adding device 0004:00:00.0 to group 59
[    2.769163] pci 0004:00:00.0: PCI bridge to [bus 01-ff]
[    2.769185] pci 0004:00:00.0: Max Payload Size set to  256/ 256 (was  256), Max Read Rq  512
[    2.769375] pcieport 0004:00:00.0: Signaling PME through PCIe PME interrupt
[    2.769382] pcie_pme 0004:00:00.0:pcie001: service driver pcie_pme loaded
[    2.769456] aer 0004:00:00.0:pcie002: service driver aer loaded
[    2.769597] pcie_pme 0004:00:00.0:pcie001: unloading service driver pcie_pme
[    2.769657] aer 0004:00:00.0:pcie002: unloading service driver aer
[    2.769744] pci_bus 0004:01: busn_res: [bus 01-ff] is released
[    2.769820] iommu: Removing device 0004:00:00.0 from group 59
[    2.769843] pci_bus 0004:00: busn_res: [bus 00-ff] is released
[    2.771565] tegra-pcie-dw 14160000.pcie: PCIe link is not up...!
[    2.772665] tegra-pcie-dw 141a0000.pcie: Setting init speed to max speed
[    2.773677] OF: PCI: host bridge /pcie@141a0000 ranges:
[    2.773698] OF: PCI:    IO 0x3a100000..0x3a1fffff -> 0x3a100000
[    2.773706] OF: PCI:   MEM 0x1f40000000..0x1fffffffff -> 0x40000000
[    2.773711] OF: PCI:   MEM 0x1c00000000..0x1f3fffffff -> 0x1c00000000
[    2.852176] usb 1-2.1.1: new high-speed USB device number 4 using tegra-xusb
[    2.872754] usb 1-2.1.1: New USB device found, idVendor=2357, idProduct=011e
[    2.872760] usb 1-2.1.1: New USB device strings: Mfr=1, Product=2, SerialNumber=3
[    2.872764] usb 1-2.1.1: Product: 802.11ac WLAN Adapter 
[    2.872768] usb 1-2.1.1: Manufacturer: Realtek 
[    2.872771] usb 1-2.1.1: SerialNumber: 00e04c000001
[    2.952178] usb 1-2.1.2: new high-speed USB device number 5 using tegra-xusb
[    2.976494] usb 1-2.1.2: New USB device found, idVendor=0403, idProduct=6011
[    2.976501] usb 1-2.1.2: New USB device strings: Mfr=1, Product=2, SerialNumber=3
[    2.976505] usb 1-2.1.2: Product: FT4232H MiniModule
[    2.976513] usb 1-2.1.2: Manufacturer: FTDI
[    2.976516] usb 1-2.1.2: SerialNumber: FT7OTTUC
[    3.084175] usb 1-2.1.4: new full-speed USB device number 6 using tegra-xusb
[    3.108115] usb 1-2.1.4: New USB device found, idVendor=2341, idProduct=8036
[    3.108122] usb 1-2.1.4: New USB device strings: Mfr=1, Product=2, SerialNumber=3
[    3.108154] usb 1-2.1.4: Product: Arduino Leonardo
[    3.108157] usb 1-2.1.4: Manufacturer: Arduino LLC
[    3.108161] usb 1-2.1.4: SerialNumber: HIDPH
[    3.111052] input: Arduino LLC Arduino Leonardo as /devices/3610000.xhci/usb1/1-2/1-2.1/1-2.1.4/1-2.1.4:1.2/0003:2341:8036.0001/input/input4
[    3.111387] hid-generic 0003:2341:8036.0001: input,hidraw0: USB HID v1.01 Joystick [Arduino LLC Arduino Leonardo] on usb-3610000.xhci-2.1.4/input2
[    3.287882] tegra-pcie-dw 141a0000.pcie: link is down
[    3.288004] tegra-pcie-dw 141a0000.pcie: PCI host bridge to bus 0005:00
[    3.288011] pci_bus 0005:00: root bus resource [bus 00-ff]
[    3.288019] pci_bus 0005:00: root bus resource [io  0x100000-0x1fffff] (bus address [0x3a100000-0x3a1fffff])
[    3.288025] pci_bus 0005:00: root bus resource [mem 0x1f40000000-0x1fffffffff] (bus address [0x40000000-0xffffffff])
[    3.288031] pci_bus 0005:00: root bus resource [mem 0x1c00000000-0x1f3fffffff pref]
[    3.288057] pci 0005:00:00.0: [10de:1ad0] type 01 class 0x060400
[    3.288248] pci 0005:00:00.0: PME# supported from D0 D3hot D3cold
[    3.288454] iommu: Adding device 0005:00:00.0 to group 59
[    3.288643] pci 0005:00:00.0: PCI bridge to [bus 01-ff]
[    3.288665] pci 0005:00:00.0: Max Payload Size set to  256/ 256 (was  256), Max Read Rq  512
[    3.288827] pcieport 0005:00:00.0: Signaling PME through PCIe PME interrupt
[    3.288834] pcie_pme 0005:00:00.0:pcie001: service driver pcie_pme loaded
[    3.288932] aer 0005:00:00.0:pcie002: service driver aer loaded
[    3.289083] pcie_pme 0005:00:00.0:pcie001: unloading service driver pcie_pme
[    3.289137] aer 0005:00:00.0:pcie002: unloading service driver aer
[    3.289239] pci_bus 0005:01: busn_res: [bus 01-ff] is released
[    3.289343] iommu: Removing device 0005:00:00.0 from group 59
[    3.289369] pci_bus 0005:00: busn_res: [bus 00-ff] is released
[    3.291641] tegra-pcie-dw 141a0000.pcie: PCIe link is not up...!
[    3.301718] tegra-cbb 14040000.cv-noc: noc_secure_irq = 91, noc_nonsecure_irq = 90>
[    3.308561] tegra194-isp5 14800000.isp: initialized
[    3.315311] tegra194-vi5 15c10000.vi: using default number of vi channels, 36
[    3.322085] tegra194-vi5 15c10000.vi: initialized
[    3.326789] tegra194-vi5 15c10000.vi: subdev 15a00000.nvcsi--2 bound
[    3.326847] tegra194-vi5 15c10000.vi: subdev 15a00000.nvcsi--1 bound
[    3.327094] tegra-thermal-throttle bthrot_cdev: clk:cpu max:1907200000, min:115200000 steps:24
[    3.331727] tegra-thermal-throttle bthrot_cdev: clk:gpu max:1109250000, min:114750000 steps:10
[    3.331743] tegra-thermal-throttle bthrot_cdev: cdev:skin-balanced clk:0:cpu off:0 slope-adj:200
[    3.331749] tegra-thermal-throttle bthrot_cdev: cdev:skin-balanced clk:1:gpu off:0 slope-adj:400
[    3.331830] tegra-thermal-throttle bthrot_cdev: cdev:skin-balanced max_state:48 cutoff:0
[    3.331858] tegra-thermal-throttle bthrot_cdev: cdev:gpu-balanced clk:0:cpu off:0 slope-adj:400
[    3.331862] tegra-thermal-throttle bthrot_cdev: cdev:gpu-balanced clk:1:gpu off:0 slope-adj:400
[    3.335937] tegra-thermal-throttle bthrot_cdev: cdev:gpu-balanced max_state:40 cutoff:1
[    3.335962] tegra-thermal-throttle bthrot_cdev: cdev:cpu-balanced clk:0:cpu off:0 slope-adj:200
[    3.335967] tegra-thermal-throttle bthrot_cdev: cdev:cpu-balanced clk:1:gpu off:365500000 slope-adj:300
[    3.336366] tegra-thermal-throttle bthrot_cdev: cdev:cpu-balanced max_state:48 cutoff:0
[    3.336404] tegra-thermal-throttle bthrot_cdev: cdev:emergency-balanced clk:0:cpu off:38400000 slope-adj:10
[    3.336409] tegra-thermal-throttle bthrot_cdev: cdev:emergency-balanced clk:1:gpu off:25500000 slope-adj:10
[    3.336783] tegra-thermal-throttle bthrot_cdev: cdev:emergency-balanced max_state:2 cutoff:0
[    3.336810] tegra-thermal-throttle bthrot_cdev: cdev:aux-balanced clk:0:cpu off:0 slope-adj:400
[    3.336815] tegra-thermal-throttle bthrot_cdev: cdev:aux-balanced clk:1:gpu off:0 slope-adj:400
[    3.337200] tegra-thermal-throttle bthrot_cdev: cdev:aux-balanced max_state:40 cutoff:1
[    3.337990] tegra186-cam-rtcpu bc00000.rtcpu: Trace buffer configured at IOVA=0xbff00000
[    3.422476] tegra-ivc ivc-bc00000.rtcpu: region 0: iova=0xbfee0000-0xbfefffff size=131072
[    3.422792] tegra-ivc ivc-bc00000.rtcpu:echo@0: echo: ver=0 grp=1 RX[16x64]=0x1000-0x1480 TX[16x64]=0x1480-0x1900
[    3.423037] tegra-ivc ivc-bc00000.rtcpu:dbg@1: dbg: ver=0 grp=1 RX[1x384]=0x1900-0x1b00 TX[1x384]=0x1b00-0x1d00
[    3.423268] tegra-ivc ivc-bc00000.rtcpu:dbg@2: dbg: ver=0 grp=1 RX[1x8192]=0x1d00-0x3d80 TX[1x8192]=0x3d80-0x5e00
[    3.423675] tegra-ivc ivc-bc00000.rtcpu:ivccontrol@3: ivccontrol: ver=0 grp=1 RX[64x320]=0x5e00-0xae80 TX[64x320]=0xae80-0xff00
[    3.423742] tegra-ivc ivc-bc00000.rtcpu:ivccapture@4: ivccapture: ver=0 grp=1 RX[512x64]=0xff00-0x17f80 TX[512x64]=0x17f80-0x20000
[    3.423914] tegra186-cam-rtcpu bc00000.rtcpu: using cam RTCPU IRQ (66)
[    3.423919] tegra186-cam-rtcpu bc00000.rtcpu: tegra_camrtc_mon_create is successful
[    3.425148] tegra186-cam-rtcpu bc00000.rtcpu: firmware version cpu=rce cmd=5 sha1=cf2bef3ad10e437272857b76308abef8ffb80bda
[    3.425603] Wake83 for irq=211
[    3.425667] gpio tegra-gpio wake67 for gpio=48(G:0)
[    3.425741] gpio tegra-gpio-aon wake29 for gpio=36(EE:4)
[    3.425868] input: gpio-keys as /devices/gpio-keys/input/input5
[    3.459989] tegra_rtc c2a0000.rtc: setting system clock to 2022-07-03 11:31:34 UTC (1656847894)
[    3.460518] mmcblk mmc0:0001: Card claimed for testing.
[    3.460526] mmcblk mmc1:aaaa: Card claimed for testing.
[    3.494826] bpmp: mounted debugfs mirror
[    3.501399] ALSA device list:
[    3.501404]   #0: tegra-hda-xnx at 0x3518000 irq 65
[    3.501407]   #1: jetson-xaviernx-ape
[    3.503206] Freeing unused kernel memory: 8576K
[    3.543464] Root device found: PARTUUID=ddbf9896-a4db-4932-8580-5f014e7f85fd
[    4.264776] EXT4-fs (mmcblk1p1): mounted filesystem with ordered data mode. Opts: (null)
[    4.272346] Rootfs mounted over PARTUUID=ddbf9896-a4db-4932-8580-5f014e7f85fd
[    4.300012] Switching from initrd to actual rootfs
[    4.551600] ip_tables: (C) 2000-2006 Netfilter Core Team
[    4.556885] cgroup: cgroup2: unknown option "nsdelegate"
[    4.569137] systemd[1]: systemd 237 running in system mode. (+PAM +AUDIT +SELINUX +IMA +APPARMOR +SMACK +SYSVINIT +UTMP +LIBCRYPTSETUP +GCRYPT +GNUTLS +ACL +XZ +LZ4 +SECCOMP +BLKID +ELFUTILS +KMOD -IDN2 +IDN -PCRE2 default-hierarchy=hybrid)
[    4.569779] systemd[1]: Detected architecture arm64.
[    4.575764] systemd[1]: Set hostname to <cit174>.
[    4.744272] systemd[1]: File /lib/systemd/system/systemd-journald.service:36 configures an IP firewall (IPAddressDeny=any), but the local system does not support BPF/cgroup based firewalling.
[    4.744285] systemd[1]: Proceeding WITHOUT firewalling in effect! (This warning is only shown for the first loaded unit using IP firewalling.)
[    4.927451] random: systemd: uninitialized urandom read (16 bytes read)
[    4.930404] systemd[1]: Created slice User and Session Slice.
[    4.930960] random: systemd: uninitialized urandom read (16 bytes read)
[    4.930991] systemd[1]: Reached target User and Group Name Lookups.
[    4.931043] random: systemd: uninitialized urandom read (16 bytes read)
[    4.931188] systemd[1]: Started Forward Password Requests to Wall Directory Watch.
[    4.931939] systemd[1]: Set up automount Arbitrary Executable File Formats File System Automount Point.
[    4.931992] systemd[1]: Reached target Swap.
[    5.002615] EXT4-fs (mmcblk1p1): re-mounted. Opts: (null)
[    5.006677] pca954x 2-0070: vcc-pullup regulator not found
[    5.006690] pca954x 2-0070: pca954x_probe: forcing device bus number, start 30.
[    5.006694] pca954x 2-0070: device detect skipped.
[    5.007414] i2c i2c-2: Added multiplexed i2c bus 30
[    5.007970] i2c i2c-2: Added multiplexed i2c bus 31
[    5.008296] i2c i2c-2: Added multiplexed i2c bus 32
[    5.008541] i2c i2c-2: Added multiplexed i2c bus 33
[    5.008546] pca954x 2-0070: registered 4 multiplexed busses for I2C switch pca9546
[    5.018942] GPIO line 224 (tca9539_74_outlow) hogged as output/low
[    5.020343] GPIO line 225 (tca9539_74_outlow) hogged as output/low
[    5.020737] GPIO line 226 (tca9539_74_outlow) hogged as output/low
[    5.020989] GPIO line 227 (tca9539_74_outlow) hogged as output/low
[    5.021245] GPIO line 228 (tca9539_74_outlow) hogged as output/low
[    5.021487] GPIO line 229 (tca9539_74_outlow) hogged as output/low
[    5.021727] GPIO line 230 (tca9539_74_outlow) hogged as output/low
[    5.021972] GPIO line 231 (tca9539_74_outlow) hogged as output/low
[    5.022277] gpiochip_setup_dev: registered GPIOs 224 to 239 on device: gpiochip3 (pca9539)
[    5.022287] pca953x 2-0074: interrupt support not compiled in
[    5.022845] tegra-i2c 3180000.i2c: no acknowledge from address 0x22
[    5.023019] pca953x 30-0022: failed reading register
[    5.023216] pca953x: probe of 30-0022 failed with error -121
[    5.025619] GPIO line 200 (tca6424_22_outlow) hogged as output/low
[    5.026384] GPIO line 201 (tca6424_22_outlow) hogged as output/low
[    5.027104] GPIO line 202 (tca6424_22_outlow) hogged as output/low
[    5.027869] GPIO line 203 (tca6424_22_outlow) hogged as output/low
[    5.028973] GPIO line 204 (tca6424_22_outlow) hogged as output/low
[    5.029820] GPIO line 205 (tca6424_22_outlow) hogged as output/low
[    5.030667] GPIO line 206 (tca6424_22_outlow) hogged as output/low
[    5.031434] GPIO line 207 (tca6424_22_outlow) hogged as output/low
[    5.031755] gpiochip_setup_dev: registered GPIOs 200 to 223 on device: gpiochip4 (tca6424)
[    5.031763] pca953x 31-0022: interrupt support not compiled in
[    5.050143] ar0521: loading out-of-tree module taints kernel.
[    5.051670] ar0521 30-0042: Unable to toggle GPIO
[    5.051833] ar0521: probe of 30-0042 failed with error -22
[    5.112902] Current Firmware Version - (50CUNANO-g3bfcc9c)
[    5.216719] cam_isp_init
[    5.339878] systemd-journald[2403]: Received request to flush runtime journal from PID 1
[    6.600482] random: crng init done
[    6.600488] random: 7 urandom warning(s) missed due to ratelimiting
[    6.797997] usbcore: registered new interface driver ftdi_sio
[    6.798132] usbserial: USB Serial support registered for FTDI USB Serial Device
[    6.798284] ftdi_sio 1-2.1.2:1.0: FTDI USB Serial Device converter detected
[    6.798419] usb 1-2.1.2: Detected FT4232H
[    6.799738] usb 1-2.1.2: FTDI USB Serial Device converter now attached to ttyUSB0
[    6.799811] ftdi_sio 1-2.1.2:1.1: FTDI USB Serial Device converter detected
[    6.799922] usb 1-2.1.2: Detected FT4232H
[    6.806025] usb 1-2.1.2: FTDI USB Serial Device converter now attached to ttyUSB1
[    6.806170] ftdi_sio 1-2.1.2:1.2: FTDI USB Serial Device converter detected
[    6.806454] usb 1-2.1.2: Detected FT4232H
[    6.806825] usb 1-2.1.2: FTDI USB Serial Device converter now attached to ttyUSB2
[    6.807222] ftdi_sio 1-2.1.2:1.3: FTDI USB Serial Device converter detected
[    6.807313] usb 1-2.1.2: Detected FT4232H
[    6.807820] usb 1-2.1.2: FTDI USB Serial Device converter now attached to ttyUSB3
[    6.870066] cdc_acm 1-2.1.4:1.0: ttyACM0: USB ACM device
[    6.870701] usbcore: registered new interface driver cdc_acm
[    6.870706] cdc_acm: USB Abstract Control Model driver for USB modems and ISDN adapters
[    7.186358] usbcore: registered new interface driver rtl8821au
[    7.973964] nvgpu: 17000000.gv11b          nvgpu_nvhost_syncpt_init:291  [INFO]  syncpt_unit_base 60000000 syncpt_unit_size 400000 size 1000

[    9.288711] ar0521 31-0042: ISP Already Initialized !! 
[    9.295062] SENSOR ID=0x0265
[    9.300004]  cam_stream_off 2180 CAM Get CMD Stream off Success !! 
[    9.379608] 0. Initialized Control 0x00980900 - Brightness 
[    9.379616] 1. Initialized Control 0x00980901 - Contrast 
[    9.379622] 2. Initialized Control 0x00980902 - Saturation 
[    9.379628] 3. Initialized Control 0x0098090c - White Balance, Automatic 
[    9.379632] 4. Initialized Control 0x00980910 - Gamma 
[    9.379639] 5. Initialized Control 0x0098091a - White Balance Temperature 
[    9.379643] 6. Initialized Control 0x0098091b - Sharpness 
[    9.379648] 7. Initialized Control 0x00980913 - Gain 
[    9.385050]  Menu Element 0 : Full FOV Auto Mode 
[    9.385056]  Menu Element 1 : Manual Mode 
[    9.385060]  Menu Element 2 : ROI Based Auto Mode 
[    9.385074] 8. Initialized Custom Ctrl 0x009a0901 - Exposure Auto 
[    9.385080] 9. Initialized Control 0x009a0902 - Exposure Time, Absolute 
[    9.385085] 10. Initialized Control 0x009a090d - Zoom, Absolute 
[    9.385090] 11. Initialized Control 0x009a0908 - Pan, Absolute 
[    9.385094] 12. Initialized Control 0x009a0909 - Tilt, Absolute 
[    9.388102] 13. Initialized Custom Ctrl 0x009a092d - Denoise 
[    9.388108] 14. Initialized Control 0x00980914 - Horizontal Flip 
[    9.388112] 15. Initialized Control 0x00980915 - Vertical Flip 
[    9.391687] 16. Initialized Custom Ctrl 0x009a0926 - ROI Exposure 
[    9.395681] 17. Initialized Custom Ctrl 0x009a0924 - ROI Window Size 
[    9.399667] 18. Initialized Custom Ctrl 0x009a0931 - Exposure Compensation 
[    9.399680] tegra194-vi5 15c10000.vi: subdev ar0521 31-0042 bound
[    9.410988] cpu-throttle-alert cooling device registered.
[    9.411393] gpu-throttle-alert cooling device registered.
[    9.411750] aux-throttle-alert cooling device registered.
[   10.787943] using random self ethernet address
[   10.788080] using random host ethernet address
[   11.530668] Mass Storage Function, version: 2009/09/11
[   11.530676] LUN: removable file: (no medium)
[   11.536110] using random self ethernet address
[   11.536352] using random host ethernet address
[   11.742913] rndis0: HOST MAC d2:6c:55:29:4d:38
[   11.743468] rndis0: MAC d2:6c:55:29:4d:39
[   11.744818] usb0: HOST MAC d2:6c:55:29:4d:3a
[   11.744856] usb0: MAC d2:6c:55:29:4d:3b
[   11.744876] tegra-xudc-new 3550000.xudc: exiting ELPG
[   11.746845] tegra-xudc-new 3550000.xudc: exiting ELPG done
[   11.746867] tegra-xudc-new 3550000.xudc: ep 0 (type: 0, dir: out) enabled
[   11.746916] tegra-xudc-new 3550000.xudc: entering ELPG
[   11.747180] tegra-xudc-new 3550000.xudc: entering ELPG done
[   11.747198] tegra-xudc-new 3550000.xudc: exiting ELPG
[   11.747659] tegra-xudc-new 3550000.xudc: exiting ELPG done
[   11.747672] tegra-xudc-new 3550000.xudc: entering ELPG
[   11.747854] tegra-xudc-new 3550000.xudc: entering ELPG done
[   11.754099] l4tbr0: port 1(rndis0) entered blocking state
[   11.754106] l4tbr0: port 1(rndis0) entered disabled state
[   11.754274] device rndis0 entered promiscuous mode
[   11.767828] l4tbr0: port 2(usb0) entered blocking state
[   11.767835] l4tbr0: port 2(usb0) entered disabled state
[   11.768577] device usb0 entered promiscuous mode
[   11.888244] IPv6: ADDRCONF(NETDEV_UP): eth0: link is not ready
[   12.201223] gpio tegra-gpio wake20 for gpio=52(G:4)
[   12.209828] IPv6: ADDRCONF(NETDEV_UP): eth0: link is not ready
[   12.223294] IPv6: ADDRCONF(NETDEV_UP): wlan0: link is not ready
[   12.668028] nvgpu: 17000000.gv11b                 tpc_pg_mask_store:843  [INFO]  no value change, same mask already set
[   12.698280] IPv6: ADDRCONF(NETDEV_UP): wlan0: link is not ready
[   12.949421] IPv6: ADDRCONF(NETDEV_UP): wlan0: link is not ready
[   13.063918] zram: Added device: zram0
[   13.068344] zram: Added device: zram1
[   13.070050] zram: Added device: zram2
[   13.070751] zram: Added device: zram3
[   13.075189] zram: Added device: zram4
[   13.078191] zram: Added device: zram5
[   13.103912] zram0: detected capacity change from 0 to 679256064
[   13.390609] Adding 663332k swap on /dev/zram0.  Priority:5 extents:1 across:663332k SS
[   13.397126] zram1: detected capacity change from 0 to 679256064
[   13.411764] Adding 663332k swap on /dev/zram1.  Priority:5 extents:1 across:663332k SS
[   13.416036] zram2: detected capacity change from 0 to 679256064
[   13.432461] Adding 663332k swap on /dev/zram2.  Priority:5 extents:1 across:663332k SS
[   13.435817] zram3: detected capacity change from 0 to 679256064
[   13.451163] Adding 663332k swap on /dev/zram3.  Priority:5 extents:1 across:663332k SS
[   13.454773] zram4: detected capacity change from 0 to 679256064
[   13.471243] Adding 663332k swap on /dev/zram4.  Priority:5 extents:1 across:663332k SS
[   13.474662] zram5: detected capacity change from 0 to 679256064
[   13.489219] Adding 663332k swap on /dev/zram5.  Priority:5 extents:1 across:663332k SS
[   14.576446] Bridge firewalling registered
[   14.666874] nf_conntrack version 0.5.0 (65536 buckets, 262144 max)
[   15.060799] Netfilter messages via NETLINK v0.30.
[   15.085370] ctnetlink v0.93: registering with nfnetlink.
[   15.415012] tegradc 15200000.nvdisplay: blank - powerdown
[   15.415024] tegradc 15210000.nvdisplay: blank - powerdown
[   17.108435] ------------[ cut here ]------------
[   17.108702] WARNING: CPU: 4 PID: 6498 at /home/hiroki/top_dir/kernel_sources/Linux_for_Tegra/source/public/kernel/kernel-4.9/net/wireless/nl80211.c:14141 cfg80211_ch_switch_notify+0x150/0x170 [cfg80211]
[   17.108997] Modules linked in: xt_conntrack ipt_MASQUERADE nf_nat_masquerade_ipv4 nf_conntrack_netlink nfnetlink xt_addrtype iptable_filter iptable_nat nf_conntrack_ipv4 nf_defrag_ipv4 nf_nat_ipv4 nf_nat nf_conntrack br_netfilter zram overlay userspace_alert nvgpu rtl8821au cfg80211 cdc_acm ftdi_sio spidev binfmt_misc ar0521(O) gpio_pca953x i2c_mux_pca954x bluedroid_pm ip_tables x_tables

[   17.109109] CPU: 4 PID: 6498 Comm: RTW_CMD_THREAD Tainted: G           O    4.9.201 #1
[   17.109113] Hardware name: NVIDIA Jetson Xavier NX Developer Kit (DT)
[   17.109119] task: ffffffc1ec8baa00 task.stack: ffffffc1e8e98000
[   17.109238] PC is at cfg80211_ch_switch_notify+0x150/0x170 [cfg80211]
[   17.109781] LR is at rtw_cfg80211_ch_switch_notify+0x94/0x98 [rtl8821au]
[   17.109786] pc : [<ffffff8001183080>] lr : [<ffffff80012e98b0>] pstate: 60c00045
[   17.109789] sp : ffffffc1e8e9bc20
[   17.109794] x29: ffffffc1e8e9bc20 x28: ffffff800128b930 
[   17.109805] x27: ffffff800bfe21ac x26: ffffff80013ee870 
[   17.109814] x25: ffffff8001441dfc x24: ffffffc1eb5ab000 
[   17.109824] x23: ffffffc1f5aed000 x22: ffffffc1de4da000 
[   17.109835] x21: 0000000000000002 x20: ffffffc1e8e9bca8 
[   17.109844] x19: ffffffc1ee850400 x18: 0000000000000000 
[   17.109854] x17: 0000007f96819070 x16: 0000000000444934 
[   17.109864] x15: 0000000000000000 x14: 0000000000000008 
[   17.109874] x13: 7f0201c70000002a x12: 0105c001b2fffe01 
[   17.109884] x11: 0000000000000004 x10: 0000000000000002 
[   17.109894] x9 : 0000000000000004 x8 : ffffffc1e8e9bd3a 
[   17.109904] x7 : 0000000000000000 x6 : 0000000000000001 
[   17.109914] x5 : 0000000000000040 x4 : 0000000000001464 
[   17.109924] x3 : 0000145a00000003 x2 : ffffffc1de4db8c8 
[   17.109934] x1 : 0000145a00000003 x0 : 0000000000000000 

[   17.109948] ---[ end trace 8586917777a477be ]---
[   17.110045] Call trace:
[   17.110166] [<ffffff8001183080>] cfg80211_ch_switch_notify+0x150/0x170 [cfg80211]
[   17.110707] [<ffffff80012e98b0>] rtw_cfg80211_ch_switch_notify+0x94/0x98 [rtl8821au]
[   17.111234] [<ffffff800128b894>] rtw_chk_start_clnt_join+0x43c/0x4d8 [rtl8821au]
[   17.111767] [<ffffff800128bb68>] join_cmd_hdl+0x238/0x330 [rtl8821au]
[   17.112278] [<ffffff800124f550>] rtw_cmd_thread+0x308/0x608 [rtl8821au]
[   17.112291] [<ffffff80080db074>] kthread+0xec/0xf0
[   17.112299] [<ffffff80080838a0>] ret_from_fork+0x10/0x30
[   17.349205] IPv6: ADDRCONF(NETDEV_CHANGE): wlan0: link becomes ready
[   17.505957] fuse init (API version 7.26)
[   17.894432] eqos 2490000.ether_qos eth0: Link is Up - 1Gbps/Full - flow control rx/tx
[   17.899680] IPv6: ADDRCONF(NETDEV_CHANGE): eth0: link becomes ready
[   22.327550] Bluetooth: BNEP (Ethernet Emulation) ver 1.3
[   22.327568] Bluetooth: BNEP socket layer initialized
[   25.458608] EXT4-fs (mmcblk0p1): mounted filesystem with ordered data mode. Opts: (null)
[   34.132277] vdd-sdmmc1-sw: disabling
[   34.132317] vdd-1v8-cvb: disabling
[   34.132322] vdd-epb-1v0: disabling
[   34.132327] avdd-cam-2v8: disabling
[   34.132332] vdd-fan: disabling
[   34.132337] vdd_sys_en: disabling
[   41.031847] nvgpu: 17000000.gv11b                 tpc_pg_mask_store:843  [INFO]  no value change, same mask already set
[  204.864270] device eth0 entered promiscuous mode
[  205.781804] device eth0 left promiscuous mode
[  315.544105] hrtimer: interrupt took 147455 ns
[  609.116430] usb 1-2.1.2: USB disconnect, device number 5
[  609.118090] ftdi_sio ttyUSB0: FTDI USB Serial Device converter now disconnected from ttyUSB0
[  609.118248] ftdi_sio 1-2.1.2:1.0: device disconnected
[  609.118976] ftdi_sio ttyUSB1: FTDI USB Serial Device converter now disconnected from ttyUSB1
[  609.119040] ftdi_sio 1-2.1.2:1.1: device disconnected
[  609.120033] ftdi_sio ttyUSB2: FTDI USB Serial Device converter now disconnected from ttyUSB2
[  609.120116] ftdi_sio 1-2.1.2:1.2: device disconnected
[  609.120845] ftdi_sio ttyUSB3: FTDI USB Serial Device converter now disconnected from ttyUSB3
[  609.120906] ftdi_sio 1-2.1.2:1.3: device disconnected
[  926.266818] usb 1-2.1.2: new high-speed USB device number 7 using tegra-xusb
[  926.291565] usb 1-2.1.2: New USB device found, idVendor=0403, idProduct=6011
[  926.291587] usb 1-2.1.2: New USB device strings: Mfr=1, Product=2, SerialNumber=3
[  926.291595] usb 1-2.1.2: Product: FT4232H MiniModule
[  926.291601] usb 1-2.1.2: Manufacturer: FTDI
[  926.291606] usb 1-2.1.2: SerialNumber: FT7OTTUC
[  926.296156] ftdi_sio 1-2.1.2:1.0: FTDI USB Serial Device converter detected
[  926.296499] usb 1-2.1.2: Detected FT4232H
[  926.297248] usb 1-2.1.2: FTDI USB Serial Device converter now attached to ttyUSB0
[  926.300225] ftdi_sio 1-2.1.2:1.1: FTDI USB Serial Device converter detected
[  926.300509] usb 1-2.1.2: Detected FT4232H
[  926.301590] usb 1-2.1.2: FTDI USB Serial Device converter now attached to ttyUSB1
[  926.303934] ftdi_sio 1-2.1.2:1.2: FTDI USB Serial Device converter detected
[  926.304097] usb 1-2.1.2: Detected FT4232H
[  926.304422] usb 1-2.1.2: FTDI USB Serial Device converter now attached to ttyUSB2
[  926.306842] ftdi_sio 1-2.1.2:1.3: FTDI USB Serial Device converter detected
[  926.306985] usb 1-2.1.2: Detected FT4232H
[  926.307293] usb 1-2.1.2: FTDI USB Serial Device converter now attached to ttyUSB3
[ 1053.634294] device eth0 entered promiscuous mode
[ 1054.681978] device eth0 left promiscuous mode
[ 1410.812635] device eth0 entered promiscuous mode
[ 1411.866529] device eth0 left promiscuous mode
[ 1725.383680] device eth0 entered promiscuous mode
[ 1726.502009] device eth0 left promiscuous mode
[ 1791.776232]  Index = 0x0000 , format = 0x59565955, width = 640, height = 480, frate num = 75 
[ 1791.855404] [RCE] vi5_hwinit: firmware CL2018101701 protocol version 2.2
[ 1792.051424] usb 2-3: usb_suspend_both: status 0
[ 1792.051641] usb usb2: usb_suspend_both: status 0
[ 1792.067706] usb usb2: usb_suspend_both: status 0
[ 1792.251335] usb 2-3: usb_suspend_both: status 0
[ 1792.251590] usb usb2: usb_suspend_both: status 0
[ 1987.343038] FAN rising trip_level:1 cur_temp:46300 trip_temps[2]:60000
[ 2040.486615] device eth0 entered promiscuous mode
[ 2041.395228] device eth0 left promiscuous mode
[ 2215.217775] device eth0 entered promiscuous mode
[ 2216.203131] device eth0 left promiscuous mode
[ 2457.548844] device eth0 entered promiscuous mode
[ 2458.625725] device eth0 left promiscuous mode
[ 2576.037238]  Index = 0x0000 , format = 0x59565955, width = 640, height = 480, frate num = 75 
[ 2576.037262] Skipping Previous mode set ... 
[ 2576.132304] [RCE] vi5_hwinit: firmware CL2018101701 protocol version 2.2
[ 2576.296292] usb 2-3: usb_suspend_both: status 0
[ 2576.296509] usb usb2: usb_suspend_both: status 0
[ 2650.528053] device eth0 entered promiscuous mode
[ 2651.646188] device eth0 left promiscuous mode
[ 2700.606389]  Index = 0x0000 , format = 0x59565955, width = 640, height = 480, frate num = 75 
[ 2700.606417] Skipping Previous mode set ... 
[ 2700.675804] [RCE] vi5_hwinit: firmware CL2018101701 protocol version 2.2
[ 2700.835814] usb 2-3: usb_suspend_both: status 0
[ 2700.836357] usb usb2: usb_suspend_both: status 0
[ 2701.019828] usb 2-3: usb_suspend_both: status 0
[ 2701.020030] usb usb2: usb_suspend_both: status 0
[ 2818.923958]  Index = 0x0000 , format = 0x59565955, width = 640, height = 480, frate num = 75 
[ 2818.924003] Skipping Previous mode set ... 
[ 2819.123385] usb 2-3: usb_suspend_both: status 0
[ 2819.123820] usb usb2: usb_suspend_both: status 0
[ 2819.307377] usb 2-3: usb_suspend_both: status 0
[ 2819.307561] usb usb2: usb_suspend_both: status 0
[ 2962.251466]  Index = 0x0000 , format = 0x59565955, width = 640, height = 480, frate num = 75 
[ 2962.251527] Skipping Previous mode set ... 
[ 2962.275018] [RCE] vi5_hwinit: firmware CL2018101701 protocol version 2.2
[ 2962.487082] usb 2-3: usb_suspend_both: status 0
[ 2962.487300] usb usb2: usb_suspend_both: status 0
[ 2962.503272] usb usb2: usb_suspend_both: status 0
[ 2962.690894] usb 2-3: usb_suspend_both: status 0
[ 2962.691120] usb usb2: usb_suspend_both: status 0
[ 2962.707676] usb usb2: usb_suspend_both: status 0
[ 3006.462449]  Index = 0x0000 , format = 0x59565955, width = 640, height = 480, frate num = 75 
[ 3006.462458] Skipping Previous mode set ... 
[ 3006.670717] usb 2-3: usb_suspend_both: status 0
[ 3006.670915] usb usb2: usb_suspend_both: status 0
[ 3006.858729] usb 2-3: usb_suspend_both: status 0
[ 3006.858941] usb usb2: usb_suspend_both: status 0
[ 3084.282331]  Index = 0x0000 , format = 0x59565955, width = 640, height = 480, frate num = 75 
[ 3084.282339] Skipping Previous mode set ... 
[ 3084.334464] [RCE] vi5_hwinit: firmware CL2018101701 protocol version 2.2
[ 3084.486568] usb 2-3: usb_suspend_both: status 0
[ 3084.486849] usb usb2: usb_suspend_both: status 0
[ 3084.502895] usb usb2: usb_suspend_both: status 0
[ 3084.682456] usb 2-3: usb_suspend_both: status 0
[ 3084.682670] usb usb2: usb_suspend_both: status 0
[ 3123.779651]  Index = 0x0000 , format = 0x59565955, width = 640, height = 480, frate num = 75 
[ 3123.779659] Skipping Previous mode set ... 
[ 3123.822334] [RCE] vi5_hwinit: firmware CL2018101701 protocol version 2.2
[ 3123.994317] usb 2-3: usb_suspend_both: status 0
[ 3123.994505] usb usb2: usb_suspend_both: status 0
[ 3378.378267] FAN cooling trip_level:0 cur_temp:37950 trip_temps[1]:46000
[ 3420.677290] device eth0 entered promiscuous mode
[ 3421.827237] device eth0 left promiscuous mode
[ 3579.172910] device eth0 entered promiscuous mode
[ 3580.151881] device eth0 left promiscuous mode
[ 3760.738319]  Index = 0x0000 , format = 0x59565955, width = 640, height = 480, frate num = 75 
[ 3760.738326] Skipping Previous mode set ... 
[ 3760.764188] [RCE] vi5_hwinit: firmware CL2018101701 protocol version 2.2
[ 3760.956179] usb 2-3: usb_suspend_both: status 0
[ 3760.956401] usb usb2: usb_suspend_both: status 0
[ 3988.678663]  Index = 0x0000 , format = 0x59565955, width = 640, height = 480, frate num = 75 
[ 3988.678672] Skipping Previous mode set ... 
[ 3988.719468] [RCE] vi5_hwinit: firmware CL2018101701 protocol version 2.2
[ 3988.891424] usb 2-3: usb_suspend_both: status 0
[ 3988.891639] usb usb2: usb_suspend_both: status 0
[ 3988.911824] usb usb2: usb_suspend_both: status 0
[ 3989.091471] usb 2-3: usb_suspend_both: status 0
[ 3989.091733] usb usb2: usb_suspend_both: status 0
[ 3989.107835] usb usb2: usb_suspend_both: status 0
[ 4005.144342] eqos 2490000.ether_qos eth0: Link is Down
[ 4088.455417] FAN rising trip_level:1 cur_temp:46100 trip_temps[2]:60000
[ 4271.014322] FAN cooling trip_level:0 cur_temp:37950 trip_temps[1]:46000
