---- robot status ---- temperature [℃] ---- current [mA] ---- voltage [mV] ----
id 0 37.79 83 11268 
id 1 35.63 57 11179 
id 2 37.17 63 11387 
id 3 36.31 92 11417 
id 4 32.83 64 11298 
id 5 43.15 71 11239 
id 6 36.48 63 11298 
id 7 37.26 63 11239 
id 8 32.99 73 11120 
id 9 36.31 58 11149 
id 10 34.54 75 11387 
id 11 36.31 62 11298 
id 12 36.82 57 11298 
id 13 33.88 64 11387 
id 14 -7650 -7650 -7650 
id 15 39.13 54 11149 
id 16 38.23 58 11358 
id 17 34.54 61 11179 
id 18 34.05 71 11149 

 Motors which temperature is over 45℃
---------------------------------- dmesg ----------------------------------
[    0.000000] Booting Linux on physical CPU 0x0
[    0.000000] Linux version 4.9.201 (hiroki@hiroki) (gcc version 7.3.1 20180425 [linaro-7.3-2018.05 revision d29120a424ecfbc167ef90065c0eeb7f91977701] (Linaro GCC 7.3-2018.05) ) #1 SMP PREEMPT Mon May 16 20:47:32 JST 2022
[    0.000000] Boot CPU: AArch64 Processor [4e0f0040]
[    0.000000] OF: fdt:memory scan node memory, reg size 48,
[    0.000000] OF: fdt: - 80000000 ,  2c000000
[    0.000000] OF: fdt: - ac200000 ,  44800000
[    0.000000] OF: fdt: - 100000000 ,  180000000
[    0.000000] earlycon: tegra_comb_uart0 at MMIO32 0x000000000c168000 (options '')
[    0.000000] bootconsole [tegra_comb_uart0] enabled
[    0.000000] OF: fdt:Reserved memory: failed to reserve memory for node 'fb0_carveout': base 0x0000000000000000, size 0 MiB
[    0.000000] OF: fdt:Reserved memory: failed to reserve memory for node 'fb0_carveout': base 0x0000000000000000, size 0 MiB
[    0.000000] OF: fdt:Reserved memory: failed to reserve memory for node 'fb1_carveout': base 0x0000000000000000, size 0 MiB
[    0.000000] OF: fdt:Reserved memory: failed to reserve memory for node 'fb1_carveout': base 0x0000000000000000, size 0 MiB
[    0.000000] OF: fdt:Reserved memory: failed to reserve memory for node 'fb2_carveout': base 0x0000000000000000, size 0 MiB
[    0.000000] OF: fdt:Reserved memory: failed to reserve memory for node 'fb2_carveout': base 0x0000000000000000, size 0 MiB
[    0.000000] OF: fdt:Reserved memory: failed to reserve memory for node 'fb3_carveout': base 0x0000000000000000, size 0 MiB
[    0.000000] OF: fdt:Reserved memory: failed to reserve memory for node 'fb3_carveout': base 0x0000000000000000, size 0 MiB
[    0.000000] OF: reserved mem: initialized node ramoops_carveout, compatible id nvidia,ramoops
[    0.000000] OF: reserved mem: initialized node vpr-carveout, compatible id nvidia,vpr-carveout
[    0.000000] OF: reserved mem: initialized node grid-of-semaphores, compatible id nvidia,gosmem
[    0.000000] cma: Reserved 64 MiB at 0x00000000c2000000
[    0.000000] On node 0 totalpages: 2033152
[    0.000000]   DMA zone: 7192 pages used for memmap
[    0.000000]   DMA zone: 0 pages reserved
[    0.000000]   DMA zone: 460288 pages, LIFO batch:31
[    0.000000]   Normal zone: 24576 pages used for memmap
[    0.000000]   Normal zone: 1572864 pages, LIFO batch:31
[    0.000000] psci: probing for conduit method from DT.
[    0.000000] psci: PSCIv1.0 detected in firmware.
[    0.000000] psci: Using standard PSCI v0.2 function IDs
[    0.000000] psci: MIGRATE_INFO_TYPE not supported.
[    0.000000] psci: SMC Calling Convention v1.1
[    0.000000] percpu: Embedded 24 pages/cpu s57560 r8192 d32552 u98304
[    0.000000] pcpu-alloc: s57560 r8192 d32552 u98304 alloc=24*4096
[    0.000000] pcpu-alloc: [0] 0 [0] 1 [0] 2 [0] 3 [0] 4 [0] 5 
[    0.000000] Speculative Store Bypass Disable mitigation not required
[    0.000000] Built 1 zonelists in Zone order, mobility grouping on.  Total pages: 2001384
[    0.000000] Kernel command line: console=ttyTCU0,115200 video=tegrafb no_console_suspend=1 earlycon=tegra_comb_uart,mmio32,0x0c168000 gpt rootfs.slot_suffix= usbcore.old_scheme_first=1 tegraid=19.1.2.0.0 maxcpus=6 boot.slot_suffix= boot.ratchetvalues=0.4.2 vpr_resize sdhci_tegra.en_boot_part_access=1    quiet root=PARTUUID=ddbf9896-a4db-4932-8580-5f014e7f85fd rw rootwait rootfstype=ext4 console=ttyTCU0,115200n8 console=tty0 fbcon=map:0 net.ifnames=0
[    0.000000] log_buf_len individual max cpu contribution: 32768 bytes
[    0.000000] log_buf_len total cpu_extra contributions: 163840 bytes
[    0.000000] log_buf_len min size: 32768 bytes
[    0.000000] log_buf_len: 262144 bytes
[    0.000000] early log buf free: 29072(88%)
[    0.000000] PID hash table entries: 4096 (order: 3, 32768 bytes)
[    0.000000] Dentry cache hash table entries: 1048576 (order: 11, 8388608 bytes)
[    0.000000] Inode-cache hash table entries: 524288 (order: 10, 4194304 bytes)
[    0.000000] Memory: 7190728K/8132608K available (15294K kernel code, 2942K rwdata, 6716K rodata, 8576K init, 609K bss, 188216K reserved, 753664K cma-reserved)
[    0.000000] Virtual kernel memory layout:
[    0.000000]     modules : 0xffffff8000000000 - 0xffffff8008000000   (   128 MB)
[    0.000000]     vmalloc : 0xffffff8008000000 - 0xffffffbebfff0000   (   250 GB)
[    0.000000]       .text : 0xffffff8008080000 - 0xffffff8008f70000   ( 15296 KB)
[    0.000000]     .rodata : 0xffffff8008f70000 - 0xffffff8009610000   (  6784 KB)
[    0.000000]       .init : 0xffffff8009610000 - 0xffffff8009e70000   (  8576 KB)
[    0.000000]       .data : 0xffffff8009e70000 - 0xffffff800a14f808   (  2943 KB)
[    0.000000]        .bss : 0xffffff800a14f808 - 0xffffff800a1e7cbc   (   610 KB)
[    0.000000]     fixed   : 0xffffffbefe7fd000 - 0xffffffbefec00000   (  4108 KB)
[    0.000000]     PCI I/O : 0xffffffbefee00000 - 0xffffffbeffe00000   (    16 MB)
[    0.000000]     vmemmap : 0xffffffbf00000000 - 0xffffffc000000000   (     4 GB maximum)
[    0.000000]               0xffffffbf00000000 - 0xffffffbf08000000   (   128 MB actual)
[    0.000000]     memory  : 0xffffffc000000000 - 0xffffffc200000000   (  8192 MB)
[    0.000000] SLUB: HWalign=64, Order=0-3, MinObjects=0, CPUs=6, Nodes=1
[    0.000000] Preemptible hierarchical RCU implementation.
[    0.000000] 	Build-time adjustment of leaf fanout to 64.
[    0.000000] 	RCU restricting CPUs from NR_CPUS=64 to nr_cpu_ids=6.
[    0.000000] RCU: Adjusting geometry for rcu_fanout_leaf=64, nr_cpu_ids=6
[    0.000000] NR_IRQS:64 nr_irqs:64 0
[    0.000000] GIC: Using split EOI/Deactivate mode
[    0.000000] arm_arch_timer: Architected cp15 timer(s) running at 31.25MHz (phys).
[    0.000000] clocksource: arch_sys_counter: mask: 0xffffffffffffff max_cycles: 0xe6a171046, max_idle_ns: 881590405314 ns
[    0.000005] sched_clock: 56 bits at 31MHz, resolution 32ns, wraps every 4398046511088ns
[    0.000678] Console: colour dummy device 80x25
[    0.000690] console [tty0] enabled
[    0.000697] bootconsole [tegra_comb_uart0] disabled
[    0.000712] kmemleak: Kernel memory leak detector disabled
[    0.000733] Calibrating delay loop (skipped), value calculated using timer frequency.. 62.50 BogoMIPS (lpj=125000)
[    0.000749] pid_max: default: 32768 minimum: 301
[    0.001842] Security Framework initialized
[    0.002405] Mount-cache hash table entries: 16384 (order: 5, 131072 bytes)
[    0.002415] Mountpoint-cache hash table entries: 16384 (order: 5, 131072 bytes)
[    0.004197] ftrace: allocating 47179 entries in 185 pages
[    0.405166] sched-energy: Sched-energy-costs installed from DT
[    0.405186] ASID allocator initialised with 65536 entries
[    0.440764] tegra-id: chipid=21917.
[    0.440776] tegra-id: opt_subrevision=1.
[    0.440803] Tegra Revision: A02p SKU: 0xde CPU Process: 0 SoC Process: 0
[    0.440817] DTS File Name: /home/hiroki/top_dir/kernel_sources/Linux_for_Tegra/source/public/kernel/kernel-4.9/arch/arm64/boot/dts/../../../../../../hardware/nvidia/platform/t19x/jakku/kernel-dts/tegra194-p3668-all-p3509-0000-ar0521.dts
[    0.440827] DTB Build time: May 16 2022 21:04:32
[    0.488670] CPU1: Booted secondary processor [4e0f0040]
[    0.520859] CPU2: Booted secondary processor [4e0f0040]
[    0.552931] CPU3: Booted secondary processor [4e0f0040]
[    0.585222] CPU4: Booted secondary processor [4e0f0040]
[    0.617244] CPU5: Booted secondary processor [4e0f0040]
[    0.617464] Brought up 6 CPUs
[    0.617501] SMP: Total of 6 processors activated.
[    0.617517] CPU features: detected feature: Privileged Access Never
[    0.617524] CPU features: detected feature: LSE atomic instructions
[    0.617530] CPU features: detected feature: User Access Override
[    0.617536] CPU features: detected feature: 32-bit EL0 Support
[    0.619025] CPU: All CPU(s) started at EL2
[    0.619088] alternatives: patching kernel code
[    0.625442] devtmpfs: initialized
[    0.663331] Initilizing CustomIPI irq domain
[    0.663559] clocksource: jiffies: mask: 0xffffffff max_cycles: 0xffffffff, max_idle_ns: 7645041785100000 ns
[    0.663572] futex hash table entries: 2048 (order: 5, 131072 bytes)
[    0.673425] pinctrl core: initialized pinctrl subsystem
[    0.673654] OS set in device tree is not L4T.
[    0.673907] regulator-dummy: no parameters
[    0.674132] Initializing plugin-manager
[    0.674195] Plugin module not found
[    0.674234] Plugin-manager status disabled
[    0.675908] NET: Registered protocol family 16
[    0.677117] pstore: using zlib compression
[    0.677137] console [pstore-1] enabled
[    0.677142] pstore: Registered ramoops as persistent store backend
[    0.677149] ramoops: attached 0x200000@0xf0800000, ecc: 0/0
[    0.691896] cpuidle: using governor menu
[    0.693533] bpmp: waiting for handshake
[    0.693540] bpmp: handshake completed
[    0.693554] bpmp: synchronizing channels
[    0.693563] bpmp: channels synchronized
[    0.693570] bpmp: mail init ok
[    0.696723] t19x-arm-smmu 12000000.iommu: found 3 SMMUs and ISO SMMU id is 2
[    0.696911] t19x-arm-smmu 12000000.iommu: probing hardware configuration...
[    0.696920] t19x-arm-smmu 12000000.iommu: SMMUv2 with:
[    0.696951] t19x-arm-smmu 12000000.iommu: 	stage 1 translation
[    0.696957] t19x-arm-smmu 12000000.iommu: 	stage 2 translation
[    0.696963] t19x-arm-smmu 12000000.iommu: 	nested translation
[    0.696973] t19x-arm-smmu 12000000.iommu: 	stream matching with 128 register groups, mask 0x7f80
[    0.697000] t19x-arm-smmu 12000000.iommu: SMMU address space size (0x800000) differs from mapped region size (0x1000000)!
[    0.697007] t19x-arm-smmu 12000000.iommu: 	64 context banks (0 stage-2 only)
[    0.697014] t19x-arm-smmu 12000000.iommu: 	Stage-1: 39-bit VA -> 48-bit IPA
[    0.697020] t19x-arm-smmu 12000000.iommu: 	Stage-2: 39-bit IPA -> 48-bit PA
[    0.700289] vdso: 2 pages (1 code @ ffffff8008f77000, 1 data @ ffffff8009e74000)
[    0.700312] hw-breakpoint: found 6 breakpoint and 4 watchpoint registers.
[    0.702859] atomic_pool_init():622: DMA: preallocated 1024 KiB pool for atomic allocations
[    0.705230] tegra_aon_clk_init: ok
[    0.705239] Registering BPMP clocks...
[    0.705335] tegra_bpmp_clk_init: clock init ok (400 clks)
[    0.706232] Serial: AMBA PL011 UART driver
[    0.706353] tegra_powergate_init: DONE
[    0.706417] DTS File Name: /home/hiroki/top_dir/kernel_sources/Linux_for_Tegra/source/public/kernel/kernel-4.9/arch/arm64/boot/dts/../../../../../../hardware/nvidia/platform/t19x/jakku/kernel-dts/tegra194-p3668-all-p3509-0000-ar0521.dts
[    0.706428] DTB Build time: May 16 2022 21:04:32
[    0.709868] Tegra reboot handler registered.
[    0.717275] iommu: Adding device 14160000.pcie to group 0
[    0.717845] iommu: Adding device 141a0000.pcie to group 1
[    0.719091] iommu: Adding device 2490000.ether_qos to group 2
[    0.719644] iommu: Adding device 3100000.serial to group 3
[    0.720192] iommu: Adding device 3110000.serial to group 4
[    0.720609] iommu: Adding device 3140000.serial to group 5
[    0.721224] tegra-pmc c360000.pmc: scratch reg offset dts data not present
[    0.721600] tegra-pmc: get_secure_pmc_setting: done secure_pmc=0
[    0.721621] tegra-pmc: ### PMC reset source: TEGRA_POWER_ON_RESET
[    0.721626] tegra-pmc: ### PMC reset level: TEGRA_RESET_LEVEL_L0
[    0.721631] tegra-pmc: ### PMC reset status reg: 0x0
[    0.721674] tegra-pmc: PMC Prod config success
[    0.721846] padctrl padctrl.0: Pad control driver tegra-pmc-padctrl registered
[    0.721859] tegra-pmc c360000.pmc: IO padctrl driver initialized
[    0.722156] iommu: Adding device 3460000.sdhci to group 6
[    0.722663] iommu: Adding device 3440000.sdhci to group 7
[    0.723084] iommu: Adding device 3210000.spi to group 8
[    0.723492] iommu: Adding device 3230000.spi to group 9
[    0.723864] iommu: Adding device 3270000.spi to group 10
[    0.724967] iommu: Adding device 3160000.i2c to group 11
[    0.725333] iommu: Adding device c240000.i2c to group 12
[    0.725772] iommu: Adding device 3180000.i2c to group 13
[    0.726211] iommu: Adding device 3190000.i2c to group 14
[    0.726709] iommu: Adding device 31b0000.i2c to group 15
[    0.727070] iommu: Adding device 31c0000.i2c to group 16
[    0.727538] iommu: Adding device c250000.i2c to group 17
[    0.727953] iommu: Adding device 31e0000.i2c to group 18
[    0.728417] iommu: Adding device sound to group 19
[    0.728915] iommu: Adding device 3510000.hda to group 20
[    0.729408] iommu: Adding device bc00000.rtcpu to group 21
[    0.731170] iommu: Adding device 13e10000.host1x to group 22
[    0.731525] iommu: Adding device 13e10000.host1x:ctx0 to group 23
[    0.731896] iommu: Adding device 13e10000.host1x:ctx1 to group 24
[    0.732204] iommu: Adding device 13e10000.host1x:ctx2 to group 25
[    0.732557] iommu: Adding device 13e10000.host1x:ctx3 to group 26
[    0.732877] iommu: Adding device 13e10000.host1x:ctx4 to group 27
[    0.733289] iommu: Adding device 13e10000.host1x:ctx5 to group 28
[    0.733621] iommu: Adding device 13e10000.host1x:ctx6 to group 29
[    0.733974] iommu: Adding device 13e10000.host1x:ctx7 to group 30
[    0.734468] iommu: Adding device 15340000.vic to group 31
[    0.734893] iommu: Adding device 15380000.nvjpg to group 32
[    0.735166] iommu: Adding device 15500000.tsec to group 33
[    0.735428] iommu: Adding device 15100000.tsecb to group 34
[    0.735683] iommu: Adding device 15480000.nvdec to group 35
[    0.735967] iommu: Adding device 15140000.nvdec1 to group 36
[    0.736225] iommu: Adding device 154c0000.nvenc to group 37
[    0.736502] iommu: Adding device 15a80000.nvenc1 to group 38
[    0.736907] iommu: Adding device 15880000.nvdla0 to group 39
[    0.737352] iommu: Adding device 158c0000.nvdla1 to group 40
[    0.737862] iommu: Adding device 15200000.nvdisplay to group 41
[    0.741908] platform 15200000.nvdisplay: IOVA linear map 0x00000000c6000000(2a000000)
[    0.741975] t19x-arm-smmu: Adding 15200000.nvdisplay to ISO SMMU client
[    0.742498] iommu: Adding device 15210000.nvdisplay to group 42
[    0.742539] t19x-arm-smmu: Adding 15210000.nvdisplay to ISO SMMU client
[    0.744216] iommu: Adding device 15c10000.vi to group 43
[    0.744379] t19x-arm-smmu: Adding 15c10000.vi to ISO SMMU client
[    0.744727] iommu: Adding device 14800000.isp to group 44
[    0.745692] iommu: Adding device 16000000.pva0 to group 45
[    0.746170] iommu: Adding device 16800000.pva1 to group 46
[    0.746537] iommu: Adding device 15810000.se to group 47
[    0.746910] iommu: Adding device 15820000.se to group 48
[    0.747172] iommu: Adding device 15830000.se to group 49
[    0.747461] iommu: Adding device 15840000.se to group 50
[    0.747715] iommu: Adding device c1a0000.aon to group 51
[    0.749300] iommu: Adding device d000000.bpmp to group 52
[    0.749617] bpmp: ping status is 0
[    0.749743] bpmp d000000.bpmp: firmware tag is e73a758761f0c6d24a1e69a2ac6b5035
[    0.752728] bpmp d000000.bpmp: probe ok
[    0.754464] tegra-reset 0.bpmp_reset: registered 190 resets.
[    0.754907] iommu: Adding device smmu_test to group 53
[    0.755905] mc: mapped MMIO address: 0xffffff800a5c0000 -> 0x2c10000
[    0.755948] mc: mapped MMIO address: 0xffffff800a5e0000 -> 0x2c20000
[    0.755965] mc: mapped MMIO address: 0xffffff800a7b0000 -> 0x2c30000
[    0.755982] mc: mapped MMIO address: 0xffffff800a7d0000 -> 0x2c40000
[    0.756001] mc: mapped MMIO address: 0xffffff800b010000 -> 0x2c50000
[    0.756018] mc: mapped MMIO address: 0xffffff800b030000 -> 0x2b80000
[    0.756033] mc: mapped MMIO address: 0xffffff800b050000 -> 0x2b90000
[    0.756049] mc: mapped MMIO address: 0xffffff800b070000 -> 0x2ba0000
[    0.756065] mc: mapped MMIO address: 0xffffff800b090000 -> 0x2bb0000
[    0.756083] mc: mapped MMIO address: 0xffffff800b0b0000 -> 0x1700000
[    0.756099] mc: mapped MMIO address: 0xffffff800b0d0000 -> 0x1710000
[    0.756115] mc: mapped MMIO address: 0xffffff800b0f0000 -> 0x1720000
[    0.756130] mc: mapped MMIO address: 0xffffff800b110000 -> 0x1730000
[    0.756146] mc: mapped MMIO address: 0xffffff800b130000 -> 0x1740000
[    0.756166] mc: mapped MMIO address: 0xffffff800b150000 -> 0x1750000
[    0.756184] mc: mapped MMIO address: 0xffffff800b170000 -> 0x1760000
[    0.756200] mc: mapped MMIO address: 0xffffff800b190000 -> 0x1770000
[    0.756279] mc-err: mcerr ops are set to t19x
[    0.762551] iommu: Adding device 2600000.dma to group 54
[    0.768096] gpio gpiochip0: gpio-line-names specifies 240 line names but there are 224 lines on the chip
[    0.769366] GPIO line 339 (wifi-enable) hogged as output/high
[    0.769410] GPIO line 412 (camera-control-output-low) hogged as output/high
[    0.769438] GPIO line 412 (camera-control-output-low) hogged as output/high
[    0.769732] gpiochip_setup_dev: registered GPIOs 288 to 511 on device: gpiochip0 (tegra-gpio)
[    0.776608] gpio gpiochip1: gpio-line-names specifies 21 line names but there are 40 lines on the chip
[    0.776679] GPIO line 253 (pex-refclk-sel-low) hogged as output/low
[    0.776715] GPIO line 266 (w-disable1) hogged as output/high
[    0.776749] GPIO line 264 (w-disable2) hogged as output/high
[    0.776782] GPIO line 265 (suspend-led-gpio) hogged as output/high
[    0.777027] gpiochip_setup_dev: registered GPIOs 248 to 287 on device: gpiochip1 (tegra-gpio-aon)
[    0.779058] tegra186-aowake c370000.pmc: WAKE_AOWAKE_CNTRL_83 = 0x10a
[    0.779070] tegra186-aowake c370000.pmc: WAKE_AOWAKE_CTRL_0 = 3
[    0.779081] tegra186-aowake c370000.pmc: WAKE_AOWAKE_CNTRL_24(PMU_INT) = 256
[    0.779853] iommu: Adding device 3550000.xudc to group 55
[    0.780585] iommu: Adding device 3610000.xhci to group 56
[    0.782787] arm64_ras arm64_ras: probed
[    0.783147] ras_fhi_enable: FHI 470 enabled on CPU0
[    0.783193] ras_fhi_enable: FHI 471 enabled on CPU1
[    0.783273] ras_fhi_enable: FHI 472 enabled on CPU2
[    0.783347] ras_fhi_enable: FHI 473 enabled on CPU3
[    0.783418] ras_fhi_enable: FHI 474 enabled on CPU4
[    0.783489] ras_fhi_enable: FHI 475 enabled on CPU5
[    0.783684] carmel_ras_enable: RAS enabled on cpu0
[    0.783853] carmel_ras_enable: RAS enabled on cpu1
[    0.784067] carmel_ras_enable: RAS enabled on cpu2
[    0.784266] carmel_ras_enable: RAS enabled on cpu3
[    0.784508] carmel_ras_enable: RAS enabled on cpu4
[    0.784699] carmel_ras_enable: RAS enabled on cpu5
[    0.784762] carmel_ras carmel_ras: probed
[    0.785978] tegra-cbb 2300000.cbb-noc: noc_secure_irq = 479, noc_nonsecure_irq = 478>
[    0.786764] tegra-cbb c600000.aon-noc: noc_secure_irq = 481, noc_nonsecure_irq = 480>
[    0.787881] tegra-cbb d600000.bpmp-noc: noc_secure_irq = 483, noc_nonsecure_irq = 482>
[    0.788947] tegra-cbb be00000.rce-noc: noc_secure_irq = 485, noc_nonsecure_irq = 484>
[    0.790353] tegra-cbb b600000.sce-noc: noc_secure_irq = 487, noc_nonsecure_irq = 486>
[    0.790771] tegra-cbb 14040000.cv-noc: defer probe as CV-NOC not probed yet
[    0.792271] vdd-ac-bat: 5000 mV 
[    0.792730] vdd-sdmmc1-sw: 3300 mV 
[    0.792998] vdd-1v8-sd: 1800 mV 
[    0.793258] vdd-3v3-cvb: 3300 mV 
[    0.793568] vdd-1v8-cvb: 1800 mV 
[    0.793925] vdd-epb-1v0: supplied by vdd-3v3-cvb
[    0.793999] vdd-epb-1v0: 1000 mV 
[    0.794415] avdd-cam-2v8: 2800 mV 
[    0.794692] vdd-fan: 5000 mV 
[    0.794948] vdd-hdmi-5v0: 5000 mV 
[    0.795265] vdd_sys_en: 1200 mV 
[    0.830669] HugeTLB registered 2 MB page size, pre-allocated 0 pages
[    0.835703] eventlib_kernel: keventlib is initialized, test id: 0
[    0.836023] SCSI subsystem initialized
[    0.836275] libata version 3.00 loaded.
[    0.836468] usbcore: registered new interface driver usbfs
[    0.836507] usbcore: registered new interface driver hub
[    0.836623] usbcore: registered new device driver usb
[    0.848557] tegra-i2c 31e0000.i2c: could not find pctldev for node /host1x/dpaux@155F0000/pinmux@0, deferring probe
[    0.851527] max77620 4-003c: PMIC Version OTP:0x51 and ES:0x1
[    0.857932] vdd-1v0: at 1000 mV 
[    0.861938] vdd-1v8-hs: at 1800 mV 
[    0.865954] vdd-1v8-ls: at 1800 mV 
[    0.870004] vdd-1v8-ao: at 1800 mV 
[    0.873993] vddio-ddr-1v1: at 1100 mV 
[    0.877820] vdd-rtc: at 800 mV 
[    0.879050] spmic-ldo1: at 2375 mV 
[    0.885828] vdd-ao-3v3: at 3300 mV 
[    0.893873] vddio-emmc-3v3: at 3300 mV 
[    0.895139] spmic-ldo4: at 1587 mV 
[    0.901913] vdd-usb-3v3: at 3300 mV 
[    0.909953] vddio-sdmmc1-3v3: at 3300 mV 
[    0.914002] vdd-csi-1v2: at 1200 mV 
[    0.915466] spmic-ldo8: at 1800 mV 
[    0.920427] GPIO line 246 (gpio_default) hogged as output/high
[    0.921773] GPIO line 247 (gpio_default) hogged as output/high
[    0.922098] gpiochip_setup_dev: registered GPIOs 240 to 247 on device: gpiochip2 (max77620-gpio)
[    0.922367] max77620 4-003c: max77620 probe successful
[    0.923120] media: Linux media interface: v0.10
[    0.923233] Linux video capture interface: v2.00
[    0.924864] pps_core: LinuxPPS API ver. 1 registered
[    0.924875] pps_core: Software ver. 5.3.6 - Copyright 2005-2007 Rodolfo Giometti <giometti@linux.it>
[    0.924923] PTP clock support registered
[    0.925174] tegra_wdt_t18x 30c0000.watchdog: Expiry count is deprecated
[    0.925442] tegra_wdt_t18x 30c0000.watchdog: Tegra WDT init timeout = 120 sec
[    0.925504] tegra_wdt_t18x 30c0000.watchdog: Registered successfully
[    0.928070] trusty trusty: trusty version: Built: 08:56:10 Jul  9 2021 
[    0.928130] trusty trusty: selected api version: 3 (requested 3)
[    0.929232] Advanced Linux Sound Architecture Driver Initialized.
[    0.929733] Bluetooth: Core ver 2.22
[    0.929801] NET: Registered protocol family 31
[    0.929820] Bluetooth: HCI device and connection manager initialized
[    0.929835] Bluetooth: HCI socket layer initialized
[    0.929848] Bluetooth: L2CAP socket layer initialized
[    0.929875] Bluetooth: SCO socket layer initialized
[    0.932300] camchar: rtcpu character device driver loaded
[    0.932819] gpio tegra-gpio wake61 for gpio=201(Z:1)
[    0.932915] extcon-gpio-states external-connection:extcon@1: Cable state:0, cable id:0
[    0.934528] clocksource: Switched to clocksource arch_sys_counter
[    0.977763] VFS: Disk quotas dquot_6.6.0
[    0.977863] VFS: Dquot-cache hash table entries: 512 (order 0, 4096 bytes)
[    0.978293] nvmap_heap_init: nvmap_heap_init: created heap block cache
[    0.979522] tegra-carveouts tegra-carveouts: assigned reserved memory node grid-of-semaphores
[    0.979581] dma_declare_coherent_resizable_cma_memory:324: resizable heap=vpr, base=0x00000000c6000000, size=0x2a000000
[    0.979804] cma: enabled page replacement for spfn=c6000, epfn=f0000
[    0.979816] dma_declare_coherent_resizable_cma_memory:373: resizable cma heap=vpr create successful
[    0.979835] nvmap: nvmap_select_cache_ops() nvmap cache ops set to scf
[    0.979847] nvmap_page_pool_init: Total RAM pages: 1986098
[    0.979857] nvmap_page_pool_init: nvmap page pool size: 248262 pages (969 MB)
[    0.980029] nvmap_background_zero_thread: PP zeroing thread starting.
[    0.980526] misc nvmap: created heap vpr base 0x00000000c6000000 size (688128KiB)
[    0.982237] tegra-gpcdma 2600000.dma: GPC DMA driver register 31 channels
[    0.994290] thermal thermal_zone0: Registering thermal zone thermal_zone0 for type CPU-therm
[    0.994577] thermal thermal_zone1: Registering thermal zone thermal_zone1 for type GPU-therm
[    0.994773] thermal thermal_zone2: Registering thermal zone thermal_zone2 for type AUX-therm
[    0.994925] thermal thermal_zone3: Registering thermal zone thermal_zone3 for type AO-therm
[    0.995077] thermal thermal_zone4: Registering thermal zone thermal_zone4 for type PMIC-Die
[    0.996238] la/ptsa driver initialized.
[    0.996605] NET: Registered protocol family 2
[    0.997424] TCP established hash table entries: 65536 (order: 7, 524288 bytes)
[    0.997778] TCP bind hash table entries: 65536 (order: 8, 1048576 bytes)
[    0.998378] TCP: Hash tables configured (established 65536 bind 65536)
[    0.998434] UDP hash table entries: 4096 (order: 5, 131072 bytes)
[    0.998614] UDP-Lite hash table entries: 4096 (order: 5, 131072 bytes)
[    0.999014] NET: Registered protocol family 1
[    0.999684] RPC: Registered named UNIX socket transport module.
[    0.999696] RPC: Registered udp transport module.
[    0.999719] RPC: Registered tcp transport module.
[    0.999730] RPC: Registered tcp NFSv4.1 backchannel transport module.
[    0.999740] PCI: CLS 0 bytes, default 64
[    1.000001] Trying to unpack rootfs image as initramfs...
[    1.234351] Freeing initrd memory: 7064K
[    1.248916] random: fast init done
[    1.253038] host1x 13e10000.host1x: initialized
[    1.254887] hw perfevents: enabled with armv8_pmuv3 PMU driver, 7 counters available
[    1.259575] audit: initializing netlink subsys (disabled)
[    1.259639] audit: type=2000 audit(0.880:1): initialized
[    1.260468] workingset: timestamp_bits=46 max_order=21 bucket_order=0
[    1.268245] squashfs: version 4.0 (2009/01/31) Phillip Lougher
[    1.269444] ntfs: driver 2.1.32 [Flags: R/W].
[    1.270056] 9p: Installing v9fs 9p2000 file system support
[    1.275123] Block layer SCSI generic (bsg) driver version 0.4 loaded (major 240)
[    1.275288] io scheduler noop registered
[    1.275526] io scheduler cfq registered (default)
[    1.279070] gic 2a41000.agic-controller: GIC IRQ controller registered
[    1.313412] iommu: Adding device 2993000.adsp to group 57
[    1.420434] iommu: Adding device aconnect@2a41000:adsp_audio to group 58
[    1.421403] tegra-aconnect aconnect@2a41000: Tegra ACONNECT bus registered
[    1.435017] tegra-pwm 3280000.pwm: PWM clk can sleep in ops
[    1.435527] tegra-pwm c340000.pwm: PWM clk can sleep in ops
[    1.436221] tegra-pwm 32c0000.pwm: PWM clk can sleep in ops
[    1.436604] tegra-pwm 32d0000.pwm: PWM clk can sleep in ops
[    1.437037] tegra-pwm 32f0000.pwm: PWM clk can sleep in ops
[    1.440869] tegra_camera_platform tegra-camera-platform: tegra_camera_probe:camera_platform_driver probe
[    1.441068] misc tegra_camera_ctrl: tegra_camera_isomgr_register: some fields not in DT.
[    1.441099] misc tegra_camera_ctrl: tegra_camera_isomgr_register isp_iso_bw=0, vi_iso_bw=8350000, max_bw=8350000
[    1.443903] tsec 15500000.tsec: initialized
[    1.445936] tsec 15100000.tsecb: initialized
[    1.449969] nvdec 15480000.nvdec: initialized
[    1.452627] nvdec 15140000.nvdec1: initialized
[    1.458699] falcon 15340000.vic: initialized
[    1.460702] falcon 15380000.nvjpg: initialized
[    1.462555] falcon 154c0000.nvenc: initialized
[    1.464424] falcon 15a80000.nvenc1: initialized
[    1.467390] iommu_context_dev 13e10000.host1x:ctx0: initialized (streamid=56)
[    1.468782] iommu_context_dev 13e10000.host1x:ctx1: initialized (streamid=57)
[    1.470212] iommu_context_dev 13e10000.host1x:ctx2: initialized (streamid=58)
[    1.471639] iommu_context_dev 13e10000.host1x:ctx3: initialized (streamid=59)
[    1.472991] iommu_context_dev 13e10000.host1x:ctx4: initialized (streamid=60)
[    1.474478] iommu_context_dev 13e10000.host1x:ctx5: initialized (streamid=61)
[    1.475827] iommu_context_dev 13e10000.host1x:ctx6: initialized (streamid=62)
[    1.477210] iommu_context_dev 13e10000.host1x:ctx7: initialized (streamid=63)
[    1.480775] t194-nvcsi 15a00000.nvcsi: initialized
[    1.485836] scare-pigeon 13e10000.host1x:vi-thi@15f00000: initialized
[    1.486166] scare-pigeon 14b00000.isp-thi: initialized
[    1.491896] pva 16000000.pva0: initialized
[    1.497779] pva 16800000.pva1: initialized
[    1.502752] nvdla 15880000.nvdla0: initialized
[    1.507605] nvdla 158c0000.nvdla1: initialized
[    1.509073] tegradccommon 15200000.dc_common: host1x channel mapped
[    1.509091] tegradccommon 15200000.dc_common: dc_common syncpt # 1 allocated
[    1.509144] tegradccommon 15200000.dc_common: dma mapping done
[    1.509957] tegradc 15200000.nvdisplay: disp0 connected to head0->/host1x/sor1
[    1.509990] generic_infoframe_type: 0x87
[    1.510085] tegradc 15200000.nvdisplay: DT parsed successfully
[    1.510120] tegradc 15200000.nvdisplay: Display dc.ffffff800bce0000 registered with id=0
[    1.513839] tegra_nvdisp_bandwidth_register_max_config: max config iso bw = 7088400 KB/s
[    1.513875] tegra_nvdisp_bandwidth_register_max_config: max config EMC floor = 800000000 Hz
[    1.513885] tegra_nvdisp_bandwidth_register_max_config: max config hubclk = 300000000 Hz
[    1.514112] tegradc 15200000.nvdisplay: vblank syncpt # 8 for dc 0
[    1.514123] tegradc 15200000.nvdisplay: vpulse3 syncpt # 9 for dc 0
[    1.517031] tegradc 15200000.nvdisplay: hdmi: invalid prod list prod_list_hdmi_board
[    1.517041] tegradc 15200000.nvdisplay: hdmi: tegra_hdmi_tmds_range_read(bd) failed
[    1.520654] tegradc 15200000.nvdisplay: probed
[    1.521194] Console: switching to colour frame buffer device 80x30
[    1.521237] tegradc 15200000.nvdisplay: fb registered
[    1.521511] gpio tegra-gpio wake63 for gpio=97(M:1)
[    1.522007] tegradc 15210000.nvdisplay: disp1 connected to head1->/host1x/sor
[    1.522060] tegradc 15210000.nvdisplay: parse_dp_settings: No dp-lt-settings node
[    1.522162] tegradc 15210000.nvdisplay: DT parsed successfully
[    1.522194] tegradc 15210000.nvdisplay: Display dc.ffffff800bdd0000 registered with id=1
[    1.522394] tegradc 15210000.nvdisplay: vblank syncpt # 11 for dc 1
[    1.522426] tegradc 15210000.nvdisplay: vpulse3 syncpt # 12 for dc 1
[    1.531661] tegradc 15210000.nvdisplay: probed
[    1.531946] tegradc 15210000.nvdisplay: fb registered
[    1.535429] hpd: state 7 (Takeover from bootloader), hpd 0, pending_hpd_evt 1
[    1.535443] hpd: switching from state 7 (Takeover from bootloader) to state 0 (Reset)
[    1.535460] hpd: state 0 (Reset), hpd 0, pending_hpd_evt 0
[    1.535476] tegradc 15210000.nvdisplay: blank - powerdown
[    1.535491] extcon-disp-state external-connection:disp-state: cable 44 state 0 already set.
[    1.535498] Extcon DP: HPD disabled
[    1.535539] hpd: hpd_switch 0
[    1.535551] hpd: switching from state 0 (Reset) to state 1 (Check Plug)
[    1.535568] hpd: state 1 (Check Plug), hpd 0, pending_hpd_evt 0
[    1.535581] hpd: switching from state 1 (Check Plug) to state 3 (Disabled)
[    1.535867] tegra_cec 3960000.tegra_cec: dt=1 start=0x03960000 end=0x03960FFF irq=78
[    1.535877] tegra_cec 3960000.tegra_cec: Unpowergate DISP: 0.
[    1.536188] tegra_cec 3960000.tegra_cec: Enable clock result: 0.
[    1.536347] tegra_cec 3960000.tegra_cec: tegra_cec_init started
[    1.536493] tegra_cec 3960000.tegra_cec: cec_add_sysfs ret=0
[    1.536527] tegra_cec 3960000.tegra_cec: probed
[    1.545208] tegra-adma 2930000.adma: Tegra210 ADMA driver registered 32 channels
[    1.545940] tegra-fuse-burn 3820000.efuse:efuse-burn: shutdown limit check disabled
[    1.545950] tegra-fuse-burn 3820000.efuse:efuse-burn: Fuse burn driver initialized
[    1.546294] kfuse 3830000.kfuse: initialized
[    1.551892] Serial: 8250/16550 driver, 4 ports, IRQ sharing disabled
[    1.554653] 3100000.serial: ttyTHS0 at MMIO 0x3100000 (irq = 47, base_baud = 0) is a TEGRA_UART
[    1.555778] 3110000.serial: ttyTHS1 at MMIO 0x3110000 (irq = 48, base_baud = 0) is a TEGRA_UART
[    1.556599] 3140000.serial: ttyTHS4 at MMIO 0x3140000 (irq = 49, base_baud = 0) is a TEGRA_UART
[    1.557713] console [ttyTCU0] enabled
[    1.558029] [drm] Initialized
[    1.568956] brd: module loaded
[    1.573523] loop: module loaded
[    1.573608] tegra_profiler: version: 1.143, samples/io: 48/28
[    1.573758] tegra_profiler: auth: init
[    1.574349] THERMAL EST: found 3 subdevs
[    1.574363] THERMAL EST num_resources: 0
[    1.574374] [THERMAL EST subdev 0]
[    1.574399] [THERMAL EST subdev 1]
[    1.574417] [THERMAL EST subdev 2]
[    1.574440] THERMAL EST: Found 2 profiles, default profile is quiet
[    1.574761] thermal thermal_zone5: Registering thermal zone thermal_zone5 for type thermal-fan-est
[    1.574786] THERMAL EST: thz register success.
[    1.574978] THERMAL EST: end of probe, return err: 0
[    1.575672] sd: No Scsi addr parsed to reserve index
[    1.575702] hisi_sas: driver version v1.6
[    1.586118] qspi_mtd spi6.0: s25fs256s SSG 8 0 1000 2000000
[    1.586153] qspi_mtd spi6.0: s25fs256s (32768 Kbytes)
[    1.586164] qspi_mtd spi6.0: mtd .name = spi6.0, .size = 0x2000000 (32MiB) .erasesize = 0x00010000 (64KiB) .numeraseregions = 0
[    1.586448] 1 ofpart partitions found on MTD device spi6.0
[    1.586455] Creating 1 MTD partitions on "spi6.0":
[    1.586522] 0x000000000000-0x000002000000 : "Whole_flash0"
[    1.588843] libphy: Fixed MDIO Bus: probed
[    1.590459] tun: Universal TUN/TAP device driver, 1.6
[    1.590464] tun: (C) 1999-2004 Max Krasnyansky <maxk@qualcomm.com>
[    1.591223] e1000e: Intel(R) PRO/1000 Network Driver - 3.2.6-k
[    1.591229] e1000e: Copyright(c) 1999 - 2015 Intel Corporation.
[    1.591300] igb: Intel(R) Gigabit Ethernet Network Driver - version 5.4.0-k
[    1.591305] igb: Copyright (c) 2007-2014 Intel Corporation.
[    1.591348] igbvf: Intel(R) Gigabit Virtual Function Network Driver - version 2.4.0-k
[    1.591352] igbvf: Copyright (c) 2009 - 2012 Intel Corporation.
[    1.591388] Intel(R) 10GbE PCI Express Linux Network Driver - version 4.6.4
[    1.591393] Copyright(c) 1999 - 2017 Intel Corporation.
[    1.837668] eqos 2490000.ether_qos: failed to read eqos_auto_cal_config_0_reg
[    1.838215] eqos 2490000.ether_qos: Setting local MAC: 48 b0 2d 5a 79 a2
[    1.838372] libphy: dwc_phy: probed
[    1.841008] PPP generic driver version 2.4.2
[    1.841217] PPP BSD Compression module registered
[    1.841225] PPP Deflate Compression module registered
[    1.841243] PPP MPPE Compression module registered
[    1.841249] NET: Registered protocol family 24
[    1.841360] usbcore: registered new interface driver r8152
[    1.841400] usbcore: registered new interface driver asix
[    1.841442] usbcore: registered new interface driver ax88179_178a
[    1.841472] usbcore: registered new interface driver cdc_ether
[    1.841497] usbcore: registered new interface driver net1080
[    1.841526] usbcore: registered new interface driver cdc_subset
[    1.841550] usbcore: registered new interface driver zaurus
[    1.841585] usbcore: registered new interface driver cdc_ncm
[    1.841818] VFIO - User Level meta-driver version: 0.3
[    1.843082] ehci_hcd: USB 2.0 'Enhanced' Host Controller (EHCI) Driver
[    1.843099] ehci-pci: EHCI PCI platform driver
[    1.843129] ohci_hcd: USB 1.1 'Open' Host Controller (OHCI) Driver
[    1.843138] ohci-pci: OHCI PCI platform driver
[    1.843169] ohci-platform: OHCI generic platform driver
[    1.848077] tegra-xusb 3610000.xhci: USB2 port 0 has OTG_CAP
[    1.849889] tegra-xusb 3610000.xhci: extcon 0: ffffffc1f5542c00 id
[    1.850159] usbcore: registered new interface driver uas
[    1.850197] usbcore: registered new interface driver usb-storage
[    1.850302] usbcore: registered new interface driver usbserial
[    1.853547] tegra-xudc-new 3550000.xudc: PMQOS CPU boost enabled
[    1.853621] tegra-xudc-new 3550000.xudc: device count: 1
[    1.854455] tegra-xudc-new 3550000.xudc: vbus state: 0
[    1.854465] tegra-xudc-new 3550000.xudc: Initialize boost_cpufreq work
[    1.854550] tegra-xusb 3610000.xhci: Firmware timestamp: 2019-07-24 05:47:34 UTC, Version: 60.06 release
[    1.854580] tegra-xusb 3610000.xhci: xHCI Host Controller
[    1.854598] tegra-xusb 3610000.xhci: new USB bus registered, assigned bus number 1
[    1.855284] tegra-xusb 3610000.xhci: hcc params 0x0184ff25 hci version 0x110 quirks 0x00050810
[    1.855318] tegra-xusb 3610000.xhci: irq 465, io mem 0x03610000
[    1.855532] usb usb1: New USB device found, idVendor=1d6b, idProduct=0002
[    1.855540] usb usb1: New USB device strings: Mfr=3, Product=2, SerialNumber=1
[    1.855546] usb usb1: Product: xHCI Host Controller
[    1.855552] usb usb1: Manufacturer: Linux 4.9.201 xhci-hcd
[    1.855558] usb usb1: SerialNumber: 3610000.xhci
[    1.855696] tegra-xudc-new 3550000.xudc: entering ELPG
[    1.856059] hub 1-0:1.0: USB hub found
[    1.856117] tegra-xudc-new 3550000.xudc: entering ELPG done
[    1.856131] hub 1-0:1.0: 4 ports detected
[    1.856641] tegra-xusb 3610000.xhci: xHCI Host Controller
[    1.856653] tegra-xusb 3610000.xhci: new USB bus registered, assigned bus number 2
[    1.856662] tegra-xusb 3610000.xhci: Host supports USB 3.1 Enhanced SuperSpeed
[    1.856903] usb usb2: New USB device found, idVendor=1d6b, idProduct=0003
[    1.856910] usb usb2: New USB device strings: Mfr=3, Product=2, SerialNumber=1
[    1.856916] usb usb2: Product: xHCI Host Controller
[    1.856922] usb usb2: Manufacturer: Linux 4.9.201 xhci-hcd
[    1.856927] usb usb2: SerialNumber: 3610000.xhci
[    1.857317] hub 2-0:1.0: USB hub found
[    1.857367] hub 2-0:1.0: 4 ports detected
[    1.858136] Wake76 for irq=199
[    1.858141] Wake77 for irq=199
[    1.858145] Wake78 for irq=199
[    1.858149] Wake79 for irq=199
[    1.858153] Wake80 for irq=199
[    1.858157] Wake81 for irq=199
[    1.858160] Wake82 for irq=199
[    1.858198] tegra-xusb 3610000.xhci: Upgrade port 0 to USB3.0
[    1.858205] tegra-xusb 3610000.xhci: Upgrade port 1 to USB3.0
[    1.859084] mousedev: PS/2 mouse device common for all mice
[    1.859214] usbcore: registered new interface driver xpad
[    1.959189] usb usb2: usb_suspend_both: status 0
[    1.989603] max77686-rtc max77620-rtc: rtc core: registered max77620-rtc as rtc0
[    1.991178] Wake73 for irq=42
[    1.992393] rtc rtc1: alarm rtc device
[    1.992408] tegra_rtc c2a0000.rtc: rtc core: registered c2a0000.rtc as rtc1
[    1.992434] tegra_rtc c2a0000.rtc: Tegra internal Real Time Clock
[    1.992577] i2c /dev entries driver
[    1.995566] max77620-power max20024-power: Event recorder REG_NVERC : 0x44
[    2.002838] tegra-thermal-throttle bthrot_cdev: cpufreq policy is not ready defer
[    2.003245] FAN dev name: pwm-fan
[    2.003293] FAN:gpio request success.
[    2.003328] pwm_fan_driver pwm-fan: Found 2 profiles, default profile is quiet
[    2.003360] pwm_fan_driver pwm-fan: cap state:4, cap pwm:255
[    2.003549] pwm_fan_driver pwm-fan: got pwm for fan. polarity is normal
[    2.003703] gpio tegra-gpio-aon wake39 for gpio=19(CC:3)
[    2.003756] pwm_fan_driver pwm-fan: fan tach request irq success
[    2.003775] pwm_fan_driver pwm-fan: tach period: 1000
[    2.004422] pwm_fan_driver pwm-fan: index 0: pwm=0, rpm=0, rru=40, rrd=40, state:2
[    2.004430] pwm_fan_driver pwm-fan: index 1: pwm=130, rpm=1000, rru=2, rrd=2, state:2
[    2.004437] pwm_fan_driver pwm-fan: index 2: pwm=160, rpm=2000, rru=1, rrd=1, state:2
[    2.004442] pwm_fan_driver pwm-fan: index 3: pwm=200, rpm=3000, rru=1, rrd=1, state:2
[    2.004454] pwm_fan_driver pwm-fan: index 4: pwm=255, rpm=4000, rru=1, rrd=1, state:3
[    2.004459] pwm_fan_driver pwm-fan: index 5: pwm=255, rpm=5000, rru=1, rrd=1, state:3
[    2.004465] pwm_fan_driver pwm-fan: index 6: pwm=255, rpm=6000, rru=1, rrd=1, state:3
[    2.004470] pwm_fan_driver pwm-fan: index 7: pwm=255, rpm=7000, rru=1, rrd=1, state:4
[    2.004477] pwm_fan_driver pwm-fan: index 8: pwm=255, rpm=10000, rru=1, rrd=1, state:4
[    2.004483] pwm_fan_driver pwm-fan: index 9: pwm=255, rpm=11000, rru=1, rrd=1, state:4
[    2.005301] tegra-oc-event d280000.soctherm-oc-event: OC driver initialized
[    2.006398] device-mapper: uevent: version 1.0.3
[    2.006829] device-mapper: ioctl: 4.35.0-ioctl (2016-06-23) initialised: dm-devel@redhat.com
[    2.010538] tegra194_cpufreq_probe: platform driver Initialization: pass
[    2.011768] cpuidle: Initializing cpuidle driver
[    2.012594] sdhci: Secure Digital Host Controller Interface driver
[    2.012598] sdhci: Copyright(c) Pierre Ossman
[    2.012602] sdhci-pltfm: SDHCI platform and OF driver helper
[    2.013482] sdhci-tegra 3460000.sdhci: Client registration for eMC Successful
[    2.015262] CMDQ: cmdq_platfm_init successful
[    2.015752] sdhci-tegra 3440000.sdhci: Got CD GPIO
[    2.017877] sdhci-tegra 3440000.sdhci: Client registration for eMC Successful
[    2.024389] tegra-se-elp 3ad0000.se_elp: tegra_se_elp_probe: complete
[    2.026467] tegra-se-nvhost 15810000.se: initialized
[    2.028248] tegra-se-nvhost 15810000.se: tegra_se_probe: complete
[    2.029261] tegra-se-nvhost 15820000.se: initialized
[    2.030411] tegra-se-nvhost 15820000.se: tegra_se_probe: complete
[    2.031621] tegra-se-nvhost 15830000.se: initialized
[    2.032391] tegra-se-nvhost 15830000.se: tegra_se_probe: complete
[    2.033116] tegra-se-nvhost 15840000.se: initialized
[    2.034215] tegra-se-nvhost 15840000.se: tegra_se_probe: complete
[    2.034434] hidraw: raw HID events driver (C) Jiri Kosina
[    2.035670] usbcore: registered new interface driver usbhid
[    2.035675] usbhid: USB HID core driver
[    2.039850] tegra186-cam-rtcpu bc00000.rtcpu: deferring, 14800000.isp is not probed
[    2.040942] tegra_aon c1a0000.aon: tegra aon driver probe OK
[    2.041477] tegra186-aondbg aondbg: aondbg driver probe() OK
[    2.042242] denver_knobs_init:MTS_VERSION:51035886
[    2.042419] tegra19x_actmon d230000.actmon: in actmon_register()...
[    2.043225] tegra19x_actmon d230000.actmon: initialization Completed for the device mc_all
[    2.043649] t19x_cache tegra-cache: probed
[    2.045859] misc nvmap: cvsram :dma coherent mem declare 0x0000000050000000,4194304
[    2.045866] misc nvmap: created heap cvsram base 0x0000000050000000 size (4096KiB)
[    2.046392] carmel-pmu-drv carmel-pmu: Registered Carmel PMU
[    2.046865] PLL_AON clock registered
[    2.048516] Clocks initialized successfully
[    2.050115] nvpmodel: initialized successfully
[    2.051514] trusty-virtio trusty:virtio: initializing
[    2.051748] trusty_ipc virtio0: vring0: va(pa)  ffffffc1f2788000(0) qsz 32 notifyid 1
[    2.051758] trusty_ipc virtio0: vring1: va(pa)  ffffffc1f278a000(0) qsz 32 notifyid 2
[    2.051921] trusty-virtio trusty:virtio: initializing done
[    2.052209] trusty_ipc virtio0: is online
[    2.052992] tegra-hda 3510000.hda: Override SDO lines to 4
[    2.053314] usbcore: registered new interface driver snd-usb-audio
[    2.058539] mmc0: SDHCI controller on 3460000.sdhci [3460000.sdhci] using ADMA 64-bit with 64 bit addr
[    2.066078] input: tegra-hda-xnx HDMI/DP,pcm=3 as /devices/3510000.hda/sound/card0/input0
[    2.066315] input: tegra-hda-xnx HDMI/DP,pcm=7 as /devices/3510000.hda/sound/card0/input1
[    2.066521] input: tegra-hda-xnx HDMI/DP,pcm=8 as /devices/3510000.hda/sound/card0/input2
[    2.066683] gpio tegra-gpio wake51 for gpio=130(Q:2)
[    2.066736] mmc1: SDHCI controller on 3440000.sdhci [3440000.sdhci] using ADMA 64-bit with 64 bit addr
[    2.066768] input: tegra-hda-xnx HDMI/DP,pcm=9 as /devices/3510000.hda/sound/card0/input3
[    2.108480] mmc0: mmc_decode_ext_csd: CMDQ supported: depth: 31, cmdq_support: 1
[    2.122144] mmc0: periodic cache flush enabled
[    2.122160] mmc0: new HS400 Enhanced strobe MMC card at address 0001
[    2.122927] mmcblk0: mmc0:0001 DG4016 14.7 GiB 
[    2.123191] mmcblk0boot0: mmc0:0001 DG4016 partition 1 4.00 MiB
[    2.126081] OPE platform probe
[    2.126191] OPE platform probe successful
[    2.127094] mmcblk0boot1: mmc0:0001 DG4016 partition 2 4.00 MiB
[    2.127458] mmcblk0rpmb: mmc0:0001 DG4016 partition 3 4.00 MiB
[    2.141408]  mmcblk0: p1 p2 p3 p4 p5 p6 p7 p8 p9 p10 p11
[    2.186546] usb 1-2: new high-speed USB device number 2 using tegra-xusb
[    2.197440] tegra-asoc: sound: ADMAIF1 <-> ADMAIF1 mapping ok
[    2.197542] tegra-asoc: sound: ADMAIF2 <-> ADMAIF2 mapping ok
[    2.197632] tegra-asoc: sound: ADMAIF3 <-> ADMAIF3 mapping ok
[    2.197726] tegra-asoc: sound: ADMAIF4 <-> ADMAIF4 mapping ok
[    2.197806] tegra-asoc: sound: ADMAIF5 <-> ADMAIF5 mapping ok
[    2.197884] tegra-asoc: sound: ADMAIF6 <-> ADMAIF6 mapping ok
[    2.198000] tegra-asoc: sound: ADMAIF7 <-> ADMAIF7 mapping ok
[    2.198102] tegra-asoc: sound: ADMAIF8 <-> ADMAIF8 mapping ok
[    2.198182] tegra-asoc: sound: ADMAIF9 <-> ADMAIF9 mapping ok
[    2.198264] tegra-asoc: sound: ADMAIF10 <-> ADMAIF10 mapping ok
[    2.198341] tegra-asoc: sound: ADMAIF11 <-> ADMAIF11 mapping ok
[    2.198418] tegra-asoc: sound: ADMAIF12 <-> ADMAIF12 mapping ok
[    2.198541] tegra-asoc: sound: ADMAIF13 <-> ADMAIF13 mapping ok
[    2.198641] tegra-asoc: sound: ADMAIF14 <-> ADMAIF14 mapping ok
[    2.198732] tegra-asoc: sound: ADMAIF15 <-> ADMAIF15 mapping ok
[    2.198834] tegra-asoc: sound: ADMAIF16 <-> ADMAIF16 mapping ok
[    2.198958] tegra-asoc: sound: ADMAIF17 <-> ADMAIF17 mapping ok
[    2.199062] tegra-asoc: sound: ADMAIF18 <-> ADMAIF18 mapping ok
[    2.199144] tegra-asoc: sound: ADMAIF19 <-> ADMAIF19 mapping ok
[    2.199227] tegra-asoc: sound: ADMAIF20 <-> ADMAIF20 mapping ok
[    2.223325] usb 1-2: New USB device found, idVendor=0bda, idProduct=5411
[    2.223333] usb 1-2: New USB device strings: Mfr=1, Product=2, SerialNumber=0
[    2.223338] usb 1-2: Product: 4-Port USB 2.0 Hub
[    2.223342] usb 1-2: Manufacturer: Generic
[    2.224832] hub 1-2:1.0: USB hub found
[    2.226317] hub 1-2:1.0: 4 ports detected
[    2.229815] u32 classifier
[    2.229820]     Actions configured
[    2.229892] Initializing XFRM netlink socket
[    2.230466] NET: Registered protocol family 10
[    2.231319] NET: Registered protocol family 17
[    2.231333] NET: Registered protocol family 15
[    2.231397] bridge: filtering via arp/ip/ip6tables is no longer available by default. Update your scripts to load br_netfilter if you need this.
[    2.231485] Bluetooth: RFCOMM socket layer initialized
[    2.231505] Bluetooth: RFCOMM ver 1.11
[    2.231517] Bluetooth: HIDP (Human Interface Emulation) ver 1.2
[    2.231523] Bluetooth: HIDP socket layer initialized
[    2.231541] 9pnet: Installing 9P2000 support
[    2.231596] Key type dns_resolver registered
[    2.231862] Registered cp15_barrier emulation handler
[    2.231885] Registered setend emulation handler
[    2.233640] registered taskstats version 1
[    2.234106] tegra-pcie-dw 14160000.pcie: Setting init speed to max speed
[    2.235207] OF: PCI: host bridge /pcie@14160000 ranges:
[    2.235226] OF: PCI:    IO 0x36100000..0x361fffff -> 0x36100000
[    2.235236] OF: PCI:   MEM 0x1740000000..0x17ffffffff -> 0x40000000
[    2.235241] OF: PCI:   MEM 0x1400000000..0x173fffffff -> 0x1400000000
[    2.311909] mmc1: host does not support reading read-only switch, assuming write-enable
[    2.331337] usb 2-3: new SuperSpeed USB device number 2 using tegra-xusb
[    2.365434] usb 2-3: New USB device found, idVendor=0bda, idProduct=0411
[    2.365441] usb 2-3: New USB device strings: Mfr=1, Product=2, SerialNumber=0
[    2.365446] usb 2-3: Product: 2-Port USB 3.0 Hub
[    2.365449] usb 2-3: Manufacturer: Generic
[    2.375782] hub 2-3:1.0: USB hub found
[    2.377671] hub 2-3:1.0: 4 ports detected
[    2.455256] mmc1: hw tuning done ...
[    2.455304] mmc1: new ultra high speed SDR104 SDXC card at address aaaa
[    2.455827] mmcblk1: mmc1:aaaa SR64G 59.5 GiB 
[    2.466605]  mmcblk1: p1 p2 p3 p4 p5 p6 p7 p8 p9 p10 p11
[    2.514565] usb 1-2.1: new high-speed USB device number 3 using tegra-xusb
[    2.534950] usb 1-2.1: New USB device found, idVendor=1a40, idProduct=0101
[    2.534956] usb 1-2.1: New USB device strings: Mfr=0, Product=1, SerialNumber=0
[    2.534960] usb 1-2.1: Product: USB 2.0 Hub
[    2.535722] hub 1-2.1:1.0: USB hub found
[    2.535837] hub 1-2.1:1.0: 4 ports detected
[    2.546519] usb 2-3: usb_suspend_both: status 0
[    2.546733] usb usb2: usb_suspend_both: status 0
[    2.550540] tegra_cec 3960000.tegra_cec: Can't find physical addresse.
[    2.550548] tegra_cec 3960000.tegra_cec: tegra_cec_init Done.
[    2.614569] usb 1-2.2: new high-speed USB device number 4 using tegra-xusb
[    2.635113] usb 1-2.2: New USB device found, idVendor=0bda, idProduct=c811
[    2.635119] usb 1-2.2: New USB device strings: Mfr=1, Product=2, SerialNumber=3
[    2.635124] usb 1-2.2: Product: 802.11ac NIC
[    2.635127] usb 1-2.2: Manufacturer: Realtek
[    2.635131] usb 1-2.2: SerialNumber: 123456
[    2.751303] tegra-pcie-dw 14160000.pcie: link is down
[    2.751421] tegra-pcie-dw 14160000.pcie: PCI host bridge to bus 0004:00
[    2.751429] pci_bus 0004:00: root bus resource [bus 00-ff]
[    2.751436] pci_bus 0004:00: root bus resource [io  0x0000-0xfffff] (bus address [0x36100000-0x361fffff])
[    2.751441] pci_bus 0004:00: root bus resource [mem 0x1740000000-0x17ffffffff] (bus address [0x40000000-0xffffffff])
[    2.751446] pci_bus 0004:00: root bus resource [mem 0x1400000000-0x173fffffff pref]
[    2.751475] pci 0004:00:00.0: [10de:1ad1] type 01 class 0x060400
[    2.751665] pci 0004:00:00.0: PME# supported from D0 D3hot D3cold
[    2.751913] iommu: Adding device 0004:00:00.0 to group 59
[    2.752122] pci 0004:00:00.0: PCI bridge to [bus 01-ff]
[    2.752145] pci 0004:00:00.0: Max Payload Size set to  256/ 256 (was  256), Max Read Rq  512
[    2.752320] pcieport 0004:00:00.0: Signaling PME through PCIe PME interrupt
[    2.752327] pcie_pme 0004:00:00.0:pcie001: service driver pcie_pme loaded
[    2.752396] aer 0004:00:00.0:pcie002: service driver aer loaded
[    2.752549] pcie_pme 0004:00:00.0:pcie001: unloading service driver pcie_pme
[    2.752601] aer 0004:00:00.0:pcie002: unloading service driver aer
[    2.752689] pci_bus 0004:01: busn_res: [bus 01-ff] is released
[    2.752779] iommu: Removing device 0004:00:00.0 from group 59
[    2.752822] pci_bus 0004:00: busn_res: [bus 00-ff] is released
[    2.754448] tegra-pcie-dw 14160000.pcie: PCIe link is not up...!
[    2.755386] tegra-pcie-dw 141a0000.pcie: Setting init speed to max speed
[    2.756472] OF: PCI: host bridge /pcie@141a0000 ranges:
[    2.756506] OF: PCI:    IO 0x3a100000..0x3a1fffff -> 0x3a100000
[    2.756515] OF: PCI:   MEM 0x1f40000000..0x1fffffffff -> 0x40000000
[    2.756521] OF: PCI:   MEM 0x1c00000000..0x1f3fffffff -> 0x1c00000000
[    2.826541] usb 1-2.1.1: new high-speed USB device number 5 using tegra-xusb
[    2.850932] usb 1-2.1.1: New USB device found, idVendor=0403, idProduct=6011
[    2.850940] usb 1-2.1.1: New USB device strings: Mfr=1, Product=2, SerialNumber=3
[    2.850944] usb 1-2.1.1: Product: FT4232H MiniModule
[    2.850949] usb 1-2.1.1: Manufacturer: FTDI
[    2.850952] usb 1-2.1.1: SerialNumber: FT7OTTUC
[    2.958542] usb 1-2.1.3: new full-speed USB device number 6 using tegra-xusb
[    2.982508] usb 1-2.1.3: New USB device found, idVendor=2341, idProduct=8036
[    2.982515] usb 1-2.1.3: New USB device strings: Mfr=1, Product=2, SerialNumber=3
[    2.982519] usb 1-2.1.3: Product: Arduino Leonardo
[    2.982542] usb 1-2.1.3: Manufacturer: Arduino LLC
[    2.982546] usb 1-2.1.3: SerialNumber: HIDPH
[    2.985460] input: Arduino LLC Arduino Leonardo as /devices/3610000.xhci/usb1/1-2/1-2.1/1-2.1.3/1-2.1.3:1.2/0003:2341:8036.0001/input/input4
[    2.985738] hid-generic 0003:2341:8036.0001: input,hidraw0: USB HID v1.01 Joystick [Arduino LLC Arduino Leonardo] on usb-3610000.xhci-2.1.3/input2
[    3.271747] tegra-pcie-dw 141a0000.pcie: link is down
[    3.271869] tegra-pcie-dw 141a0000.pcie: PCI host bridge to bus 0005:00
[    3.271877] pci_bus 0005:00: root bus resource [bus 00-ff]
[    3.271885] pci_bus 0005:00: root bus resource [io  0x100000-0x1fffff] (bus address [0x3a100000-0x3a1fffff])
[    3.271890] pci_bus 0005:00: root bus resource [mem 0x1f40000000-0x1fffffffff] (bus address [0x40000000-0xffffffff])
[    3.271895] pci_bus 0005:00: root bus resource [mem 0x1c00000000-0x1f3fffffff pref]
[    3.271923] pci 0005:00:00.0: [10de:1ad0] type 01 class 0x060400
[    3.272100] pci 0005:00:00.0: PME# supported from D0 D3hot D3cold
[    3.272326] iommu: Adding device 0005:00:00.0 to group 59
[    3.272539] pci 0005:00:00.0: PCI bridge to [bus 01-ff]
[    3.272586] pci 0005:00:00.0: Max Payload Size set to  256/ 256 (was  256), Max Read Rq  512
[    3.272775] pcieport 0005:00:00.0: Signaling PME through PCIe PME interrupt
[    3.272782] pcie_pme 0005:00:00.0:pcie001: service driver pcie_pme loaded
[    3.272882] aer 0005:00:00.0:pcie002: service driver aer loaded
[    3.273046] pcie_pme 0005:00:00.0:pcie001: unloading service driver pcie_pme
[    3.273123] aer 0005:00:00.0:pcie002: unloading service driver aer
[    3.273232] pci_bus 0005:01: busn_res: [bus 01-ff] is released
[    3.273330] iommu: Removing device 0005:00:00.0 from group 59
[    3.273354] pci_bus 0005:00: busn_res: [bus 00-ff] is released
[    3.275441] tegra-pcie-dw 141a0000.pcie: PCIe link is not up...!
[    3.286271] tegra-cbb 14040000.cv-noc: noc_secure_irq = 91, noc_nonsecure_irq = 90>
[    3.292305] tegra194-isp5 14800000.isp: initialized
[    3.299327] tegra194-vi5 15c10000.vi: using default number of vi channels, 36
[    3.303031] tegra194-vi5 15c10000.vi: initialized
[    3.307395] tegra194-vi5 15c10000.vi: subdev 15a00000.nvcsi--2 bound
[    3.307458] tegra194-vi5 15c10000.vi: subdev 15a00000.nvcsi--1 bound
[    3.307684] tegra-thermal-throttle bthrot_cdev: clk:cpu max:1907200000, min:115200000 steps:24
[    3.311985] tegra-thermal-throttle bthrot_cdev: clk:gpu max:1109250000, min:114750000 steps:10
[    3.312004] tegra-thermal-throttle bthrot_cdev: cdev:skin-balanced clk:0:cpu off:0 slope-adj:200
[    3.312008] tegra-thermal-throttle bthrot_cdev: cdev:skin-balanced clk:1:gpu off:0 slope-adj:400
[    3.312108] tegra-thermal-throttle bthrot_cdev: cdev:skin-balanced max_state:48 cutoff:0
[    3.312151] tegra-thermal-throttle bthrot_cdev: cdev:gpu-balanced clk:0:cpu off:0 slope-adj:400
[    3.312179] tegra-thermal-throttle bthrot_cdev: cdev:gpu-balanced clk:1:gpu off:0 slope-adj:400
[    3.316440] tegra-thermal-throttle bthrot_cdev: cdev:gpu-balanced max_state:40 cutoff:1
[    3.316494] tegra-thermal-throttle bthrot_cdev: cdev:cpu-balanced clk:0:cpu off:0 slope-adj:200
[    3.316499] tegra-thermal-throttle bthrot_cdev: cdev:cpu-balanced clk:1:gpu off:365500000 slope-adj:300
[    3.316877] tegra-thermal-throttle bthrot_cdev: cdev:cpu-balanced max_state:48 cutoff:0
[    3.316924] tegra-thermal-throttle bthrot_cdev: cdev:emergency-balanced clk:0:cpu off:38400000 slope-adj:10
[    3.316929] tegra-thermal-throttle bthrot_cdev: cdev:emergency-balanced clk:1:gpu off:25500000 slope-adj:10
[    3.317292] tegra-thermal-throttle bthrot_cdev: cdev:emergency-balanced max_state:2 cutoff:0
[    3.317342] tegra-thermal-throttle bthrot_cdev: cdev:aux-balanced clk:0:cpu off:0 slope-adj:400
[    3.317346] tegra-thermal-throttle bthrot_cdev: cdev:aux-balanced clk:1:gpu off:0 slope-adj:400
[    3.317659] tegra-thermal-throttle bthrot_cdev: cdev:aux-balanced max_state:40 cutoff:1
[    3.318563] tegra186-cam-rtcpu bc00000.rtcpu: Trace buffer configured at IOVA=0xbff00000
[    3.403317] tegra-ivc ivc-bc00000.rtcpu: region 0: iova=0xbfee0000-0xbfefffff size=131072
[    3.403597] tegra-ivc ivc-bc00000.rtcpu:echo@0: echo: ver=0 grp=1 RX[16x64]=0x1000-0x1480 TX[16x64]=0x1480-0x1900
[    3.403771] tegra-ivc ivc-bc00000.rtcpu:dbg@1: dbg: ver=0 grp=1 RX[1x384]=0x1900-0x1b00 TX[1x384]=0x1b00-0x1d00
[    3.403977] tegra-ivc ivc-bc00000.rtcpu:dbg@2: dbg: ver=0 grp=1 RX[1x8192]=0x1d00-0x3d80 TX[1x8192]=0x3d80-0x5e00
[    3.404402] tegra-ivc ivc-bc00000.rtcpu:ivccontrol@3: ivccontrol: ver=0 grp=1 RX[64x320]=0x5e00-0xae80 TX[64x320]=0xae80-0xff00
[    3.404486] tegra-ivc ivc-bc00000.rtcpu:ivccapture@4: ivccapture: ver=0 grp=1 RX[512x64]=0xff00-0x17f80 TX[512x64]=0x17f80-0x20000
[    3.404716] tegra186-cam-rtcpu bc00000.rtcpu: using cam RTCPU IRQ (66)
[    3.404721] tegra186-cam-rtcpu bc00000.rtcpu: tegra_camrtc_mon_create is successful
[    3.405852] tegra186-cam-rtcpu bc00000.rtcpu: firmware version cpu=rce cmd=5 sha1=cf2bef3ad10e437272857b76308abef8ffb80bda
[    3.406319] Wake83 for irq=211
[    3.406384] gpio tegra-gpio wake67 for gpio=48(G:0)
[    3.406476] gpio tegra-gpio-aon wake29 for gpio=36(EE:4)
[    3.406664] input: gpio-keys as /devices/gpio-keys/input/input5
[    3.439559] tegra_rtc c2a0000.rtc: setting system clock to 2022-07-12 13:26:20 UTC (1657632380)
[    3.440074] mmcblk mmc0:0001: Card claimed for testing.
[    3.440086] mmcblk mmc1:aaaa: Card claimed for testing.
[    3.483104] bpmp: mounted debugfs mirror
[    3.489671] ALSA device list:
[    3.489677]   #0: tegra-hda-xnx at 0x3518000 irq 65
[    3.489680]   #1: jetson-xaviernx-ape
[    3.492035] Freeing unused kernel memory: 8576K
[    3.531583] Root device found: PARTUUID=ddbf9896-a4db-4932-8580-5f014e7f85fd
[    4.316825] EXT4-fs (mmcblk1p1): mounted filesystem with ordered data mode. Opts: (null)
[    4.323894] Rootfs mounted over PARTUUID=ddbf9896-a4db-4932-8580-5f014e7f85fd
[    4.356128] Switching from initrd to actual rootfs
[    4.634848] ip_tables: (C) 2000-2006 Netfilter Core Team
[    4.639676] cgroup: cgroup2: unknown option "nsdelegate"
[    4.650855] systemd[1]: systemd 237 running in system mode. (+PAM +AUDIT +SELINUX +IMA +APPARMOR +SMACK +SYSVINIT +UTMP +LIBCRYPTSETUP +GCRYPT +GNUTLS +ACL +XZ +LZ4 +SECCOMP +BLKID +ELFUTILS +KMOD -IDN2 +IDN -PCRE2 default-hierarchy=hybrid)
[    4.651511] systemd[1]: Detected architecture arm64.
[    4.657345] systemd[1]: Set hostname to <cit174>.
[    4.808394] systemd[1]: File /lib/systemd/system/systemd-journald.service:36 configures an IP firewall (IPAddressDeny=any), but the local system does not support BPF/cgroup based firewalling.
[    4.808407] systemd[1]: Proceeding WITHOUT firewalling in effect! (This warning is only shown for the first loaded unit using IP firewalling.)
[    4.977435] random: systemd: uninitialized urandom read (16 bytes read)
[    4.977494] systemd[1]: Reached target User and Group Name Lookups.
[    4.977753] random: systemd: uninitialized urandom read (16 bytes read)
[    4.980690] systemd[1]: Created slice System Slice.
[    4.980767] random: systemd: uninitialized urandom read (16 bytes read)
[    4.981028] systemd[1]: Listening on RPCbind Server Activation Socket.
[    4.981218] systemd[1]: Started Forward Password Requests to Wall Directory Watch.
[    4.981482] systemd[1]: Listening on Syslog Socket.
[    5.026881] EXT4-fs (mmcblk1p1): re-mounted. Opts: (null)
[    5.048774] pca954x 2-0070: vcc-pullup regulator not found
[    5.048788] pca954x 2-0070: pca954x_probe: forcing device bus number, start 30.
[    5.048792] pca954x 2-0070: device detect skipped.
[    5.049457] i2c i2c-2: Added multiplexed i2c bus 30
[    5.050130] i2c i2c-2: Added multiplexed i2c bus 31
[    5.050347] i2c i2c-2: Added multiplexed i2c bus 32
[    5.050702] i2c i2c-2: Added multiplexed i2c bus 33
[    5.050708] pca954x 2-0070: registered 4 multiplexed busses for I2C switch pca9546
[    5.060425] GPIO line 224 (tca9539_74_outlow) hogged as output/low
[    5.060722] GPIO line 225 (tca9539_74_outlow) hogged as output/low
[    5.060990] GPIO line 226 (tca9539_74_outlow) hogged as output/low
[    5.061240] GPIO line 227 (tca9539_74_outlow) hogged as output/low
[    5.061482] GPIO line 228 (tca9539_74_outlow) hogged as output/low
[    5.061716] GPIO line 229 (tca9539_74_outlow) hogged as output/low
[    5.062025] GPIO line 230 (tca9539_74_outlow) hogged as output/low
[    5.062295] GPIO line 231 (tca9539_74_outlow) hogged as output/low
[    5.062755] gpiochip_setup_dev: registered GPIOs 224 to 239 on device: gpiochip3 (pca9539)
[    5.062767] pca953x 2-0074: interrupt support not compiled in
[    5.063407] tegra-i2c 3180000.i2c: no acknowledge from address 0x22
[    5.063559] pca953x 30-0022: failed reading register
[    5.063753] pca953x: probe of 30-0022 failed with error -121
[    5.066049] GPIO line 200 (tca6424_22_outlow) hogged as output/low
[    5.066818] GPIO line 201 (tca6424_22_outlow) hogged as output/low
[    5.067591] GPIO line 202 (tca6424_22_outlow) hogged as output/low
[    5.068324] GPIO line 203 (tca6424_22_outlow) hogged as output/low
[    5.069013] GPIO line 204 (tca6424_22_outlow) hogged as output/low
[    5.069688] GPIO line 205 (tca6424_22_outlow) hogged as output/low
[    5.070393] GPIO line 206 (tca6424_22_outlow) hogged as output/low
[    5.071117] GPIO line 207 (tca6424_22_outlow) hogged as output/low
[    5.071417] gpiochip_setup_dev: registered GPIOs 200 to 223 on device: gpiochip4 (tca6424)
[    5.071425] pca953x 31-0022: interrupt support not compiled in
[    5.093752] ar0521: loading out-of-tree module taints kernel.
[    5.095562] ar0521 30-0042: Unable to toggle GPIO
[    5.095709] ar0521: probe of 30-0042 failed with error -22
[    5.155630] Current Firmware Version - (50CUNANO-g3bfcc9c)
[    5.248535] cam_isp_init
[    5.322033] systemd-journald[2382]: Received request to flush runtime journal from PID 1
[    6.683063] usbcore: registered new interface driver ftdi_sio
[    6.683127] usbserial: USB Serial support registered for FTDI USB Serial Device
[    6.683273] ftdi_sio 1-2.1.1:1.0: FTDI USB Serial Device converter detected
[    6.683384] usb 1-2.1.1: Detected FT4232H
[    6.683770] usb 1-2.1.1: FTDI USB Serial Device converter now attached to ttyUSB0
[    6.683833] ftdi_sio 1-2.1.1:1.1: FTDI USB Serial Device converter detected
[    6.683904] usb 1-2.1.1: Detected FT4232H
[    6.685096] usb 1-2.1.1: FTDI USB Serial Device converter now attached to ttyUSB1
[    6.685175] ftdi_sio 1-2.1.1:1.2: FTDI USB Serial Device converter detected
[    6.685306] usb 1-2.1.1: Detected FT4232H
[    6.686709] usb 1-2.1.1: FTDI USB Serial Device converter now attached to ttyUSB2
[    6.686754] ftdi_sio 1-2.1.1:1.3: FTDI USB Serial Device converter detected
[    6.686821] usb 1-2.1.1: Detected FT4232H
[    6.687268] usb 1-2.1.1: FTDI USB Serial Device converter now attached to ttyUSB3
[    6.738120] cdc_acm 1-2.1.3:1.0: ttyACM0: USB ACM device
[    6.739003] usbcore: registered new interface driver cdc_acm
[    6.739008] cdc_acm: USB Abstract Control Model driver for USB modems and ISDN adapters
[    6.756713] random: crng init done
[    6.756722] random: 7 urandom warning(s) missed due to ratelimiting
[    7.668378] usbcore: registered new interface driver rtl8821cu
[    8.259524] nvgpu: 17000000.gv11b          nvgpu_nvhost_syncpt_init:291  [INFO]  syncpt_unit_base 60000000 syncpt_unit_size 400000 size 1000

[    9.329020] ar0521 31-0042: ISP Already Initialized !! 
[    9.336117] SENSOR ID=0x0265
[    9.341091]  cam_stream_off 2180 CAM Get CMD Stream off Success !! 
[    9.421015] 0. Initialized Control 0x00980900 - Brightness 
[    9.421023] 1. Initialized Control 0x00980901 - Contrast 
[    9.421028] 2. Initialized Control 0x00980902 - Saturation 
[    9.421032] 3. Initialized Control 0x0098090c - White Balance, Automatic 
[    9.421037] 4. Initialized Control 0x00980910 - Gamma 
[    9.421041] 5. Initialized Control 0x0098091a - White Balance Temperature 
[    9.421046] 6. Initialized Control 0x0098091b - Sharpness 
[    9.421051] 7. Initialized Control 0x00980913 - Gain 
[    9.427616]  Menu Element 0 : Full FOV Auto Mode 
[    9.427620]  Menu Element 1 : Manual Mode 
[    9.427624]  Menu Element 2 : ROI Based Auto Mode 
[    9.427637] 8. Initialized Custom Ctrl 0x009a0901 - Exposure Auto 
[    9.427641] 9. Initialized Control 0x009a0902 - Exposure Time, Absolute 
[    9.427647] 10. Initialized Control 0x009a090d - Zoom, Absolute 
[    9.427652] 11. Initialized Control 0x009a0908 - Pan, Absolute 
[    9.427674] 12. Initialized Control 0x009a0909 - Tilt, Absolute 
[    9.431087] 13. Initialized Custom Ctrl 0x009a092d - Denoise 
[    9.431095] 14. Initialized Control 0x00980914 - Horizontal Flip 
[    9.431100] 15. Initialized Control 0x00980915 - Vertical Flip 
[    9.435081] 16. Initialized Custom Ctrl 0x009a0926 - ROI Exposure 
[    9.439111] 17. Initialized Custom Ctrl 0x009a0924 - ROI Window Size 
[    9.443130] 18. Initialized Custom Ctrl 0x009a0931 - Exposure Compensation 
[    9.443140] tegra194-vi5 15c10000.vi: subdev ar0521 31-0042 bound
[    9.458678] cpu-throttle-alert cooling device registered.
[    9.462309] gpu-throttle-alert cooling device registered.
[    9.463717] aux-throttle-alert cooling device registered.
[    9.972893] using random self ethernet address
[    9.973020] using random host ethernet address
[   10.621089] Mass Storage Function, version: 2009/09/11
[   10.621100] LUN: removable file: (no medium)
[   10.626157] using random self ethernet address
[   10.626279] using random host ethernet address
[   10.849881] rndis0: HOST MAC d2:6c:55:29:4d:38
[   10.850091] rndis0: MAC d2:6c:55:29:4d:39
[   10.854459] usb0: HOST MAC d2:6c:55:29:4d:3a
[   10.854563] usb0: MAC d2:6c:55:29:4d:3b
[   10.854594] tegra-xudc-new 3550000.xudc: exiting ELPG
[   10.855201] tegra-xudc-new 3550000.xudc: exiting ELPG done
[   10.855223] tegra-xudc-new 3550000.xudc: ep 0 (type: 0, dir: out) enabled
[   10.855262] tegra-xudc-new 3550000.xudc: entering ELPG
[   10.855478] tegra-xudc-new 3550000.xudc: entering ELPG done
[   10.855490] tegra-xudc-new 3550000.xudc: exiting ELPG
[   10.855917] tegra-xudc-new 3550000.xudc: exiting ELPG done
[   10.855930] tegra-xudc-new 3550000.xudc: entering ELPG
[   10.856096] tegra-xudc-new 3550000.xudc: entering ELPG done
[   10.860176] l4tbr0: port 1(rndis0) entered blocking state
[   10.860350] l4tbr0: port 1(rndis0) entered disabled state
[   10.861003] device rndis0 entered promiscuous mode
[   10.871906] l4tbr0: port 2(usb0) entered blocking state
[   10.871914] l4tbr0: port 2(usb0) entered disabled state
[   10.872127] device usb0 entered promiscuous mode
[   12.032285] IPv6: ADDRCONF(NETDEV_UP): eth0: link is not ready
[   12.351416] gpio tegra-gpio wake20 for gpio=52(G:4)
[   12.357211] IPv6: ADDRCONF(NETDEV_UP): eth0: link is not ready
[   12.383186] IPv6: ADDRCONF(NETDEV_UP): wlan0: link is not ready
[   12.585241] nvgpu: 17000000.gv11b                 tpc_pg_mask_store:843  [INFO]  no value change, same mask already set
[   12.906126] zram: Added device: zram0
[   12.908628] zram: Added device: zram1
[   12.909310] zram: Added device: zram2
[   12.909942] zram: Added device: zram3
[   12.911727] zram: Added device: zram4
[   12.913921] zram: Added device: zram5
[   12.938620] zram0: detected capacity change from 0 to 679256064
[   13.002207] Adding 663332k swap on /dev/zram0.  Priority:5 extents:1 across:663332k SS
[   13.010474] zram1: detected capacity change from 0 to 679256064
[   13.050300] Adding 663332k swap on /dev/zram1.  Priority:5 extents:1 across:663332k SS
[   13.057596] zram2: detected capacity change from 0 to 679256064
[   13.079175] Adding 663332k swap on /dev/zram2.  Priority:5 extents:1 across:663332k SS
[   13.083776] zram3: detected capacity change from 0 to 679256064
[   13.104021] Adding 663332k swap on /dev/zram3.  Priority:5 extents:1 across:663332k SS
[   13.112458] zram4: detected capacity change from 0 to 679256064
[   13.137174] Adding 663332k swap on /dev/zram4.  Priority:5 extents:1 across:663332k SS
[   13.141457] zram5: detected capacity change from 0 to 679256064
[   13.164010] Adding 663332k swap on /dev/zram5.  Priority:5 extents:1 across:663332k SS
[   13.294065] start_addr=(0x8000), end_addr=(0x10000), buffer_size=(0x8000), smp_number_max=(4096)
[   13.332003] IPv6: ADDRCONF(NETDEV_UP): wlan0: link is not ready
[   13.529651] IPv6: ADDRCONF(NETDEV_UP): wlan0: link is not ready
[   14.366038] tegradc 15200000.nvdisplay: blank - powerdown
[   14.366052] tegradc 15210000.nvdisplay: blank - powerdown
[   16.298141] fuse init (API version 7.26)
[   16.643841] eqos 2490000.ether_qos eth0: Link is Up - 1Gbps/Full - flow control rx/tx
[   16.644993] IPv6: ADDRCONF(NETDEV_CHANGE): eth0: link becomes ready
[   19.403766] start_addr=(0x8000), end_addr=(0x10000), buffer_size=(0x8000), smp_number_max=(4096)
[   19.982356] IPv6: ADDRCONF(NETDEV_CHANGE): wlan0: link becomes ready
[   21.003837] Bluetooth: BNEP (Ethernet Emulation) ver 1.3
[   21.003854] Bluetooth: BNEP socket layer initialized
[   23.921128] EXT4-fs (mmcblk0p1): mounted filesystem with ordered data mode. Opts: (null)
[   34.134655] vdd-sdmmc1-sw: disabling
[   34.134664] vdd-1v8-cvb: disabling
[   34.134668] vdd-epb-1v0: disabling
[   34.134672] avdd-cam-2v8: disabling
[   34.134677] vdd-fan: disabling
[   34.134681] vdd_sys_en: disabling
[   63.726709] nvgpu: 17000000.gv11b                 tpc_pg_mask_store:843  [INFO]  no value change, same mask already set
[   64.255569]  Index = 0x0000 , format = 0x59565955, width = 640, height = 480, frate num = 75 
[   64.334581] [RCE] vi5_hwinit: firmware CL2018101701 protocol version 2.2
[   64.534604] usb 2-3: usb_suspend_both: status 0
[   64.534864] usb usb2: usb_suspend_both: status 0
[   64.551003] usb usb2: usb_suspend_both: status 0
[   64.734564] usb 2-3: usb_suspend_both: status 0
[   64.734814] usb usb2: usb_suspend_both: status 0
[   64.754884] usb usb2: usb_suspend_both: status 0
[  140.466762] start_addr=(0x8000), end_addr=(0x10000), buffer_size=(0x8000), smp_number_max=(4096)
[  145.655557] start_addr=(0x8000), end_addr=(0x10000), buffer_size=(0x8000), smp_number_max=(4096)
[  218.037048] start_addr=(0x8000), end_addr=(0x10000), buffer_size=(0x8000), smp_number_max=(4096)
[  224.978479] start_addr=(0x8000), end_addr=(0x10000), buffer_size=(0x8000), smp_number_max=(4096)
[  231.756009] usb 1-2-port2: disabled by hub (EMI?), re-enabling...
[  231.756633] usb 1-2.2: USB disconnect, device number 4
[  232.100723] usb 1-2.2: new high-speed USB device number 7 using tegra-xusb
[  232.121234] usb 1-2.2: New USB device found, idVendor=0bda, idProduct=c811
[  232.121245] usb 1-2.2: New USB device strings: Mfr=1, Product=2, SerialNumber=3
[  232.121250] usb 1-2.2: Product: 802.11ac NIC
[  232.121255] usb 1-2.2: Manufacturer: Realtek
[  232.121260] usb 1-2.2: SerialNumber: 123456
[  232.412709] IPv6: ADDRCONF(NETDEV_UP): wlan0: link is not ready
[  233.214937] start_addr=(0x8000), end_addr=(0x10000), buffer_size=(0x8000), smp_number_max=(4096)
[  233.250195] IPv6: ADDRCONF(NETDEV_UP): wlan0: link is not ready
[  233.342679] IPv6: ADDRCONF(NETDEV_UP): wlan0: link is not ready
[  242.316754] start_addr=(0x8000), end_addr=(0x10000), buffer_size=(0x8000), smp_number_max=(4096)
[  242.493360] IPv6: ADDRCONF(NETDEV_CHANGE): wlan0: link becomes ready
[  266.060942] usb 1-2-port2: disabled by hub (EMI?), re-enabling...
[  266.061556] usb 1-2.2: USB disconnect, device number 7
[  266.387535] usb 1-2.2: new high-speed USB device number 8 using tegra-xusb
[  266.408050] usb 1-2.2: New USB device found, idVendor=0bda, idProduct=c811
[  266.408062] usb 1-2.2: New USB device strings: Mfr=1, Product=2, SerialNumber=3
[  266.408067] usb 1-2.2: Product: 802.11ac NIC
[  266.408073] usb 1-2.2: Manufacturer: Realtek
[  266.408077] usb 1-2.2: SerialNumber: 123456
[  266.700093] IPv6: ADDRCONF(NETDEV_UP): wlan0: link is not ready
[  267.508854] start_addr=(0x8000), end_addr=(0x10000), buffer_size=(0x8000), smp_number_max=(4096)
[  267.527063] IPv6: ADDRCONF(NETDEV_UP): wlan0: link is not ready
[  267.648031] IPv6: ADDRCONF(NETDEV_UP): wlan0: link is not ready
[  296.995485] start_addr=(0x8000), end_addr=(0x10000), buffer_size=(0x8000), smp_number_max=(4096)
[  312.609190] start_addr=(0x8000), end_addr=(0x10000), buffer_size=(0x8000), smp_number_max=(4096)
[  317.868650] start_addr=(0x8000), end_addr=(0x10000), buffer_size=(0x8000), smp_number_max=(4096)
[  317.959248] IPv6: ADDRCONF(NETDEV_CHANGE): wlan0: link becomes ready
[  339.496624] Netfilter messages via NETLINK v0.30.
[  339.582964] device eth0 entered promiscuous mode
[  340.649039] device eth0 left promiscuous mode
[  419.155575] start_addr=(0x8000), end_addr=(0x10000), buffer_size=(0x8000), smp_number_max=(4096)
[  800.465028] device eth0 entered promiscuous mode
[  801.611513] device eth0 left promiscuous mode
[ 1581.577948] device eth0 entered promiscuous mode
[ 1582.597742] device eth0 left promiscuous mode
[ 1606.053723] device eth0 entered promiscuous mode
[ 1607.117732] device eth0 left promiscuous mode
[ 1653.012861] tegra-i2c c240000.i2c: no acknowledge from address 0x69
[ 1820.010465] eqos 2490000.ether_qos eth0: Link is Down
[ 1824.988300] eqos 2490000.ether_qos eth0: Link is Up - 1Gbps/Full - flow control rx/tx
[ 1958.143403] eqos 2490000.ether_qos eth0: Link is Down
[ 2028.332568] eqos 2490000.ether_qos eth0: Link is Up - 1Gbps/Full - flow control rx/tx
[ 2048.874368] nvgpu: 17000000.gv11b                 tpc_pg_mask_store:843  [INFO]  no value change, same mask already set
[ 2049.396427]  Index = 0x0000 , format = 0x59565955, width = 640, height = 480, frate num = 75 
[ 2049.396438] Skipping Previous mode set ... 
[ 2051.914797] tegra194-vi5 15c10000.vi: no reply from camera processor
[ 2051.914983] tegra194-vi5 15c10000.vi: uncorr_err: request timed out after 2500 ms
[ 2051.915120] tegra194-vi5 15c10000.vi: err_rec: attempting to reset the capture channel
[ 2051.917737] tegra194-vi5 15c10000.vi: err_rec: successfully reset the capture channel
[ 2051.925276]  Index = 0x0000 , format = 0x59565955, width = 640, height = 480, frate num = 75 
[ 2051.925285] Skipping Previous mode set ... 
[ 2052.106686] usb 2-3: usb_suspend_both: status 0
[ 2052.106897] usb usb2: usb_suspend_both: status 0
[ 2052.123049] usb usb2: usb_suspend_both: status 0
[ 2052.302580] usb 2-3: usb_suspend_both: status 0
[ 2052.302801] usb usb2: usb_suspend_both: status 0
[ 2052.318920] usb usb2: usb_suspend_both: status 0
[ 2058.277710] eqos 2490000.ether_qos eth0: Link is Down
[ 2163.182509] eqos 2490000.ether_qos eth0: Link is Up - 1Gbps/Full - flow control rx/tx
[ 2220.686400] device eth0 entered promiscuous mode
[ 2221.832387] device eth0 left promiscuous mode
[ 2264.316580] device eth0 entered promiscuous mode
[ 2265.586362] device eth0 left promiscuous mode
[ 2330.091816] device eth0 entered promiscuous mode
[ 2331.286043] device eth0 left promiscuous mode
[ 2391.250265] nvgpu: 17000000.gv11b                 tpc_pg_mask_store:843  [INFO]  no value change, same mask already set
[ 2391.773973]  Index = 0x0000 , format = 0x59565955, width = 640, height = 480, frate num = 75 
[ 2391.773983] Skipping Previous mode set ... 
[ 2391.792814] [RCE] vi5_hwinit: firmware CL2018101701 protocol version 2.2
[ 2391.992738] usb 2-3: usb_suspend_both: status 0
[ 2391.992994] usb usb2: usb_suspend_both: status 0
[ 2392.009086] usb usb2: usb_suspend_both: status 0
[ 2392.196660] usb 2-3: usb_suspend_both: status 0
[ 2392.197062] usb usb2: usb_suspend_both: status 0
[ 2438.556983] nvgpu: 17000000.gv11b                 tpc_pg_mask_store:843  [INFO]  no value change, same mask already set
[ 2439.082665]  Index = 0x0000 , format = 0x59565955, width = 640, height = 480, frate num = 75 
[ 2439.082676] Skipping Previous mode set ... 
[ 2439.145165] [RCE] vi5_hwinit: firmware CL2018101701 protocol version 2.2
[ 2439.293101] usb 2-3: usb_suspend_both: status 0
[ 2439.293317] usb usb2: usb_suspend_both: status 0
[ 2439.309475] usb usb2: usb_suspend_both: status 0
[ 2439.504948] usb 2-3: usb_suspend_both: status 0
[ 2439.505190] usb usb2: usb_suspend_both: status 0
[ 2439.521331] usb usb2: usb_suspend_both: status 0
[ 2456.424435] eqos 2490000.ether_qos eth0: Link is Down
[ 2750.736590] start_addr=(0x8000), end_addr=(0x10000), buffer_size=(0x8000), smp_number_max=(4096)
[ 2754.892009] usb 1-2-port2: disabled by hub (EMI?), re-enabling...
[ 2754.893673] usb 1-2.2: USB disconnect, device number 8
[ 2755.247156] usb 1-2.2: new high-speed USB device number 9 using tegra-xusb
[ 2755.267880] usb 1-2.2: New USB device found, idVendor=0bda, idProduct=c811
[ 2755.267891] usb 1-2.2: New USB device strings: Mfr=1, Product=2, SerialNumber=3
[ 2755.267896] usb 1-2.2: Product: 802.11ac NIC
[ 2755.267901] usb 1-2.2: Manufacturer: Realtek
[ 2755.267906] usb 1-2.2: SerialNumber: 123456
[ 2755.584402] IPv6: ADDRCONF(NETDEV_UP): wlan0: link is not ready
[ 2756.394602] start_addr=(0x8000), end_addr=(0x10000), buffer_size=(0x8000), smp_number_max=(4096)
[ 2756.413283] IPv6: ADDRCONF(NETDEV_UP): wlan0: link is not ready
[ 2756.501370] IPv6: ADDRCONF(NETDEV_UP): wlan0: link is not ready
[ 2762.059842] start_addr=(0x8000), end_addr=(0x10000), buffer_size=(0x8000), smp_number_max=(4096)
[ 2762.150135] IPv6: ADDRCONF(NETDEV_CHANGE): wlan0: link becomes ready
[ 2768.204023] usb 1-2-port2: disabled by hub (EMI?), re-enabling...
[ 2768.204462] usb 1-2.2: USB disconnect, device number 9
[ 2768.536528] usb 1-2.2: new high-speed USB device number 10 using tegra-xusb
[ 2768.557060] usb 1-2.2: New USB device found, idVendor=0bda, idProduct=c811
[ 2768.557072] usb 1-2.2: New USB device strings: Mfr=1, Product=2, SerialNumber=3
[ 2768.557077] usb 1-2.2: Product: 802.11ac NIC
[ 2768.557081] usb 1-2.2: Manufacturer: Realtek
[ 2768.557086] usb 1-2.2: SerialNumber: 123456
[ 2768.875582] IPv6: ADDRCONF(NETDEV_UP): wlan0: link is not ready
[ 2769.679222] start_addr=(0x8000), end_addr=(0x10000), buffer_size=(0x8000), smp_number_max=(4096)
[ 2769.698543] IPv6: ADDRCONF(NETDEV_UP): wlan0: link is not ready
[ 2769.782004] IPv6: ADDRCONF(NETDEV_UP): wlan0: link is not ready
[ 2775.296853] start_addr=(0x8000), end_addr=(0x10000), buffer_size=(0x8000), smp_number_max=(4096)
[ 2775.467161] IPv6: ADDRCONF(NETDEV_CHANGE): wlan0: link becomes ready
[ 2779.303550] eqos 2490000.ether_qos eth0: Link is Up - 1Gbps/Full - flow control rx/tx
[ 2810.027715] device eth0 entered promiscuous mode
[ 2811.159875] device eth0 left promiscuous mode
[ 2880.060341] eqos 2490000.ether_qos eth0: Link is Down
[ 3335.499963] usb 1-2-port2: disabled by hub (EMI?), re-enabling...
[ 3335.500543] usb 1-2.2: USB disconnect, device number 10
[ 3335.852918] usb 1-2.2: new high-speed USB device number 11 using tegra-xusb
[ 3335.873529] usb 1-2.2: New USB device found, idVendor=0bda, idProduct=c811
[ 3335.873539] usb 1-2.2: New USB device strings: Mfr=1, Product=2, SerialNumber=3
[ 3335.873546] usb 1-2.2: Product: 802.11ac NIC
[ 3335.873550] usb 1-2.2: Manufacturer: Realtek
[ 3335.873554] usb 1-2.2: SerialNumber: 123456
[ 3336.198928] IPv6: ADDRCONF(NETDEV_UP): wlan0: link is not ready
[ 3337.032149] start_addr=(0x8000), end_addr=(0x10000), buffer_size=(0x8000), smp_number_max=(4096)
[ 3337.051850] IPv6: ADDRCONF(NETDEV_UP): wlan0: link is not ready
[ 3337.157292] IPv6: ADDRCONF(NETDEV_UP): wlan0: link is not ready
[ 3342.889630] start_addr=(0x8000), end_addr=(0x10000), buffer_size=(0x8000), smp_number_max=(4096)
[ 3342.972747] IPv6: ADDRCONF(NETDEV_CHANGE): wlan0: link becomes ready
[ 3387.468002] usb 1-2-port2: disabled by hub (EMI?), re-enabling...
[ 3387.468492] usb 1-2.2: USB disconnect, device number 11
[ 3387.822854] usb 1-2.2: new high-speed USB device number 12 using tegra-xusb
[ 3387.843434] usb 1-2.2: New USB device found, idVendor=0bda, idProduct=c811
[ 3387.843445] usb 1-2.2: New USB device strings: Mfr=1, Product=2, SerialNumber=3
[ 3387.843450] usb 1-2.2: Product: 802.11ac NIC
[ 3387.843456] usb 1-2.2: Manufacturer: Realtek
[ 3387.843461] usb 1-2.2: SerialNumber: 123456
[ 3388.175193] IPv6: ADDRCONF(NETDEV_UP): wlan0: link is not ready
[ 3388.971695] start_addr=(0x8000), end_addr=(0x10000), buffer_size=(0x8000), smp_number_max=(4096)
[ 3388.997051] IPv6: ADDRCONF(NETDEV_UP): wlan0: link is not ready
[ 3389.103705] IPv6: ADDRCONF(NETDEV_UP): wlan0: link is not ready
[ 3394.746756] start_addr=(0x8000), end_addr=(0x10000), buffer_size=(0x8000), smp_number_max=(4096)
[ 3394.880437] IPv6: ADDRCONF(NETDEV_CHANGE): wlan0: link becomes ready
[ 3640.139944] usb 1-2-port2: disabled by hub (EMI?), re-enabling...
[ 3640.140543] usb 1-2.2: USB disconnect, device number 12
[ 3640.476501] usb 1-2.2: new high-speed USB device number 13 using tegra-xusb
[ 3640.497127] usb 1-2.2: New USB device found, idVendor=0bda, idProduct=c811
[ 3640.497137] usb 1-2.2: New USB device strings: Mfr=1, Product=2, SerialNumber=3
[ 3640.497142] usb 1-2.2: Product: 802.11ac NIC
[ 3640.497147] usb 1-2.2: Manufacturer: Realtek
[ 3640.497152] usb 1-2.2: SerialNumber: 123456
[ 3640.821660] IPv6: ADDRCONF(NETDEV_UP): wlan0: link is not ready
[ 3641.619511] start_addr=(0x8000), end_addr=(0x10000), buffer_size=(0x8000), smp_number_max=(4096)
[ 3641.639108] IPv6: ADDRCONF(NETDEV_UP): wlan0: link is not ready
[ 3641.758120] IPv6: ADDRCONF(NETDEV_UP): wlan0: link is not ready
[ 3647.431442] start_addr=(0x8000), end_addr=(0x10000), buffer_size=(0x8000), smp_number_max=(4096)
[ 3647.609799] IPv6: ADDRCONF(NETDEV_CHANGE): wlan0: link becomes ready
[ 3668.555996] usb 1-2-port2: disabled by hub (EMI?), re-enabling...
[ 3668.556484] usb 1-2.2: USB disconnect, device number 13
[ 3668.890307] usb 1-2.2: new high-speed USB device number 14 using tegra-xusb
[ 3668.914951] usb 1-2.2: New USB device found, idVendor=0bda, idProduct=c811
[ 3668.914967] usb 1-2.2: New USB device strings: Mfr=1, Product=2, SerialNumber=3
[ 3668.914972] usb 1-2.2: Product: 802.11ac NIC
[ 3668.914977] usb 1-2.2: Manufacturer: Realtek
[ 3668.914982] usb 1-2.2: SerialNumber: 123456
[ 3669.236509] IPv6: ADDRCONF(NETDEV_UP): wlan0: link is not ready
[ 3670.058178] start_addr=(0x8000), end_addr=(0x10000), buffer_size=(0x8000), smp_number_max=(4096)
[ 3670.092179] IPv6: ADDRCONF(NETDEV_UP): wlan0: link is not ready
[ 3670.174464] IPv6: ADDRCONF(NETDEV_UP): wlan0: link is not ready
[ 3675.743495] start_addr=(0x8000), end_addr=(0x10000), buffer_size=(0x8000), smp_number_max=(4096)
[ 3675.871382] IPv6: ADDRCONF(NETDEV_CHANGE): wlan0: link becomes ready
[ 3818.605592] eqos 2490000.ether_qos eth0: Link is Up - 1Gbps/Full - flow control rx/tx
