---- robot status ---- temperature [℃] ---- current [mA] ---- voltage [mV] ----
id 0 0 0 0 
id 1 0 0 0 
id 2 0 0 0 
id 3 0 0 0 
id 4 0 0 0 
id 5 0 0 0 
id 6 0 0 0 
id 7 0 0 0 
id 8 0 0 0 
id 9 0 0 0 
id 10 0 0 0 
id 11 0 0 0 
id 12 0 0 0 
id 13 0 0 0 
id 14 0 0 0 
id 15 0 0 0 
id 16 0 0 0 
id 17 0 0 0 
id 18 0 0 0 

 Motors which temperature is over 45℃
---------------------------------- dmesg ----------------------------------
[    0.000000] Booting Linux on physical CPU 0x0
[    0.000000] Linux version 4.9.201 (hiroki@hiroki) (gcc version 7.3.1 20180425 [linaro-7.3-2018.05 revision d29120a424ecfbc167ef90065c0eeb7f91977701] (Linaro GCC 7.3-2018.05) ) #1 SMP PREEMPT Mon May 16 20:47:32 JST 2022
[    0.000000] Boot CPU: AArch64 Processor [4e0f0040]
[    0.000000] OF: fdt:memory scan node memory, reg size 48,
[    0.000000] OF: fdt: - 80000000 ,  2c000000
[    0.000000] OF: fdt: - ac200000 ,  44800000
[    0.000000] OF: fdt: - 100000000 ,  180000000
[    0.000000] earlycon: tegra_comb_uart0 at MMIO32 0x000000000c168000 (options '')
[    0.000000] bootconsole [tegra_comb_uart0] enabled
[    0.000000] OF: fdt:Reserved memory: failed to reserve memory for node 'fb0_carveout': base 0x0000000000000000, size 0 MiB
[    0.000000] OF: fdt:Reserved memory: failed to reserve memory for node 'fb0_carveout': base 0x0000000000000000, size 0 MiB
[    0.000000] OF: fdt:Reserved memory: failed to reserve memory for node 'fb1_carveout': base 0x0000000000000000, size 0 MiB
[    0.000000] OF: fdt:Reserved memory: failed to reserve memory for node 'fb1_carveout': base 0x0000000000000000, size 0 MiB
[    0.000000] OF: fdt:Reserved memory: failed to reserve memory for node 'fb2_carveout': base 0x0000000000000000, size 0 MiB
[    0.000000] OF: fdt:Reserved memory: failed to reserve memory for node 'fb2_carveout': base 0x0000000000000000, size 0 MiB
[    0.000000] OF: fdt:Reserved memory: failed to reserve memory for node 'fb3_carveout': base 0x0000000000000000, size 0 MiB
[    0.000000] OF: fdt:Reserved memory: failed to reserve memory for node 'fb3_carveout': base 0x0000000000000000, size 0 MiB
[    0.000000] OF: reserved mem: initialized node ramoops_carveout, compatible id nvidia,ramoops
[    0.000000] OF: reserved mem: initialized node vpr-carveout, compatible id nvidia,vpr-carveout
[    0.000000] OF: reserved mem: initialized node grid-of-semaphores, compatible id nvidia,gosmem
[    0.000000] cma: Reserved 64 MiB at 0x00000000c2000000
[    0.000000] On node 0 totalpages: 2033152
[    0.000000]   DMA zone: 7192 pages used for memmap
[    0.000000]   DMA zone: 0 pages reserved
[    0.000000]   DMA zone: 460288 pages, LIFO batch:31
[    0.000000]   Normal zone: 24576 pages used for memmap
[    0.000000]   Normal zone: 1572864 pages, LIFO batch:31
[    0.000000] psci: probing for conduit method from DT.
[    0.000000] psci: PSCIv1.0 detected in firmware.
[    0.000000] psci: Using standard PSCI v0.2 function IDs
[    0.000000] psci: MIGRATE_INFO_TYPE not supported.
[    0.000000] psci: SMC Calling Convention v1.1
[    0.000000] percpu: Embedded 24 pages/cpu s57560 r8192 d32552 u98304
[    0.000000] pcpu-alloc: s57560 r8192 d32552 u98304 alloc=24*4096
[    0.000000] pcpu-alloc: [0] 0 [0] 1 [0] 2 [0] 3 [0] 4 [0] 5 
[    0.000000] Speculative Store Bypass Disable mitigation not required
[    0.000000] Built 1 zonelists in Zone order, mobility grouping on.  Total pages: 2001384
[    0.000000] Kernel command line: console=ttyTCU0,115200 video=tegrafb no_console_suspend=1 earlycon=tegra_comb_uart,mmio32,0x0c168000 gpt rootfs.slot_suffix= usbcore.old_scheme_first=1 tegraid=19.1.2.0.0 maxcpus=6 boot.slot_suffix= boot.ratchetvalues=0.4.2 vpr_resize sdhci_tegra.en_boot_part_access=1    quiet root=PARTUUID=ddbf9896-a4db-4932-8580-5f014e7f85fd rw rootwait rootfstype=ext4 console=ttyTCU0,115200n8 console=tty0 fbcon=map:0 net.ifnames=0
[    0.000000] log_buf_len individual max cpu contribution: 32768 bytes
[    0.000000] log_buf_len total cpu_extra contributions: 163840 bytes
[    0.000000] log_buf_len min size: 32768 bytes
[    0.000000] log_buf_len: 262144 bytes
[    0.000000] early log buf free: 29072(88%)
[    0.000000] PID hash table entries: 4096 (order: 3, 32768 bytes)
[    0.000000] Dentry cache hash table entries: 1048576 (order: 11, 8388608 bytes)
[    0.000000] Inode-cache hash table entries: 524288 (order: 10, 4194304 bytes)
[    0.000000] Memory: 7190728K/8132608K available (15294K kernel code, 2942K rwdata, 6716K rodata, 8576K init, 609K bss, 188216K reserved, 753664K cma-reserved)
[    0.000000] Virtual kernel memory layout:
[    0.000000]     modules : 0xffffff8000000000 - 0xffffff8008000000   (   128 MB)
[    0.000000]     vmalloc : 0xffffff8008000000 - 0xffffffbebfff0000   (   250 GB)
[    0.000000]       .text : 0xffffff8008080000 - 0xffffff8008f70000   ( 15296 KB)
[    0.000000]     .rodata : 0xffffff8008f70000 - 0xffffff8009610000   (  6784 KB)
[    0.000000]       .init : 0xffffff8009610000 - 0xffffff8009e70000   (  8576 KB)
[    0.000000]       .data : 0xffffff8009e70000 - 0xffffff800a14f808   (  2943 KB)
[    0.000000]        .bss : 0xffffff800a14f808 - 0xffffff800a1e7cbc   (   610 KB)
[    0.000000]     fixed   : 0xffffffbefe7fd000 - 0xffffffbefec00000   (  4108 KB)
[    0.000000]     PCI I/O : 0xffffffbefee00000 - 0xffffffbeffe00000   (    16 MB)
[    0.000000]     vmemmap : 0xffffffbf00000000 - 0xffffffc000000000   (     4 GB maximum)
[    0.000000]               0xffffffbf00000000 - 0xffffffbf08000000   (   128 MB actual)
[    0.000000]     memory  : 0xffffffc000000000 - 0xffffffc200000000   (  8192 MB)
[    0.000000] SLUB: HWalign=64, Order=0-3, MinObjects=0, CPUs=6, Nodes=1
[    0.000000] Preemptible hierarchical RCU implementation.
[    0.000000] 	Build-time adjustment of leaf fanout to 64.
[    0.000000] 	RCU restricting CPUs from NR_CPUS=64 to nr_cpu_ids=6.
[    0.000000] RCU: Adjusting geometry for rcu_fanout_leaf=64, nr_cpu_ids=6
[    0.000000] NR_IRQS:64 nr_irqs:64 0
[    0.000000] GIC: Using split EOI/Deactivate mode
[    0.000000] arm_arch_timer: Architected cp15 timer(s) running at 31.25MHz (phys).
[    0.000000] clocksource: arch_sys_counter: mask: 0xffffffffffffff max_cycles: 0xe6a171046, max_idle_ns: 881590405314 ns
[    0.000011] sched_clock: 56 bits at 31MHz, resolution 32ns, wraps every 4398046511088ns
[    0.000694] Console: colour dummy device 80x25
[    0.000706] console [tty0] enabled
[    0.000714] bootconsole [tegra_comb_uart0] disabled
[    0.000727] kmemleak: Kernel memory leak detector disabled
[    0.000746] Calibrating delay loop (skipped), value calculated using timer frequency.. 62.50 BogoMIPS (lpj=125000)
[    0.000762] pid_max: default: 32768 minimum: 301
[    0.001880] Security Framework initialized
[    0.002488] Mount-cache hash table entries: 16384 (order: 5, 131072 bytes)
[    0.002501] Mountpoint-cache hash table entries: 16384 (order: 5, 131072 bytes)
[    0.004104] ftrace: allocating 47179 entries in 185 pages
[    0.403659] sched-energy: Sched-energy-costs installed from DT
[    0.403678] ASID allocator initialised with 65536 entries
[    0.438326] tegra-id: chipid=21917.
[    0.438337] tegra-id: opt_subrevision=1.
[    0.438364] Tegra Revision: A02p SKU: 0xde CPU Process: 0 SoC Process: 0
[    0.438378] DTS File Name: /home/hiroki/top_dir/kernel_sources/Linux_for_Tegra/source/public/kernel/kernel-4.9/arch/arm64/boot/dts/../../../../../../hardware/nvidia/platform/t19x/jakku/kernel-dts/tegra194-p3668-all-p3509-0000-ar0521.dts
[    0.438387] DTB Build time: May 16 2022 21:04:32
[    0.486525] CPU1: Booted secondary processor [4e0f0040]
[    0.518597] CPU2: Booted secondary processor [4e0f0040]
[    0.550690] CPU3: Booted secondary processor [4e0f0040]
[    0.582949] CPU4: Booted secondary processor [4e0f0040]
[    0.615046] CPU5: Booted secondary processor [4e0f0040]
[    0.615270] Brought up 6 CPUs
[    0.615280] SMP: Total of 6 processors activated.
[    0.615289] CPU features: detected feature: Privileged Access Never
[    0.615295] CPU features: detected feature: LSE atomic instructions
[    0.615301] CPU features: detected feature: User Access Override
[    0.615307] CPU features: detected feature: 32-bit EL0 Support
[    0.616882] CPU: All CPU(s) started at EL2
[    0.616951] alternatives: patching kernel code
[    0.623369] devtmpfs: initialized
[    0.661288] Initilizing CustomIPI irq domain
[    0.661518] clocksource: jiffies: mask: 0xffffffff max_cycles: 0xffffffff, max_idle_ns: 7645041785100000 ns
[    0.661535] futex hash table entries: 2048 (order: 5, 131072 bytes)
[    0.683446] pinctrl core: initialized pinctrl subsystem
[    0.683669] OS set in device tree is not L4T.
[    0.683965] regulator-dummy: no parameters
[    0.684243] Initializing plugin-manager
[    0.684303] Plugin module not found
[    0.684338] Plugin-manager status disabled
[    0.685412] NET: Registered protocol family 16
[    0.686718] pstore: using zlib compression
[    0.686745] console [pstore-1] enabled
[    0.686782] pstore: Registered ramoops as persistent store backend
[    0.686791] ramoops: attached 0x200000@0xf0800000, ecc: 0/0
[    0.705861] cpuidle: using governor menu
[    0.706703] bpmp: waiting for handshake
[    0.706715] bpmp: handshake completed
[    0.706734] bpmp: synchronizing channels
[    0.706745] bpmp: channels synchronized
[    0.706754] bpmp: mail init ok
[    0.709107] t19x-arm-smmu 12000000.iommu: found 3 SMMUs and ISO SMMU id is 2
[    0.709307] t19x-arm-smmu 12000000.iommu: probing hardware configuration...
[    0.709316] t19x-arm-smmu 12000000.iommu: SMMUv2 with:
[    0.709324] t19x-arm-smmu 12000000.iommu: 	stage 1 translation
[    0.709331] t19x-arm-smmu 12000000.iommu: 	stage 2 translation
[    0.709356] t19x-arm-smmu 12000000.iommu: 	nested translation
[    0.709368] t19x-arm-smmu 12000000.iommu: 	stream matching with 128 register groups, mask 0x7f80
[    0.709382] t19x-arm-smmu 12000000.iommu: SMMU address space size (0x800000) differs from mapped region size (0x1000000)!
[    0.709390] t19x-arm-smmu 12000000.iommu: 	64 context banks (0 stage-2 only)
[    0.709402] t19x-arm-smmu 12000000.iommu: 	Stage-1: 39-bit VA -> 48-bit IPA
[    0.709410] t19x-arm-smmu 12000000.iommu: 	Stage-2: 39-bit IPA -> 48-bit PA
[    0.713114] vdso: 2 pages (1 code @ ffffff8008f77000, 1 data @ ffffff8009e74000)
[    0.713145] hw-breakpoint: found 6 breakpoint and 4 watchpoint registers.
[    0.715703] atomic_pool_init():622: DMA: preallocated 1024 KiB pool for atomic allocations
[    0.716557] tegra_aon_clk_init: ok
[    0.716572] Registering BPMP clocks...
[    0.716676] tegra_bpmp_clk_init: clock init ok (400 clks)
[    0.717288] Serial: AMBA PL011 UART driver
[    0.717477] tegra_powergate_init: DONE
[    0.717540] DTS File Name: /home/hiroki/top_dir/kernel_sources/Linux_for_Tegra/source/public/kernel/kernel-4.9/arch/arm64/boot/dts/../../../../../../hardware/nvidia/platform/t19x/jakku/kernel-dts/tegra194-p3668-all-p3509-0000-ar0521.dts
[    0.717581] DTB Build time: May 16 2022 21:04:32
[    0.720136] Tegra reboot handler registered.
[    0.726751] iommu: Adding device 14160000.pcie to group 0
[    0.727341] iommu: Adding device 141a0000.pcie to group 1
[    0.728586] iommu: Adding device 2490000.ether_qos to group 2
[    0.729011] iommu: Adding device 3100000.serial to group 3
[    0.729492] iommu: Adding device 3110000.serial to group 4
[    0.729905] iommu: Adding device 3140000.serial to group 5
[    0.730534] tegra-pmc c360000.pmc: scratch reg offset dts data not present
[    0.730684] tegra-pmc: get_secure_pmc_setting: done secure_pmc=0
[    0.730706] tegra-pmc: ### PMC reset source: TEGRA_POWER_ON_RESET
[    0.730731] tegra-pmc: ### PMC reset level: TEGRA_RESET_LEVEL_L0
[    0.730740] tegra-pmc: ### PMC reset status reg: 0x0
[    0.730788] tegra-pmc: PMC Prod config success
[    0.730966] padctrl padctrl.0: Pad control driver tegra-pmc-padctrl registered
[    0.730980] tegra-pmc c360000.pmc: IO padctrl driver initialized
[    0.731269] iommu: Adding device 3460000.sdhci to group 6
[    0.731806] iommu: Adding device 3440000.sdhci to group 7
[    0.732333] iommu: Adding device 3210000.spi to group 8
[    0.732777] iommu: Adding device 3230000.spi to group 9
[    0.733152] iommu: Adding device 3270000.spi to group 10
[    0.734237] iommu: Adding device 3160000.i2c to group 11
[    0.734736] iommu: Adding device c240000.i2c to group 12
[    0.735152] iommu: Adding device 3180000.i2c to group 13
[    0.735623] iommu: Adding device 3190000.i2c to group 14
[    0.736153] iommu: Adding device 31b0000.i2c to group 15
[    0.736572] iommu: Adding device 31c0000.i2c to group 16
[    0.737008] iommu: Adding device c250000.i2c to group 17
[    0.737434] iommu: Adding device 31e0000.i2c to group 18
[    0.738008] iommu: Adding device sound to group 19
[    0.738637] iommu: Adding device 3510000.hda to group 20
[    0.739244] iommu: Adding device bc00000.rtcpu to group 21
[    0.741496] iommu: Adding device 13e10000.host1x to group 22
[    0.741911] iommu: Adding device 13e10000.host1x:ctx0 to group 23
[    0.742305] iommu: Adding device 13e10000.host1x:ctx1 to group 24
[    0.742682] iommu: Adding device 13e10000.host1x:ctx2 to group 25
[    0.743075] iommu: Adding device 13e10000.host1x:ctx3 to group 26
[    0.743420] iommu: Adding device 13e10000.host1x:ctx4 to group 27
[    0.743767] iommu: Adding device 13e10000.host1x:ctx5 to group 28
[    0.744164] iommu: Adding device 13e10000.host1x:ctx6 to group 29
[    0.744555] iommu: Adding device 13e10000.host1x:ctx7 to group 30
[    0.745187] iommu: Adding device 15340000.vic to group 31
[    0.745664] iommu: Adding device 15380000.nvjpg to group 32
[    0.746048] iommu: Adding device 15500000.tsec to group 33
[    0.746384] iommu: Adding device 15100000.tsecb to group 34
[    0.746832] iommu: Adding device 15480000.nvdec to group 35
[    0.747194] iommu: Adding device 15140000.nvdec1 to group 36
[    0.747493] iommu: Adding device 154c0000.nvenc to group 37
[    0.747800] iommu: Adding device 15a80000.nvenc1 to group 38
[    0.748356] iommu: Adding device 15880000.nvdla0 to group 39
[    0.748869] iommu: Adding device 158c0000.nvdla1 to group 40
[    0.749461] iommu: Adding device 15200000.nvdisplay to group 41
[    0.753504] platform 15200000.nvdisplay: IOVA linear map 0x00000000c6000000(2a000000)
[    0.753572] t19x-arm-smmu: Adding 15200000.nvdisplay to ISO SMMU client
[    0.754070] iommu: Adding device 15210000.nvdisplay to group 42
[    0.754138] t19x-arm-smmu: Adding 15210000.nvdisplay to ISO SMMU client
[    0.756002] iommu: Adding device 15c10000.vi to group 43
[    0.756215] t19x-arm-smmu: Adding 15c10000.vi to ISO SMMU client
[    0.756657] iommu: Adding device 14800000.isp to group 44
[    0.757557] iommu: Adding device 16000000.pva0 to group 45
[    0.758093] iommu: Adding device 16800000.pva1 to group 46
[    0.758467] iommu: Adding device 15810000.se to group 47
[    0.758865] iommu: Adding device 15820000.se to group 48
[    0.759129] iommu: Adding device 15830000.se to group 49
[    0.759364] iommu: Adding device 15840000.se to group 50
[    0.759607] iommu: Adding device c1a0000.aon to group 51
[    0.761142] iommu: Adding device d000000.bpmp to group 52
[    0.761452] bpmp: ping status is 0
[    0.761575] bpmp d000000.bpmp: firmware tag is e73a758761f0c6d24a1e69a2ac6b5035
[    0.764657] bpmp d000000.bpmp: probe ok
[    0.766478] tegra-reset 0.bpmp_reset: registered 190 resets.
[    0.766901] iommu: Adding device smmu_test to group 53
[    0.767860] mc: mapped MMIO address: 0xffffff800a5c0000 -> 0x2c10000
[    0.767880] mc: mapped MMIO address: 0xffffff800a5e0000 -> 0x2c20000
[    0.767898] mc: mapped MMIO address: 0xffffff800a7b0000 -> 0x2c30000
[    0.767915] mc: mapped MMIO address: 0xffffff800a7d0000 -> 0x2c40000
[    0.767935] mc: mapped MMIO address: 0xffffff800b010000 -> 0x2c50000
[    0.767954] mc: mapped MMIO address: 0xffffff800b030000 -> 0x2b80000
[    0.767971] mc: mapped MMIO address: 0xffffff800b050000 -> 0x2b90000
[    0.767988] mc: mapped MMIO address: 0xffffff800b070000 -> 0x2ba0000
[    0.768005] mc: mapped MMIO address: 0xffffff800b090000 -> 0x2bb0000
[    0.768024] mc: mapped MMIO address: 0xffffff800b0b0000 -> 0x1700000
[    0.768041] mc: mapped MMIO address: 0xffffff800b0d0000 -> 0x1710000
[    0.768058] mc: mapped MMIO address: 0xffffff800b0f0000 -> 0x1720000
[    0.768075] mc: mapped MMIO address: 0xffffff800b110000 -> 0x1730000
[    0.768091] mc: mapped MMIO address: 0xffffff800b130000 -> 0x1740000
[    0.768108] mc: mapped MMIO address: 0xffffff800b150000 -> 0x1750000
[    0.768125] mc: mapped MMIO address: 0xffffff800b170000 -> 0x1760000
[    0.768141] mc: mapped MMIO address: 0xffffff800b190000 -> 0x1770000
[    0.768237] mc-err: mcerr ops are set to t19x
[    0.773795] iommu: Adding device 2600000.dma to group 54
[    0.779607] gpio gpiochip0: gpio-line-names specifies 240 line names but there are 224 lines on the chip
[    0.780946] GPIO line 339 (wifi-enable) hogged as output/high
[    0.780988] GPIO line 412 (camera-control-output-low) hogged as output/high
[    0.781015] GPIO line 412 (camera-control-output-low) hogged as output/high
[    0.781357] gpiochip_setup_dev: registered GPIOs 288 to 511 on device: gpiochip0 (tegra-gpio)
[    0.786769] gpio gpiochip1: gpio-line-names specifies 21 line names but there are 40 lines on the chip
[    0.786841] GPIO line 253 (pex-refclk-sel-low) hogged as output/low
[    0.786878] GPIO line 266 (w-disable1) hogged as output/high
[    0.786911] GPIO line 264 (w-disable2) hogged as output/high
[    0.786944] GPIO line 265 (suspend-led-gpio) hogged as output/high
[    0.787188] gpiochip_setup_dev: registered GPIOs 248 to 287 on device: gpiochip1 (tegra-gpio-aon)
[    0.789131] tegra186-aowake c370000.pmc: WAKE_AOWAKE_CNTRL_83 = 0x10a
[    0.789142] tegra186-aowake c370000.pmc: WAKE_AOWAKE_CTRL_0 = 3
[    0.789153] tegra186-aowake c370000.pmc: WAKE_AOWAKE_CNTRL_24(PMU_INT) = 256
[    0.789837] iommu: Adding device 3550000.xudc to group 55
[    0.790497] iommu: Adding device 3610000.xhci to group 56
[    0.792561] arm64_ras arm64_ras: probed
[    0.792915] ras_fhi_enable: FHI 470 enabled on CPU0
[    0.792991] ras_fhi_enable: FHI 471 enabled on CPU1
[    0.793092] ras_fhi_enable: FHI 472 enabled on CPU2
[    0.793161] ras_fhi_enable: FHI 473 enabled on CPU3
[    0.793243] ras_fhi_enable: FHI 474 enabled on CPU4
[    0.793323] ras_fhi_enable: FHI 475 enabled on CPU5
[    0.793513] carmel_ras_enable: RAS enabled on cpu0
[    0.793683] carmel_ras_enable: RAS enabled on cpu1
[    0.793878] carmel_ras_enable: RAS enabled on cpu2
[    0.794069] carmel_ras_enable: RAS enabled on cpu3
[    0.794301] carmel_ras_enable: RAS enabled on cpu4
[    0.794499] carmel_ras_enable: RAS enabled on cpu5
[    0.794578] carmel_ras carmel_ras: probed
[    0.795548] tegra-cbb 2300000.cbb-noc: noc_secure_irq = 479, noc_nonsecure_irq = 478>
[    0.796017] tegra-cbb c600000.aon-noc: noc_secure_irq = 481, noc_nonsecure_irq = 480>
[    0.796692] tegra-cbb d600000.bpmp-noc: noc_secure_irq = 483, noc_nonsecure_irq = 482>
[    0.797488] tegra-cbb be00000.rce-noc: noc_secure_irq = 485, noc_nonsecure_irq = 484>
[    0.798135] tegra-cbb b600000.sce-noc: noc_secure_irq = 487, noc_nonsecure_irq = 486>
[    0.798467] tegra-cbb 14040000.cv-noc: defer probe as CV-NOC not probed yet
[    0.799626] vdd-ac-bat: 5000 mV 
[    0.800093] vdd-sdmmc1-sw: 3300 mV 
[    0.800326] vdd-1v8-sd: 1800 mV 
[    0.800668] vdd-3v3-cvb: 3300 mV 
[    0.800922] vdd-1v8-cvb: 1800 mV 
[    0.801188] vdd-epb-1v0: supplied by vdd-3v3-cvb
[    0.801235] vdd-epb-1v0: 1000 mV 
[    0.801543] avdd-cam-2v8: 2800 mV 
[    0.801892] vdd-fan: 5000 mV 
[    0.802192] vdd-hdmi-5v0: 5000 mV 
[    0.802410] vdd_sys_en: 1200 mV 
[    0.842110] HugeTLB registered 2 MB page size, pre-allocated 0 pages
[    0.846755] eventlib_kernel: keventlib is initialized, test id: 0
[    0.847086] SCSI subsystem initialized
[    0.847338] libata version 3.00 loaded.
[    0.847541] usbcore: registered new interface driver usbfs
[    0.847582] usbcore: registered new interface driver hub
[    0.847680] usbcore: registered new device driver usb
[    0.858436] tegra-i2c 31e0000.i2c: could not find pctldev for node /host1x/dpaux@155F0000/pinmux@0, deferring probe
[    0.860905] max77620 4-003c: PMIC Version OTP:0x51 and ES:0x1
[    0.865654] vdd-1v0: at 1000 mV 
[    0.869674] vdd-1v8-hs: at 1800 mV 
[    0.873679] vdd-1v8-ls: at 1800 mV 
[    0.877719] vdd-1v8-ao: at 1800 mV 
[    0.881710] vddio-ddr-1v1: at 1100 mV 
[    0.885493] vdd-rtc: at 800 mV 
[    0.886633] spmic-ldo1: at 2375 mV 
[    0.893546] vdd-ao-3v3: at 3300 mV 
[    0.901552] vddio-emmc-3v3: at 3300 mV 
[    0.902680] spmic-ldo4: at 1587 mV 
[    0.909583] vdd-usb-3v3: at 3300 mV 
[    0.917640] vddio-sdmmc1-3v3: at 3300 mV 
[    0.921645] vdd-csi-1v2: at 1200 mV 
[    0.923051] spmic-ldo8: at 1800 mV 
[    0.927630] GPIO line 246 (gpio_default) hogged as output/high
[    0.929013] GPIO line 247 (gpio_default) hogged as output/high
[    0.929250] gpiochip_setup_dev: registered GPIOs 240 to 247 on device: gpiochip2 (max77620-gpio)
[    0.929485] max77620 4-003c: max77620 probe successful
[    0.929860] media: Linux media interface: v0.10
[    0.929885] Linux video capture interface: v2.00
[    0.930909] pps_core: LinuxPPS API ver. 1 registered
[    0.930917] pps_core: Software ver. 5.3.6 - Copyright 2005-2007 Rodolfo Giometti <giometti@linux.it>
[    0.930937] PTP clock support registered
[    0.931141] tegra_wdt_t18x 30c0000.watchdog: Expiry count is deprecated
[    0.931433] tegra_wdt_t18x 30c0000.watchdog: Tegra WDT init timeout = 120 sec
[    0.931462] tegra_wdt_t18x 30c0000.watchdog: Registered successfully
[    0.933619] trusty trusty: trusty version: Built: 08:56:10 Jul  9 2021 
[    0.933676] trusty trusty: selected api version: 3 (requested 3)
[    0.934755] Advanced Linux Sound Architecture Driver Initialized.
[    0.935128] Bluetooth: Core ver 2.22
[    0.935157] NET: Registered protocol family 31
[    0.935162] Bluetooth: HCI device and connection manager initialized
[    0.935171] Bluetooth: HCI socket layer initialized
[    0.935179] Bluetooth: L2CAP socket layer initialized
[    0.935200] Bluetooth: SCO socket layer initialized
[    0.937857] camchar: rtcpu character device driver loaded
[    0.938496] gpio tegra-gpio wake61 for gpio=201(Z:1)
[    0.938577] extcon-gpio-states external-connection:extcon@1: Cable state:0, cable id:0
[    0.939337] clocksource: Switched to clocksource arch_sys_counter
[    0.979298] VFS: Disk quotas dquot_6.6.0
[    0.979421] VFS: Dquot-cache hash table entries: 512 (order 0, 4096 bytes)
[    0.979700] nvmap_heap_init: nvmap_heap_init: created heap block cache
[    0.980853] tegra-carveouts tegra-carveouts: assigned reserved memory node grid-of-semaphores
[    0.980906] dma_declare_coherent_resizable_cma_memory:324: resizable heap=vpr, base=0x00000000c6000000, size=0x2a000000
[    0.981139] cma: enabled page replacement for spfn=c6000, epfn=f0000
[    0.981147] dma_declare_coherent_resizable_cma_memory:373: resizable cma heap=vpr create successful
[    0.981160] nvmap: nvmap_select_cache_ops() nvmap cache ops set to scf
[    0.981168] nvmap_page_pool_init: Total RAM pages: 1986098
[    0.981174] nvmap_page_pool_init: nvmap page pool size: 248262 pages (969 MB)
[    0.981355] nvmap_background_zero_thread: PP zeroing thread starting.
[    0.981803] misc nvmap: created heap vpr base 0x00000000c6000000 size (688128KiB)
[    0.982732] tegra-gpcdma 2600000.dma: GPC DMA driver register 31 channels
[    0.993109] thermal thermal_zone0: Registering thermal zone thermal_zone0 for type CPU-therm
[    0.993276] thermal thermal_zone1: Registering thermal zone thermal_zone1 for type GPU-therm
[    0.993430] thermal thermal_zone2: Registering thermal zone thermal_zone2 for type AUX-therm
[    0.993551] thermal thermal_zone3: Registering thermal zone thermal_zone3 for type AO-therm
[    0.993677] thermal thermal_zone4: Registering thermal zone thermal_zone4 for type PMIC-Die
[    0.994828] la/ptsa driver initialized.
[    0.995181] NET: Registered protocol family 2
[    0.996096] TCP established hash table entries: 65536 (order: 7, 524288 bytes)
[    0.996424] TCP bind hash table entries: 65536 (order: 8, 1048576 bytes)
[    0.997028] TCP: Hash tables configured (established 65536 bind 65536)
[    0.997070] UDP hash table entries: 4096 (order: 5, 131072 bytes)
[    0.997188] UDP-Lite hash table entries: 4096 (order: 5, 131072 bytes)
[    0.997550] NET: Registered protocol family 1
[    0.998109] RPC: Registered named UNIX socket transport module.
[    0.998115] RPC: Registered udp transport module.
[    0.998119] RPC: Registered tcp transport module.
[    0.998124] RPC: Registered tcp NFSv4.1 backchannel transport module.
[    0.998134] PCI: CLS 0 bytes, default 64
[    0.998319] Trying to unpack rootfs image as initramfs...
[    1.234158] Freeing initrd memory: 7064K
[    1.245075] random: fast init done
[    1.249068] host1x 13e10000.host1x: initialized
[    1.250617] hw perfevents: enabled with armv8_pmuv3 PMU driver, 7 counters available
[    1.254559] audit: initializing netlink subsys (disabled)
[    1.254628] audit: type=2000 audit(0.872:1): initialized
[    1.255228] workingset: timestamp_bits=46 max_order=21 bucket_order=0
[    1.261461] squashfs: version 4.0 (2009/01/31) Phillip Lougher
[    1.262489] ntfs: driver 2.1.32 [Flags: R/W].
[    1.263072] 9p: Installing v9fs 9p2000 file system support
[    1.268041] Block layer SCSI generic (bsg) driver version 0.4 loaded (major 240)
[    1.268188] io scheduler noop registered
[    1.268393] io scheduler cfq registered (default)
[    1.271935] gic 2a41000.agic-controller: GIC IRQ controller registered
[    1.307663] iommu: Adding device 2993000.adsp to group 57
[    1.416130] iommu: Adding device aconnect@2a41000:adsp_audio to group 58
[    1.417034] tegra-aconnect aconnect@2a41000: Tegra ACONNECT bus registered
[    1.429539] tegra-pwm 3280000.pwm: PWM clk can sleep in ops
[    1.429975] tegra-pwm c340000.pwm: PWM clk can sleep in ops
[    1.430636] tegra-pwm 32c0000.pwm: PWM clk can sleep in ops
[    1.431061] tegra-pwm 32d0000.pwm: PWM clk can sleep in ops
[    1.431456] tegra-pwm 32f0000.pwm: PWM clk can sleep in ops
[    1.434246] tegra_camera_platform tegra-camera-platform: tegra_camera_probe:camera_platform_driver probe
[    1.434445] misc tegra_camera_ctrl: tegra_camera_isomgr_register: some fields not in DT.
[    1.434459] misc tegra_camera_ctrl: tegra_camera_isomgr_register isp_iso_bw=0, vi_iso_bw=8350000, max_bw=8350000
[    1.437307] tsec 15500000.tsec: initialized
[    1.438974] tsec 15100000.tsecb: initialized
[    1.442687] nvdec 15480000.nvdec: initialized
[    1.445514] nvdec 15140000.nvdec1: initialized
[    1.451105] falcon 15340000.vic: initialized
[    1.452955] falcon 15380000.nvjpg: initialized
[    1.454717] falcon 154c0000.nvenc: initialized
[    1.456620] falcon 15a80000.nvenc1: initialized
[    1.459753] iommu_context_dev 13e10000.host1x:ctx0: initialized (streamid=56)
[    1.461879] iommu_context_dev 13e10000.host1x:ctx1: initialized (streamid=57)
[    1.463228] iommu_context_dev 13e10000.host1x:ctx2: initialized (streamid=58)
[    1.464585] iommu_context_dev 13e10000.host1x:ctx3: initialized (streamid=59)
[    1.465904] iommu_context_dev 13e10000.host1x:ctx4: initialized (streamid=60)
[    1.467167] iommu_context_dev 13e10000.host1x:ctx5: initialized (streamid=61)
[    1.468496] iommu_context_dev 13e10000.host1x:ctx6: initialized (streamid=62)
[    1.469766] iommu_context_dev 13e10000.host1x:ctx7: initialized (streamid=63)
[    1.473187] t194-nvcsi 15a00000.nvcsi: initialized
[    1.478166] scare-pigeon 13e10000.host1x:vi-thi@15f00000: initialized
[    1.478458] scare-pigeon 14b00000.isp-thi: initialized
[    1.483678] pva 16000000.pva0: initialized
[    1.489468] pva 16800000.pva1: initialized
[    1.493969] nvdla 15880000.nvdla0: initialized
[    1.498872] nvdla 158c0000.nvdla1: initialized
[    1.500073] tegradccommon 15200000.dc_common: host1x channel mapped
[    1.500090] tegradccommon 15200000.dc_common: dc_common syncpt # 1 allocated
[    1.500146] tegradccommon 15200000.dc_common: dma mapping done
[    1.500979] tegradc 15200000.nvdisplay: disp0 connected to head0->/host1x/sor1
[    1.501010] generic_infoframe_type: 0x87
[    1.501073] tegradc 15200000.nvdisplay: DT parsed successfully
[    1.501107] tegradc 15200000.nvdisplay: Display dc.ffffff800bce0000 registered with id=0
[    1.504750] tegra_nvdisp_bandwidth_register_max_config: max config iso bw = 7088400 KB/s
[    1.504757] tegra_nvdisp_bandwidth_register_max_config: max config EMC floor = 800000000 Hz
[    1.504764] tegra_nvdisp_bandwidth_register_max_config: max config hubclk = 300000000 Hz
[    1.504979] tegradc 15200000.nvdisplay: vblank syncpt # 8 for dc 0
[    1.504989] tegradc 15200000.nvdisplay: vpulse3 syncpt # 9 for dc 0
[    1.507687] tegradc 15200000.nvdisplay: hdmi: invalid prod list prod_list_hdmi_board
[    1.507720] tegradc 15200000.nvdisplay: hdmi: tegra_hdmi_tmds_range_read(bd) failed
[    1.510981] tegradc 15200000.nvdisplay: probed
[    1.511595] Console: switching to colour frame buffer device 80x30
[    1.511630] tegradc 15200000.nvdisplay: fb registered
[    1.511860] gpio tegra-gpio wake63 for gpio=97(M:1)
[    1.512210] tegradc 15210000.nvdisplay: disp1 connected to head1->/host1x/sor
[    1.512241] tegradc 15210000.nvdisplay: parse_dp_settings: No dp-lt-settings node
[    1.512312] tegradc 15210000.nvdisplay: DT parsed successfully
[    1.512341] tegradc 15210000.nvdisplay: Display dc.ffffff800bdd0000 registered with id=1
[    1.512492] tegradc 15210000.nvdisplay: vblank syncpt # 11 for dc 1
[    1.512501] tegradc 15210000.nvdisplay: vpulse3 syncpt # 12 for dc 1
[    1.521678] tegradc 15210000.nvdisplay: probed
[    1.521965] tegradc 15210000.nvdisplay: fb registered
[    1.525412] hpd: state 7 (Takeover from bootloader), hpd 0, pending_hpd_evt 1
[    1.525420] hpd: switching from state 7 (Takeover from bootloader) to state 0 (Reset)
[    1.525431] hpd: state 0 (Reset), hpd 0, pending_hpd_evt 0
[    1.525443] tegradc 15210000.nvdisplay: blank - powerdown
[    1.525458] extcon-disp-state external-connection:disp-state: cable 44 state 0 already set.
[    1.525463] Extcon DP: HPD disabled
[    1.525467] hpd: hpd_switch 0
[    1.525473] hpd: switching from state 0 (Reset) to state 1 (Check Plug)
[    1.525483] hpd: state 1 (Check Plug), hpd 0, pending_hpd_evt 0
[    1.525492] hpd: switching from state 1 (Check Plug) to state 3 (Disabled)
[    1.525840] tegra_cec 3960000.tegra_cec: dt=1 start=0x03960000 end=0x03960FFF irq=78
[    1.525850] tegra_cec 3960000.tegra_cec: Unpowergate DISP: 0.
[    1.526136] tegra_cec 3960000.tegra_cec: Enable clock result: 0.
[    1.526267] tegra_cec 3960000.tegra_cec: tegra_cec_init started
[    1.526425] tegra_cec 3960000.tegra_cec: cec_add_sysfs ret=0
[    1.526434] tegra_cec 3960000.tegra_cec: probed
[    1.534333] tegra-adma 2930000.adma: Tegra210 ADMA driver registered 32 channels
[    1.535014] tegra-fuse-burn 3820000.efuse:efuse-burn: shutdown limit check disabled
[    1.535023] tegra-fuse-burn 3820000.efuse:efuse-burn: Fuse burn driver initialized
[    1.535356] kfuse 3830000.kfuse: initialized
[    1.539471] Serial: 8250/16550 driver, 4 ports, IRQ sharing disabled
[    1.541569] 3100000.serial: ttyTHS0 at MMIO 0x3100000 (irq = 47, base_baud = 0) is a TEGRA_UART
[    1.542619] 3110000.serial: ttyTHS1 at MMIO 0x3110000 (irq = 48, base_baud = 0) is a TEGRA_UART
[    1.543282] 3140000.serial: ttyTHS4 at MMIO 0x3140000 (irq = 49, base_baud = 0) is a TEGRA_UART
[    1.544266] console [ttyTCU0] enabled
[    1.544485] [drm] Initialized
[    1.554645] brd: module loaded
[    1.559578] loop: module loaded
[    1.559707] tegra_profiler: version: 1.143, samples/io: 48/28
[    1.559869] tegra_profiler: auth: init
[    1.560457] THERMAL EST: found 3 subdevs
[    1.560465] THERMAL EST num_resources: 0
[    1.560477] [THERMAL EST subdev 0]
[    1.560486] [THERMAL EST subdev 1]
[    1.560495] [THERMAL EST subdev 2]
[    1.560510] THERMAL EST: Found 2 profiles, default profile is quiet
[    1.560877] thermal thermal_zone5: Registering thermal zone thermal_zone5 for type thermal-fan-est
[    1.560883] THERMAL EST: thz register success.
[    1.561131] THERMAL EST: end of probe, return err: 0
[    1.561738] sd: No Scsi addr parsed to reserve index
[    1.561767] hisi_sas: driver version v1.6
[    1.570717] qspi_mtd spi6.0: s25fs256s SSG 8 0 1000 2000000
[    1.570727] qspi_mtd spi6.0: s25fs256s (32768 Kbytes)
[    1.570738] qspi_mtd spi6.0: mtd .name = spi6.0, .size = 0x2000000 (32MiB) .erasesize = 0x00010000 (64KiB) .numeraseregions = 0
[    1.571069] 1 ofpart partitions found on MTD device spi6.0
[    1.571076] Creating 1 MTD partitions on "spi6.0":
[    1.571086] 0x000000000000-0x000002000000 : "Whole_flash0"
[    1.573135] libphy: Fixed MDIO Bus: probed
[    1.574810] tun: Universal TUN/TAP device driver, 1.6
[    1.574816] tun: (C) 1999-2004 Max Krasnyansky <maxk@qualcomm.com>
[    1.575474] e1000e: Intel(R) PRO/1000 Network Driver - 3.2.6-k
[    1.575480] e1000e: Copyright(c) 1999 - 2015 Intel Corporation.
[    1.575516] igb: Intel(R) Gigabit Ethernet Network Driver - version 5.4.0-k
[    1.575520] igb: Copyright (c) 2007-2014 Intel Corporation.
[    1.575553] igbvf: Intel(R) Gigabit Virtual Function Network Driver - version 2.4.0-k
[    1.575558] igbvf: Copyright (c) 2009 - 2012 Intel Corporation.
[    1.575613] Intel(R) 10GbE PCI Express Linux Network Driver - version 4.6.4
[    1.575618] Copyright(c) 1999 - 2017 Intel Corporation.
[    1.818626] eqos 2490000.ether_qos: failed to read eqos_auto_cal_config_0_reg
[    1.819240] eqos 2490000.ether_qos: Setting local MAC: 48 b0 2d 5a 79 a2
[    1.819384] libphy: dwc_phy: probed
[    1.821897] PPP generic driver version 2.4.2
[    1.822098] PPP BSD Compression module registered
[    1.822110] PPP Deflate Compression module registered
[    1.822133] PPP MPPE Compression module registered
[    1.822139] NET: Registered protocol family 24
[    1.822185] usbcore: registered new interface driver r8152
[    1.822238] usbcore: registered new interface driver asix
[    1.822265] usbcore: registered new interface driver ax88179_178a
[    1.822290] usbcore: registered new interface driver cdc_ether
[    1.822311] usbcore: registered new interface driver net1080
[    1.822332] usbcore: registered new interface driver cdc_subset
[    1.822353] usbcore: registered new interface driver zaurus
[    1.822396] usbcore: registered new interface driver cdc_ncm
[    1.822706] VFIO - User Level meta-driver version: 0.3
[    1.823986] ehci_hcd: USB 2.0 'Enhanced' Host Controller (EHCI) Driver
[    1.824008] ehci-pci: EHCI PCI platform driver
[    1.824038] ohci_hcd: USB 1.1 'Open' Host Controller (OHCI) Driver
[    1.824051] ohci-pci: OHCI PCI platform driver
[    1.824083] ohci-platform: OHCI generic platform driver
[    1.828655] tegra-xusb 3610000.xhci: USB2 port 0 has OTG_CAP
[    1.830655] tegra-xusb 3610000.xhci: extcon 0: ffffffc1f540a400 id
[    1.830915] usbcore: registered new interface driver uas
[    1.830954] usbcore: registered new interface driver usb-storage
[    1.831050] usbcore: registered new interface driver usbserial
[    1.833781] tegra-xusb 3610000.xhci: Firmware timestamp: 2019-07-24 05:47:34 UTC, Version: 60.06 release
[    1.833818] tegra-xusb 3610000.xhci: xHCI Host Controller
[    1.833842] tegra-xusb 3610000.xhci: new USB bus registered, assigned bus number 1
[    1.834568] tegra-xusb 3610000.xhci: hcc params 0x0184ff25 hci version 0x110 quirks 0x00050810
[    1.834619] tegra-xusb 3610000.xhci: irq 465, io mem 0x03610000
[    1.834868] usb usb1: New USB device found, idVendor=1d6b, idProduct=0002
[    1.834886] usb usb1: New USB device strings: Mfr=3, Product=2, SerialNumber=1
[    1.834902] usb usb1: Product: xHCI Host Controller
[    1.834917] usb usb1: Manufacturer: Linux 4.9.201 xhci-hcd
[    1.834957] usb usb1: SerialNumber: 3610000.xhci
[    1.835520] hub 1-0:1.0: USB hub found
[    1.835569] hub 1-0:1.0: 4 ports detected
[    1.835918] tegra-xusb 3610000.xhci: xHCI Host Controller
[    1.835930] tegra-xusb 3610000.xhci: new USB bus registered, assigned bus number 2
[    1.835941] tegra-xusb 3610000.xhci: Host supports USB 3.1 Enhanced SuperSpeed
[    1.836133] usb usb2: New USB device found, idVendor=1d6b, idProduct=0003
[    1.836142] usb usb2: New USB device strings: Mfr=3, Product=2, SerialNumber=1
[    1.836151] usb usb2: Product: xHCI Host Controller
[    1.836157] usb usb2: Manufacturer: Linux 4.9.201 xhci-hcd
[    1.836163] usb usb2: SerialNumber: 3610000.xhci
[    1.836527] hub 2-0:1.0: USB hub found
[    1.836593] hub 2-0:1.0: 4 ports detected
[    1.837268] tegra-xudc-new 3550000.xudc: PMQOS CPU boost enabled
[    1.837350] tegra-xudc-new 3550000.xudc: device count: 1
[    1.837637] Wake76 for irq=199
[    1.837649] Wake77 for irq=199
[    1.837654] Wake78 for irq=199
[    1.837658] Wake79 for irq=199
[    1.837664] Wake80 for irq=199
[    1.837668] Wake81 for irq=199
[    1.837672] Wake82 for irq=199
[    1.837735] tegra-xusb 3610000.xhci: Upgrade port 0 to USB3.0
[    1.837743] tegra-xusb 3610000.xhci: Upgrade port 1 to USB3.0
[    1.838203] tegra-xudc-new 3550000.xudc: vbus state: 0
[    1.838213] tegra-xudc-new 3550000.xudc: Initialize boost_cpufreq work
[    1.838398] tegra-xudc-new 3550000.xudc: entering ELPG
[    1.838626] tegra-xudc-new 3550000.xudc: entering ELPG done
[    1.839138] mousedev: PS/2 mouse device common for all mice
[    1.839271] usbcore: registered new interface driver xpad
[    1.939941] usb usb2: usb_suspend_both: status 0
[    1.970431] max77686-rtc max77620-rtc: rtc core: registered max77620-rtc as rtc0
[    1.972047] Wake73 for irq=42
[    1.973266] rtc rtc1: alarm rtc device
[    1.973281] tegra_rtc c2a0000.rtc: rtc core: registered c2a0000.rtc as rtc1
[    1.973305] tegra_rtc c2a0000.rtc: Tegra internal Real Time Clock
[    1.973431] i2c /dev entries driver
[    1.975458] max77620-power max20024-power: Event recorder REG_NVERC : 0x44
[    1.981517] tegra-thermal-throttle bthrot_cdev: cpufreq policy is not ready defer
[    1.981840] FAN dev name: pwm-fan
[    1.981894] FAN:gpio request success.
[    1.981934] pwm_fan_driver pwm-fan: Found 2 profiles, default profile is quiet
[    1.981963] pwm_fan_driver pwm-fan: cap state:4, cap pwm:255
[    1.982194] pwm_fan_driver pwm-fan: got pwm for fan. polarity is normal
[    1.982331] gpio tegra-gpio-aon wake39 for gpio=19(CC:3)
[    1.982382] pwm_fan_driver pwm-fan: fan tach request irq success
[    1.982392] pwm_fan_driver pwm-fan: tach period: 1000
[    1.982909] pwm_fan_driver pwm-fan: index 0: pwm=0, rpm=0, rru=40, rrd=40, state:2
[    1.982917] pwm_fan_driver pwm-fan: index 1: pwm=130, rpm=1000, rru=2, rrd=2, state:2
[    1.982924] pwm_fan_driver pwm-fan: index 2: pwm=160, rpm=2000, rru=1, rrd=1, state:2
[    1.982930] pwm_fan_driver pwm-fan: index 3: pwm=200, rpm=3000, rru=1, rrd=1, state:2
[    1.982936] pwm_fan_driver pwm-fan: index 4: pwm=255, rpm=4000, rru=1, rrd=1, state:3
[    1.982942] pwm_fan_driver pwm-fan: index 5: pwm=255, rpm=5000, rru=1, rrd=1, state:3
[    1.982949] pwm_fan_driver pwm-fan: index 6: pwm=255, rpm=6000, rru=1, rrd=1, state:3
[    1.982955] pwm_fan_driver pwm-fan: index 7: pwm=255, rpm=7000, rru=1, rrd=1, state:4
[    1.982963] pwm_fan_driver pwm-fan: index 8: pwm=255, rpm=10000, rru=1, rrd=1, state:4
[    1.982970] pwm_fan_driver pwm-fan: index 9: pwm=255, rpm=11000, rru=1, rrd=1, state:4
[    1.983686] tegra-oc-event d280000.soctherm-oc-event: OC driver initialized
[    1.984512] device-mapper: uevent: version 1.0.3
[    1.985006] device-mapper: ioctl: 4.35.0-ioctl (2016-06-23) initialised: dm-devel@redhat.com
[    1.988338] tegra194_cpufreq_probe: platform driver Initialization: pass
[    1.989317] cpuidle: Initializing cpuidle driver
[    1.989973] sdhci: Secure Digital Host Controller Interface driver
[    1.989976] sdhci: Copyright(c) Pierre Ossman
[    1.989980] sdhci-pltfm: SDHCI platform and OF driver helper
[    1.990870] sdhci-tegra 3460000.sdhci: Client registration for eMC Successful
[    1.992875] CMDQ: cmdq_platfm_init successful
[    1.993381] sdhci-tegra 3440000.sdhci: Got CD GPIO
[    1.995663] sdhci-tegra 3440000.sdhci: Client registration for eMC Successful
[    2.001779] tegra-se-elp 3ad0000.se_elp: tegra_se_elp_probe: complete
[    2.002827] tegra-se-nvhost 15810000.se: initialized
[    2.004033] tegra-se-nvhost 15810000.se: tegra_se_probe: complete
[    2.004724] tegra-se-nvhost 15820000.se: initialized
[    2.006047] tegra-se-nvhost 15820000.se: tegra_se_probe: complete
[    2.006678] tegra-se-nvhost 15830000.se: initialized
[    2.007440] tegra-se-nvhost 15830000.se: tegra_se_probe: complete
[    2.008093] tegra-se-nvhost 15840000.se: initialized
[    2.009121] tegra-se-nvhost 15840000.se: tegra_se_probe: complete
[    2.009348] hidraw: raw HID events driver (C) Jiri Kosina
[    2.010369] usbcore: registered new interface driver usbhid
[    2.010372] usbhid: USB HID core driver
[    2.014039] tegra186-cam-rtcpu bc00000.rtcpu: deferring, 14800000.isp is not probed
[    2.015124] tegra_aon c1a0000.aon: tegra aon driver probe OK
[    2.015620] tegra186-aondbg aondbg: aondbg driver probe() OK
[    2.016099] denver_knobs_init:MTS_VERSION:51035886
[    2.016259] tegra19x_actmon d230000.actmon: in actmon_register()...
[    2.016909] tegra19x_actmon d230000.actmon: initialization Completed for the device mc_all
[    2.017325] t19x_cache tegra-cache: probed
[    2.019811] misc nvmap: cvsram :dma coherent mem declare 0x0000000050000000,4194304
[    2.019823] misc nvmap: created heap cvsram base 0x0000000050000000 size (4096KiB)
[    2.020262] carmel-pmu-drv carmel-pmu: Registered Carmel PMU
[    2.020585] PLL_AON clock registered
[    2.022357] Clocks initialized successfully
[    2.024313] nvpmodel: initialized successfully
[    2.025387] trusty-virtio trusty:virtio: initializing
[    2.025578] trusty_ipc virtio0: vring0: va(pa)  ffffffc1f2692000(0) qsz 32 notifyid 1
[    2.025589] trusty_ipc virtio0: vring1: va(pa)  ffffffc1f2698000(0) qsz 32 notifyid 2
[    2.025709] trusty-virtio trusty:virtio: initializing done
[    2.025911] trusty_ipc virtio0: is online
[    2.026843] tegra-hda 3510000.hda: Override SDO lines to 4
[    2.027160] usbcore: registered new interface driver snd-usb-audio
[    2.039373] mmc0: SDHCI controller on 3460000.sdhci [3460000.sdhci] using ADMA 64-bit with 64 bit addr
[    2.039444] input: tegra-hda-xnx HDMI/DP,pcm=3 as /devices/3510000.hda/sound/card0/input0
[    2.039614] input: tegra-hda-xnx HDMI/DP,pcm=7 as /devices/3510000.hda/sound/card0/input1
[    2.039814] input: tegra-hda-xnx HDMI/DP,pcm=8 as /devices/3510000.hda/sound/card0/input2
[    2.039986] input: tegra-hda-xnx HDMI/DP,pcm=9 as /devices/3510000.hda/sound/card0/input3
[    2.048494] gpio tegra-gpio wake51 for gpio=130(Q:2)
[    2.048559] mmc1: SDHCI controller on 3440000.sdhci [3440000.sdhci] using ADMA 64-bit with 64 bit addr
[    2.081330] mmc0: mmc_decode_ext_csd: CMDQ supported: depth: 31, cmdq_support: 1
[    2.094146] mmc0: periodic cache flush enabled
[    2.094168] mmc0: new HS400 Enhanced strobe MMC card at address 0001
[    2.094669] mmcblk0: mmc0:0001 DG4016 14.7 GiB 
[    2.098901] mmcblk0boot0: mmc0:0001 DG4016 partition 1 4.00 MiB
[    2.103213] mmcblk0boot1: mmc0:0001 DG4016 partition 2 4.00 MiB
[    2.103524] mmcblk0rpmb: mmc0:0001 DG4016 partition 3 4.00 MiB
[    2.106868] OPE platform probe
[    2.106953] OPE platform probe successful
[    2.108889]  mmcblk0: p1 p2 p3 p4 p5 p6 p7 p8 p9 p10 p11
[    2.175406] usb 1-2: new high-speed USB device number 2 using tegra-xusb
[    2.181540] tegra-asoc: sound: ADMAIF1 <-> ADMAIF1 mapping ok
[    2.181643] tegra-asoc: sound: ADMAIF2 <-> ADMAIF2 mapping ok
[    2.181737] tegra-asoc: sound: ADMAIF3 <-> ADMAIF3 mapping ok
[    2.181811] tegra-asoc: sound: ADMAIF4 <-> ADMAIF4 mapping ok
[    2.181882] tegra-asoc: sound: ADMAIF5 <-> ADMAIF5 mapping ok
[    2.181959] tegra-asoc: sound: ADMAIF6 <-> ADMAIF6 mapping ok
[    2.182040] tegra-asoc: sound: ADMAIF7 <-> ADMAIF7 mapping ok
[    2.182127] tegra-asoc: sound: ADMAIF8 <-> ADMAIF8 mapping ok
[    2.182203] tegra-asoc: sound: ADMAIF9 <-> ADMAIF9 mapping ok
[    2.182294] tegra-asoc: sound: ADMAIF10 <-> ADMAIF10 mapping ok
[    2.182386] tegra-asoc: sound: ADMAIF11 <-> ADMAIF11 mapping ok
[    2.182477] tegra-asoc: sound: ADMAIF12 <-> ADMAIF12 mapping ok
[    2.182547] tegra-asoc: sound: ADMAIF13 <-> ADMAIF13 mapping ok
[    2.182617] tegra-asoc: sound: ADMAIF14 <-> ADMAIF14 mapping ok
[    2.182688] tegra-asoc: sound: ADMAIF15 <-> ADMAIF15 mapping ok
[    2.182759] tegra-asoc: sound: ADMAIF16 <-> ADMAIF16 mapping ok
[    2.182830] tegra-asoc: sound: ADMAIF17 <-> ADMAIF17 mapping ok
[    2.182905] tegra-asoc: sound: ADMAIF18 <-> ADMAIF18 mapping ok
[    2.182998] tegra-asoc: sound: ADMAIF19 <-> ADMAIF19 mapping ok
[    2.183115] tegra-asoc: sound: ADMAIF20 <-> ADMAIF20 mapping ok
[    2.210072] u32 classifier
[    2.210077]     Actions configured
[    2.210148] Initializing XFRM netlink socket
[    2.210763] NET: Registered protocol family 10
[    2.211547] NET: Registered protocol family 17
[    2.211561] NET: Registered protocol family 15
[    2.211628] bridge: filtering via arp/ip/ip6tables is no longer available by default. Update your scripts to load br_netfilter if you need this.
[    2.211707] Bluetooth: RFCOMM socket layer initialized
[    2.211722] Bluetooth: RFCOMM ver 1.11
[    2.211729] Bluetooth: HIDP (Human Interface Emulation) ver 1.2
[    2.211735] Bluetooth: HIDP socket layer initialized
[    2.211752] 9pnet: Installing 9P2000 support
[    2.211788] Key type dns_resolver registered
[    2.212038] Registered cp15_barrier emulation handler
[    2.212061] Registered setend emulation handler
[    2.212119] usb 1-2: New USB device found, idVendor=0bda, idProduct=5411
[    2.212124] usb 1-2: New USB device strings: Mfr=1, Product=2, SerialNumber=0
[    2.212129] usb 1-2: Product: 4-Port USB 2.0 Hub
[    2.212133] usb 1-2: Manufacturer: Generic
[    2.213315] hub 1-2:1.0: USB hub found
[    2.213801] registered taskstats version 1
[    2.214258] tegra-pcie-dw 14160000.pcie: Setting init speed to max speed
[    2.214543] hub 1-2:1.0: 4 ports detected
[    2.215392] OF: PCI: host bridge /pcie@14160000 ranges:
[    2.215434] OF: PCI:    IO 0x36100000..0x361fffff -> 0x36100000
[    2.215445] OF: PCI:   MEM 0x1740000000..0x17ffffffff -> 0x40000000
[    2.215452] OF: PCI:   MEM 0x1400000000..0x173fffffff -> 0x1400000000
[    2.320150] usb 2-3: new SuperSpeed USB device number 2 using tegra-xusb
[    2.336714] mmc1: host does not support reading read-only switch, assuming write-enable
[    2.358749] usb 2-3: New USB device found, idVendor=0bda, idProduct=0411
[    2.358754] usb 2-3: New USB device strings: Mfr=1, Product=2, SerialNumber=0
[    2.358759] usb 2-3: Product: 2-Port USB 3.0 Hub
[    2.358763] usb 2-3: Manufacturer: Generic
[    2.377523] hub 2-3:1.0: USB hub found
[    2.380800] hub 2-3:1.0: 4 ports detected
[    2.481105] mmc1: hw tuning done ...
[    2.481152] mmc1: new ultra high speed SDR104 SDXC card at address aaaa
[    2.481503] mmcblk1: mmc1:aaaa SR64G 59.5 GiB 
[    2.486459]  mmcblk1: p1 p2 p3 p4 p5 p6 p7 p8 p9 p10 p11
[    2.507377] usb 1-2.1: new high-speed USB device number 3 using tegra-xusb
[    2.527785] usb 1-2.1: New USB device found, idVendor=1a40, idProduct=0101
[    2.527791] usb 1-2.1: New USB device strings: Mfr=0, Product=1, SerialNumber=0
[    2.527795] usb 1-2.1: Product: USB 2.0 Hub
[    2.528527] hub 1-2.1:1.0: USB hub found
[    2.528590] hub 1-2.1:1.0: 4 ports detected
[    2.555372] tegra_cec 3960000.tegra_cec: Can't find physical addresse.
[    2.555379] tegra_cec 3960000.tegra_cec: tegra_cec_init Done.
[    2.555390] usb 2-3: usb_suspend_both: status 0
[    2.555610] usb usb2: usb_suspend_both: status 0
[    2.727715] tegra-pcie-dw 14160000.pcie: link is down
[    2.727817] tegra-pcie-dw 14160000.pcie: PCI host bridge to bus 0004:00
[    2.727825] pci_bus 0004:00: root bus resource [bus 00-ff]
[    2.727833] pci_bus 0004:00: root bus resource [io  0x0000-0xfffff] (bus address [0x36100000-0x361fffff])
[    2.727840] pci_bus 0004:00: root bus resource [mem 0x1740000000-0x17ffffffff] (bus address [0x40000000-0xffffffff])
[    2.727844] pci_bus 0004:00: root bus resource [mem 0x1400000000-0x173fffffff pref]
[    2.727876] pci 0004:00:00.0: [10de:1ad1] type 01 class 0x060400
[    2.728023] pci 0004:00:00.0: PME# supported from D0 D3hot D3cold
[    2.728246] iommu: Adding device 0004:00:00.0 to group 59
[    2.728442] pci 0004:00:00.0: PCI bridge to [bus 01-ff]
[    2.728484] pci 0004:00:00.0: Max Payload Size set to  256/ 256 (was  256), Max Read Rq  512
[    2.728667] pcieport 0004:00:00.0: Signaling PME through PCIe PME interrupt
[    2.728674] pcie_pme 0004:00:00.0:pcie001: service driver pcie_pme loaded
[    2.728759] aer 0004:00:00.0:pcie002: service driver aer loaded
[    2.728914] pcie_pme 0004:00:00.0:pcie001: unloading service driver pcie_pme
[    2.728956] aer 0004:00:00.0:pcie002: unloading service driver aer
[    2.729035] pci_bus 0004:01: busn_res: [bus 01-ff] is released
[    2.729101] iommu: Removing device 0004:00:00.0 from group 59
[    2.729123] pci_bus 0004:00: busn_res: [bus 00-ff] is released
[    2.730604] tegra-pcie-dw 14160000.pcie: PCIe link is not up...!
[    2.731454] tegra-pcie-dw 141a0000.pcie: Setting init speed to max speed
[    2.732465] OF: PCI: host bridge /pcie@141a0000 ranges:
[    2.732486] OF: PCI:    IO 0x3a100000..0x3a1fffff -> 0x3a100000
[    2.732499] OF: PCI:   MEM 0x1f40000000..0x1fffffffff -> 0x40000000
[    2.732508] OF: PCI:   MEM 0x1c00000000..0x1f3fffffff -> 0x1c00000000
[    2.819369] usb 1-2.1.1: new high-speed USB device number 4 using tegra-xusb
[    2.840033] usb 1-2.1.1: New USB device found, idVendor=2357, idProduct=011e
[    2.840039] usb 1-2.1.1: New USB device strings: Mfr=1, Product=2, SerialNumber=3
[    2.840044] usb 1-2.1.1: Product: 802.11ac WLAN Adapter 
[    2.840047] usb 1-2.1.1: Manufacturer: Realtek 
[    2.840051] usb 1-2.1.1: SerialNumber: 00e04c000001
[    2.919397] usb 1-2.1.2: new high-speed USB device number 5 using tegra-xusb
[    2.943656] usb 1-2.1.2: New USB device found, idVendor=0403, idProduct=6011
[    2.943681] usb 1-2.1.2: New USB device strings: Mfr=1, Product=2, SerialNumber=3
[    2.943685] usb 1-2.1.2: Product: FT4232H MiniModule
[    2.943689] usb 1-2.1.2: Manufacturer: FTDI
[    2.943693] usb 1-2.1.2: SerialNumber: FT6QNUX1
[    3.051397] usb 1-2.1.3: new full-speed USB device number 6 using tegra-xusb
[    3.075249] usb 1-2.1.3: New USB device found, idVendor=2341, idProduct=8036
[    3.075254] usb 1-2.1.3: New USB device strings: Mfr=1, Product=2, SerialNumber=3
[    3.075259] usb 1-2.1.3: Product: Arduino Leonardo
[    3.075262] usb 1-2.1.3: Manufacturer: Arduino LLC
[    3.075266] usb 1-2.1.3: SerialNumber: HIDPH
[    3.078048] input: Arduino LLC Arduino Leonardo as /devices/3610000.xhci/usb1/1-2/1-2.1/1-2.1.3/1-2.1.3:1.2/0003:2341:8036.0001/input/input4
[    3.078324] hid-generic 0003:2341:8036.0001: input,hidraw0: USB HID v1.01 Joystick [Arduino LLC Arduino Leonardo] on usb-3610000.xhci-2.1.3/input2
[    3.240483] tegra-pcie-dw 141a0000.pcie: link is down
[    3.240571] tegra-pcie-dw 141a0000.pcie: PCI host bridge to bus 0005:00
[    3.240579] pci_bus 0005:00: root bus resource [bus 00-ff]
[    3.240586] pci_bus 0005:00: root bus resource [io  0x100000-0x1fffff] (bus address [0x3a100000-0x3a1fffff])
[    3.240592] pci_bus 0005:00: root bus resource [mem 0x1f40000000-0x1fffffffff] (bus address [0x40000000-0xffffffff])
[    3.240597] pci_bus 0005:00: root bus resource [mem 0x1c00000000-0x1f3fffffff pref]
[    3.240624] pci 0005:00:00.0: [10de:1ad0] type 01 class 0x060400
[    3.240776] pci 0005:00:00.0: PME# supported from D0 D3hot D3cold
[    3.240995] iommu: Adding device 0005:00:00.0 to group 59
[    3.241181] pci 0005:00:00.0: PCI bridge to [bus 01-ff]
[    3.241240] pci 0005:00:00.0: Max Payload Size set to  256/ 256 (was  256), Max Read Rq  512
[    3.241422] pcieport 0005:00:00.0: Signaling PME through PCIe PME interrupt
[    3.241429] pcie_pme 0005:00:00.0:pcie001: service driver pcie_pme loaded
[    3.241507] aer 0005:00:00.0:pcie002: service driver aer loaded
[    3.241652] pcie_pme 0005:00:00.0:pcie001: unloading service driver pcie_pme
[    3.241698] aer 0005:00:00.0:pcie002: unloading service driver aer
[    3.241775] pci_bus 0005:01: busn_res: [bus 01-ff] is released
[    3.241872] iommu: Removing device 0005:00:00.0 from group 59
[    3.241895] pci_bus 0005:00: busn_res: [bus 00-ff] is released
[    3.243824] tegra-pcie-dw 141a0000.pcie: PCIe link is not up...!
[    3.252693] tegra-cbb 14040000.cv-noc: noc_secure_irq = 91, noc_nonsecure_irq = 90>
[    3.257342] tegra194-isp5 14800000.isp: initialized
[    3.264000] tegra194-vi5 15c10000.vi: using default number of vi channels, 36
[    3.267439] tegra194-vi5 15c10000.vi: initialized
[    3.271275] tegra194-vi5 15c10000.vi: subdev 15a00000.nvcsi--2 bound
[    3.271418] tegra194-vi5 15c10000.vi: subdev 15a00000.nvcsi--1 bound
[    3.271628] tegra-thermal-throttle bthrot_cdev: clk:cpu max:1907200000, min:115200000 steps:24
[    3.275834] tegra-thermal-throttle bthrot_cdev: clk:gpu max:1109250000, min:114750000 steps:10
[    3.275862] tegra-thermal-throttle bthrot_cdev: cdev:skin-balanced clk:0:cpu off:0 slope-adj:200
[    3.275867] tegra-thermal-throttle bthrot_cdev: cdev:skin-balanced clk:1:gpu off:0 slope-adj:400
[    3.275934] tegra-thermal-throttle bthrot_cdev: cdev:skin-balanced max_state:48 cutoff:0
[    3.275993] tegra-thermal-throttle bthrot_cdev: cdev:gpu-balanced clk:0:cpu off:0 slope-adj:400
[    3.275997] tegra-thermal-throttle bthrot_cdev: cdev:gpu-balanced clk:1:gpu off:0 slope-adj:400
[    3.280006] tegra-thermal-throttle bthrot_cdev: cdev:gpu-balanced max_state:40 cutoff:1
[    3.280041] tegra-thermal-throttle bthrot_cdev: cdev:cpu-balanced clk:0:cpu off:0 slope-adj:200
[    3.280046] tegra-thermal-throttle bthrot_cdev: cdev:cpu-balanced clk:1:gpu off:365500000 slope-adj:300
[    3.280319] tegra-thermal-throttle bthrot_cdev: cdev:cpu-balanced max_state:48 cutoff:0
[    3.280349] tegra-thermal-throttle bthrot_cdev: cdev:emergency-balanced clk:0:cpu off:38400000 slope-adj:10
[    3.280354] tegra-thermal-throttle bthrot_cdev: cdev:emergency-balanced clk:1:gpu off:25500000 slope-adj:10
[    3.280691] tegra-thermal-throttle bthrot_cdev: cdev:emergency-balanced max_state:2 cutoff:0
[    3.280733] tegra-thermal-throttle bthrot_cdev: cdev:aux-balanced clk:0:cpu off:0 slope-adj:400
[    3.280737] tegra-thermal-throttle bthrot_cdev: cdev:aux-balanced clk:1:gpu off:0 slope-adj:400
[    3.280940] tegra-thermal-throttle bthrot_cdev: cdev:aux-balanced max_state:40 cutoff:1
[    3.281683] tegra186-cam-rtcpu bc00000.rtcpu: Trace buffer configured at IOVA=0xbff00000
[    3.363866] tegra-ivc ivc-bc00000.rtcpu: region 0: iova=0xbfee0000-0xbfefffff size=131072
[    3.364209] tegra-ivc ivc-bc00000.rtcpu:echo@0: echo: ver=0 grp=1 RX[16x64]=0x1000-0x1480 TX[16x64]=0x1480-0x1900
[    3.364417] tegra-ivc ivc-bc00000.rtcpu:dbg@1: dbg: ver=0 grp=1 RX[1x384]=0x1900-0x1b00 TX[1x384]=0x1b00-0x1d00
[    3.364607] tegra-ivc ivc-bc00000.rtcpu:dbg@2: dbg: ver=0 grp=1 RX[1x8192]=0x1d00-0x3d80 TX[1x8192]=0x3d80-0x5e00
[    3.364982] tegra-ivc ivc-bc00000.rtcpu:ivccontrol@3: ivccontrol: ver=0 grp=1 RX[64x320]=0x5e00-0xae80 TX[64x320]=0xae80-0xff00
[    3.365044] tegra-ivc ivc-bc00000.rtcpu:ivccapture@4: ivccapture: ver=0 grp=1 RX[512x64]=0xff00-0x17f80 TX[512x64]=0x17f80-0x20000
[    3.365248] tegra186-cam-rtcpu bc00000.rtcpu: using cam RTCPU IRQ (66)
[    3.365252] tegra186-cam-rtcpu bc00000.rtcpu: tegra_camrtc_mon_create is successful
[    3.366135] tegra186-cam-rtcpu bc00000.rtcpu: firmware version cpu=rce cmd=5 sha1=cf2bef3ad10e437272857b76308abef8ffb80bda
[    3.366510] Wake83 for irq=211
[    3.366587] gpio tegra-gpio wake67 for gpio=48(G:0)
[    3.366678] gpio tegra-gpio-aon wake29 for gpio=36(EE:4)
[    3.366792] input: gpio-keys as /devices/gpio-keys/input/input5
[    3.400378] tegra_rtc c2a0000.rtc: setting system clock to 2022-06-22 05:41:24 UTC (1655876484)
[    3.400787] mmcblk mmc0:0001: Card claimed for testing.
[    3.400796] mmcblk mmc1:aaaa: Card claimed for testing.
[    3.435314] bpmp: mounted debugfs mirror
[    3.442150] ALSA device list:
[    3.442155]   #0: tegra-hda-xnx at 0x3518000 irq 65
[    3.442158]   #1: jetson-xaviernx-ape
[    3.444085] Freeing unused kernel memory: 8576K
[    3.483638] Root device found: PARTUUID=ddbf9896-a4db-4932-8580-5f014e7f85fd
[    4.190555] EXT4-fs (mmcblk1p1): mounted filesystem with ordered data mode. Opts: (null)
[    4.197660] Rootfs mounted over PARTUUID=ddbf9896-a4db-4932-8580-5f014e7f85fd
[    4.228495] Switching from initrd to actual rootfs
[    4.501393] ip_tables: (C) 2000-2006 Netfilter Core Team
[    4.506775] cgroup: cgroup2: unknown option "nsdelegate"
[    4.517564] systemd[1]: systemd 237 running in system mode. (+PAM +AUDIT +SELINUX +IMA +APPARMOR +SMACK +SYSVINIT +UTMP +LIBCRYPTSETUP +GCRYPT +GNUTLS +ACL +XZ +LZ4 +SECCOMP +BLKID +ELFUTILS +KMOD -IDN2 +IDN -PCRE2 default-hierarchy=hybrid)
[    4.518225] systemd[1]: Detected architecture arm64.
[    4.524151] systemd[1]: Set hostname to <cit174>.
[    4.661608] systemd[1]: File /lib/systemd/system/systemd-journald.service:36 configures an IP firewall (IPAddressDeny=any), but the local system does not support BPF/cgroup based firewalling.
[    4.661619] systemd[1]: Proceeding WITHOUT firewalling in effect! (This warning is only shown for the first loaded unit using IP firewalling.)
[    4.840904] random: systemd: uninitialized urandom read (16 bytes read)
[    4.841147] systemd[1]: Started Forward Password Requests to Wall Directory Watch.
[    4.841265] random: systemd: uninitialized urandom read (16 bytes read)
[    4.841288] systemd[1]: Reached target Swap.
[    4.841357] random: systemd: uninitialized urandom read (16 bytes read)
[    4.844063] systemd[1]: Created slice User and Session Slice.
[    4.845164] systemd[1]: Created slice System Slice.
[    4.846204] systemd[1]: Created slice system-serial\x2dgetty.slice.
[    4.901409] EXT4-fs (mmcblk1p1): re-mounted. Opts: (null)
[    4.927268] pca954x 2-0070: vcc-pullup regulator not found
[    4.927283] pca954x 2-0070: pca954x_probe: forcing device bus number, start 30.
[    4.927287] pca954x 2-0070: device detect skipped.
[    4.928182] i2c i2c-2: Added multiplexed i2c bus 30
[    4.929877] i2c i2c-2: Added multiplexed i2c bus 31
[    4.930113] i2c i2c-2: Added multiplexed i2c bus 32
[    4.930478] i2c i2c-2: Added multiplexed i2c bus 33
[    4.930484] pca954x 2-0070: registered 4 multiplexed busses for I2C switch pca9546
[    4.942504] GPIO line 224 (tca9539_74_outlow) hogged as output/low
[    4.942756] GPIO line 225 (tca9539_74_outlow) hogged as output/low
[    4.943021] GPIO line 226 (tca9539_74_outlow) hogged as output/low
[    4.943279] GPIO line 227 (tca9539_74_outlow) hogged as output/low
[    4.943600] GPIO line 228 (tca9539_74_outlow) hogged as output/low
[    4.943844] GPIO line 229 (tca9539_74_outlow) hogged as output/low
[    4.944099] GPIO line 230 (tca9539_74_outlow) hogged as output/low
[    4.944345] GPIO line 231 (tca9539_74_outlow) hogged as output/low
[    4.944699] gpiochip_setup_dev: registered GPIOs 224 to 239 on device: gpiochip3 (pca9539)
[    4.944707] pca953x 2-0074: interrupt support not compiled in
[    4.945127] tegra-i2c 3180000.i2c: no acknowledge from address 0x22
[    4.945273] pca953x 30-0022: failed reading register
[    4.945461] pca953x: probe of 30-0022 failed with error -121
[    4.947656] GPIO line 200 (tca6424_22_outlow) hogged as output/low
[    4.948401] GPIO line 201 (tca6424_22_outlow) hogged as output/low
[    4.949136] GPIO line 202 (tca6424_22_outlow) hogged as output/low
[    4.949939] GPIO line 203 (tca6424_22_outlow) hogged as output/low
[    4.950651] GPIO line 204 (tca6424_22_outlow) hogged as output/low
[    4.951721] GPIO line 205 (tca6424_22_outlow) hogged as output/low
[    4.952522] GPIO line 206 (tca6424_22_outlow) hogged as output/low
[    4.953261] GPIO line 207 (tca6424_22_outlow) hogged as output/low
[    4.953644] gpiochip_setup_dev: registered GPIOs 200 to 223 on device: gpiochip4 (tca6424)
[    4.953651] pca953x 31-0022: interrupt support not compiled in
[    4.967441] ar0521: loading out-of-tree module taints kernel.
[    4.968941] ar0521 30-0042: Unable to toggle GPIO
[    4.969090] ar0521: probe of 30-0042 failed with error -22
[    5.032024] Current Firmware Version - (50CUNANO-g3bfcc9c)
[    5.135703] cam_isp_init
[    5.264089] systemd-journald[2360]: Received request to flush runtime journal from PID 1
[    6.190885] random: crng init done
[    6.190893] random: 7 urandom warning(s) missed due to ratelimiting
[    6.954080] usbcore: registered new interface driver ftdi_sio
[    6.954139] usbserial: USB Serial support registered for FTDI USB Serial Device
[    6.954290] ftdi_sio 1-2.1.2:1.0: FTDI USB Serial Device converter detected
[    6.954384] usb 1-2.1.2: Detected FT4232H
[    6.957087] usb 1-2.1.2: FTDI USB Serial Device converter now attached to ttyUSB0
[    6.957195] ftdi_sio 1-2.1.2:1.1: FTDI USB Serial Device converter detected
[    6.957317] usb 1-2.1.2: Detected FT4232H
[    6.957641] usb 1-2.1.2: FTDI USB Serial Device converter now attached to ttyUSB1
[    6.957713] ftdi_sio 1-2.1.2:1.2: FTDI USB Serial Device converter detected
[    6.957807] usb 1-2.1.2: Detected FT4232H
[    6.958090] usb 1-2.1.2: FTDI USB Serial Device converter now attached to ttyUSB2
[    6.958163] ftdi_sio 1-2.1.2:1.3: FTDI USB Serial Device converter detected
[    6.958232] usb 1-2.1.2: Detected FT4232H
[    6.958527] usb 1-2.1.2: FTDI USB Serial Device converter now attached to ttyUSB3
[    7.075610] cdc_acm 1-2.1.3:1.0: ttyACM0: USB ACM device
[    7.077675] usbcore: registered new interface driver cdc_acm
[    7.077682] cdc_acm: USB Abstract Control Model driver for USB modems and ISDN adapters
[    7.404721] usbcore: registered new interface driver rtl8821au
[    8.077576] nvgpu: 17000000.gv11b          nvgpu_nvhost_syncpt_init:291  [INFO]  syncpt_unit_base 60000000 syncpt_unit_size 400000 size 1000

[    9.202167] ar0521 31-0042: ISP Already Initialized !! 
[    9.208806] SENSOR ID=0x0265
[    9.213700]  cam_stream_off 2180 CAM Get CMD Stream off Success !! 
[    9.289498] 0. Initialized Control 0x00980900 - Brightness 
[    9.289507] 1. Initialized Control 0x00980901 - Contrast 
[    9.289531] 2. Initialized Control 0x00980902 - Saturation 
[    9.289539] 3. Initialized Control 0x0098090c - White Balance, Automatic 
[    9.289544] 4. Initialized Control 0x00980910 - Gamma 
[    9.289549] 5. Initialized Control 0x0098091a - White Balance Temperature 
[    9.289554] 6. Initialized Control 0x0098091b - Sharpness 
[    9.289559] 7. Initialized Control 0x00980913 - Gain 
[    9.295197]  Menu Element 0 : Full FOV Auto Mode 
[    9.295220]  Menu Element 1 : Manual Mode 
[    9.295224]  Menu Element 2 : ROI Based Auto Mode 
[    9.295238] 8. Initialized Custom Ctrl 0x009a0901 - Exposure Auto 
[    9.295244] 9. Initialized Control 0x009a0902 - Exposure Time, Absolute 
[    9.295249] 10. Initialized Control 0x009a090d - Zoom, Absolute 
[    9.295255] 11. Initialized Control 0x009a0908 - Pan, Absolute 
[    9.295259] 12. Initialized Control 0x009a0909 - Tilt, Absolute 
[    9.298387] 13. Initialized Custom Ctrl 0x009a092d - Denoise 
[    9.298394] 14. Initialized Control 0x00980914 - Horizontal Flip 
[    9.298399] 15. Initialized Control 0x00980915 - Vertical Flip 
[    9.301998] 16. Initialized Custom Ctrl 0x009a0926 - ROI Exposure 
[    9.306055] 17. Initialized Custom Ctrl 0x009a0924 - ROI Window Size 
[    9.310112] 18. Initialized Custom Ctrl 0x009a0931 - Exposure Compensation 
[    9.310124] tegra194-vi5 15c10000.vi: subdev ar0521 31-0042 bound
[    9.322322] cpu-throttle-alert cooling device registered.
[    9.322774] gpu-throttle-alert cooling device registered.
[    9.323111] aux-throttle-alert cooling device registered.
[   10.378418] using random self ethernet address
[   10.378553] using random host ethernet address
[   11.391532] Mass Storage Function, version: 2009/09/11
[   11.391568] LUN: removable file: (no medium)
[   11.397944] using random self ethernet address
[   11.398067] using random host ethernet address
[   11.752430] rndis0: HOST MAC d2:6c:55:29:4d:38
[   11.753439] rndis0: MAC d2:6c:55:29:4d:39
[   11.756641] usb0: HOST MAC d2:6c:55:29:4d:3a
[   11.756753] usb0: MAC d2:6c:55:29:4d:3b
[   11.756783] tegra-xudc-new 3550000.xudc: exiting ELPG
[   11.762312] tegra-xudc-new 3550000.xudc: exiting ELPG done
[   11.762340] tegra-xudc-new 3550000.xudc: ep 0 (type: 0, dir: out) enabled
[   11.762387] tegra-xudc-new 3550000.xudc: entering ELPG
[   11.762668] tegra-xudc-new 3550000.xudc: entering ELPG done
[   11.762676] tegra-xudc-new 3550000.xudc: exiting ELPG
[   11.763146] tegra-xudc-new 3550000.xudc: exiting ELPG done
[   11.763158] tegra-xudc-new 3550000.xudc: entering ELPG
[   11.763389] tegra-xudc-new 3550000.xudc: entering ELPG done
[   11.771855] l4tbr0: port 1(rndis0) entered blocking state
[   11.771862] l4tbr0: port 1(rndis0) entered disabled state
[   11.772052] device rndis0 entered promiscuous mode
[   11.793660] l4tbr0: port 2(usb0) entered blocking state
[   11.793670] l4tbr0: port 2(usb0) entered disabled state
[   11.795562] device usb0 entered promiscuous mode
[   12.040393] IPv6: ADDRCONF(NETDEV_UP): eth0: link is not ready
[   12.348750] ras_fhi_disable: FHI 474 disabled
[   12.351885] CPU4: shutdown
[   12.356398] gpio tegra-gpio wake20 for gpio=52(G:4)
[   12.365852] IPv6: ADDRCONF(NETDEV_UP): eth0: link is not ready
[   12.375390] psci: Retrying again to check for CPU kill
[   12.375410] psci: CPU4 killed.
[   12.378229] IPv6: ADDRCONF(NETDEV_UP): wlan0: link is not ready
[   12.441575] ras_fhi_disable: FHI 475 disabled
[   12.451147] CPU5: shutdown
[   12.471420] psci: Retrying again to check for CPU kill
[   12.471443] psci: CPU5 killed.
[   12.473899] nvgpu: 17000000.gv11b                 tpc_pg_mask_store:843  [INFO]  no value change, same mask already set
[   12.792104] IPv6: ADDRCONF(NETDEV_UP): wlan0: link is not ready
[   12.980880] IPv6: ADDRCONF(NETDEV_UP): wlan0: link is not ready
[   13.159898] zram: Added device: zram0
[   13.160728] zram: Added device: zram1
[   13.164133] zram: Added device: zram2
[   13.166777] zram: Added device: zram3
[   13.204144] zram0: detected capacity change from 0 to 1018884096
[   13.311014] Adding 995000k swap on /dev/zram0.  Priority:5 extents:1 across:995000k SS
[   13.320845] zram1: detected capacity change from 0 to 1018884096
[   13.366390] Adding 995000k swap on /dev/zram1.  Priority:5 extents:1 across:995000k SS
[   13.433720] zram2: detected capacity change from 0 to 1018884096
[   13.512542] Adding 995000k swap on /dev/zram2.  Priority:5 extents:1 across:995000k SS
[   13.528893] zram3: detected capacity change from 0 to 1018884096
[   13.580909] Adding 995000k swap on /dev/zram3.  Priority:5 extents:1 across:995000k SS
[   14.208014] Bridge firewalling registered
[   14.311142] nf_conntrack version 0.5.0 (65536 buckets, 262144 max)
[   14.725802] Netfilter messages via NETLINK v0.30.
[   14.737640] ctnetlink v0.93: registering with nfnetlink.
[   15.353139] tegradc 15200000.nvdisplay: blank - powerdown
[   15.353155] tegradc 15210000.nvdisplay: blank - powerdown
[   17.214796] ------------[ cut here ]------------
[   17.215243] WARNING: CPU: 2 PID: 6527 at /home/hiroki/top_dir/kernel_sources/Linux_for_Tegra/source/public/kernel/kernel-4.9/net/wireless/nl80211.c:14141 cfg80211_ch_switch_notify+0x150/0x170 [cfg80211]
[   17.215559] Modules linked in: xt_conntrack ipt_MASQUERADE nf_nat_masquerade_ipv4 nf_conntrack_netlink nfnetlink xt_addrtype iptable_filter iptable_nat nf_conntrack_ipv4 nf_defrag_ipv4 nf_nat_ipv4 nf_nat nf_conntrack br_netfilter zram overlay userspace_alert nvgpu rtl8821au cfg80211 cdc_acm ftdi_sio spidev ar0521(O) gpio_pca953x i2c_mux_pca954x bluedroid_pm ip_tables x_tables

[   17.215838] CPU: 2 PID: 6527 Comm: RTW_CMD_THREAD Tainted: G           O    4.9.201 #1
[   17.215845] Hardware name: NVIDIA Jetson Xavier NX Developer Kit (DT)
[   17.215852] task: ffffffc1f2f94600 task.stack: ffffffc1e6b14000
[   17.216001] PC is at cfg80211_ch_switch_notify+0x150/0x170 [cfg80211]
[   17.216707] LR is at rtw_cfg80211_ch_switch_notify+0x94/0x98 [rtl8821au]
[   17.216723] pc : [<ffffff800116b080>] lr : [<ffffff80012d18b0>] pstate: 60c00045
[   17.216728] sp : ffffffc1e6b17c20
[   17.216737] x29: ffffffc1e6b17c20 x28: ffffff8001273930 
[   17.216753] x27: ffffff800bfef1ac x26: ffffff80013d6870 
[   17.216768] x25: ffffff8001429dfc x24: ffffffc1f5ff0000 
[   17.216782] x23: ffffffc1ea1e2000 x22: ffffffc1db0e6000 
[   17.216798] x21: 0000000000000002 x20: ffffffc1e6b17ca8 
[   17.216812] x19: ffffffc1ea0d2c00 x18: 0000000000000000 
[   17.216826] x17: 0000000000765258 x16: 0000000000000000 
[   17.216840] x15: 000000000000008f x14: 0000000000000008 
[   17.216854] x13: 7f0201c70000002a x12: 0105c001b2fffe01 
[   17.216868] x11: 0000000000000004 x10: 0000000000000002 
[   17.216897] x9 : 0000000000000004 x8 : ffffffc1e6b17d3a 
[   17.216914] x7 : 0000000000000000 x6 : 0000000000000001 
[   17.216929] x5 : 0000000000000040 x4 : 00000000000009b4 
[   17.216945] x3 : 0000145a00000003 x2 : ffffffc1db0e7848 
[   17.216960] x1 : 0000145a00000003 x0 : 0000000000000000 

[   17.216987] ---[ end trace bd066d5ce2967ba1 ]---
[   17.217128] Call trace:
[   17.217288] [<ffffff800116b080>] cfg80211_ch_switch_notify+0x150/0x170 [cfg80211]
[   17.217967] [<ffffff80012d18b0>] rtw_cfg80211_ch_switch_notify+0x94/0x98 [rtl8821au]
[   17.218608] [<ffffff8001273894>] rtw_chk_start_clnt_join+0x43c/0x4d8 [rtl8821au]
[   17.219254] [<ffffff8001273b68>] join_cmd_hdl+0x238/0x330 [rtl8821au]
[   17.219883] [<ffffff8001237550>] rtw_cmd_thread+0x308/0x608 [rtl8821au]
[   17.219916] [<ffffff80080db074>] kthread+0xec/0xf0
[   17.219936] [<ffffff80080838a0>] ret_from_fork+0x10/0x30
[   17.417702] IPv6: ADDRCONF(NETDEV_CHANGE): wlan0: link becomes ready
[   17.744659] fuse init (API version 7.26)
[   25.147425] Bluetooth: BNEP (Ethernet Emulation) ver 1.3
[   25.147444] Bluetooth: BNEP socket layer initialized
[   30.561031] EXT4-fs (mmcblk0p1): mounted filesystem with ordered data mode. Opts: (null)
[   34.146877] vdd-sdmmc1-sw: disabling
[   34.146911] vdd-1v8-cvb: disabling
[   34.146920] vdd-epb-1v0: disabling
[   34.146927] avdd-cam-2v8: disabling
[   34.146934] vdd-fan: disabling
[   34.146940] vdd_sys_en: disabling
[ 1415.425859]  Index = 0x0000 , format = 0x59565955, width = 640, height = 480, frate num = 75 
[ 1415.479594] [RCE] vi5_hwinit: firmware CL2018101701 protocol version 2.2
[ 1415.659633] usb 2-3: usb_suspend_both: status 0
[ 1415.659911] usb usb2: usb_suspend_both: status 0
[ 1415.676054] usb usb2: usb_suspend_both: status 0
[ 1415.859659] usb 2-3: usb_suspend_both: status 0
[ 1415.859946] usb usb2: usb_suspend_both: status 0
[ 1415.876095] usb usb2: usb_suspend_both: status 0
