---- robot status ---- temperature [℃] ---- current [mA] ---- voltage [mV] ----
id 0 0 0 0 
id 1 0 0 0 
id 2 0 0 0 
id 3 0 0 0 
id 4 0 0 0 
id 5 0 0 0 
id 6 0 0 0 
id 7 0 0 0 
id 8 0 0 0 
id 9 0 0 0 
id 10 0 0 0 
id 11 0 0 0 
id 12 0 0 0 
id 13 0 0 0 
id 14 0 0 0 
id 15 0 0 0 
id 16 0 0 0 
id 17 0 0 0 
id 18 0 0 0 

 Motors which temperature is over 45℃
---------------------------------- dmesg ----------------------------------
[    0.000000] Booting Linux on physical CPU 0x0
[    0.000000] Linux version 4.9.201 (rikuyokoo@rikuyokoo-N1545K) (gcc version 7.3.1 20180425 [linaro-7.3-2018.05 revision d29120a424ecfbc167ef90065c0eeb7f91977701] (Linaro GCC 7.3-2018.05) ) #1 SMP PREEMPT Sat Apr 9 01:26:22 JST 2022
[    0.000000] Boot CPU: AArch64 Processor [4e0f0040]
[    0.000000] OF: fdt:memory scan node memory, reg size 48,
[    0.000000] OF: fdt: - 80000000 ,  2c000000
[    0.000000] OF: fdt: - ac200000 ,  44800000
[    0.000000] OF: fdt: - 100000000 ,  180000000
[    0.000000] earlycon: tegra_comb_uart0 at MMIO32 0x000000000c168000 (options '')
[    0.000000] bootconsole [tegra_comb_uart0] enabled
[    0.000000] OF: fdt:Reserved memory: failed to reserve memory for node 'fb0_carveout': base 0x0000000000000000, size 0 MiB
[    0.000000] OF: fdt:Reserved memory: failed to reserve memory for node 'fb0_carveout': base 0x0000000000000000, size 0 MiB
[    0.000000] OF: fdt:Reserved memory: failed to reserve memory for node 'fb1_carveout': base 0x0000000000000000, size 0 MiB
[    0.000000] OF: fdt:Reserved memory: failed to reserve memory for node 'fb1_carveout': base 0x0000000000000000, size 0 MiB
[    0.000000] OF: fdt:Reserved memory: failed to reserve memory for node 'fb2_carveout': base 0x0000000000000000, size 0 MiB
[    0.000000] OF: fdt:Reserved memory: failed to reserve memory for node 'fb2_carveout': base 0x0000000000000000, size 0 MiB
[    0.000000] OF: fdt:Reserved memory: failed to reserve memory for node 'fb3_carveout': base 0x0000000000000000, size 0 MiB
[    0.000000] OF: fdt:Reserved memory: failed to reserve memory for node 'fb3_carveout': base 0x0000000000000000, size 0 MiB
[    0.000000] OF: reserved mem: initialized node ramoops_carveout, compatible id nvidia,ramoops
[    0.000000] OF: reserved mem: initialized node vpr-carveout, compatible id nvidia,vpr-carveout
[    0.000000] OF: reserved mem: initialized node grid-of-semaphores, compatible id nvidia,gosmem
[    0.000000] cma: Reserved 64 MiB at 0x00000000c2000000
[    0.000000] On node 0 totalpages: 2033152
[    0.000000]   DMA zone: 7192 pages used for memmap
[    0.000000]   DMA zone: 0 pages reserved
[    0.000000]   DMA zone: 460288 pages, LIFO batch:31
[    0.000000]   Normal zone: 24576 pages used for memmap
[    0.000000]   Normal zone: 1572864 pages, LIFO batch:31
[    0.000000] psci: probing for conduit method from DT.
[    0.000000] psci: PSCIv1.0 detected in firmware.
[    0.000000] psci: Using standard PSCI v0.2 function IDs
[    0.000000] psci: MIGRATE_INFO_TYPE not supported.
[    0.000000] psci: SMC Calling Convention v1.1
[    0.000000] percpu: Embedded 24 pages/cpu s57560 r8192 d32552 u98304
[    0.000000] pcpu-alloc: s57560 r8192 d32552 u98304 alloc=24*4096
[    0.000000] pcpu-alloc: [0] 0 [0] 1 [0] 2 [0] 3 [0] 4 [0] 5 
[    0.000000] Speculative Store Bypass Disable mitigation not required
[    0.000000] Built 1 zonelists in Zone order, mobility grouping on.  Total pages: 2001384
[    0.000000] Kernel command line: console=ttyTCU0,115200 video=tegrafb no_console_suspend=1 earlycon=tegra_comb_uart,mmio32,0x0c168000 gpt rootfs.slot_suffix= usbcore.old_scheme_first=1 tegraid=19.1.2.0.0 maxcpus=6 boot.slot_suffix= boot.ratchetvalues=0.4.2 vpr_resize sdhci_tegra.en_boot_part_access=1    quiet root=PARTUUID=8b3d9149-299d-4359-964b-687a7572b0ba rw rootwait rootfstype=ext4 console=ttyTCU0,115200n8 console=tty0 fbcon=map:0 net.ifnames=0
[    0.000000] log_buf_len individual max cpu contribution: 32768 bytes
[    0.000000] log_buf_len total cpu_extra contributions: 163840 bytes
[    0.000000] log_buf_len min size: 32768 bytes
[    0.000000] log_buf_len: 262144 bytes
[    0.000000] early log buf free: 29060(88%)
[    0.000000] PID hash table entries: 4096 (order: 3, 32768 bytes)
[    0.000000] Dentry cache hash table entries: 1048576 (order: 11, 8388608 bytes)
[    0.000000] Inode-cache hash table entries: 524288 (order: 10, 4194304 bytes)
[    0.000000] Memory: 7190728K/8132608K available (15294K kernel code, 2942K rwdata, 6748K rodata, 8576K init, 609K bss, 188216K reserved, 753664K cma-reserved)
[    0.000000] Virtual kernel memory layout:
[    0.000000]     modules : 0xffffff8000000000 - 0xffffff8008000000   (   128 MB)
[    0.000000]     vmalloc : 0xffffff8008000000 - 0xffffffbebfff0000   (   250 GB)
[    0.000000]       .text : 0xffffff8008080000 - 0xffffff8008f70000   ( 15296 KB)
[    0.000000]     .rodata : 0xffffff8008f70000 - 0xffffff8009610000   (  6784 KB)
[    0.000000]       .init : 0xffffff8009610000 - 0xffffff8009e70000   (  8576 KB)
[    0.000000]       .data : 0xffffff8009e70000 - 0xffffff800a14f808   (  2943 KB)
[    0.000000]        .bss : 0xffffff800a14f808 - 0xffffff800a1e7cbc   (   610 KB)
[    0.000000]     fixed   : 0xffffffbefe7fd000 - 0xffffffbefec00000   (  4108 KB)
[    0.000000]     PCI I/O : 0xffffffbefee00000 - 0xffffffbeffe00000   (    16 MB)
[    0.000000]     vmemmap : 0xffffffbf00000000 - 0xffffffc000000000   (     4 GB maximum)
[    0.000000]               0xffffffbf00000000 - 0xffffffbf08000000   (   128 MB actual)
[    0.000000]     memory  : 0xffffffc000000000 - 0xffffffc200000000   (  8192 MB)
[    0.000000] SLUB: HWalign=64, Order=0-3, MinObjects=0, CPUs=6, Nodes=1
[    0.000000] Preemptible hierarchical RCU implementation.
[    0.000000] 	Build-time adjustment of leaf fanout to 64.
[    0.000000] 	RCU restricting CPUs from NR_CPUS=64 to nr_cpu_ids=6.
[    0.000000] RCU: Adjusting geometry for rcu_fanout_leaf=64, nr_cpu_ids=6
[    0.000000] NR_IRQS:64 nr_irqs:64 0
[    0.000000] GIC: Using split EOI/Deactivate mode
[    0.000000] arm_arch_timer: Architected cp15 timer(s) running at 31.25MHz (phys).
[    0.000000] clocksource: arch_sys_counter: mask: 0xffffffffffffff max_cycles: 0xe6a171046, max_idle_ns: 881590405314 ns
[    0.000004] sched_clock: 56 bits at 31MHz, resolution 32ns, wraps every 4398046511088ns
[    0.000665] Console: colour dummy device 80x25
[    0.000677] console [tty0] enabled
[    0.000685] bootconsole [tegra_comb_uart0] disabled
[    0.000700] kmemleak: Kernel memory leak detector disabled
[    0.000719] Calibrating delay loop (skipped), value calculated using timer frequency.. 62.50 BogoMIPS (lpj=125000)
[    0.000735] pid_max: default: 32768 minimum: 301
[    0.001893] Security Framework initialized
[    0.002493] Mount-cache hash table entries: 16384 (order: 5, 131072 bytes)
[    0.002503] Mountpoint-cache hash table entries: 16384 (order: 5, 131072 bytes)
[    0.004146] ftrace: allocating 47179 entries in 185 pages
[    0.399291] sched-energy: Sched-energy-costs installed from DT
[    0.399311] ASID allocator initialised with 65536 entries
[    0.435825] tegra-id: chipid=21917.
[    0.435837] tegra-id: opt_subrevision=1.
[    0.435864] Tegra Revision: A02p SKU: 0xde CPU Process: 0 SoC Process: 0
[    0.435878] DTS File Name: /home/rikuyokoo/en715_l4t32_5_2/top_dir/kernel_sources/Linux_for_Tegra/source/public/kernel/kernel-4.9/arch/arm64/boot/dts/../../../../../../hardware/nvidia/platform/t19x/jakku/kernel-dts/tegra194-p3668-all-p3509-0000-ar0521.dts
[    0.435889] DTB Build time: Apr  9 2022 01:35:14
[    0.483166] CPU1: Booted secondary processor [4e0f0040]
[    0.515129] CPU2: Booted secondary processor [4e0f0040]
[    0.547314] CPU3: Booted secondary processor [4e0f0040]
[    0.579568] CPU4: Booted secondary processor [4e0f0040]
[    0.611675] CPU5: Booted secondary processor [4e0f0040]
[    0.611848] Brought up 6 CPUs
[    0.611857] SMP: Total of 6 processors activated.
[    0.611866] CPU features: detected feature: Privileged Access Never
[    0.611872] CPU features: detected feature: LSE atomic instructions
[    0.611878] CPU features: detected feature: User Access Override
[    0.611885] CPU features: detected feature: 32-bit EL0 Support
[    0.613432] CPU: All CPU(s) started at EL2
[    0.613490] alternatives: patching kernel code
[    0.620026] devtmpfs: initialized
[    0.659987] Initilizing CustomIPI irq domain
[    0.660250] clocksource: jiffies: mask: 0xffffffff max_cycles: 0xffffffff, max_idle_ns: 7645041785100000 ns
[    0.660263] futex hash table entries: 2048 (order: 5, 131072 bytes)
[    0.670769] pinctrl core: initialized pinctrl subsystem
[    0.671006] OS set in device tree is not L4T.
[    0.671293] regulator-dummy: no parameters
[    0.671545] Initializing plugin-manager
[    0.671602] Plugin module not found
[    0.671635] Plugin-manager status disabled
[    0.672998] NET: Registered protocol family 16
[    0.674282] pstore: using zlib compression
[    0.674303] console [pstore-1] enabled
[    0.674309] pstore: Registered ramoops as persistent store backend
[    0.674316] ramoops: attached 0x200000@0xf0800000, ecc: 0/0
[    0.690331] cpuidle: using governor menu
[    0.691825] bpmp: waiting for handshake
[    0.691832] bpmp: handshake completed
[    0.691847] bpmp: synchronizing channels
[    0.691855] bpmp: channels synchronized
[    0.691862] bpmp: mail init ok
[    0.694981] t19x-arm-smmu 12000000.iommu: found 3 SMMUs and ISO SMMU id is 2
[    0.695187] t19x-arm-smmu 12000000.iommu: probing hardware configuration...
[    0.695194] t19x-arm-smmu 12000000.iommu: SMMUv2 with:
[    0.695200] t19x-arm-smmu 12000000.iommu: 	stage 1 translation
[    0.695206] t19x-arm-smmu 12000000.iommu: 	stage 2 translation
[    0.695232] t19x-arm-smmu 12000000.iommu: 	nested translation
[    0.695240] t19x-arm-smmu 12000000.iommu: 	stream matching with 128 register groups, mask 0x7f80
[    0.695248] t19x-arm-smmu 12000000.iommu: SMMU address space size (0x800000) differs from mapped region size (0x1000000)!
[    0.695255] t19x-arm-smmu 12000000.iommu: 	64 context banks (0 stage-2 only)
[    0.695262] t19x-arm-smmu 12000000.iommu: 	Stage-1: 39-bit VA -> 48-bit IPA
[    0.695268] t19x-arm-smmu 12000000.iommu: 	Stage-2: 39-bit IPA -> 48-bit PA
[    0.698627] vdso: 2 pages (1 code @ ffffff8008f77000, 1 data @ ffffff8009e74000)
[    0.698651] hw-breakpoint: found 6 breakpoint and 4 watchpoint registers.
[    0.701223] atomic_pool_init():622: DMA: preallocated 1024 KiB pool for atomic allocations
[    0.702680] tegra_aon_clk_init: ok
[    0.702690] Registering BPMP clocks...
[    0.702783] tegra_bpmp_clk_init: clock init ok (400 clks)
[    0.703415] Serial: AMBA PL011 UART driver
[    0.703538] tegra_powergate_init: DONE
[    0.703620] DTS File Name: /home/rikuyokoo/en715_l4t32_5_2/top_dir/kernel_sources/Linux_for_Tegra/source/public/kernel/kernel-4.9/arch/arm64/boot/dts/../../../../../../hardware/nvidia/platform/t19x/jakku/kernel-dts/tegra194-p3668-all-p3509-0000-ar0521.dts
[    0.703632] DTB Build time: Apr  9 2022 01:35:14
[    0.706581] Tegra reboot handler registered.
[    0.715094] iommu: Adding device 14160000.pcie to group 0
[    0.715780] iommu: Adding device 141a0000.pcie to group 1
[    0.717118] iommu: Adding device 2490000.ether_qos to group 2
[    0.717655] iommu: Adding device 3100000.serial to group 3
[    0.718166] iommu: Adding device 3110000.serial to group 4
[    0.718547] iommu: Adding device 3140000.serial to group 5
[    0.719192] tegra-pmc c360000.pmc: scratch reg offset dts data not present
[    0.719540] tegra-pmc: get_secure_pmc_setting: done secure_pmc=0
[    0.719560] tegra-pmc: ### PMC reset source: TEGRA_POWER_ON_RESET
[    0.719565] tegra-pmc: ### PMC reset level: TEGRA_RESET_LEVEL_L0
[    0.719570] tegra-pmc: ### PMC reset status reg: 0x0
[    0.719616] tegra-pmc: PMC Prod config success
[    0.719813] padctrl padctrl.0: Pad control driver tegra-pmc-padctrl registered
[    0.719826] tegra-pmc c360000.pmc: IO padctrl driver initialized
[    0.720142] iommu: Adding device 3460000.sdhci to group 6
[    0.720698] iommu: Adding device 3440000.sdhci to group 7
[    0.721226] iommu: Adding device 3210000.spi to group 8
[    0.721608] iommu: Adding device 3230000.spi to group 9
[    0.722058] iommu: Adding device 3270000.spi to group 10
[    0.723343] iommu: Adding device 3160000.i2c to group 11
[    0.723759] iommu: Adding device c240000.i2c to group 12
[    0.724177] iommu: Adding device 3180000.i2c to group 13
[    0.724600] iommu: Adding device 3190000.i2c to group 14
[    0.725127] iommu: Adding device 31b0000.i2c to group 15
[    0.725542] iommu: Adding device 31c0000.i2c to group 16
[    0.725952] iommu: Adding device c250000.i2c to group 17
[    0.726382] iommu: Adding device 31e0000.i2c to group 18
[    0.727094] iommu: Adding device sound to group 19
[    0.727623] iommu: Adding device 3510000.hda to group 20
[    0.728233] iommu: Adding device bc00000.rtcpu to group 21
[    0.730094] iommu: Adding device 13e10000.host1x to group 22
[    0.730524] iommu: Adding device 13e10000.host1x:ctx0 to group 23
[    0.730917] iommu: Adding device 13e10000.host1x:ctx1 to group 24
[    0.731276] iommu: Adding device 13e10000.host1x:ctx2 to group 25
[    0.731630] iommu: Adding device 13e10000.host1x:ctx3 to group 26
[    0.732005] iommu: Adding device 13e10000.host1x:ctx4 to group 27
[    0.732376] iommu: Adding device 13e10000.host1x:ctx5 to group 28
[    0.732740] iommu: Adding device 13e10000.host1x:ctx6 to group 29
[    0.733146] iommu: Adding device 13e10000.host1x:ctx7 to group 30
[    0.733648] iommu: Adding device 15340000.vic to group 31
[    0.734039] iommu: Adding device 15380000.nvjpg to group 32
[    0.734359] iommu: Adding device 15500000.tsec to group 33
[    0.734642] iommu: Adding device 15100000.tsecb to group 34
[    0.735001] iommu: Adding device 15480000.nvdec to group 35
[    0.735299] iommu: Adding device 15140000.nvdec1 to group 36
[    0.735586] iommu: Adding device 154c0000.nvenc to group 37
[    0.735901] iommu: Adding device 15a80000.nvenc1 to group 38
[    0.736324] iommu: Adding device 15880000.nvdla0 to group 39
[    0.736909] iommu: Adding device 158c0000.nvdla1 to group 40
[    0.737611] iommu: Adding device 15200000.nvdisplay to group 41
[    0.741662] platform 15200000.nvdisplay: IOVA linear map 0x00000000c6000000(2a000000)
[    0.741723] t19x-arm-smmu: Adding 15200000.nvdisplay to ISO SMMU client
[    0.742281] iommu: Adding device 15210000.nvdisplay to group 42
[    0.742321] t19x-arm-smmu: Adding 15210000.nvdisplay to ISO SMMU client
[    0.744273] iommu: Adding device 15c10000.vi to group 43
[    0.744428] t19x-arm-smmu: Adding 15c10000.vi to ISO SMMU client
[    0.744926] iommu: Adding device 14800000.isp to group 44
[    0.745937] iommu: Adding device 16000000.pva0 to group 45
[    0.746570] iommu: Adding device 16800000.pva1 to group 46
[    0.747048] iommu: Adding device 15810000.se to group 47
[    0.747473] iommu: Adding device 15820000.se to group 48
[    0.747798] iommu: Adding device 15830000.se to group 49
[    0.748130] iommu: Adding device 15840000.se to group 50
[    0.748426] iommu: Adding device c1a0000.aon to group 51
[    0.750580] iommu: Adding device d000000.bpmp to group 52
[    0.750921] bpmp: ping status is 0
[    0.751049] bpmp d000000.bpmp: firmware tag is e73a758761f0c6d24a1e69a2ac6b5035
[    0.754237] bpmp d000000.bpmp: probe ok
[    0.756258] tegra-reset 0.bpmp_reset: registered 190 resets.
[    0.756884] iommu: Adding device smmu_test to group 53
[    0.758046] mc: mapped MMIO address: 0xffffff800a5c0000 -> 0x2c10000
[    0.758065] mc: mapped MMIO address: 0xffffff800a5e0000 -> 0x2c20000
[    0.758084] mc: mapped MMIO address: 0xffffff800a7b0000 -> 0x2c30000
[    0.758103] mc: mapped MMIO address: 0xffffff800a7d0000 -> 0x2c40000
[    0.758121] mc: mapped MMIO address: 0xffffff800b010000 -> 0x2c50000
[    0.758138] mc: mapped MMIO address: 0xffffff800b030000 -> 0x2b80000
[    0.758155] mc: mapped MMIO address: 0xffffff800b050000 -> 0x2b90000
[    0.758171] mc: mapped MMIO address: 0xffffff800b070000 -> 0x2ba0000
[    0.758188] mc: mapped MMIO address: 0xffffff800b090000 -> 0x2bb0000
[    0.758206] mc: mapped MMIO address: 0xffffff800b0b0000 -> 0x1700000
[    0.758223] mc: mapped MMIO address: 0xffffff800b0d0000 -> 0x1710000
[    0.758240] mc: mapped MMIO address: 0xffffff800b0f0000 -> 0x1720000
[    0.758280] mc: mapped MMIO address: 0xffffff800b110000 -> 0x1730000
[    0.758297] mc: mapped MMIO address: 0xffffff800b130000 -> 0x1740000
[    0.758313] mc: mapped MMIO address: 0xffffff800b150000 -> 0x1750000
[    0.758330] mc: mapped MMIO address: 0xffffff800b170000 -> 0x1760000
[    0.758347] mc: mapped MMIO address: 0xffffff800b190000 -> 0x1770000
[    0.758425] mc-err: mcerr ops are set to t19x
[    0.764631] iommu: Adding device 2600000.dma to group 54
[    0.771125] gpio gpiochip0: gpio-line-names specifies 240 line names but there are 224 lines on the chip
[    0.772291] GPIO line 339 (wifi-enable) hogged as output/high
[    0.772334] GPIO line 412 (camera-control-output-low) hogged as output/high
[    0.772361] GPIO line 412 (camera-control-output-low) hogged as output/high
[    0.772660] gpiochip_setup_dev: registered GPIOs 288 to 511 on device: gpiochip0 (tegra-gpio)
[    0.781579] gpio gpiochip1: gpio-line-names specifies 21 line names but there are 40 lines on the chip
[    0.781680] GPIO line 253 (pex-refclk-sel-low) hogged as output/low
[    0.781715] GPIO line 266 (w-disable1) hogged as output/high
[    0.781747] GPIO line 264 (w-disable2) hogged as output/high
[    0.781780] GPIO line 265 (suspend-led-gpio) hogged as output/high
[    0.782099] gpiochip_setup_dev: registered GPIOs 248 to 287 on device: gpiochip1 (tegra-gpio-aon)
[    0.784655] tegra186-aowake c370000.pmc: WAKE_AOWAKE_CNTRL_83 = 0x10a
[    0.784667] tegra186-aowake c370000.pmc: WAKE_AOWAKE_CTRL_0 = 3
[    0.784677] tegra186-aowake c370000.pmc: WAKE_AOWAKE_CNTRL_24(PMU_INT) = 256
[    0.785670] iommu: Adding device 3550000.xudc to group 55
[    0.786397] iommu: Adding device 3610000.xhci to group 56
[    0.789040] arm64_ras arm64_ras: probed
[    0.789453] ras_fhi_enable: FHI 470 enabled on CPU0
[    0.789503] ras_fhi_enable: FHI 471 enabled on CPU1
[    0.789582] ras_fhi_enable: FHI 472 enabled on CPU2
[    0.789656] ras_fhi_enable: FHI 473 enabled on CPU3
[    0.789731] ras_fhi_enable: FHI 474 enabled on CPU4
[    0.789799] ras_fhi_enable: FHI 475 enabled on CPU5
[    0.789988] carmel_ras_enable: RAS enabled on cpu0
[    0.790159] carmel_ras_enable: RAS enabled on cpu1
[    0.790359] carmel_ras_enable: RAS enabled on cpu2
[    0.790548] carmel_ras_enable: RAS enabled on cpu3
[    0.790770] carmel_ras_enable: RAS enabled on cpu4
[    0.791002] carmel_ras_enable: RAS enabled on cpu5
[    0.791082] carmel_ras carmel_ras: probed
[    0.792360] tegra-cbb 2300000.cbb-noc: noc_secure_irq = 479, noc_nonsecure_irq = 478>
[    0.792913] tegra-cbb c600000.aon-noc: noc_secure_irq = 481, noc_nonsecure_irq = 480>
[    0.794136] tegra-cbb d600000.bpmp-noc: noc_secure_irq = 483, noc_nonsecure_irq = 482>
[    0.795774] tegra-cbb be00000.rce-noc: noc_secure_irq = 485, noc_nonsecure_irq = 484>
[    0.796816] tegra-cbb b600000.sce-noc: noc_secure_irq = 487, noc_nonsecure_irq = 486>
[    0.797252] tegra-cbb 14040000.cv-noc: defer probe as CV-NOC not probed yet
[    0.798646] vdd-ac-bat: 5000 mV 
[    0.799111] vdd-sdmmc1-sw: 3300 mV 
[    0.799451] vdd-1v8-sd: 1800 mV 
[    0.799783] vdd-3v3-cvb: 3300 mV 
[    0.800137] vdd-1v8-cvb: 1800 mV 
[    0.800537] vdd-epb-1v0: supplied by vdd-3v3-cvb
[    0.800592] vdd-epb-1v0: 1000 mV 
[    0.800985] avdd-cam-2v8: 2800 mV 
[    0.801350] vdd-fan: 5000 mV 
[    0.801709] vdd-hdmi-5v0: 5000 mV 
[    0.802029] vdd_sys_en: 1200 mV 
[    0.834204] HugeTLB registered 2 MB page size, pre-allocated 0 pages
[    0.838738] eventlib_kernel: keventlib is initialized, test id: 0
[    0.839081] SCSI subsystem initialized
[    0.839413] libata version 3.00 loaded.
[    0.839619] usbcore: registered new interface driver usbfs
[    0.839668] usbcore: registered new interface driver hub
[    0.839774] usbcore: registered new device driver usb
[    0.851456] tegra-i2c 31e0000.i2c: could not find pctldev for node /host1x/dpaux@155F0000/pinmux@0, deferring probe
[    0.854321] max77620 4-003c: PMIC Version OTP:0x51 and ES:0x1
[    0.863550] vdd-1v0: at 1000 mV 
[    0.865766] vdd-1v8-hs: at 1800 mV 
[    0.869774] vdd-1v8-ls: at 1800 mV 
[    0.873775] vdd-1v8-ao: at 1800 mV 
[    0.877789] vddio-ddr-1v1: at 1100 mV 
[    0.881580] vdd-rtc: at 800 mV 
[    0.882781] spmic-ldo1: at 2375 mV 
[    0.889612] vdd-ao-3v3: at 3300 mV 
[    0.897657] vddio-emmc-3v3: at 3300 mV 
[    0.898920] spmic-ldo4: at 1587 mV 
[    0.905724] vdd-usb-3v3: at 3300 mV 
[    0.913728] vddio-sdmmc1-3v3: at 3300 mV 
[    0.917773] vdd-csi-1v2: at 1200 mV 
[    0.919396] spmic-ldo8: at 1800 mV 
[    0.924396] GPIO line 246 (gpio_default) hogged as output/high
[    0.925738] GPIO line 247 (gpio_default) hogged as output/high
[    0.926053] gpiochip_setup_dev: registered GPIOs 240 to 247 on device: gpiochip2 (max77620-gpio)
[    0.926442] max77620 4-003c: max77620 probe successful
[    0.927116] media: Linux media interface: v0.10
[    0.927215] Linux video capture interface: v2.00
[    0.928549] pps_core: LinuxPPS API ver. 1 registered
[    0.928557] pps_core: Software ver. 5.3.6 - Copyright 2005-2007 Rodolfo Giometti <giometti@linux.it>
[    0.928574] PTP clock support registered
[    0.928885] tegra_wdt_t18x 30c0000.watchdog: Expiry count is deprecated
[    0.929135] tegra_wdt_t18x 30c0000.watchdog: Tegra WDT init timeout = 120 sec
[    0.929167] tegra_wdt_t18x 30c0000.watchdog: Registered successfully
[    0.931707] trusty trusty: trusty version: Built: 08:56:10 Jul  9 2021 
[    0.931781] trusty trusty: selected api version: 3 (requested 3)
[    0.932966] Advanced Linux Sound Architecture Driver Initialized.
[    0.933509] Bluetooth: Core ver 2.22
[    0.933555] NET: Registered protocol family 31
[    0.933561] Bluetooth: HCI device and connection manager initialized
[    0.933574] Bluetooth: HCI socket layer initialized
[    0.933608] Bluetooth: L2CAP socket layer initialized
[    0.933632] Bluetooth: SCO socket layer initialized
[    0.936479] camchar: rtcpu character device driver loaded
[    0.937097] gpio tegra-gpio wake61 for gpio=201(Z:1)
[    0.937195] extcon-gpio-states external-connection:extcon@1: Cable state:0, cable id:0
[    0.938158] clocksource: Switched to clocksource arch_sys_counter
[    0.985954] VFS: Disk quotas dquot_6.6.0
[    0.986062] VFS: Dquot-cache hash table entries: 512 (order 0, 4096 bytes)
[    0.986478] nvmap_heap_init: nvmap_heap_init: created heap block cache
[    0.987689] tegra-carveouts tegra-carveouts: assigned reserved memory node grid-of-semaphores
[    0.987761] dma_declare_coherent_resizable_cma_memory:324: resizable heap=vpr, base=0x00000000c6000000, size=0x2a000000
[    0.988048] cma: enabled page replacement for spfn=c6000, epfn=f0000
[    0.988059] dma_declare_coherent_resizable_cma_memory:373: resizable cma heap=vpr create successful
[    0.988078] nvmap: nvmap_select_cache_ops() nvmap cache ops set to scf
[    0.988089] nvmap_page_pool_init: Total RAM pages: 1986098
[    0.988099] nvmap_page_pool_init: nvmap page pool size: 248262 pages (969 MB)
[    0.988343] nvmap_background_zero_thread: PP zeroing thread starting.
[    0.988750] misc nvmap: created heap vpr base 0x00000000c6000000 size (688128KiB)
[    0.990781] tegra-gpcdma 2600000.dma: GPC DMA driver register 31 channels
[    1.004189] thermal thermal_zone0: Registering thermal zone thermal_zone0 for type CPU-therm
[    1.004418] thermal thermal_zone1: Registering thermal zone thermal_zone1 for type GPU-therm
[    1.004640] thermal thermal_zone2: Registering thermal zone thermal_zone2 for type AUX-therm
[    1.004874] thermal thermal_zone3: Registering thermal zone thermal_zone3 for type AO-therm
[    1.005187] thermal thermal_zone4: Registering thermal zone thermal_zone4 for type PMIC-Die
[    1.006400] la/ptsa driver initialized.
[    1.006755] NET: Registered protocol family 2
[    1.007633] TCP established hash table entries: 65536 (order: 7, 524288 bytes)
[    1.008005] TCP bind hash table entries: 65536 (order: 8, 1048576 bytes)
[    1.008619] TCP: Hash tables configured (established 65536 bind 65536)
[    1.008692] UDP hash table entries: 4096 (order: 5, 131072 bytes)
[    1.008817] UDP-Lite hash table entries: 4096 (order: 5, 131072 bytes)
[    1.009203] NET: Registered protocol family 1
[    1.009783] RPC: Registered named UNIX socket transport module.
[    1.009790] RPC: Registered udp transport module.
[    1.009795] RPC: Registered tcp transport module.
[    1.009800] RPC: Registered tcp NFSv4.1 backchannel transport module.
[    1.009811] PCI: CLS 0 bytes, default 64
[    1.009988] Trying to unpack rootfs image as initramfs...
[    1.243252] Freeing initrd memory: 7064K
[    1.262302] random: fast init done
[    1.266245] host1x 13e10000.host1x: initialized
[    1.267986] hw perfevents: enabled with armv8_pmuv3 PMU driver, 7 counters available
[    1.272545] audit: initializing netlink subsys (disabled)
[    1.272610] audit: type=2000 audit(0.892:1): initialized
[    1.273434] workingset: timestamp_bits=46 max_order=21 bucket_order=0
[    1.284183] squashfs: version 4.0 (2009/01/31) Phillip Lougher
[    1.285529] ntfs: driver 2.1.32 [Flags: R/W].
[    1.286230] 9p: Installing v9fs 9p2000 file system support
[    1.291480] Block layer SCSI generic (bsg) driver version 0.4 loaded (major 240)
[    1.291679] io scheduler noop registered
[    1.291922] io scheduler cfq registered (default)
[    1.295510] gic 2a41000.agic-controller: GIC IRQ controller registered
[    1.329794] iommu: Adding device 2993000.adsp to group 57
[    1.442752] iommu: Adding device aconnect@2a41000:adsp_audio to group 58
[    1.443795] tegra-aconnect aconnect@2a41000: Tegra ACONNECT bus registered
[    1.457669] tegra-pwm 3280000.pwm: PWM clk can sleep in ops
[    1.458122] tegra-pwm c340000.pwm: PWM clk can sleep in ops
[    1.458814] tegra-pwm 32c0000.pwm: PWM clk can sleep in ops
[    1.459243] tegra-pwm 32d0000.pwm: PWM clk can sleep in ops
[    1.459682] tegra-pwm 32f0000.pwm: PWM clk can sleep in ops
[    1.463088] tegra_camera_platform tegra-camera-platform: tegra_camera_probe:camera_platform_driver probe
[    1.463379] misc tegra_camera_ctrl: tegra_camera_isomgr_register: some fields not in DT.
[    1.463398] misc tegra_camera_ctrl: tegra_camera_isomgr_register isp_iso_bw=0, vi_iso_bw=8350000, max_bw=8350000
[    1.466194] tsec 15500000.tsec: initialized
[    1.467793] tsec 15100000.tsecb: initialized
[    1.471654] nvdec 15480000.nvdec: initialized
[    1.474239] nvdec 15140000.nvdec1: initialized
[    1.479268] falcon 15340000.vic: initialized
[    1.480938] falcon 15380000.nvjpg: initialized
[    1.482883] falcon 154c0000.nvenc: initialized
[    1.484798] falcon 15a80000.nvenc1: initialized
[    1.488189] iommu_context_dev 13e10000.host1x:ctx0: initialized (streamid=56)
[    1.490089] iommu_context_dev 13e10000.host1x:ctx1: initialized (streamid=57)
[    1.491969] iommu_context_dev 13e10000.host1x:ctx2: initialized (streamid=58)
[    1.493746] iommu_context_dev 13e10000.host1x:ctx3: initialized (streamid=59)
[    1.495584] iommu_context_dev 13e10000.host1x:ctx4: initialized (streamid=60)
[    1.497305] iommu_context_dev 13e10000.host1x:ctx5: initialized (streamid=61)
[    1.499026] iommu_context_dev 13e10000.host1x:ctx6: initialized (streamid=62)
[    1.501229] iommu_context_dev 13e10000.host1x:ctx7: initialized (streamid=63)
[    1.504766] t194-nvcsi 15a00000.nvcsi: initialized
[    1.510103] scare-pigeon 13e10000.host1x:vi-thi@15f00000: initialized
[    1.510535] scare-pigeon 14b00000.isp-thi: initialized
[    1.516096] pva 16000000.pva0: initialized
[    1.521809] pva 16800000.pva1: initialized
[    1.526967] nvdla 15880000.nvdla0: initialized
[    1.531935] nvdla 158c0000.nvdla1: initialized
[    1.533365] tegradccommon 15200000.dc_common: host1x channel mapped
[    1.533379] tegradccommon 15200000.dc_common: dc_common syncpt # 1 allocated
[    1.533443] tegradccommon 15200000.dc_common: dma mapping done
[    1.534116] tegradc 15200000.nvdisplay: disp0 connected to head0->/host1x/sor1
[    1.534199] generic_infoframe_type: 0x87
[    1.534280] tegradc 15200000.nvdisplay: DT parsed successfully
[    1.534318] tegradc 15200000.nvdisplay: Display dc.ffffff800bce0000 registered with id=0
[    1.538012] tegra_nvdisp_bandwidth_register_max_config: max config iso bw = 7088400 KB/s
[    1.538025] tegra_nvdisp_bandwidth_register_max_config: max config EMC floor = 800000000 Hz
[    1.538035] tegra_nvdisp_bandwidth_register_max_config: max config hubclk = 300000000 Hz
[    1.538246] tegradc 15200000.nvdisplay: vblank syncpt # 8 for dc 0
[    1.538257] tegradc 15200000.nvdisplay: vpulse3 syncpt # 9 for dc 0
[    1.540801] tegradc 15200000.nvdisplay: hdmi: invalid prod list prod_list_hdmi_board
[    1.540811] tegradc 15200000.nvdisplay: hdmi: tegra_hdmi_tmds_range_read(bd) failed
[    1.543779] tegradc 15200000.nvdisplay: probed
[    1.544302] Console: switching to colour frame buffer device 80x30
[    1.544335] tegradc 15200000.nvdisplay: fb registered
[    1.544591] gpio tegra-gpio wake63 for gpio=97(M:1)
[    1.545064] tegradc 15210000.nvdisplay: disp1 connected to head1->/host1x/sor
[    1.545095] tegradc 15210000.nvdisplay: parse_dp_settings: No dp-lt-settings node
[    1.545168] tegradc 15210000.nvdisplay: DT parsed successfully
[    1.545199] tegradc 15210000.nvdisplay: Display dc.ffffff800bdd0000 registered with id=1
[    1.545355] tegradc 15210000.nvdisplay: vblank syncpt # 11 for dc 1
[    1.545365] tegradc 15210000.nvdisplay: vpulse3 syncpt # 12 for dc 1
[    1.554479] tegradc 15210000.nvdisplay: probed
[    1.554820] tegradc 15210000.nvdisplay: fb registered
[    1.558292] hpd: state 7 (Takeover from bootloader), hpd 0, pending_hpd_evt 1
[    1.558305] hpd: switching from state 7 (Takeover from bootloader) to state 0 (Reset)
[    1.558325] hpd: state 0 (Reset), hpd 0, pending_hpd_evt 0
[    1.558340] tegradc 15210000.nvdisplay: blank - powerdown
[    1.558355] extcon-disp-state external-connection:disp-state: cable 44 state 0 already set.
[    1.558363] Extcon DP: HPD disabled
[    1.558371] hpd: hpd_switch 0
[    1.558383] hpd: switching from state 0 (Reset) to state 1 (Check Plug)
[    1.558399] hpd: state 1 (Check Plug), hpd 0, pending_hpd_evt 0
[    1.558412] hpd: switching from state 1 (Check Plug) to state 3 (Disabled)
[    1.558661] tegra_cec 3960000.tegra_cec: dt=1 start=0x03960000 end=0x03960FFF irq=78
[    1.558671] tegra_cec 3960000.tegra_cec: Unpowergate DISP: 0.
[    1.558893] tegra_cec 3960000.tegra_cec: Enable clock result: 0.
[    1.559028] tegra_cec 3960000.tegra_cec: tegra_cec_init started
[    1.559166] tegra_cec 3960000.tegra_cec: cec_add_sysfs ret=0
[    1.559173] tegra_cec 3960000.tegra_cec: probed
[    1.568300] tegra-adma 2930000.adma: Tegra210 ADMA driver registered 32 channels
[    1.569101] tegra-fuse-burn 3820000.efuse:efuse-burn: shutdown limit check disabled
[    1.569110] tegra-fuse-burn 3820000.efuse:efuse-burn: Fuse burn driver initialized
[    1.569444] kfuse 3830000.kfuse: initialized
[    1.575333] Serial: 8250/16550 driver, 4 ports, IRQ sharing disabled
[    1.577844] 3100000.serial: ttyTHS0 at MMIO 0x3100000 (irq = 47, base_baud = 0) is a TEGRA_UART
[    1.579086] 3110000.serial: ttyTHS1 at MMIO 0x3110000 (irq = 48, base_baud = 0) is a TEGRA_UART
[    1.579873] 3140000.serial: ttyTHS4 at MMIO 0x3140000 (irq = 49, base_baud = 0) is a TEGRA_UART
[    1.581141] console [ttyTCU0] enabled
[    1.581466] [drm] Initialized
[    1.594907] brd: module loaded
[    1.600778] loop: module loaded
[    1.600880] tegra_profiler: version: 1.143, samples/io: 48/28
[    1.601039] tegra_profiler: auth: init
[    1.601894] THERMAL EST: found 3 subdevs
[    1.601908] THERMAL EST num_resources: 0
[    1.601920] [THERMAL EST subdev 0]
[    1.601932] [THERMAL EST subdev 1]
[    1.601941] [THERMAL EST subdev 2]
[    1.601956] THERMAL EST: Found 2 profiles, default profile is quiet
[    1.602347] thermal thermal_zone5: Registering thermal zone thermal_zone5 for type thermal-fan-est
[    1.602356] THERMAL EST: thz register success.
[    1.602554] THERMAL EST: end of probe, return err: 0
[    1.603259] sd: No Scsi addr parsed to reserve index
[    1.603300] hisi_sas: driver version v1.6
[    1.613841] qspi_mtd spi6.0: s25fs256s SSG 8 0 1000 2000000
[    1.613850] qspi_mtd spi6.0: s25fs256s (32768 Kbytes)
[    1.613866] qspi_mtd spi6.0: mtd .name = spi6.0, .size = 0x2000000 (32MiB) .erasesize = 0x00010000 (64KiB) .numeraseregions = 0
[    1.614220] 1 ofpart partitions found on MTD device spi6.0
[    1.614233] Creating 1 MTD partitions on "spi6.0":
[    1.614256] 0x000000000000-0x000002000000 : "Whole_flash0"
[    1.616912] libphy: Fixed MDIO Bus: probed
[    1.618340] tun: Universal TUN/TAP device driver, 1.6
[    1.618346] tun: (C) 1999-2004 Max Krasnyansky <maxk@qualcomm.com>
[    1.619205] e1000e: Intel(R) PRO/1000 Network Driver - 3.2.6-k
[    1.619219] e1000e: Copyright(c) 1999 - 2015 Intel Corporation.
[    1.619288] igb: Intel(R) Gigabit Ethernet Network Driver - version 5.4.0-k
[    1.619296] igb: Copyright (c) 2007-2014 Intel Corporation.
[    1.619346] igbvf: Intel(R) Gigabit Virtual Function Network Driver - version 2.4.0-k
[    1.619354] igbvf: Copyright (c) 2009 - 2012 Intel Corporation.
[    1.619406] Intel(R) 10GbE PCI Express Linux Network Driver - version 4.6.4
[    1.619413] Copyright(c) 1999 - 2017 Intel Corporation.
[    1.865478] eqos 2490000.ether_qos: failed to read eqos_auto_cal_config_0_reg
[    1.866107] eqos 2490000.ether_qos: Setting local MAC: 48 b0 2d 5a 79 7b
[    1.866327] libphy: dwc_phy: probed
[    1.868891] PPP generic driver version 2.4.2
[    1.869271] PPP BSD Compression module registered
[    1.869286] PPP Deflate Compression module registered
[    1.869307] PPP MPPE Compression module registered
[    1.869319] NET: Registered protocol family 24
[    1.869370] usbcore: registered new interface driver r8152
[    1.869412] usbcore: registered new interface driver asix
[    1.869464] usbcore: registered new interface driver ax88179_178a
[    1.869500] usbcore: registered new interface driver cdc_ether
[    1.869536] usbcore: registered new interface driver net1080
[    1.869571] usbcore: registered new interface driver cdc_subset
[    1.869608] usbcore: registered new interface driver zaurus
[    1.869656] usbcore: registered new interface driver cdc_ncm
[    1.870138] VFIO - User Level meta-driver version: 0.3
[    1.871503] ehci_hcd: USB 2.0 'Enhanced' Host Controller (EHCI) Driver
[    1.871529] ehci-pci: EHCI PCI platform driver
[    1.871568] ohci_hcd: USB 1.1 'Open' Host Controller (OHCI) Driver
[    1.871582] ohci-pci: OHCI PCI platform driver
[    1.871618] ohci-platform: OHCI generic platform driver
[    1.876659] tegra-xusb 3610000.xhci: USB2 port 0 has OTG_CAP
[    1.878786] tegra-xusb 3610000.xhci: extcon 0: ffffffc1f450c000 id
[    1.879447] usbcore: registered new interface driver uas
[    1.879511] usbcore: registered new interface driver usb-storage
[    1.879672] usbcore: registered new interface driver usbserial
[    1.881183] tegra-xusb 3610000.xhci: Firmware timestamp: 2019-07-24 05:47:34 UTC, Version: 60.06 release
[    1.881217] tegra-xusb 3610000.xhci: xHCI Host Controller
[    1.881238] tegra-xusb 3610000.xhci: new USB bus registered, assigned bus number 1
[    1.881940] tegra-xusb 3610000.xhci: hcc params 0x0184ff25 hci version 0x110 quirks 0x00050810
[    1.881978] tegra-xusb 3610000.xhci: irq 465, io mem 0x03610000
[    1.882215] usb usb1: New USB device found, idVendor=1d6b, idProduct=0002
[    1.882223] usb usb1: New USB device strings: Mfr=3, Product=2, SerialNumber=1
[    1.882229] usb usb1: Product: xHCI Host Controller
[    1.882234] usb usb1: Manufacturer: Linux 4.9.201 xhci-hcd
[    1.882240] usb usb1: SerialNumber: 3610000.xhci
[    1.882739] hub 1-0:1.0: USB hub found
[    1.882785] hub 1-0:1.0: 4 ports detected
[    1.883340] tegra-xusb 3610000.xhci: xHCI Host Controller
[    1.883352] tegra-xusb 3610000.xhci: new USB bus registered, assigned bus number 2
[    1.883362] tegra-xusb 3610000.xhci: Host supports USB 3.1 Enhanced SuperSpeed
[    1.883563] usb usb2: New USB device found, idVendor=1d6b, idProduct=0003
[    1.883571] usb usb2: New USB device strings: Mfr=3, Product=2, SerialNumber=1
[    1.883577] usb usb2: Product: xHCI Host Controller
[    1.883583] usb usb2: Manufacturer: Linux 4.9.201 xhci-hcd
[    1.883588] usb usb2: SerialNumber: 3610000.xhci
[    1.885049] hub 2-0:1.0: USB hub found
[    1.885129] hub 2-0:1.0: 4 ports detected
[    1.886498] Wake76 for irq=199
[    1.886507] Wake77 for irq=199
[    1.886511] Wake78 for irq=199
[    1.886515] Wake79 for irq=199
[    1.886519] Wake80 for irq=199
[    1.886523] Wake81 for irq=199
[    1.886533] Wake82 for irq=199
[    1.886599] tegra-xusb 3610000.xhci: Upgrade port 0 to USB3.0
[    1.886607] tegra-xusb 3610000.xhci: Upgrade port 1 to USB3.0
[    1.887024] tegra-xudc-new 3550000.xudc: PMQOS CPU boost enabled
[    1.887104] tegra-xudc-new 3550000.xudc: device count: 1
[    1.888006] tegra-xudc-new 3550000.xudc: vbus state: 0
[    1.888015] tegra-xudc-new 3550000.xudc: Initialize boost_cpufreq work
[    1.888039] tegra-xudc-new 3550000.xudc: entering ELPG
[    1.888298] tegra-xudc-new 3550000.xudc: entering ELPG done
[    1.888890] mousedev: PS/2 mouse device common for all mice
[    1.889006] usbcore: registered new interface driver xpad
[    1.986751] usb usb2: usb_suspend_both: status 0
[    2.018823] max77686-rtc max77620-rtc: rtc core: registered max77620-rtc as rtc0
[    2.020270] Wake73 for irq=42
[    2.021549] rtc rtc1: alarm rtc device
[    2.021564] tegra_rtc c2a0000.rtc: rtc core: registered c2a0000.rtc as rtc1
[    2.021601] tegra_rtc c2a0000.rtc: Tegra internal Real Time Clock
[    2.021757] i2c /dev entries driver
[    2.024609] max77620-power max20024-power: Event recorder REG_NVERC : 0x44
[    2.031626] tegra-thermal-throttle bthrot_cdev: cpufreq policy is not ready defer
[    2.032032] FAN dev name: pwm-fan
[    2.032083] FAN:gpio request success.
[    2.032120] pwm_fan_driver pwm-fan: Found 2 profiles, default profile is quiet
[    2.032155] pwm_fan_driver pwm-fan: cap state:4, cap pwm:255
[    2.032405] pwm_fan_driver pwm-fan: got pwm for fan. polarity is normal
[    2.032583] gpio tegra-gpio-aon wake39 for gpio=19(CC:3)
[    2.032653] pwm_fan_driver pwm-fan: fan tach request irq success
[    2.032664] pwm_fan_driver pwm-fan: tach period: 1000
[    2.033501] pwm_fan_driver pwm-fan: index 0: pwm=0, rpm=0, rru=40, rrd=40, state:2
[    2.033509] pwm_fan_driver pwm-fan: index 1: pwm=130, rpm=1000, rru=2, rrd=2, state:2
[    2.033516] pwm_fan_driver pwm-fan: index 2: pwm=160, rpm=2000, rru=1, rrd=1, state:2
[    2.033522] pwm_fan_driver pwm-fan: index 3: pwm=200, rpm=3000, rru=1, rrd=1, state:2
[    2.033528] pwm_fan_driver pwm-fan: index 4: pwm=255, rpm=4000, rru=1, rrd=1, state:3
[    2.033533] pwm_fan_driver pwm-fan: index 5: pwm=255, rpm=5000, rru=1, rrd=1, state:3
[    2.033539] pwm_fan_driver pwm-fan: index 6: pwm=255, rpm=6000, rru=1, rrd=1, state:3
[    2.033545] pwm_fan_driver pwm-fan: index 7: pwm=255, rpm=7000, rru=1, rrd=1, state:4
[    2.033551] pwm_fan_driver pwm-fan: index 8: pwm=255, rpm=10000, rru=1, rrd=1, state:4
[    2.033558] pwm_fan_driver pwm-fan: index 9: pwm=255, rpm=11000, rru=1, rrd=1, state:4
[    2.034439] tegra-oc-event d280000.soctherm-oc-event: OC driver initialized
[    2.035540] device-mapper: uevent: version 1.0.3
[    2.036007] device-mapper: ioctl: 4.35.0-ioctl (2016-06-23) initialised: dm-devel@redhat.com
[    2.039632] tegra194_cpufreq_probe: platform driver Initialization: pass
[    2.040668] cpuidle: Initializing cpuidle driver
[    2.041709] sdhci: Secure Digital Host Controller Interface driver
[    2.041719] sdhci: Copyright(c) Pierre Ossman
[    2.041726] sdhci-pltfm: SDHCI platform and OF driver helper
[    2.042980] sdhci-tegra 3460000.sdhci: Client registration for eMC Successful
[    2.044755] CMDQ: cmdq_platfm_init successful
[    2.045324] sdhci-tegra 3440000.sdhci: Got CD GPIO
[    2.047567] sdhci-tegra 3440000.sdhci: Client registration for eMC Successful
[    2.053924] tegra-se-elp 3ad0000.se_elp: tegra_se_elp_probe: complete
[    2.055508] tegra-se-nvhost 15810000.se: initialized
[    2.056624] tegra-se-nvhost 15810000.se: tegra_se_probe: complete
[    2.057330] tegra-se-nvhost 15820000.se: initialized
[    2.058454] tegra-se-nvhost 15820000.se: tegra_se_probe: complete
[    2.059100] tegra-se-nvhost 15830000.se: initialized
[    2.059771] tegra-se-nvhost 15830000.se: tegra_se_probe: complete
[    2.060732] tegra-se-nvhost 15840000.se: initialized
[    2.061727] tegra-se-nvhost 15840000.se: tegra_se_probe: complete
[    2.062081] hidraw: raw HID events driver (C) Jiri Kosina
[    2.063466] usbcore: registered new interface driver usbhid
[    2.063477] usbhid: USB HID core driver
[    2.067591] tegra186-cam-rtcpu bc00000.rtcpu: deferring, 14800000.isp is not probed
[    2.068701] tegra_aon c1a0000.aon: tegra aon driver probe OK
[    2.069192] tegra186-aondbg aondbg: aondbg driver probe() OK
[    2.069911] denver_knobs_init:MTS_VERSION:51035886
[    2.070082] tegra19x_actmon d230000.actmon: in actmon_register()...
[    2.070772] tegra19x_actmon d230000.actmon: initialization Completed for the device mc_all
[    2.071224] t19x_cache tegra-cache: probed
[    2.073464] misc nvmap: cvsram :dma coherent mem declare 0x0000000050000000,4194304
[    2.073472] misc nvmap: created heap cvsram base 0x0000000050000000 size (4096KiB)
[    2.074086] carmel-pmu-drv carmel-pmu: Registered Carmel PMU
[    2.074537] PLL_AON clock registered
[    2.076459] Clocks initialized successfully
[    2.077920] nvpmodel: initialized successfully
[    2.079081] trusty-virtio trusty:virtio: initializing
[    2.079315] trusty_ipc virtio0: vring0: va(pa)  ffffffc1f265a000(0) qsz 32 notifyid 1
[    2.079326] trusty_ipc virtio0: vring1: va(pa)  ffffffc1f2730000(0) qsz 32 notifyid 2
[    2.079461] trusty-virtio trusty:virtio: initializing done
[    2.079706] trusty_ipc virtio0: is online
[    2.080596] tegra-hda 3510000.hda: Override SDO lines to 4
[    2.080939] usbcore: registered new interface driver snd-usb-audio
[    2.086245] mmc0: SDHCI controller on 3460000.sdhci [3460000.sdhci] using ADMA 64-bit with 64 bit addr
[    2.093819] input: tegra-hda-xnx HDMI/DP,pcm=3 as /devices/3510000.hda/sound/card0/input0
[    2.094023] input: tegra-hda-xnx HDMI/DP,pcm=7 as /devices/3510000.hda/sound/card0/input1
[    2.094245] input: tegra-hda-xnx HDMI/DP,pcm=8 as /devices/3510000.hda/sound/card0/input2
[    2.094444] gpio tegra-gpio wake51 for gpio=130(Q:2)
[    2.094452] input: tegra-hda-xnx HDMI/DP,pcm=9 as /devices/3510000.hda/sound/card0/input3
[    2.094575] mmc1: SDHCI controller on 3440000.sdhci [3440000.sdhci] using ADMA 64-bit with 64 bit addr
[    2.136162] mmc0: mmc_decode_ext_csd: CMDQ supported: depth: 31, cmdq_support: 1
[    2.149041] mmc0: periodic cache flush enabled
[    2.149071] mmc0: new HS400 Enhanced strobe MMC card at address 0001
[    2.149607] mmcblk0: mmc0:0001 DG4016 14.7 GiB 
[    2.149863] mmcblk0boot0: mmc0:0001 DG4016 partition 1 4.00 MiB
[    2.150101] mmcblk0boot1: mmc0:0001 DG4016 partition 2 4.00 MiB
[    2.150329] mmcblk0rpmb: mmc0:0001 DG4016 partition 3 4.00 MiB
[    2.155756] OPE platform probe
[    2.155848] OPE platform probe successful
[    2.157969]  mmcblk0: p1 p2 p3 p4 p5 p6 p7 p8 p9 p10 p11
[    2.214208] usb 1-2: new high-speed USB device number 2 using tegra-xusb
[    2.225060] tegra-asoc: sound: ADMAIF1 <-> ADMAIF1 mapping ok
[    2.225180] tegra-asoc: sound: ADMAIF2 <-> ADMAIF2 mapping ok
[    2.225286] tegra-asoc: sound: ADMAIF3 <-> ADMAIF3 mapping ok
[    2.225403] tegra-asoc: sound: ADMAIF4 <-> ADMAIF4 mapping ok
[    2.225509] tegra-asoc: sound: ADMAIF5 <-> ADMAIF5 mapping ok
[    2.225614] tegra-asoc: sound: ADMAIF6 <-> ADMAIF6 mapping ok
[    2.225707] tegra-asoc: sound: ADMAIF7 <-> ADMAIF7 mapping ok
[    2.225798] tegra-asoc: sound: ADMAIF8 <-> ADMAIF8 mapping ok
[    2.225885] tegra-asoc: sound: ADMAIF9 <-> ADMAIF9 mapping ok
[    2.225988] tegra-asoc: sound: ADMAIF10 <-> ADMAIF10 mapping ok
[    2.226076] tegra-asoc: sound: ADMAIF11 <-> ADMAIF11 mapping ok
[    2.226192] tegra-asoc: sound: ADMAIF12 <-> ADMAIF12 mapping ok
[    2.226298] tegra-asoc: sound: ADMAIF13 <-> ADMAIF13 mapping ok
[    2.226400] tegra-asoc: sound: ADMAIF14 <-> ADMAIF14 mapping ok
[    2.226505] tegra-asoc: sound: ADMAIF15 <-> ADMAIF15 mapping ok
[    2.226591] tegra-asoc: sound: ADMAIF16 <-> ADMAIF16 mapping ok
[    2.226679] tegra-asoc: sound: ADMAIF17 <-> ADMAIF17 mapping ok
[    2.226773] tegra-asoc: sound: ADMAIF18 <-> ADMAIF18 mapping ok
[    2.226865] tegra-asoc: sound: ADMAIF19 <-> ADMAIF19 mapping ok
[    2.226969] tegra-asoc: sound: ADMAIF20 <-> ADMAIF20 mapping ok
[    2.250857] usb 1-2: New USB device found, idVendor=0bda, idProduct=5411
[    2.250865] usb 1-2: New USB device strings: Mfr=1, Product=2, SerialNumber=0
[    2.250870] usb 1-2: Product: 4-Port USB 2.0 Hub
[    2.250874] usb 1-2: Manufacturer: Generic
[    2.252810] hub 1-2:1.0: USB hub found
[    2.253939] hub 1-2:1.0: 4 ports detected
[    2.259178] u32 classifier
[    2.259190]     Actions configured
[    2.259262] Initializing XFRM netlink socket
[    2.259884] NET: Registered protocol family 10
[    2.260665] NET: Registered protocol family 17
[    2.260685] NET: Registered protocol family 15
[    2.260740] bridge: filtering via arp/ip/ip6tables is no longer available by default. Update your scripts to load br_netfilter if you need this.
[    2.260827] Bluetooth: RFCOMM socket layer initialized
[    2.260844] Bluetooth: RFCOMM ver 1.11
[    2.260853] Bluetooth: HIDP (Human Interface Emulation) ver 1.2
[    2.260862] Bluetooth: HIDP socket layer initialized
[    2.260881] 9pnet: Installing 9P2000 support
[    2.260928] Key type dns_resolver registered
[    2.261209] Registered cp15_barrier emulation handler
[    2.261232] Registered setend emulation handler
[    2.263050] registered taskstats version 1
[    2.263604] tegra-pcie-dw 14160000.pcie: Setting init speed to max speed
[    2.264737] OF: PCI: host bridge /pcie@14160000 ranges:
[    2.264764] OF: PCI:    IO 0x36100000..0x361fffff -> 0x36100000
[    2.264779] OF: PCI:   MEM 0x1740000000..0x17ffffffff -> 0x40000000
[    2.264789] OF: PCI:   MEM 0x1400000000..0x173fffffff -> 0x1400000000
[    2.319348] mmc1: host does not support reading read-only switch, assuming write-enable
[    2.363752] usb 2-3: new SuperSpeed USB device number 2 using tegra-xusb
[    2.403441] usb 2-3: New USB device found, idVendor=0bda, idProduct=0411
[    2.403449] usb 2-3: New USB device strings: Mfr=1, Product=2, SerialNumber=0
[    2.403453] usb 2-3: Product: 2-Port USB 3.0 Hub
[    2.403458] usb 2-3: Manufacturer: Generic
[    2.420306] hub 2-3:1.0: USB hub found
[    2.422555] hub 2-3:1.0: 4 ports detected
[    2.464702] mmc1: hw tuning done ...
[    2.464784] mmc1: new ultra high speed SDR104 SDXC card at address aaaa
[    2.465231] mmcblk1: mmc1:aaaa SR64G 59.5 GiB 
[    2.473026]  mmcblk1: p1 p2 p3 p4 p5 p6 p7 p8 p9 p10 p11
[    2.542202] usb 1-2.1: new high-speed USB device number 3 using tegra-xusb
[    2.562607] usb 1-2.1: New USB device found, idVendor=1a40, idProduct=0101
[    2.562614] usb 1-2.1: New USB device strings: Mfr=0, Product=1, SerialNumber=0
[    2.562619] usb 1-2.1: Product: USB 2.0 Hub
[    2.563367] hub 1-2.1:1.0: USB hub found
[    2.563441] hub 1-2.1:1.0: 4 ports detected
[    2.582198] tegra_cec 3960000.tegra_cec: Can't find physical addresse.
[    2.582221] tegra_cec 3960000.tegra_cec: tegra_cec_init Done.
[    2.594201] usb 2-3: usb_suspend_both: status 0
[    2.594363] usb usb2: usb_suspend_both: status 0
[    2.776865] tegra-pcie-dw 14160000.pcie: link is down
[    2.776989] tegra-pcie-dw 14160000.pcie: PCI host bridge to bus 0004:00
[    2.776997] pci_bus 0004:00: root bus resource [bus 00-ff]
[    2.777014] pci_bus 0004:00: root bus resource [io  0x0000-0xfffff] (bus address [0x36100000-0x361fffff])
[    2.777027] pci_bus 0004:00: root bus resource [mem 0x1740000000-0x17ffffffff] (bus address [0x40000000-0xffffffff])
[    2.777032] pci_bus 0004:00: root bus resource [mem 0x1400000000-0x173fffffff pref]
[    2.777062] pci 0004:00:00.0: [10de:1ad1] type 01 class 0x060400
[    2.777248] pci 0004:00:00.0: PME# supported from D0 D3hot D3cold
[    2.777513] iommu: Adding device 0004:00:00.0 to group 59
[    2.777715] pci 0004:00:00.0: PCI bridge to [bus 01-ff]
[    2.777739] pci 0004:00:00.0: Max Payload Size set to  256/ 256 (was  256), Max Read Rq  512
[    2.777932] pcieport 0004:00:00.0: Signaling PME through PCIe PME interrupt
[    2.777939] pcie_pme 0004:00:00.0:pcie001: service driver pcie_pme loaded
[    2.778035] aer 0004:00:00.0:pcie002: service driver aer loaded
[    2.778231] pcie_pme 0004:00:00.0:pcie001: unloading service driver pcie_pme
[    2.778296] aer 0004:00:00.0:pcie002: unloading service driver aer
[    2.778407] pci_bus 0004:01: busn_res: [bus 01-ff] is released
[    2.778475] iommu: Removing device 0004:00:00.0 from group 59
[    2.778497] pci_bus 0004:00: busn_res: [bus 00-ff] is released
[    2.780114] tegra-pcie-dw 14160000.pcie: PCIe link is not up...!
[    2.781102] tegra-pcie-dw 141a0000.pcie: Setting init speed to max speed
[    2.782318] OF: PCI: host bridge /pcie@141a0000 ranges:
[    2.782350] OF: PCI:    IO 0x3a100000..0x3a1fffff -> 0x3a100000
[    2.782366] OF: PCI:   MEM 0x1f40000000..0x1fffffffff -> 0x40000000
[    2.782377] OF: PCI:   MEM 0x1c00000000..0x1f3fffffff -> 0x1c00000000
[    2.850212] usb 1-2.1.1: new high-speed USB device number 4 using tegra-xusb
[    2.870823] usb 1-2.1.1: New USB device found, idVendor=2357, idProduct=011e
[    2.870829] usb 1-2.1.1: New USB device strings: Mfr=1, Product=2, SerialNumber=3
[    2.870834] usb 1-2.1.1: Product: 802.11ac WLAN Adapter 
[    2.870838] usb 1-2.1.1: Manufacturer: Realtek 
[    2.870842] usb 1-2.1.1: SerialNumber: 00e04c000001
[    2.950211] usb 1-2.1.2: new high-speed USB device number 5 using tegra-xusb
[    2.974474] usb 1-2.1.2: New USB device found, idVendor=0403, idProduct=6011
[    2.974482] usb 1-2.1.2: New USB device strings: Mfr=1, Product=2, SerialNumber=3
[    2.974487] usb 1-2.1.2: Product: FT4232H MiniModule
[    2.974491] usb 1-2.1.2: Manufacturer: FTDI
[    2.974495] usb 1-2.1.2: SerialNumber: FT6V456O
[    3.082182] usb 1-2.1.3: new full-speed USB device number 6 using tegra-xusb
[    3.106103] usb 1-2.1.3: New USB device found, idVendor=2341, idProduct=8036
[    3.106127] usb 1-2.1.3: New USB device strings: Mfr=1, Product=2, SerialNumber=3
[    3.106131] usb 1-2.1.3: Product: Arduino Leonardo
[    3.106135] usb 1-2.1.3: Manufacturer: Arduino LLC
[    3.106139] usb 1-2.1.3: SerialNumber: HIDPH
[    3.109095] input: Arduino LLC Arduino Leonardo as /devices/3610000.xhci/usb1/1-2/1-2.1/1-2.1.3/1-2.1.3:1.2/0003:2341:8036.0001/input/input4
[    3.109532] hid-generic 0003:2341:8036.0001: input,hidraw0: USB HID v1.01 Joystick [Arduino LLC Arduino Leonardo] on usb-3610000.xhci-2.1.3/input2
[    3.295759] tegra-pcie-dw 141a0000.pcie: link is down
[    3.295902] tegra-pcie-dw 141a0000.pcie: PCI host bridge to bus 0005:00
[    3.295910] pci_bus 0005:00: root bus resource [bus 00-ff]
[    3.295931] pci_bus 0005:00: root bus resource [io  0x100000-0x1fffff] (bus address [0x3a100000-0x3a1fffff])
[    3.295942] pci_bus 0005:00: root bus resource [mem 0x1f40000000-0x1fffffffff] (bus address [0x40000000-0xffffffff])
[    3.295947] pci_bus 0005:00: root bus resource [mem 0x1c00000000-0x1f3fffffff pref]
[    3.295976] pci 0005:00:00.0: [10de:1ad0] type 01 class 0x060400
[    3.296137] pci 0005:00:00.0: PME# supported from D0 D3hot D3cold
[    3.296391] iommu: Adding device 0005:00:00.0 to group 59
[    3.296621] pci 0005:00:00.0: PCI bridge to [bus 01-ff]
[    3.296659] pci 0005:00:00.0: Max Payload Size set to  256/ 256 (was  256), Max Read Rq  512
[    3.296868] pcieport 0005:00:00.0: Signaling PME through PCIe PME interrupt
[    3.296875] pcie_pme 0005:00:00.0:pcie001: service driver pcie_pme loaded
[    3.296976] aer 0005:00:00.0:pcie002: service driver aer loaded
[    3.297136] pcie_pme 0005:00:00.0:pcie001: unloading service driver pcie_pme
[    3.297185] aer 0005:00:00.0:pcie002: unloading service driver aer
[    3.297257] pci_bus 0005:01: busn_res: [bus 01-ff] is released
[    3.297345] iommu: Removing device 0005:00:00.0 from group 59
[    3.297368] pci_bus 0005:00: busn_res: [bus 00-ff] is released
[    3.299441] tegra-pcie-dw 141a0000.pcie: PCIe link is not up...!
[    3.308940] tegra-cbb 14040000.cv-noc: noc_secure_irq = 91, noc_nonsecure_irq = 90>
[    3.313456] tegra194-isp5 14800000.isp: initialized
[    3.320968] tegra194-vi5 15c10000.vi: using default number of vi channels, 36
[    3.324355] tegra194-vi5 15c10000.vi: initialized
[    3.328777] tegra194-vi5 15c10000.vi: subdev 15a00000.nvcsi--2 bound
[    3.328865] tegra194-vi5 15c10000.vi: subdev 15a00000.nvcsi--1 bound
[    3.329107] tegra-thermal-throttle bthrot_cdev: clk:cpu max:1907200000, min:115200000 steps:24
[    3.333593] tegra-thermal-throttle bthrot_cdev: clk:gpu max:1109250000, min:114750000 steps:10
[    3.333637] tegra-thermal-throttle bthrot_cdev: cdev:skin-balanced clk:0:cpu off:0 slope-adj:200
[    3.333641] tegra-thermal-throttle bthrot_cdev: cdev:skin-balanced clk:1:gpu off:0 slope-adj:400
[    3.333751] tegra-thermal-throttle bthrot_cdev: cdev:skin-balanced max_state:48 cutoff:0
[    3.333808] tegra-thermal-throttle bthrot_cdev: cdev:gpu-balanced clk:0:cpu off:0 slope-adj:400
[    3.333813] tegra-thermal-throttle bthrot_cdev: cdev:gpu-balanced clk:1:gpu off:0 slope-adj:400
[    3.337745] tegra-thermal-throttle bthrot_cdev: cdev:gpu-balanced max_state:40 cutoff:1
[    3.337801] tegra-thermal-throttle bthrot_cdev: cdev:cpu-balanced clk:0:cpu off:0 slope-adj:200
[    3.337806] tegra-thermal-throttle bthrot_cdev: cdev:cpu-balanced clk:1:gpu off:365500000 slope-adj:300
[    3.338194] tegra-thermal-throttle bthrot_cdev: cdev:cpu-balanced max_state:48 cutoff:0
[    3.338239] tegra-thermal-throttle bthrot_cdev: cdev:emergency-balanced clk:0:cpu off:38400000 slope-adj:10
[    3.338244] tegra-thermal-throttle bthrot_cdev: cdev:emergency-balanced clk:1:gpu off:25500000 slope-adj:10
[    3.338743] tegra-thermal-throttle bthrot_cdev: cdev:emergency-balanced max_state:2 cutoff:0
[    3.338822] tegra-thermal-throttle bthrot_cdev: cdev:aux-balanced clk:0:cpu off:0 slope-adj:400
[    3.338826] tegra-thermal-throttle bthrot_cdev: cdev:aux-balanced clk:1:gpu off:0 slope-adj:400
[    3.339157] tegra-thermal-throttle bthrot_cdev: cdev:aux-balanced max_state:40 cutoff:1
[    3.340056] tegra186-cam-rtcpu bc00000.rtcpu: Trace buffer configured at IOVA=0xbff00000
[    3.422332] tegra-ivc ivc-bc00000.rtcpu: region 0: iova=0xbfee0000-0xbfefffff size=131072
[    3.422796] tegra-ivc ivc-bc00000.rtcpu:echo@0: echo: ver=0 grp=1 RX[16x64]=0x1000-0x1480 TX[16x64]=0x1480-0x1900
[    3.423007] tegra-ivc ivc-bc00000.rtcpu:dbg@1: dbg: ver=0 grp=1 RX[1x384]=0x1900-0x1b00 TX[1x384]=0x1b00-0x1d00
[    3.423212] tegra-ivc ivc-bc00000.rtcpu:dbg@2: dbg: ver=0 grp=1 RX[1x8192]=0x1d00-0x3d80 TX[1x8192]=0x3d80-0x5e00
[    3.423614] tegra-ivc ivc-bc00000.rtcpu:ivccontrol@3: ivccontrol: ver=0 grp=1 RX[64x320]=0x5e00-0xae80 TX[64x320]=0xae80-0xff00
[    3.423696] tegra-ivc ivc-bc00000.rtcpu:ivccapture@4: ivccapture: ver=0 grp=1 RX[512x64]=0xff00-0x17f80 TX[512x64]=0x17f80-0x20000
[    3.423946] tegra186-cam-rtcpu bc00000.rtcpu: using cam RTCPU IRQ (66)
[    3.423952] tegra186-cam-rtcpu bc00000.rtcpu: tegra_camrtc_mon_create is successful
[    3.425124] tegra186-cam-rtcpu bc00000.rtcpu: firmware version cpu=rce cmd=5 sha1=cf2bef3ad10e437272857b76308abef8ffb80bda
[    3.425561] Wake83 for irq=211
[    3.425626] gpio tegra-gpio wake67 for gpio=48(G:0)
[    3.425700] gpio tegra-gpio-aon wake29 for gpio=36(EE:4)
[    3.425843] input: gpio-keys as /devices/gpio-keys/input/input5
[    3.459111] tegra_rtc c2a0000.rtc: setting system clock to 2022-07-01 05:23:48 UTC (1656653028)
[    3.459621] mmcblk mmc0:0001: Card claimed for testing.
[    3.459631] mmcblk mmc1:aaaa: Card claimed for testing.
[    3.494392] bpmp: mounted debugfs mirror
[    3.500845] ALSA device list:
[    3.500851]   #0: tegra-hda-xnx at 0x3518000 irq 65
[    3.500854]   #1: jetson-xaviernx-ape
[    3.502752] Freeing unused kernel memory: 8576K
[    3.543918] Root device found: PARTUUID=8b3d9149-299d-4359-964b-687a7572b0ba
[    4.289983] EXT4-fs (mmcblk1p1): mounted filesystem with ordered data mode. Opts: (null)
[    4.297167] Rootfs mounted over PARTUUID=8b3d9149-299d-4359-964b-687a7572b0ba
[    4.325927] Switching from initrd to actual rootfs
[    4.602838] ip_tables: (C) 2000-2006 Netfilter Core Team
[    4.607621] cgroup: cgroup2: unknown option "nsdelegate"
[    4.620927] systemd[1]: systemd 237 running in system mode. (+PAM +AUDIT +SELINUX +IMA +APPARMOR +SMACK +SYSVINIT +UTMP +LIBCRYPTSETUP +GCRYPT +GNUTLS +ACL +XZ +LZ4 +SECCOMP +BLKID +ELFUTILS +KMOD -IDN2 +IDN -PCRE2 default-hierarchy=hybrid)
[    4.621569] systemd[1]: Detected architecture arm64.
[    4.627560] systemd[1]: Set hostname to <cit171>.
[    4.771945] systemd[1]: File /lib/systemd/system/systemd-journald.service:36 configures an IP firewall (IPAddressDeny=any), but the local system does not support BPF/cgroup based firewalling.
[    4.771958] systemd[1]: Proceeding WITHOUT firewalling in effect! (This warning is only shown for the first loaded unit using IP firewalling.)
[    4.935368] random: systemd: uninitialized urandom read (16 bytes read)
[    4.935407] systemd[1]: Reached target User and Group Name Lookups.
[    4.935690] random: systemd: uninitialized urandom read (16 bytes read)
[    4.935818] systemd[1]: Started Forward Password Requests to Wall Directory Watch.
[    4.935869] random: systemd: uninitialized urandom read (16 bytes read)
[    4.938994] systemd[1]: Created slice System Slice.
[    4.939487] systemd[1]: Listening on Journal Socket.
[    4.943069] systemd[1]: Starting Create list of required static device nodes for the current kernel...
[    4.989485] pca954x 2-0070: vcc-pullup regulator not found
[    4.989499] pca954x 2-0070: pca954x_probe: forcing device bus number, start 30.
[    4.989506] pca954x 2-0070: device detect skipped.
[    4.990199] i2c i2c-2: Added multiplexed i2c bus 30
[    4.990803] i2c i2c-2: Added multiplexed i2c bus 31
[    4.991193] i2c i2c-2: Added multiplexed i2c bus 32
[    4.991553] i2c i2c-2: Added multiplexed i2c bus 33
[    4.991559] pca954x 2-0070: registered 4 multiplexed busses for I2C switch pca9546
[    5.001836] GPIO line 224 (tca9539_74_outlow) hogged as output/low
[    5.002011] EXT4-fs (mmcblk1p1): re-mounted. Opts: (null)
[    5.002107] GPIO line 225 (tca9539_74_outlow) hogged as output/low
[    5.002366] GPIO line 226 (tca9539_74_outlow) hogged as output/low
[    5.002645] GPIO line 227 (tca9539_74_outlow) hogged as output/low
[    5.002924] GPIO line 228 (tca9539_74_outlow) hogged as output/low
[    5.003205] GPIO line 229 (tca9539_74_outlow) hogged as output/low
[    5.003488] GPIO line 230 (tca9539_74_outlow) hogged as output/low
[    5.003759] GPIO line 231 (tca9539_74_outlow) hogged as output/low
[    5.004066] gpiochip_setup_dev: registered GPIOs 224 to 239 on device: gpiochip3 (pca9539)
[    5.004073] pca953x 2-0074: interrupt support not compiled in
[    5.004667] tegra-i2c 3180000.i2c: no acknowledge from address 0x22
[    5.004846] pca953x 30-0022: failed reading register
[    5.005044] pca953x: probe of 30-0022 failed with error -121
[    5.007387] GPIO line 200 (tca6424_22_outlow) hogged as output/low
[    5.008208] GPIO line 201 (tca6424_22_outlow) hogged as output/low
[    5.009005] GPIO line 202 (tca6424_22_outlow) hogged as output/low
[    5.009700] GPIO line 203 (tca6424_22_outlow) hogged as output/low
[    5.010653] GPIO line 204 (tca6424_22_outlow) hogged as output/low
[    5.012752] GPIO line 205 (tca6424_22_outlow) hogged as output/low
[    5.013512] GPIO line 206 (tca6424_22_outlow) hogged as output/low
[    5.014301] GPIO line 207 (tca6424_22_outlow) hogged as output/low
[    5.014714] gpiochip_setup_dev: registered GPIOs 200 to 223 on device: gpiochip4 (tca6424)
[    5.014723] pca953x 31-0022: interrupt support not compiled in
[    5.036592] ar0521: loading out-of-tree module taints kernel.
[    5.038891] ar0521 30-0042: Unable to toggle GPIO
[    5.039042] ar0521: probe of 30-0042 failed with error -22
[    5.098743] Current Firmware Version - (50CUNANO-g3bfcc9c)
[    5.192678] cam_isp_init
[    5.250948] systemd-journald[2340]: Received request to flush runtime journal from PID 1
[    6.770619] cdc_acm 1-2.1.3:1.0: ttyACM0: USB ACM device
[    6.771001] usbcore: registered new interface driver cdc_acm
[    6.771010] cdc_acm: USB Abstract Control Model driver for USB modems and ISDN adapters
[    6.914477] usbcore: registered new interface driver ftdi_sio
[    6.914533] usbserial: USB Serial support registered for FTDI USB Serial Device
[    6.914657] ftdi_sio 1-2.1.2:1.0: FTDI USB Serial Device converter detected
[    6.914740] usb 1-2.1.2: Detected FT4232H
[    6.917804] usb 1-2.1.2: FTDI USB Serial Device converter now attached to ttyUSB0
[    6.917917] ftdi_sio 1-2.1.2:1.1: FTDI USB Serial Device converter detected
[    6.918017] usb 1-2.1.2: Detected FT4232H
[    6.918624] usb 1-2.1.2: FTDI USB Serial Device converter now attached to ttyUSB1
[    6.918727] ftdi_sio 1-2.1.2:1.2: FTDI USB Serial Device converter detected
[    6.918824] usb 1-2.1.2: Detected FT4232H
[    6.919127] usb 1-2.1.2: FTDI USB Serial Device converter now attached to ttyUSB2
[    6.919187] ftdi_sio 1-2.1.2:1.3: FTDI USB Serial Device converter detected
[    6.919296] usb 1-2.1.2: Detected FT4232H
[    6.920082] usb 1-2.1.2: FTDI USB Serial Device converter now attached to ttyUSB3
[    6.948959] random: crng init done
[    6.948967] random: 7 urandom warning(s) missed due to ratelimiting
[    7.512464] usbcore: registered new interface driver rtl8821au
[    8.317989] nvgpu: 17000000.gv11b          nvgpu_nvhost_syncpt_init:291  [INFO]  syncpt_unit_base 60000000 syncpt_unit_size 400000 size 1000

[    9.265708] ar0521 31-0042: ISP Already Initialized !! 
[    9.272326] SENSOR ID=0x0265
[    9.277210]  cam_stream_off 2180 CAM Get CMD Stream off Success !! 
[    9.357024] 0. Initialized Control 0x00980900 - Brightness 
[    9.357032] 1. Initialized Control 0x00980901 - Contrast 
[    9.357037] 2. Initialized Control 0x00980902 - Saturation 
[    9.357043] 3. Initialized Control 0x0098090c - White Balance, Automatic 
[    9.357047] 4. Initialized Control 0x00980910 - Gamma 
[    9.357052] 5. Initialized Control 0x0098091a - White Balance Temperature 
[    9.357057] 6. Initialized Control 0x0098091b - Sharpness 
[    9.357061] 7. Initialized Control 0x00980913 - Gain 
[    9.362804]  Menu Element 0 : Full FOV Auto Mode 
[    9.362810]  Menu Element 1 : Manual Mode 
[    9.362815]  Menu Element 2 : ROI Based Auto Mode 
[    9.362825] 8. Initialized Custom Ctrl 0x009a0901 - Exposure Auto 
[    9.362833] 9. Initialized Control 0x009a0902 - Exposure Time, Absolute 
[    9.362838] 10. Initialized Control 0x009a090d - Zoom, Absolute 
[    9.362842] 11. Initialized Control 0x009a0908 - Pan, Absolute 
[    9.362847] 12. Initialized Control 0x009a0909 - Tilt, Absolute 
[    9.365943] 13. Initialized Custom Ctrl 0x009a092d - Denoise 
[    9.365953] 14. Initialized Control 0x00980914 - Horizontal Flip 
[    9.365958] 15. Initialized Control 0x00980915 - Vertical Flip 
[    9.369564] 16. Initialized Custom Ctrl 0x009a0926 - ROI Exposure 
[    9.373545] 17. Initialized Custom Ctrl 0x009a0924 - ROI Window Size 
[    9.377583] 18. Initialized Custom Ctrl 0x009a0931 - Exposure Compensation 
[    9.377595] tegra194-vi5 15c10000.vi: subdev ar0521 31-0042 bound
[    9.389709] cpu-throttle-alert cooling device registered.
[    9.390945] gpu-throttle-alert cooling device registered.
[    9.391443] aux-throttle-alert cooling device registered.
[   10.304812] using random self ethernet address
[   10.304935] using random host ethernet address
[   11.631885] Mass Storage Function, version: 2009/09/11
[   11.631894] LUN: removable file: (no medium)
[   11.638901] using random self ethernet address
[   11.639029] using random host ethernet address
[   11.730605] rndis0: HOST MAC f6:ee:58:51:ed:6c
[   11.731095] rndis0: MAC f6:ee:58:51:ed:6d
[   11.735176] usb0: HOST MAC f6:ee:58:51:ed:6e
[   11.735220] usb0: MAC f6:ee:58:51:ed:6f
[   11.735243] tegra-xudc-new 3550000.xudc: exiting ELPG
[   11.735898] tegra-xudc-new 3550000.xudc: exiting ELPG done
[   11.735920] tegra-xudc-new 3550000.xudc: ep 0 (type: 0, dir: out) enabled
[   11.735968] tegra-xudc-new 3550000.xudc: entering ELPG
[   11.736204] tegra-xudc-new 3550000.xudc: entering ELPG done
[   11.736218] tegra-xudc-new 3550000.xudc: exiting ELPG
[   11.736683] tegra-xudc-new 3550000.xudc: exiting ELPG done
[   11.736694] tegra-xudc-new 3550000.xudc: entering ELPG
[   11.736881] tegra-xudc-new 3550000.xudc: entering ELPG done
[   11.740915] l4tbr0: port 1(rndis0) entered blocking state
[   11.740922] l4tbr0: port 1(rndis0) entered disabled state
[   11.741091] device rndis0 entered promiscuous mode
[   11.761624] IPv6: ADDRCONF(NETDEV_UP): rndis0: link is not ready
[   11.767406] l4tbr0: port 2(usb0) entered blocking state
[   11.767416] l4tbr0: port 2(usb0) entered disabled state
[   11.770006] device usb0 entered promiscuous mode
[   11.775816] IPv6: ADDRCONF(NETDEV_UP): usb0: link is not ready
[   12.161620] IPv6: ADDRCONF(NETDEV_UP): eth0: link is not ready
[   12.479038] gpio tegra-gpio wake20 for gpio=52(G:4)
[   12.486946] IPv6: ADDRCONF(NETDEV_UP): eth0: link is not ready
[   12.500159] IPv6: ADDRCONF(NETDEV_UP): wlan0: link is not ready
[   12.842817] ras_fhi_disable: FHI 474 disabled
[   12.843517] CPU4: shutdown
[   12.843670] psci: CPU4 killed.
[   12.895752] ras_fhi_disable: FHI 475 disabled
[   12.900981] CPU5: shutdown
[   12.922241] psci: Retrying again to check for CPU kill
[   12.922294] psci: CPU5 killed.
[   12.925844] nvgpu: 17000000.gv11b                 tpc_pg_mask_store:843  [INFO]  no value change, same mask already set
[   12.996905] IPv6: ADDRCONF(NETDEV_UP): wlan0: link is not ready
[   13.207757] IPv6: ADDRCONF(NETDEV_UP): wlan0: link is not ready
[   13.576743] zram: Added device: zram0
[   13.577436] zram: Added device: zram1
[   13.578021] zram: Added device: zram2
[   13.584994] zram: Added device: zram3
[   13.615600] zram0: detected capacity change from 0 to 1018884096
[   13.716575] Adding 995000k swap on /dev/zram0.  Priority:5 extents:1 across:995000k SS
[   13.750777] zram1: detected capacity change from 0 to 1018884096
[   13.792258] Adding 995000k swap on /dev/zram1.  Priority:5 extents:1 across:995000k SS
[   13.803364] zram2: detected capacity change from 0 to 1018884096
[   13.836863] Adding 995000k swap on /dev/zram2.  Priority:5 extents:1 across:995000k SS
[   13.841273] zram3: detected capacity change from 0 to 1018884096
[   13.886957] Adding 995000k swap on /dev/zram3.  Priority:5 extents:1 across:995000k SS
[   14.875780] Bridge firewalling registered
[   14.966276] nf_conntrack version 0.5.0 (65536 buckets, 262144 max)
[   15.400945] Netfilter messages via NETLINK v0.30.
[   15.413522] ctnetlink v0.93: registering with nfnetlink.
[   15.696655] IPv6: ADDRCONF(NETDEV_UP): docker0: link is not ready
[   16.294108] tegradc 15200000.nvdisplay: blank - powerdown
[   16.294127] tegradc 15210000.nvdisplay: blank - powerdown
[   17.454978] ------------[ cut here ]------------
[   17.455261] WARNING: CPU: 3 PID: 6629 at /home/rikuyokoo/en715_l4t32_5_2/top_dir/kernel_sources/Linux_for_Tegra/source/public/kernel/kernel-4.9/net/wireless/nl80211.c:14141 cfg80211_ch_switch_notify+0x150/0x170 [cfg80211]
[   17.455587] Modules linked in: xt_conntrack ipt_MASQUERADE nf_nat_masquerade_ipv4 nf_conntrack_netlink nfnetlink xt_addrtype iptable_filter iptable_nat nf_conntrack_ipv4 nf_defrag_ipv4 nf_nat_ipv4 nf_nat nf_conntrack br_netfilter zram overlay userspace_alert nvgpu rtl8821au cfg80211 ftdi_sio cdc_acm spidev binfmt_misc ar0521(O) gpio_pca953x i2c_mux_pca954x bluedroid_pm ip_tables x_tables

[   17.455753] CPU: 3 PID: 6629 Comm: RTW_CMD_THREAD Tainted: G           O    4.9.201 #1
[   17.455758] Hardware name: NVIDIA Jetson Xavier NX Developer Kit (DT)
[   17.455765] task: ffffffc1f4ca1c00 task.stack: ffffffc1e7cf8000
[   17.455903] PC is at cfg80211_ch_switch_notify+0x150/0x170 [cfg80211]
[   17.456557] LR is at rtw_cfg80211_ch_switch_notify+0x94/0x98 [rtl8821au]
[   17.456565] pc : [<ffffff8001183080>] lr : [<ffffff80012eb8b0>] pstate: 60c00045
[   17.456571] sp : ffffffc1e7cfbc20
[   17.456577] x29: ffffffc1e7cfbc20 x28: ffffff800128d930 
[   17.456592] x27: ffffff800be461ac x26: ffffff80013f2060 
[   17.456606] x25: ffffff80014455bc x24: ffffffc1f4d5b000 
[   17.456619] x23: ffffffc1f4d58000 x22: ffffffc1dc52e000 
[   17.456633] x21: 0000000000000002 x20: ffffffc1e7cfbca8 
[   17.456648] x19: ffffffc1ed035800 x18: 0000000000000000 
[   17.456662] x17: 0000000000000002 x16: 0000000000000003 
[   17.456674] x15: 0000000000000000 x14: 0000000000000008 
[   17.456687] x13: 7f0201c70000002a x12: 0105c001b2fffe01 
[   17.456700] x11: 0000000000000004 x10: 0000000000000002 
[   17.456717] x9 : 0000000000000004 x8 : ffffffc1e7cfbd3a 
[   17.456730] x7 : 0000000000000000 x6 : 0000000000000001 
[   17.456743] x5 : 0000000000000040 x4 : 00000000000009b4 
[   17.456757] x3 : 0000145a00000003 x2 : ffffffc1dc52f848 
[   17.456770] x1 : 0000145a00000003 x0 : 0000000000000000 

[   17.456788] ---[ end trace 8025ffdeed3f6fe4 ]---
[   17.456887] Call trace:
[   17.457031] [<ffffff8001183080>] cfg80211_ch_switch_notify+0x150/0x170 [cfg80211]
[   17.457673] [<ffffff80012eb8b0>] rtw_cfg80211_ch_switch_notify+0x94/0x98 [rtl8821au]
[   17.458290] [<ffffff800128d894>] rtw_chk_start_clnt_join+0x43c/0x4d8 [rtl8821au]
[   17.458912] [<ffffff800128db68>] join_cmd_hdl+0x238/0x330 [rtl8821au]
[   17.459518] [<ffffff8001251550>] rtw_cmd_thread+0x308/0x608 [rtl8821au]
[   17.459531] [<ffffff80080db074>] kthread+0xec/0xf0
[   17.459542] [<ffffff80080838a0>] ret_from_fork+0x10/0x30
[   17.656188] IPv6: ADDRCONF(NETDEV_CHANGE): wlan0: link becomes ready
[   21.297818] fuse init (API version 7.26)
[   26.195263] Bluetooth: BNEP (Ethernet Emulation) ver 1.3
[   26.195281] Bluetooth: BNEP socket layer initialized
[   31.628180] EXT4-fs (mmcblk0p1): mounted filesystem with ordered data mode. Opts: (null)
[   34.138311] vdd-sdmmc1-sw: disabling
[   34.138321] vdd-1v8-cvb: disabling
[   34.138327] vdd-epb-1v0: disabling
[   34.138331] avdd-cam-2v8: disabling
[   34.138337] vdd-fan: disabling
[   34.138342] vdd_sys_en: disabling
[  789.412211] nvgpu: 17000000.gv11b                 tpc_pg_mask_store:843  [INFO]  no value change, same mask already set
[  789.967162]  Index = 0x0000 , format = 0x59565955, width = 640, height = 480, frate num = 75 
[  790.063039] [RCE] vi5_hwinit: firmware CL2018101701 protocol version 2.2
[  790.246999] usb 2-3: usb_suspend_both: status 0
[  790.247249] usb usb2: usb_suspend_both: status 0
[  790.267613] usb usb2: usb_suspend_both: status 0
[  790.447014] usb 2-3: usb_suspend_both: status 0
[  790.447222] usb usb2: usb_suspend_both: status 0
[  790.467490] usb usb2: usb_suspend_both: status 0
[  919.995658] FAN rising trip_level:1 cur_temp:46000 trip_temps[2]:60000
