---- robot status ---- temperature [℃] ---- current [mA] ---- voltage [mV] ----
id 0 -7650 65 61 
id 1 0.65 65 57 
id 2 0.52 63 64 
id 3 0.73 66 65 
id 4 0.63 65 63 
id 5 -7650 62 64 
id 6 0.63 60 70 
id 7 0.63 58 63 
id 8 0.62 62 63 
id 9 -7650 59 58 
id 10 0.58 59 58 
id 11 0.58 58 58 
id 12 0.57 58 58 
id 13 0.74 58 58 
id 14 -7650 73 75 
id 15 0.8 73 79 
id 16 0.74 82 76 
id 17 0.81 79 63 
id 18 0.79 55 77 

 Motors which temperature is over 45℃
---------------------------------- dmesg ----------------------------------
[    0.000000] Booting Linux on physical CPU 0x0
[    0.000000] Linux version 4.9.201 (rikuyokoo@rikuyokoo-N1545K) (gcc version 7.3.1 20180425 [linaro-7.3-2018.05 revision d29120a424ecfbc167ef90065c0eeb7f91977701] (Linaro GCC 7.3-2018.05) ) #1 SMP PREEMPT Sat Apr 9 01:26:22 JST 2022
[    0.000000] Boot CPU: AArch64 Processor [4e0f0040]
[    0.000000] OF: fdt:memory scan node memory, reg size 48,
[    0.000000] OF: fdt: - 80000000 ,  2c000000
[    0.000000] OF: fdt: - ac200000 ,  44800000
[    0.000000] OF: fdt: - 100000000 ,  180000000
[    0.000000] earlycon: tegra_comb_uart0 at MMIO32 0x000000000c168000 (options '')
[    0.000000] bootconsole [tegra_comb_uart0] enabled
[    0.000000] OF: fdt:Reserved memory: failed to reserve memory for node 'fb0_carveout': base 0x0000000000000000, size 0 MiB
[    0.000000] OF: fdt:Reserved memory: failed to reserve memory for node 'fb0_carveout': base 0x0000000000000000, size 0 MiB
[    0.000000] OF: fdt:Reserved memory: failed to reserve memory for node 'fb1_carveout': base 0x0000000000000000, size 0 MiB
[    0.000000] OF: fdt:Reserved memory: failed to reserve memory for node 'fb1_carveout': base 0x0000000000000000, size 0 MiB
[    0.000000] OF: fdt:Reserved memory: failed to reserve memory for node 'fb2_carveout': base 0x0000000000000000, size 0 MiB
[    0.000000] OF: fdt:Reserved memory: failed to reserve memory for node 'fb2_carveout': base 0x0000000000000000, size 0 MiB
[    0.000000] OF: fdt:Reserved memory: failed to reserve memory for node 'fb3_carveout': base 0x0000000000000000, size 0 MiB
[    0.000000] OF: fdt:Reserved memory: failed to reserve memory for node 'fb3_carveout': base 0x0000000000000000, size 0 MiB
[    0.000000] OF: reserved mem: initialized node ramoops_carveout, compatible id nvidia,ramoops
[    0.000000] OF: reserved mem: initialized node vpr-carveout, compatible id nvidia,vpr-carveout
[    0.000000] OF: reserved mem: initialized node grid-of-semaphores, compatible id nvidia,gosmem
[    0.000000] cma: Reserved 64 MiB at 0x00000000c2000000
[    0.000000] On node 0 totalpages: 2033152
[    0.000000]   DMA zone: 7192 pages used for memmap
[    0.000000]   DMA zone: 0 pages reserved
[    0.000000]   DMA zone: 460288 pages, LIFO batch:31
[    0.000000]   Normal zone: 24576 pages used for memmap
[    0.000000]   Normal zone: 1572864 pages, LIFO batch:31
[    0.000000] psci: probing for conduit method from DT.
[    0.000000] psci: PSCIv1.0 detected in firmware.
[    0.000000] psci: Using standard PSCI v0.2 function IDs
[    0.000000] psci: MIGRATE_INFO_TYPE not supported.
[    0.000000] psci: SMC Calling Convention v1.1
[    0.000000] percpu: Embedded 24 pages/cpu s57560 r8192 d32552 u98304
[    0.000000] pcpu-alloc: s57560 r8192 d32552 u98304 alloc=24*4096
[    0.000000] pcpu-alloc: [0] 0 [0] 1 [0] 2 [0] 3 [0] 4 [0] 5 
[    0.000000] Speculative Store Bypass Disable mitigation not required
[    0.000000] Built 1 zonelists in Zone order, mobility grouping on.  Total pages: 2001384
[    0.000000] Kernel command line: console=ttyTCU0,115200 video=tegrafb no_console_suspend=1 earlycon=tegra_comb_uart,mmio32,0x0c168000 gpt rootfs.slot_suffix= usbcore.old_scheme_first=1 tegraid=19.1.2.0.0 maxcpus=6 boot.slot_suffix= boot.ratchetvalues=0.4.2 vpr_resize sdhci_tegra.en_boot_part_access=1    quiet root=PARTUUID=8b3d9149-299d-4359-964b-687a7572b0ba rw rootwait rootfstype=ext4 console=ttyTCU0,115200n8 console=tty0 fbcon=map:0 net.ifnames=0
[    0.000000] log_buf_len individual max cpu contribution: 32768 bytes
[    0.000000] log_buf_len total cpu_extra contributions: 163840 bytes
[    0.000000] log_buf_len min size: 32768 bytes
[    0.000000] log_buf_len: 262144 bytes
[    0.000000] early log buf free: 29060(88%)
[    0.000000] PID hash table entries: 4096 (order: 3, 32768 bytes)
[    0.000000] Dentry cache hash table entries: 1048576 (order: 11, 8388608 bytes)
[    0.000000] Inode-cache hash table entries: 524288 (order: 10, 4194304 bytes)
[    0.000000] Memory: 7190728K/8132608K available (15294K kernel code, 2942K rwdata, 6748K rodata, 8576K init, 609K bss, 188216K reserved, 753664K cma-reserved)
[    0.000000] Virtual kernel memory layout:
[    0.000000]     modules : 0xffffff8000000000 - 0xffffff8008000000   (   128 MB)
[    0.000000]     vmalloc : 0xffffff8008000000 - 0xffffffbebfff0000   (   250 GB)
[    0.000000]       .text : 0xffffff8008080000 - 0xffffff8008f70000   ( 15296 KB)
[    0.000000]     .rodata : 0xffffff8008f70000 - 0xffffff8009610000   (  6784 KB)
[    0.000000]       .init : 0xffffff8009610000 - 0xffffff8009e70000   (  8576 KB)
[    0.000000]       .data : 0xffffff8009e70000 - 0xffffff800a14f808   (  2943 KB)
[    0.000000]        .bss : 0xffffff800a14f808 - 0xffffff800a1e7cbc   (   610 KB)
[    0.000000]     fixed   : 0xffffffbefe7fd000 - 0xffffffbefec00000   (  4108 KB)
[    0.000000]     PCI I/O : 0xffffffbefee00000 - 0xffffffbeffe00000   (    16 MB)
[    0.000000]     vmemmap : 0xffffffbf00000000 - 0xffffffc000000000   (     4 GB maximum)
[    0.000000]               0xffffffbf00000000 - 0xffffffbf08000000   (   128 MB actual)
[    0.000000]     memory  : 0xffffffc000000000 - 0xffffffc200000000   (  8192 MB)
[    0.000000] SLUB: HWalign=64, Order=0-3, MinObjects=0, CPUs=6, Nodes=1
[    0.000000] Preemptible hierarchical RCU implementation.
[    0.000000] 	Build-time adjustment of leaf fanout to 64.
[    0.000000] 	RCU restricting CPUs from NR_CPUS=64 to nr_cpu_ids=6.
[    0.000000] RCU: Adjusting geometry for rcu_fanout_leaf=64, nr_cpu_ids=6
[    0.000000] NR_IRQS:64 nr_irqs:64 0
[    0.000000] GIC: Using split EOI/Deactivate mode
[    0.000000] arm_arch_timer: Architected cp15 timer(s) running at 31.25MHz (phys).
[    0.000000] clocksource: arch_sys_counter: mask: 0xffffffffffffff max_cycles: 0xe6a171046, max_idle_ns: 881590405314 ns
[    0.000005] sched_clock: 56 bits at 31MHz, resolution 32ns, wraps every 4398046511088ns
[    0.000620] Console: colour dummy device 80x25
[    0.000631] console [tty0] enabled
[    0.000638] bootconsole [tegra_comb_uart0] disabled
[    0.000651] kmemleak: Kernel memory leak detector disabled
[    0.000669] Calibrating delay loop (skipped), value calculated using timer frequency.. 62.50 BogoMIPS (lpj=125000)
[    0.000685] pid_max: default: 32768 minimum: 301
[    0.001757] Security Framework initialized
[    0.002342] Mount-cache hash table entries: 16384 (order: 5, 131072 bytes)
[    0.002353] Mountpoint-cache hash table entries: 16384 (order: 5, 131072 bytes)
[    0.003957] ftrace: allocating 47179 entries in 185 pages
[    0.398517] sched-energy: Sched-energy-costs installed from DT
[    0.398536] ASID allocator initialised with 65536 entries
[    0.433794] tegra-id: chipid=21917.
[    0.433805] tegra-id: opt_subrevision=1.
[    0.433832] Tegra Revision: A02p SKU: 0xde CPU Process: 0 SoC Process: 0
[    0.433848] DTS File Name: /home/rikuyokoo/en715_l4t32_5_2/top_dir/kernel_sources/Linux_for_Tegra/source/public/kernel/kernel-4.9/arch/arm64/boot/dts/../../../../../../hardware/nvidia/platform/t19x/jakku/kernel-dts/tegra194-p3668-all-p3509-0000-ar0521.dts
[    0.433858] DTB Build time: Apr  9 2022 01:35:14
[    0.481744] CPU1: Booted secondary processor [4e0f0040]
[    0.513796] CPU2: Booted secondary processor [4e0f0040]
[    0.545905] CPU3: Booted secondary processor [4e0f0040]
[    0.578198] CPU4: Booted secondary processor [4e0f0040]
[    0.610304] CPU5: Booted secondary processor [4e0f0040]
[    0.610492] Brought up 6 CPUs
[    0.610502] SMP: Total of 6 processors activated.
[    0.610511] CPU features: detected feature: Privileged Access Never
[    0.610517] CPU features: detected feature: LSE atomic instructions
[    0.610524] CPU features: detected feature: User Access Override
[    0.610530] CPU features: detected feature: 32-bit EL0 Support
[    0.612068] CPU: All CPU(s) started at EL2
[    0.612144] alternatives: patching kernel code
[    0.618634] devtmpfs: initialized
[    0.659206] Initilizing CustomIPI irq domain
[    0.659500] clocksource: jiffies: mask: 0xffffffff max_cycles: 0xffffffff, max_idle_ns: 7645041785100000 ns
[    0.659516] futex hash table entries: 2048 (order: 5, 131072 bytes)
[    0.669540] pinctrl core: initialized pinctrl subsystem
[    0.669725] OS set in device tree is not L4T.
[    0.670001] regulator-dummy: no parameters
[    0.670256] Initializing plugin-manager
[    0.670308] Plugin module not found
[    0.670339] Plugin-manager status disabled
[    0.671635] NET: Registered protocol family 16
[    0.673126] pstore: using zlib compression
[    0.673146] console [pstore-1] enabled
[    0.673152] pstore: Registered ramoops as persistent store backend
[    0.673158] ramoops: attached 0x200000@0xf0800000, ecc: 0/0
[    0.693012] cpuidle: using governor menu
[    0.694161] bpmp: waiting for handshake
[    0.694168] bpmp: handshake completed
[    0.694183] bpmp: synchronizing channels
[    0.694191] bpmp: channels synchronized
[    0.694198] bpmp: mail init ok
[    0.696855] t19x-arm-smmu 12000000.iommu: found 3 SMMUs and ISO SMMU id is 2
[    0.697076] t19x-arm-smmu 12000000.iommu: probing hardware configuration...
[    0.697083] t19x-arm-smmu 12000000.iommu: SMMUv2 with:
[    0.697115] t19x-arm-smmu 12000000.iommu: 	stage 1 translation
[    0.697121] t19x-arm-smmu 12000000.iommu: 	stage 2 translation
[    0.697126] t19x-arm-smmu 12000000.iommu: 	nested translation
[    0.697135] t19x-arm-smmu 12000000.iommu: 	stream matching with 128 register groups, mask 0x7f80
[    0.697143] t19x-arm-smmu 12000000.iommu: SMMU address space size (0x800000) differs from mapped region size (0x1000000)!
[    0.697150] t19x-arm-smmu 12000000.iommu: 	64 context banks (0 stage-2 only)
[    0.697178] t19x-arm-smmu 12000000.iommu: 	Stage-1: 39-bit VA -> 48-bit IPA
[    0.697185] t19x-arm-smmu 12000000.iommu: 	Stage-2: 39-bit IPA -> 48-bit PA
[    0.701137] vdso: 2 pages (1 code @ ffffff8008f77000, 1 data @ ffffff8009e74000)
[    0.701165] hw-breakpoint: found 6 breakpoint and 4 watchpoint registers.
[    0.703637] atomic_pool_init():622: DMA: preallocated 1024 KiB pool for atomic allocations
[    0.704827] tegra_aon_clk_init: ok
[    0.704835] Registering BPMP clocks...
[    0.704958] tegra_bpmp_clk_init: clock init ok (400 clks)
[    0.705559] Serial: AMBA PL011 UART driver
[    0.705705] tegra_powergate_init: DONE
[    0.705766] DTS File Name: /home/rikuyokoo/en715_l4t32_5_2/top_dir/kernel_sources/Linux_for_Tegra/source/public/kernel/kernel-4.9/arch/arm64/boot/dts/../../../../../../hardware/nvidia/platform/t19x/jakku/kernel-dts/tegra194-p3668-all-p3509-0000-ar0521.dts
[    0.705777] DTB Build time: Apr  9 2022 01:35:14
[    0.708696] Tegra reboot handler registered.
[    0.716484] iommu: Adding device 14160000.pcie to group 0
[    0.717101] iommu: Adding device 141a0000.pcie to group 1
[    0.718433] iommu: Adding device 2490000.ether_qos to group 2
[    0.718937] iommu: Adding device 3100000.serial to group 3
[    0.719372] iommu: Adding device 3110000.serial to group 4
[    0.719799] iommu: Adding device 3140000.serial to group 5
[    0.720351] tegra-pmc c360000.pmc: scratch reg offset dts data not present
[    0.720673] tegra-pmc: get_secure_pmc_setting: done secure_pmc=0
[    0.720694] tegra-pmc: ### PMC reset source: TEGRA_POWER_ON_RESET
[    0.720699] tegra-pmc: ### PMC reset level: TEGRA_RESET_LEVEL_L0
[    0.720704] tegra-pmc: ### PMC reset status reg: 0x0
[    0.720746] tegra-pmc: PMC Prod config success
[    0.720998] padctrl padctrl.0: Pad control driver tegra-pmc-padctrl registered
[    0.721011] tegra-pmc c360000.pmc: IO padctrl driver initialized
[    0.721296] iommu: Adding device 3460000.sdhci to group 6
[    0.721819] iommu: Adding device 3440000.sdhci to group 7
[    0.722326] iommu: Adding device 3210000.spi to group 8
[    0.722705] iommu: Adding device 3230000.spi to group 9
[    0.723090] iommu: Adding device 3270000.spi to group 10
[    0.724063] iommu: Adding device 3160000.i2c to group 11
[    0.724425] iommu: Adding device c240000.i2c to group 12
[    0.724797] iommu: Adding device 3180000.i2c to group 13
[    0.725136] iommu: Adding device 3190000.i2c to group 14
[    0.725653] iommu: Adding device 31b0000.i2c to group 15
[    0.726004] iommu: Adding device 31c0000.i2c to group 16
[    0.726375] iommu: Adding device c250000.i2c to group 17
[    0.726771] iommu: Adding device 31e0000.i2c to group 18
[    0.727258] iommu: Adding device sound to group 19
[    0.727803] iommu: Adding device 3510000.hda to group 20
[    0.728293] iommu: Adding device bc00000.rtcpu to group 21
[    0.730112] iommu: Adding device 13e10000.host1x to group 22
[    0.730671] iommu: Adding device 13e10000.host1x:ctx0 to group 23
[    0.731171] iommu: Adding device 13e10000.host1x:ctx1 to group 24
[    0.731647] iommu: Adding device 13e10000.host1x:ctx2 to group 25
[    0.732042] iommu: Adding device 13e10000.host1x:ctx3 to group 26
[    0.732426] iommu: Adding device 13e10000.host1x:ctx4 to group 27
[    0.732792] iommu: Adding device 13e10000.host1x:ctx5 to group 28
[    0.733300] iommu: Adding device 13e10000.host1x:ctx6 to group 29
[    0.733725] iommu: Adding device 13e10000.host1x:ctx7 to group 30
[    0.734291] iommu: Adding device 15340000.vic to group 31
[    0.734671] iommu: Adding device 15380000.nvjpg to group 32
[    0.734951] iommu: Adding device 15500000.tsec to group 33
[    0.735225] iommu: Adding device 15100000.tsecb to group 34
[    0.735515] iommu: Adding device 15480000.nvdec to group 35
[    0.735787] iommu: Adding device 15140000.nvdec1 to group 36
[    0.736060] iommu: Adding device 154c0000.nvenc to group 37
[    0.736325] iommu: Adding device 15a80000.nvenc1 to group 38
[    0.736740] iommu: Adding device 15880000.nvdla0 to group 39
[    0.737154] iommu: Adding device 158c0000.nvdla1 to group 40
[    0.737759] iommu: Adding device 15200000.nvdisplay to group 41
[    0.741870] platform 15200000.nvdisplay: IOVA linear map 0x00000000c6000000(2a000000)
[    0.741938] t19x-arm-smmu: Adding 15200000.nvdisplay to ISO SMMU client
[    0.742756] iommu: Adding device 15210000.nvdisplay to group 42
[    0.742802] t19x-arm-smmu: Adding 15210000.nvdisplay to ISO SMMU client
[    0.744667] iommu: Adding device 15c10000.vi to group 43
[    0.744847] t19x-arm-smmu: Adding 15c10000.vi to ISO SMMU client
[    0.745260] iommu: Adding device 14800000.isp to group 44
[    0.746194] iommu: Adding device 16000000.pva0 to group 45
[    0.746761] iommu: Adding device 16800000.pva1 to group 46
[    0.747130] iommu: Adding device 15810000.se to group 47
[    0.747518] iommu: Adding device 15820000.se to group 48
[    0.747858] iommu: Adding device 15830000.se to group 49
[    0.748146] iommu: Adding device 15840000.se to group 50
[    0.748399] iommu: Adding device c1a0000.aon to group 51
[    0.750001] iommu: Adding device d000000.bpmp to group 52
[    0.750354] bpmp: ping status is 0
[    0.750507] bpmp d000000.bpmp: firmware tag is e73a758761f0c6d24a1e69a2ac6b5035
[    0.753648] bpmp d000000.bpmp: probe ok
[    0.755440] tegra-reset 0.bpmp_reset: registered 190 resets.
[    0.755956] iommu: Adding device smmu_test to group 53
[    0.757032] mc: mapped MMIO address: 0xffffff800a5c0000 -> 0x2c10000
[    0.757054] mc: mapped MMIO address: 0xffffff800a5e0000 -> 0x2c20000
[    0.757096] mc: mapped MMIO address: 0xffffff800a7b0000 -> 0x2c30000
[    0.757114] mc: mapped MMIO address: 0xffffff800a7d0000 -> 0x2c40000
[    0.757133] mc: mapped MMIO address: 0xffffff800b010000 -> 0x2c50000
[    0.757149] mc: mapped MMIO address: 0xffffff800b030000 -> 0x2b80000
[    0.757165] mc: mapped MMIO address: 0xffffff800b050000 -> 0x2b90000
[    0.757180] mc: mapped MMIO address: 0xffffff800b070000 -> 0x2ba0000
[    0.757196] mc: mapped MMIO address: 0xffffff800b090000 -> 0x2bb0000
[    0.757214] mc: mapped MMIO address: 0xffffff800b0b0000 -> 0x1700000
[    0.757229] mc: mapped MMIO address: 0xffffff800b0d0000 -> 0x1710000
[    0.757245] mc: mapped MMIO address: 0xffffff800b0f0000 -> 0x1720000
[    0.757261] mc: mapped MMIO address: 0xffffff800b110000 -> 0x1730000
[    0.757276] mc: mapped MMIO address: 0xffffff800b130000 -> 0x1740000
[    0.757291] mc: mapped MMIO address: 0xffffff800b150000 -> 0x1750000
[    0.757307] mc: mapped MMIO address: 0xffffff800b170000 -> 0x1760000
[    0.757323] mc: mapped MMIO address: 0xffffff800b190000 -> 0x1770000
[    0.757404] mc-err: mcerr ops are set to t19x
[    0.763073] iommu: Adding device 2600000.dma to group 54
[    0.769181] gpio gpiochip0: gpio-line-names specifies 240 line names but there are 224 lines on the chip
[    0.770390] GPIO line 339 (wifi-enable) hogged as output/high
[    0.770442] GPIO line 412 (camera-control-output-low) hogged as output/high
[    0.770489] GPIO line 412 (camera-control-output-low) hogged as output/high
[    0.770895] gpiochip_setup_dev: registered GPIOs 288 to 511 on device: gpiochip0 (tegra-gpio)
[    0.777957] gpio gpiochip1: gpio-line-names specifies 21 line names but there are 40 lines on the chip
[    0.778063] GPIO line 253 (pex-refclk-sel-low) hogged as output/low
[    0.778113] GPIO line 266 (w-disable1) hogged as output/high
[    0.778150] GPIO line 264 (w-disable2) hogged as output/high
[    0.778185] GPIO line 265 (suspend-led-gpio) hogged as output/high
[    0.778466] gpiochip_setup_dev: registered GPIOs 248 to 287 on device: gpiochip1 (tegra-gpio-aon)
[    0.780634] tegra186-aowake c370000.pmc: WAKE_AOWAKE_CNTRL_83 = 0x10a
[    0.780644] tegra186-aowake c370000.pmc: WAKE_AOWAKE_CTRL_0 = 3
[    0.780654] tegra186-aowake c370000.pmc: WAKE_AOWAKE_CNTRL_24(PMU_INT) = 256
[    0.781414] iommu: Adding device 3550000.xudc to group 55
[    0.782192] iommu: Adding device 3610000.xhci to group 56
[    0.784259] arm64_ras arm64_ras: probed
[    0.784634] ras_fhi_enable: FHI 470 enabled on CPU0
[    0.784691] ras_fhi_enable: FHI 471 enabled on CPU1
[    0.784799] ras_fhi_enable: FHI 472 enabled on CPU2
[    0.784870] ras_fhi_enable: FHI 473 enabled on CPU3
[    0.784947] ras_fhi_enable: FHI 474 enabled on CPU4
[    0.785047] ras_fhi_enable: FHI 475 enabled on CPU5
[    0.785247] carmel_ras_enable: RAS enabled on cpu0
[    0.785424] carmel_ras_enable: RAS enabled on cpu1
[    0.785622] carmel_ras_enable: RAS enabled on cpu2
[    0.785807] carmel_ras_enable: RAS enabled on cpu3
[    0.786008] carmel_ras_enable: RAS enabled on cpu4
[    0.786209] carmel_ras_enable: RAS enabled on cpu5
[    0.786302] carmel_ras carmel_ras: probed
[    0.787366] tegra-cbb 2300000.cbb-noc: noc_secure_irq = 479, noc_nonsecure_irq = 478>
[    0.787893] tegra-cbb c600000.aon-noc: noc_secure_irq = 481, noc_nonsecure_irq = 480>
[    0.788718] tegra-cbb d600000.bpmp-noc: noc_secure_irq = 483, noc_nonsecure_irq = 482>
[    0.789559] tegra-cbb be00000.rce-noc: noc_secure_irq = 485, noc_nonsecure_irq = 484>
[    0.790771] tegra-cbb b600000.sce-noc: noc_secure_irq = 487, noc_nonsecure_irq = 486>
[    0.791138] tegra-cbb 14040000.cv-noc: defer probe as CV-NOC not probed yet
[    0.792349] vdd-ac-bat: 5000 mV 
[    0.792764] vdd-sdmmc1-sw: 3300 mV 
[    0.793076] vdd-1v8-sd: 1800 mV 
[    0.793445] vdd-3v3-cvb: 3300 mV 
[    0.793933] vdd-1v8-cvb: 1800 mV 
[    0.794305] vdd-epb-1v0: supplied by vdd-3v3-cvb
[    0.794397] vdd-epb-1v0: 1000 mV 
[    0.794747] avdd-cam-2v8: 2800 mV 
[    0.795034] vdd-fan: 5000 mV 
[    0.795307] vdd-hdmi-5v0: 5000 mV 
[    0.795569] vdd_sys_en: 1200 mV 
[    0.827371] HugeTLB registered 2 MB page size, pre-allocated 0 pages
[    0.831987] eventlib_kernel: keventlib is initialized, test id: 0
[    0.832289] SCSI subsystem initialized
[    0.832518] libata version 3.00 loaded.
[    0.832746] usbcore: registered new interface driver usbfs
[    0.832797] usbcore: registered new interface driver hub
[    0.832893] usbcore: registered new device driver usb
[    0.844042] tegra-i2c 31e0000.i2c: could not find pctldev for node /host1x/dpaux@155F0000/pinmux@0, deferring probe
[    0.846971] max77620 4-003c: PMIC Version OTP:0x51 and ES:0x1
[    0.858240] vdd-1v0: at 1000 mV 
[    0.866277] vdd-1v8-hs: at 1800 mV 
[    0.874310] vdd-1v8-ls: at 1800 mV 
[    0.882396] vdd-1v8-ao: at 1800 mV 
[    0.890421] vddio-ddr-1v1: at 1100 mV 
[    0.894887] vdd-rtc: at 800 mV 
[    0.896059] spmic-ldo1: at 2375 mV 
[    0.906235] vdd-ao-3v3: at 3300 mV 
[    0.918222] vddio-emmc-3v3: at 3300 mV 
[    0.919479] spmic-ldo4: at 1587 mV 
[    0.930343] vdd-usb-3v3: at 3300 mV 
[    0.942356] vddio-sdmmc1-3v3: at 3300 mV 
[    0.947148] vdd-csi-1v2: at 1200 mV 
[    0.948710] spmic-ldo8: at 1800 mV 
[    0.953634] GPIO line 246 (gpio_default) hogged as output/high
[    0.954989] GPIO line 247 (gpio_default) hogged as output/high
[    0.955349] gpiochip_setup_dev: registered GPIOs 240 to 247 on device: gpiochip2 (max77620-gpio)
[    0.955623] max77620 4-003c: max77620 probe successful
[    0.956293] media: Linux media interface: v0.10
[    0.956396] Linux video capture interface: v2.00
[    0.958088] pps_core: LinuxPPS API ver. 1 registered
[    0.958101] pps_core: Software ver. 5.3.6 - Copyright 2005-2007 Rodolfo Giometti <giometti@linux.it>
[    0.958127] PTP clock support registered
[    0.958438] tegra_wdt_t18x 30c0000.watchdog: Expiry count is deprecated
[    0.958726] tegra_wdt_t18x 30c0000.watchdog: Tegra WDT init timeout = 120 sec
[    0.958774] tegra_wdt_t18x 30c0000.watchdog: Registered successfully
[    0.961422] trusty trusty: trusty version: Built: 08:56:10 Jul  9 2021 
[    0.961489] trusty trusty: selected api version: 3 (requested 3)
[    0.962700] Advanced Linux Sound Architecture Driver Initialized.
[    0.963163] Bluetooth: Core ver 2.22
[    0.963286] NET: Registered protocol family 31
[    0.963295] Bluetooth: HCI device and connection manager initialized
[    0.963308] Bluetooth: HCI socket layer initialized
[    0.963333] Bluetooth: L2CAP socket layer initialized
[    0.963364] Bluetooth: SCO socket layer initialized
[    0.966003] camchar: rtcpu character device driver loaded
[    0.966530] gpio tegra-gpio wake61 for gpio=201(Z:1)
[    0.966638] extcon-gpio-states external-connection:extcon@1: Cable state:0, cable id:0
[    0.967647] clocksource: Switched to clocksource arch_sys_counter
[    1.012124] VFS: Disk quotas dquot_6.6.0
[    1.012221] VFS: Dquot-cache hash table entries: 512 (order 0, 4096 bytes)
[    1.012629] nvmap_heap_init: nvmap_heap_init: created heap block cache
[    1.013876] tegra-carveouts tegra-carveouts: assigned reserved memory node grid-of-semaphores
[    1.013925] dma_declare_coherent_resizable_cma_memory:324: resizable heap=vpr, base=0x00000000c6000000, size=0x2a000000
[    1.014197] cma: enabled page replacement for spfn=c6000, epfn=f0000
[    1.014212] dma_declare_coherent_resizable_cma_memory:373: resizable cma heap=vpr create successful
[    1.014246] nvmap: nvmap_select_cache_ops() nvmap cache ops set to scf
[    1.014259] nvmap_page_pool_init: Total RAM pages: 1986098
[    1.014272] nvmap_page_pool_init: nvmap page pool size: 248262 pages (969 MB)
[    1.014578] nvmap_background_zero_thread: PP zeroing thread starting.
[    1.014991] misc nvmap: created heap vpr base 0x00000000c6000000 size (688128KiB)
[    1.016283] tegra-gpcdma 2600000.dma: GPC DMA driver register 31 channels
[    1.028607] thermal thermal_zone0: Registering thermal zone thermal_zone0 for type CPU-therm
[    1.028835] thermal thermal_zone1: Registering thermal zone thermal_zone1 for type GPU-therm
[    1.029051] thermal thermal_zone2: Registering thermal zone thermal_zone2 for type AUX-therm
[    1.029216] thermal thermal_zone3: Registering thermal zone thermal_zone3 for type AO-therm
[    1.029425] thermal thermal_zone4: Registering thermal zone thermal_zone4 for type PMIC-Die
[    1.030586] la/ptsa driver initialized.
[    1.030859] NET: Registered protocol family 2
[    1.031733] TCP established hash table entries: 65536 (order: 7, 524288 bytes)
[    1.032068] TCP bind hash table entries: 65536 (order: 8, 1048576 bytes)
[    1.032678] TCP: Hash tables configured (established 65536 bind 65536)
[    1.032738] UDP hash table entries: 4096 (order: 5, 131072 bytes)
[    1.032860] UDP-Lite hash table entries: 4096 (order: 5, 131072 bytes)
[    1.033210] NET: Registered protocol family 1
[    1.033845] RPC: Registered named UNIX socket transport module.
[    1.033851] RPC: Registered udp transport module.
[    1.033856] RPC: Registered tcp transport module.
[    1.033861] RPC: Registered tcp NFSv4.1 backchannel transport module.
[    1.033872] PCI: CLS 0 bytes, default 64
[    1.034120] Trying to unpack rootfs image as initramfs...
[    1.263377] Freeing initrd memory: 7064K
[    1.279428] random: fast init done
[    1.283334] host1x 13e10000.host1x: initialized
[    1.285143] hw perfevents: enabled with armv8_pmuv3 PMU driver, 7 counters available
[    1.289466] audit: initializing netlink subsys (disabled)
[    1.289519] audit: type=2000 audit(0.912:1): initialized
[    1.290249] workingset: timestamp_bits=46 max_order=21 bucket_order=0
[    1.298944] squashfs: version 4.0 (2009/01/31) Phillip Lougher
[    1.300151] ntfs: driver 2.1.32 [Flags: R/W].
[    1.300703] 9p: Installing v9fs 9p2000 file system support
[    1.305739] Block layer SCSI generic (bsg) driver version 0.4 loaded (major 240)
[    1.305903] io scheduler noop registered
[    1.306091] io scheduler cfq registered (default)
[    1.309406] gic 2a41000.agic-controller: GIC IRQ controller registered
[    1.342947] iommu: Adding device 2993000.adsp to group 57
[    1.453318] iommu: Adding device aconnect@2a41000:adsp_audio to group 58
[    1.454307] tegra-aconnect aconnect@2a41000: Tegra ACONNECT bus registered
[    1.467067] tegra-pwm 3280000.pwm: PWM clk can sleep in ops
[    1.467481] tegra-pwm c340000.pwm: PWM clk can sleep in ops
[    1.468088] tegra-pwm 32c0000.pwm: PWM clk can sleep in ops
[    1.468500] tegra-pwm 32d0000.pwm: PWM clk can sleep in ops
[    1.468912] tegra-pwm 32f0000.pwm: PWM clk can sleep in ops
[    1.471572] tegra_camera_platform tegra-camera-platform: tegra_camera_probe:camera_platform_driver probe
[    1.471785] misc tegra_camera_ctrl: tegra_camera_isomgr_register: some fields not in DT.
[    1.471822] misc tegra_camera_ctrl: tegra_camera_isomgr_register isp_iso_bw=0, vi_iso_bw=8350000, max_bw=8350000
[    1.474848] tsec 15500000.tsec: initialized
[    1.476601] tsec 15100000.tsecb: initialized
[    1.481064] nvdec 15480000.nvdec: initialized
[    1.483913] nvdec 15140000.nvdec1: initialized
[    1.490285] falcon 15340000.vic: initialized
[    1.492576] falcon 15380000.nvjpg: initialized
[    1.494590] falcon 154c0000.nvenc: initialized
[    1.496838] falcon 15a80000.nvenc1: initialized
[    1.500238] iommu_context_dev 13e10000.host1x:ctx0: initialized (streamid=56)
[    1.501639] iommu_context_dev 13e10000.host1x:ctx1: initialized (streamid=57)
[    1.503075] iommu_context_dev 13e10000.host1x:ctx2: initialized (streamid=58)
[    1.504527] iommu_context_dev 13e10000.host1x:ctx3: initialized (streamid=59)
[    1.506036] iommu_context_dev 13e10000.host1x:ctx4: initialized (streamid=60)
[    1.507493] iommu_context_dev 13e10000.host1x:ctx5: initialized (streamid=61)
[    1.509003] iommu_context_dev 13e10000.host1x:ctx6: initialized (streamid=62)
[    1.510397] iommu_context_dev 13e10000.host1x:ctx7: initialized (streamid=63)
[    1.514228] t194-nvcsi 15a00000.nvcsi: initialized
[    1.519962] scare-pigeon 13e10000.host1x:vi-thi@15f00000: initialized
[    1.520301] scare-pigeon 14b00000.isp-thi: initialized
[    1.525723] pva 16000000.pva0: initialized
[    1.531731] pva 16800000.pva1: initialized
[    1.536866] nvdla 15880000.nvdla0: initialized
[    1.541588] nvdla 158c0000.nvdla1: initialized
[    1.543160] tegradccommon 15200000.dc_common: host1x channel mapped
[    1.543171] tegradccommon 15200000.dc_common: dc_common syncpt # 1 allocated
[    1.543237] tegradccommon 15200000.dc_common: dma mapping done
[    1.543962] tegra_cec 3960000.tegra_cec: dt=1 start=0x03960000 end=0x03960FFF irq=78
[    1.543971] tegra_cec 3960000.tegra_cec: Unpowergate DISP: 0.
[    1.544183] tegra_cec 3960000.tegra_cec: Enable clock result: 0.
[    1.544236] tegra_cec 3960000.tegra_cec: tegra_cec_init started
[    1.544522] tegra_cec 3960000.tegra_cec: cec_add_sysfs ret=0
[    1.544530] tegra_cec 3960000.tegra_cec: probed
[    1.545096] tegradc 15200000.nvdisplay: disp0 connected to head0->/host1x/sor1
[    1.545153] generic_infoframe_type: 0x87
[    1.545265] tegradc 15200000.nvdisplay: DT parsed successfully
[    1.545295] tegradc 15200000.nvdisplay: Display dc.ffffff800bce0000 registered with id=0
[    1.550780] tegra_nvdisp_bandwidth_register_max_config: max config iso bw = 7088400 KB/s
[    1.550787] tegra_nvdisp_bandwidth_register_max_config: max config EMC floor = 800000000 Hz
[    1.550792] tegra_nvdisp_bandwidth_register_max_config: max config hubclk = 300000000 Hz
[    1.551062] tegradc 15200000.nvdisplay: vblank syncpt # 8 for dc 0
[    1.551071] tegradc 15200000.nvdisplay: vpulse3 syncpt # 9 for dc 0
[    1.554319] tegradc 15200000.nvdisplay: hdmi: invalid prod list prod_list_hdmi_board
[    1.554327] tegradc 15200000.nvdisplay: hdmi: tegra_hdmi_tmds_range_read(bd) failed
[    1.556400] tegra-adma 2930000.adma: Tegra210 ADMA driver registered 32 channels
[    1.557683] tegra-fuse-burn 3820000.efuse:efuse-burn: shutdown limit check disabled
[    1.557692] tegra-fuse-burn 3820000.efuse:efuse-burn: Fuse burn driver initialized
[    1.557999] kfuse 3830000.kfuse: initialized
[    1.559571] tegradc 15200000.nvdisplay: probed
[    1.560442] Console: switching to colour frame buffer device 80x30
[    1.560470] tegradc 15200000.nvdisplay: fb registered
[    1.560734] gpio tegra-gpio wake63 for gpio=97(M:1)
[    1.561308] tegradc 15210000.nvdisplay: disp1 connected to head1->/host1x/sor
[    1.561358] tegradc 15210000.nvdisplay: parse_dp_settings: No dp-lt-settings node
[    1.561454] tegradc 15210000.nvdisplay: DT parsed successfully
[    1.561497] tegradc 15210000.nvdisplay: Display dc.ffffff800be50000 registered with id=1
[    1.561677] tegradc 15210000.nvdisplay: vblank syncpt # 11 for dc 1
[    1.561685] tegradc 15210000.nvdisplay: vpulse3 syncpt # 12 for dc 1
[    1.563985] Serial: 8250/16550 driver, 4 ports, IRQ sharing disabled
[    1.566676] 3100000.serial: ttyTHS0 at MMIO 0x3100000 (irq = 47, base_baud = 0) is a TEGRA_UART
[    1.567951] 3110000.serial: ttyTHS1 at MMIO 0x3110000 (irq = 48, base_baud = 0) is a TEGRA_UART
[    1.568791] 3140000.serial: ttyTHS4 at MMIO 0x3140000 (irq = 49, base_baud = 0) is a TEGRA_UART
[    1.570414] console [ttyTCU0] enabled
[    1.570656] [drm] Initialized
[    1.572720] tegradc 15210000.nvdisplay: probed
[    1.573028] tegradc 15210000.nvdisplay: fb registered
[    1.576782] hpd: state 7 (Takeover from bootloader), hpd 0, pending_hpd_evt 1
[    1.576789] hpd: switching from state 7 (Takeover from bootloader) to state 0 (Reset)
[    1.576800] hpd: state 0 (Reset), hpd 0, pending_hpd_evt 0
[    1.576841] tegradc 15210000.nvdisplay: blank - powerdown
[    1.576855] extcon-disp-state external-connection:disp-state: cable 44 state 0 already set.
[    1.576860] Extcon DP: HPD disabled
[    1.576864] hpd: hpd_switch 0
[    1.576869] hpd: switching from state 0 (Reset) to state 1 (Check Plug)
[    1.576880] hpd: state 1 (Check Plug), hpd 0, pending_hpd_evt 0
[    1.576888] hpd: switching from state 1 (Check Plug) to state 3 (Disabled)
[    1.585609] brd: module loaded
[    1.590174] loop: module loaded
[    1.590254] tegra_profiler: version: 1.143, samples/io: 48/28
[    1.590343] tegra_profiler: auth: init
[    1.591136] THERMAL EST: found 3 subdevs
[    1.591143] THERMAL EST num_resources: 0
[    1.591161] [THERMAL EST subdev 0]
[    1.591174] [THERMAL EST subdev 1]
[    1.591187] [THERMAL EST subdev 2]
[    1.591211] THERMAL EST: Found 2 profiles, default profile is quiet
[    1.591604] thermal thermal_zone5: Registering thermal zone thermal_zone5 for type thermal-fan-est
[    1.591610] THERMAL EST: thz register success.
[    1.591806] THERMAL EST: end of probe, return err: 0
[    1.592388] sd: No Scsi addr parsed to reserve index
[    1.592425] hisi_sas: driver version v1.6
[    1.602112] qspi_mtd spi6.0: s25fs256s SSG 8 0 1000 2000000
[    1.602120] qspi_mtd spi6.0: s25fs256s (32768 Kbytes)
[    1.602129] qspi_mtd spi6.0: mtd .name = spi6.0, .size = 0x2000000 (32MiB) .erasesize = 0x00010000 (64KiB) .numeraseregions = 0
[    1.602421] 1 ofpart partitions found on MTD device spi6.0
[    1.602428] Creating 1 MTD partitions on "spi6.0":
[    1.602447] 0x000000000000-0x000002000000 : "Whole_flash0"
[    1.604875] libphy: Fixed MDIO Bus: probed
[    1.605400] tun: Universal TUN/TAP device driver, 1.6
[    1.605405] tun: (C) 1999-2004 Max Krasnyansky <maxk@qualcomm.com>
[    1.606038] e1000e: Intel(R) PRO/1000 Network Driver - 3.2.6-k
[    1.606043] e1000e: Copyright(c) 1999 - 2015 Intel Corporation.
[    1.606073] igb: Intel(R) Gigabit Ethernet Network Driver - version 5.4.0-k
[    1.606077] igb: Copyright (c) 2007-2014 Intel Corporation.
[    1.606107] igbvf: Intel(R) Gigabit Virtual Function Network Driver - version 2.4.0-k
[    1.606112] igbvf: Copyright (c) 2009 - 2012 Intel Corporation.
[    1.606146] Intel(R) 10GbE PCI Express Linux Network Driver - version 4.6.4
[    1.606150] Copyright(c) 1999 - 2017 Intel Corporation.
[    1.850903] eqos 2490000.ether_qos: failed to read eqos_auto_cal_config_0_reg
[    1.851486] eqos 2490000.ether_qos: Setting local MAC: 48 b0 2d 5a 79 7b
[    1.851591] libphy: dwc_phy: probed
[    1.853820] PPP generic driver version 2.4.2
[    1.854002] PPP BSD Compression module registered
[    1.854009] PPP Deflate Compression module registered
[    1.854055] PPP MPPE Compression module registered
[    1.854060] NET: Registered protocol family 24
[    1.854109] usbcore: registered new interface driver r8152
[    1.854138] usbcore: registered new interface driver asix
[    1.854168] usbcore: registered new interface driver ax88179_178a
[    1.854217] usbcore: registered new interface driver cdc_ether
[    1.854242] usbcore: registered new interface driver net1080
[    1.854267] usbcore: registered new interface driver cdc_subset
[    1.854291] usbcore: registered new interface driver zaurus
[    1.854324] usbcore: registered new interface driver cdc_ncm
[    1.854723] VFIO - User Level meta-driver version: 0.3
[    1.855862] ehci_hcd: USB 2.0 'Enhanced' Host Controller (EHCI) Driver
[    1.855882] ehci-pci: EHCI PCI platform driver
[    1.855911] ohci_hcd: USB 1.1 'Open' Host Controller (OHCI) Driver
[    1.855921] ohci-pci: OHCI PCI platform driver
[    1.855946] ohci-platform: OHCI generic platform driver
[    1.860630] tegra-xusb 3610000.xhci: USB2 port 0 has OTG_CAP
[    1.862504] tegra-xusb 3610000.xhci: extcon 0: ffffffc1f52cc400 id
[    1.862750] usbcore: registered new interface driver uas
[    1.862808] usbcore: registered new interface driver usb-storage
[    1.862869] usbcore: registered new interface driver usbserial
[    1.865599] tegra-xudc-new 3550000.xudc: PMQOS CPU boost enabled
[    1.865673] tegra-xudc-new 3550000.xudc: device count: 1
[    1.866544] tegra-xudc-new 3550000.xudc: vbus state: 0
[    1.866554] tegra-xudc-new 3550000.xudc: Initialize boost_cpufreq work
[    1.866579] tegra-xudc-new 3550000.xudc: entering ELPG
[    1.866828] tegra-xudc-new 3550000.xudc: entering ELPG done
[    1.867351] mousedev: PS/2 mouse device common for all mice
[    1.867421] tegra-xusb 3610000.xhci: Firmware timestamp: 2019-07-24 05:47:34 UTC, Version: 60.06 release
[    1.867424] usbcore: registered new interface driver xpad
[    1.867467] tegra-xusb 3610000.xhci: xHCI Host Controller
[    1.867512] tegra-xusb 3610000.xhci: new USB bus registered, assigned bus number 1
[    1.868264] tegra-xusb 3610000.xhci: hcc params 0x0184ff25 hci version 0x110 quirks 0x00050810
[    1.868306] tegra-xusb 3610000.xhci: irq 465, io mem 0x03610000
[    1.868695] usb usb1: New USB device found, idVendor=1d6b, idProduct=0002
[    1.868702] usb usb1: New USB device strings: Mfr=3, Product=2, SerialNumber=1
[    1.868709] usb usb1: Product: xHCI Host Controller
[    1.868714] usb usb1: Manufacturer: Linux 4.9.201 xhci-hcd
[    1.868720] usb usb1: SerialNumber: 3610000.xhci
[    1.869107] hub 1-0:1.0: USB hub found
[    1.869166] hub 1-0:1.0: 4 ports detected
[    1.869715] tegra-xusb 3610000.xhci: xHCI Host Controller
[    1.869727] tegra-xusb 3610000.xhci: new USB bus registered, assigned bus number 2
[    1.869736] tegra-xusb 3610000.xhci: Host supports USB 3.1 Enhanced SuperSpeed
[    1.870094] usb usb2: New USB device found, idVendor=1d6b, idProduct=0003
[    1.870101] usb usb2: New USB device strings: Mfr=3, Product=2, SerialNumber=1
[    1.870107] usb usb2: Product: xHCI Host Controller
[    1.870113] usb usb2: Manufacturer: Linux 4.9.201 xhci-hcd
[    1.870118] usb usb2: SerialNumber: 3610000.xhci
[    1.870560] hub 2-0:1.0: USB hub found
[    1.870602] hub 2-0:1.0: 4 ports detected
[    1.871269] Wake76 for irq=199
[    1.871274] Wake77 for irq=199
[    1.871278] Wake78 for irq=199
[    1.871282] Wake79 for irq=199
[    1.871286] Wake80 for irq=199
[    1.871289] Wake81 for irq=199
[    1.871293] Wake82 for irq=199
[    1.871325] tegra-xusb 3610000.xhci: Upgrade port 0 to USB3.0
[    1.871331] tegra-xusb 3610000.xhci: Upgrade port 1 to USB3.0
[    1.972269] usb usb2: usb_suspend_both: status 0
[    2.002657] max77686-rtc max77620-rtc: rtc core: registered max77620-rtc as rtc0
[    2.004071] Wake73 for irq=42
[    2.005287] rtc rtc1: alarm rtc device
[    2.005302] tegra_rtc c2a0000.rtc: rtc core: registered c2a0000.rtc as rtc1
[    2.005326] tegra_rtc c2a0000.rtc: Tegra internal Real Time Clock
[    2.005429] i2c /dev entries driver
[    2.007981] max77620-power max20024-power: Event recorder REG_NVERC : 0x44
[    2.015349] tegra-thermal-throttle bthrot_cdev: cpufreq policy is not ready defer
[    2.015743] FAN dev name: pwm-fan
[    2.015788] FAN:gpio request success.
[    2.015821] pwm_fan_driver pwm-fan: Found 2 profiles, default profile is quiet
[    2.015891] pwm_fan_driver pwm-fan: cap state:4, cap pwm:255
[    2.016072] pwm_fan_driver pwm-fan: got pwm for fan. polarity is normal
[    2.016230] gpio tegra-gpio-aon wake39 for gpio=19(CC:3)
[    2.016293] pwm_fan_driver pwm-fan: fan tach request irq success
[    2.016305] pwm_fan_driver pwm-fan: tach period: 1000
[    2.017036] pwm_fan_driver pwm-fan: index 0: pwm=0, rpm=0, rru=40, rrd=40, state:2
[    2.017044] pwm_fan_driver pwm-fan: index 1: pwm=130, rpm=1000, rru=2, rrd=2, state:2
[    2.017060] pwm_fan_driver pwm-fan: index 2: pwm=160, rpm=2000, rru=1, rrd=1, state:2
[    2.017065] pwm_fan_driver pwm-fan: index 3: pwm=200, rpm=3000, rru=1, rrd=1, state:2
[    2.017071] pwm_fan_driver pwm-fan: index 4: pwm=255, rpm=4000, rru=1, rrd=1, state:3
[    2.017076] pwm_fan_driver pwm-fan: index 5: pwm=255, rpm=5000, rru=1, rrd=1, state:3
[    2.017082] pwm_fan_driver pwm-fan: index 6: pwm=255, rpm=6000, rru=1, rrd=1, state:3
[    2.017087] pwm_fan_driver pwm-fan: index 7: pwm=255, rpm=7000, rru=1, rrd=1, state:4
[    2.017094] pwm_fan_driver pwm-fan: index 8: pwm=255, rpm=10000, rru=1, rrd=1, state:4
[    2.017100] pwm_fan_driver pwm-fan: index 9: pwm=255, rpm=11000, rru=1, rrd=1, state:4
[    2.017729] tegra-oc-event d280000.soctherm-oc-event: OC driver initialized
[    2.018653] device-mapper: uevent: version 1.0.3
[    2.019057] device-mapper: ioctl: 4.35.0-ioctl (2016-06-23) initialised: dm-devel@redhat.com
[    2.022816] tegra194_cpufreq_probe: platform driver Initialization: pass
[    2.023856] cpuidle: Initializing cpuidle driver
[    2.024549] sdhci: Secure Digital Host Controller Interface driver
[    2.024553] sdhci: Copyright(c) Pierre Ossman
[    2.024556] sdhci-pltfm: SDHCI platform and OF driver helper
[    2.026040] sdhci-tegra 3460000.sdhci: Client registration for eMC Successful
[    2.028208] CMDQ: cmdq_platfm_init successful
[    2.028619] sdhci-tegra 3440000.sdhci: Got CD GPIO
[    2.030729] sdhci-tegra 3440000.sdhci: Client registration for eMC Successful
[    2.037662] tegra-se-elp 3ad0000.se_elp: tegra_se_elp_probe: complete
[    2.038832] tegra-se-nvhost 15810000.se: initialized
[    2.040156] tegra-se-nvhost 15810000.se: tegra_se_probe: complete
[    2.041349] tegra-se-nvhost 15820000.se: initialized
[    2.042523] tegra-se-nvhost 15820000.se: tegra_se_probe: complete
[    2.043376] tegra-se-nvhost 15830000.se: initialized
[    2.044056] tegra-se-nvhost 15830000.se: tegra_se_probe: complete
[    2.045040] tegra-se-nvhost 15840000.se: initialized
[    2.046002] tegra-se-nvhost 15840000.se: tegra_se_probe: complete
[    2.046380] hidraw: raw HID events driver (C) Jiri Kosina
[    2.047962] usbcore: registered new interface driver usbhid
[    2.047967] usbhid: USB HID core driver
[    2.051729] tegra186-cam-rtcpu bc00000.rtcpu: deferring, 14800000.isp is not probed
[    2.052749] tegra_aon c1a0000.aon: tegra aon driver probe OK
[    2.053121] tegra186-aondbg aondbg: aondbg driver probe() OK
[    2.053625] denver_knobs_init:MTS_VERSION:51035886
[    2.053779] tegra19x_actmon d230000.actmon: in actmon_register()...
[    2.054498] tegra19x_actmon d230000.actmon: initialization Completed for the device mc_all
[    2.054841] t19x_cache tegra-cache: probed
[    2.057283] misc nvmap: cvsram :dma coherent mem declare 0x0000000050000000,4194304
[    2.057309] misc nvmap: created heap cvsram base 0x0000000050000000 size (4096KiB)
[    2.057755] carmel-pmu-drv carmel-pmu: Registered Carmel PMU
[    2.058109] PLL_AON clock registered
[    2.059558] Clocks initialized successfully
[    2.061276] nvpmodel: initialized successfully
[    2.062312] trusty-virtio trusty:virtio: initializing
[    2.062526] trusty_ipc virtio0: vring0: va(pa)  ffffffc1f2f12000(0) qsz 32 notifyid 1
[    2.062536] trusty_ipc virtio0: vring1: va(pa)  ffffffc1f2db8000(0) qsz 32 notifyid 2
[    2.062684] trusty-virtio trusty:virtio: initializing done
[    2.062932] trusty_ipc virtio0: is online
[    2.064166] tegra-hda 3510000.hda: Override SDO lines to 4
[    2.064584] usbcore: registered new interface driver snd-usb-audio
[    2.067707] mmc0: SDHCI controller on 3460000.sdhci [3460000.sdhci] using ADMA 64-bit with 64 bit addr
[    2.077020] input: tegra-hda-xnx HDMI/DP,pcm=3 as /devices/3510000.hda/sound/card0/input0
[    2.077660] input: tegra-hda-xnx HDMI/DP,pcm=7 as /devices/3510000.hda/sound/card0/input1
[    2.083773] input: tegra-hda-xnx HDMI/DP,pcm=8 as /devices/3510000.hda/sound/card0/input2
[    2.083802] gpio tegra-gpio wake51 for gpio=130(Q:2)
[    2.083854] mmc1: SDHCI controller on 3440000.sdhci [3440000.sdhci] using ADMA 64-bit with 64 bit addr
[    2.083972] input: tegra-hda-xnx HDMI/DP,pcm=9 as /devices/3510000.hda/sound/card0/input3
[    2.113826] mmc0: mmc_decode_ext_csd: CMDQ supported: depth: 31, cmdq_support: 1
[    2.128058] mmc0: periodic cache flush enabled
[    2.128072] mmc0: new HS400 Enhanced strobe MMC card at address 0001
[    2.128615] mmcblk0: mmc0:0001 DG4016 14.7 GiB 
[    2.128841] mmcblk0boot0: mmc0:0001 DG4016 partition 1 4.00 MiB
[    2.129043] mmcblk0boot1: mmc0:0001 DG4016 partition 2 4.00 MiB
[    2.131912] OPE platform probe
[    2.132007] OPE platform probe successful
[    2.133271] mmcblk0rpmb: mmc0:0001 DG4016 partition 3 4.00 MiB
[    2.138566]  mmcblk0: p1 p2 p3 p4 p5 p6 p7 p8 p9 p10 p11
[    2.196089] usb 1-2: new high-speed USB device number 2 using tegra-xusb
[    2.208755] tegra-asoc: sound: ADMAIF1 <-> ADMAIF1 mapping ok
[    2.208843] tegra-asoc: sound: ADMAIF2 <-> ADMAIF2 mapping ok
[    2.208921] tegra-asoc: sound: ADMAIF3 <-> ADMAIF3 mapping ok
[    2.209020] tegra-asoc: sound: ADMAIF4 <-> ADMAIF4 mapping ok
[    2.209135] tegra-asoc: sound: ADMAIF5 <-> ADMAIF5 mapping ok
[    2.209245] tegra-asoc: sound: ADMAIF6 <-> ADMAIF6 mapping ok
[    2.209352] tegra-asoc: sound: ADMAIF7 <-> ADMAIF7 mapping ok
[    2.209430] tegra-asoc: sound: ADMAIF8 <-> ADMAIF8 mapping ok
[    2.209510] tegra-asoc: sound: ADMAIF9 <-> ADMAIF9 mapping ok
[    2.209585] tegra-asoc: sound: ADMAIF10 <-> ADMAIF10 mapping ok
[    2.209661] tegra-asoc: sound: ADMAIF11 <-> ADMAIF11 mapping ok
[    2.209741] tegra-asoc: sound: ADMAIF12 <-> ADMAIF12 mapping ok
[    2.209821] tegra-asoc: sound: ADMAIF13 <-> ADMAIF13 mapping ok
[    2.209921] tegra-asoc: sound: ADMAIF14 <-> ADMAIF14 mapping ok
[    2.210034] tegra-asoc: sound: ADMAIF15 <-> ADMAIF15 mapping ok
[    2.210117] tegra-asoc: sound: ADMAIF16 <-> ADMAIF16 mapping ok
[    2.210229] tegra-asoc: sound: ADMAIF17 <-> ADMAIF17 mapping ok
[    2.210335] tegra-asoc: sound: ADMAIF18 <-> ADMAIF18 mapping ok
[    2.210415] tegra-asoc: sound: ADMAIF19 <-> ADMAIF19 mapping ok
[    2.210506] tegra-asoc: sound: ADMAIF20 <-> ADMAIF20 mapping ok
[    2.231896] usb 1-2: New USB device found, idVendor=0bda, idProduct=5411
[    2.231902] usb 1-2: New USB device strings: Mfr=1, Product=2, SerialNumber=0
[    2.231906] usb 1-2: Product: 4-Port USB 2.0 Hub
[    2.231910] usb 1-2: Manufacturer: Generic
[    2.233322] hub 1-2:1.0: USB hub found
[    2.234488] hub 1-2:1.0: 4 ports detected
[    2.239246] u32 classifier
[    2.239250]     Actions configured
[    2.239318] Initializing XFRM netlink socket
[    2.239896] NET: Registered protocol family 10
[    2.240583] NET: Registered protocol family 17
[    2.240598] NET: Registered protocol family 15
[    2.240653] bridge: filtering via arp/ip/ip6tables is no longer available by default. Update your scripts to load br_netfilter if you need this.
[    2.240749] Bluetooth: RFCOMM socket layer initialized
[    2.240778] Bluetooth: RFCOMM ver 1.11
[    2.240785] Bluetooth: HIDP (Human Interface Emulation) ver 1.2
[    2.240791] Bluetooth: HIDP socket layer initialized
[    2.240808] 9pnet: Installing 9P2000 support
[    2.240845] Key type dns_resolver registered
[    2.241089] Registered cp15_barrier emulation handler
[    2.241111] Registered setend emulation handler
[    2.242747] registered taskstats version 1
[    2.243231] tegra-pcie-dw 14160000.pcie: Setting init speed to max speed
[    2.244516] OF: PCI: host bridge /pcie@14160000 ranges:
[    2.244531] OF: PCI:    IO 0x36100000..0x361fffff -> 0x36100000
[    2.244538] OF: PCI:   MEM 0x1740000000..0x17ffffffff -> 0x40000000
[    2.244543] OF: PCI:   MEM 0x1400000000..0x173fffffff -> 0x1400000000
[    2.309150] mmc1: host does not support reading read-only switch, assuming write-enable
[    2.341388] usb 2-3: new SuperSpeed USB device number 2 using tegra-xusb
[    2.379117] usb 2-3: New USB device found, idVendor=0bda, idProduct=0411
[    2.379124] usb 2-3: New USB device strings: Mfr=1, Product=2, SerialNumber=0
[    2.379128] usb 2-3: Product: 2-Port USB 3.0 Hub
[    2.379132] usb 2-3: Manufacturer: Generic
[    2.396980] hub 2-3:1.0: USB hub found
[    2.399161] hub 2-3:1.0: 4 ports detected
[    2.453966] mmc1: hw tuning done ...
[    2.454018] mmc1: new ultra high speed SDR104 SDXC card at address aaaa
[    2.454443] mmcblk1: mmc1:aaaa SR64G 59.5 GiB 
[    2.460011]  mmcblk1: p1 p2 p3 p4 p5 p6 p7 p8 p9 p10 p11
[    2.523677] usb 1-2.1: new high-speed USB device number 3 using tegra-xusb
[    2.544051] usb 1-2.1: New USB device found, idVendor=1a40, idProduct=0101
[    2.544057] usb 1-2.1: New USB device strings: Mfr=0, Product=1, SerialNumber=0
[    2.544061] usb 1-2.1: Product: USB 2.0 Hub
[    2.544866] hub 1-2.1:1.0: USB hub found
[    2.544932] hub 1-2.1:1.0: 4 ports detected
[    2.547706] tegra_cec 3960000.tegra_cec: Can't find physical addresse.
[    2.547711] tegra_cec 3960000.tegra_cec: tegra_cec_init Done.
[    2.571705] usb 2-3: usb_suspend_both: status 0
[    2.571923] usb usb2: usb_suspend_both: status 0
[    2.757964] tegra-pcie-dw 14160000.pcie: link is down
[    2.758080] tegra-pcie-dw 14160000.pcie: PCI host bridge to bus 0004:00
[    2.758087] pci_bus 0004:00: root bus resource [bus 00-ff]
[    2.758115] pci_bus 0004:00: root bus resource [io  0x0000-0xfffff] (bus address [0x36100000-0x361fffff])
[    2.758121] pci_bus 0004:00: root bus resource [mem 0x1740000000-0x17ffffffff] (bus address [0x40000000-0xffffffff])
[    2.758126] pci_bus 0004:00: root bus resource [mem 0x1400000000-0x173fffffff pref]
[    2.758153] pci 0004:00:00.0: [10de:1ad1] type 01 class 0x060400
[    2.758321] pci 0004:00:00.0: PME# supported from D0 D3hot D3cold
[    2.758574] iommu: Adding device 0004:00:00.0 to group 59
[    2.758787] pci 0004:00:00.0: PCI bridge to [bus 01-ff]
[    2.758810] pci 0004:00:00.0: Max Payload Size set to  256/ 256 (was  256), Max Read Rq  512
[    2.758979] pcieport 0004:00:00.0: Signaling PME through PCIe PME interrupt
[    2.758987] pcie_pme 0004:00:00.0:pcie001: service driver pcie_pme loaded
[    2.759058] aer 0004:00:00.0:pcie002: service driver aer loaded
[    2.759195] pcie_pme 0004:00:00.0:pcie001: unloading service driver pcie_pme
[    2.759236] aer 0004:00:00.0:pcie002: unloading service driver aer
[    2.759321] pci_bus 0004:01: busn_res: [bus 01-ff] is released
[    2.759403] iommu: Removing device 0004:00:00.0 from group 59
[    2.759446] pci_bus 0004:00: busn_res: [bus 00-ff] is released
[    2.761031] tegra-pcie-dw 14160000.pcie: PCIe link is not up...!
[    2.762087] tegra-pcie-dw 141a0000.pcie: Setting init speed to max speed
[    2.763195] OF: PCI: host bridge /pcie@141a0000 ranges:
[    2.763211] OF: PCI:    IO 0x3a100000..0x3a1fffff -> 0x3a100000
[    2.763218] OF: PCI:   MEM 0x1f40000000..0x1fffffffff -> 0x40000000
[    2.763224] OF: PCI:   MEM 0x1c00000000..0x1f3fffffff -> 0x1c00000000
[    2.835715] usb 1-2.1.1: new high-speed USB device number 4 using tegra-xusb
[    2.856415] usb 1-2.1.1: New USB device found, idVendor=2357, idProduct=011e
[    2.856421] usb 1-2.1.1: New USB device strings: Mfr=1, Product=2, SerialNumber=3
[    2.856426] usb 1-2.1.1: Product: 802.11ac WLAN Adapter 
[    2.856429] usb 1-2.1.1: Manufacturer: Realtek 
[    2.856433] usb 1-2.1.1: SerialNumber: 00e04c000001
[    2.939696] usb 1-2.1.2: new high-speed USB device number 5 using tegra-xusb
[    2.964097] usb 1-2.1.2: New USB device found, idVendor=0403, idProduct=6011
[    2.964103] usb 1-2.1.2: New USB device strings: Mfr=1, Product=2, SerialNumber=3
[    2.964107] usb 1-2.1.2: Product: FT4232H MiniModule
[    2.964111] usb 1-2.1.2: Manufacturer: FTDI
[    2.964114] usb 1-2.1.2: SerialNumber: FT6V456O
[    3.071684] usb 1-2.1.3: new full-speed USB device number 6 using tegra-xusb
[    3.095650] usb 1-2.1.3: New USB device found, idVendor=2341, idProduct=8036
[    3.095656] usb 1-2.1.3: New USB device strings: Mfr=1, Product=2, SerialNumber=3
[    3.095661] usb 1-2.1.3: Product: Arduino Leonardo
[    3.095664] usb 1-2.1.3: Manufacturer: Arduino LLC
[    3.095667] usb 1-2.1.3: SerialNumber: HIDPH
[    3.098474] input: Arduino LLC Arduino Leonardo as /devices/3610000.xhci/usb1/1-2/1-2.1/1-2.1.3/1-2.1.3:1.2/0003:2341:8036.0001/input/input4
[    3.098844] hid-generic 0003:2341:8036.0001: input,hidraw0: USB HID v1.01 Joystick [Arduino LLC Arduino Leonardo] on usb-3610000.xhci-2.1.3/input2
[    3.273455] tegra-pcie-dw 141a0000.pcie: link is down
[    3.273607] tegra-pcie-dw 141a0000.pcie: PCI host bridge to bus 0005:00
[    3.273615] pci_bus 0005:00: root bus resource [bus 00-ff]
[    3.273623] pci_bus 0005:00: root bus resource [io  0x100000-0x1fffff] (bus address [0x3a100000-0x3a1fffff])
[    3.273630] pci_bus 0005:00: root bus resource [mem 0x1f40000000-0x1fffffffff] (bus address [0x40000000-0xffffffff])
[    3.273635] pci_bus 0005:00: root bus resource [mem 0x1c00000000-0x1f3fffffff pref]
[    3.273662] pci 0005:00:00.0: [10de:1ad0] type 01 class 0x060400
[    3.273813] pci 0005:00:00.0: PME# supported from D0 D3hot D3cold
[    3.274053] iommu: Adding device 0005:00:00.0 to group 59
[    3.274252] pci 0005:00:00.0: PCI bridge to [bus 01-ff]
[    3.274278] pci 0005:00:00.0: Max Payload Size set to  256/ 256 (was  256), Max Read Rq  512
[    3.274450] pcieport 0005:00:00.0: Signaling PME through PCIe PME interrupt
[    3.274457] pcie_pme 0005:00:00.0:pcie001: service driver pcie_pme loaded
[    3.274546] aer 0005:00:00.0:pcie002: service driver aer loaded
[    3.274691] pcie_pme 0005:00:00.0:pcie001: unloading service driver pcie_pme
[    3.274732] aer 0005:00:00.0:pcie002: unloading service driver aer
[    3.274806] pci_bus 0005:01: busn_res: [bus 01-ff] is released
[    3.274899] iommu: Removing device 0005:00:00.0 from group 59
[    3.274923] pci_bus 0005:00: busn_res: [bus 00-ff] is released
[    3.276916] tegra-pcie-dw 141a0000.pcie: PCIe link is not up...!
[    3.286098] tegra-cbb 14040000.cv-noc: noc_secure_irq = 91, noc_nonsecure_irq = 90>
[    3.290974] tegra194-isp5 14800000.isp: initialized
[    3.297723] tegra194-vi5 15c10000.vi: using default number of vi channels, 36
[    3.300885] tegra194-vi5 15c10000.vi: initialized
[    3.305128] tegra194-vi5 15c10000.vi: subdev 15a00000.nvcsi--2 bound
[    3.305196] tegra194-vi5 15c10000.vi: subdev 15a00000.nvcsi--1 bound
[    3.305399] tegra-thermal-throttle bthrot_cdev: clk:cpu max:1907200000, min:115200000 steps:24
[    3.309630] tegra-thermal-throttle bthrot_cdev: clk:gpu max:1109250000, min:114750000 steps:10
[    3.309644] tegra-thermal-throttle bthrot_cdev: cdev:skin-balanced clk:0:cpu off:0 slope-adj:200
[    3.309648] tegra-thermal-throttle bthrot_cdev: cdev:skin-balanced clk:1:gpu off:0 slope-adj:400
[    3.309714] tegra-thermal-throttle bthrot_cdev: cdev:skin-balanced max_state:48 cutoff:0
[    3.309753] tegra-thermal-throttle bthrot_cdev: cdev:gpu-balanced clk:0:cpu off:0 slope-adj:400
[    3.309757] tegra-thermal-throttle bthrot_cdev: cdev:gpu-balanced clk:1:gpu off:0 slope-adj:400
[    3.313693] tegra-thermal-throttle bthrot_cdev: cdev:gpu-balanced max_state:40 cutoff:1
[    3.313728] tegra-thermal-throttle bthrot_cdev: cdev:cpu-balanced clk:0:cpu off:0 slope-adj:200
[    3.313734] tegra-thermal-throttle bthrot_cdev: cdev:cpu-balanced clk:1:gpu off:365500000 slope-adj:300
[    3.314082] tegra-thermal-throttle bthrot_cdev: cdev:cpu-balanced max_state:48 cutoff:0
[    3.314121] tegra-thermal-throttle bthrot_cdev: cdev:emergency-balanced clk:0:cpu off:38400000 slope-adj:10
[    3.314126] tegra-thermal-throttle bthrot_cdev: cdev:emergency-balanced clk:1:gpu off:25500000 slope-adj:10
[    3.314692] tegra-thermal-throttle bthrot_cdev: cdev:emergency-balanced max_state:2 cutoff:0
[    3.314732] tegra-thermal-throttle bthrot_cdev: cdev:aux-balanced clk:0:cpu off:0 slope-adj:400
[    3.314736] tegra-thermal-throttle bthrot_cdev: cdev:aux-balanced clk:1:gpu off:0 slope-adj:400
[    3.314941] tegra-thermal-throttle bthrot_cdev: cdev:aux-balanced max_state:40 cutoff:1
[    3.316322] tegra186-cam-rtcpu bc00000.rtcpu: Trace buffer configured at IOVA=0xbff00000
[    3.398603] tegra-ivc ivc-bc00000.rtcpu: region 0: iova=0xbfee0000-0xbfefffff size=131072
[    3.398917] tegra-ivc ivc-bc00000.rtcpu:echo@0: echo: ver=0 grp=1 RX[16x64]=0x1000-0x1480 TX[16x64]=0x1480-0x1900
[    3.399202] tegra-ivc ivc-bc00000.rtcpu:dbg@1: dbg: ver=0 grp=1 RX[1x384]=0x1900-0x1b00 TX[1x384]=0x1b00-0x1d00
[    3.399388] tegra-ivc ivc-bc00000.rtcpu:dbg@2: dbg: ver=0 grp=1 RX[1x8192]=0x1d00-0x3d80 TX[1x8192]=0x3d80-0x5e00
[    3.399761] tegra-ivc ivc-bc00000.rtcpu:ivccontrol@3: ivccontrol: ver=0 grp=1 RX[64x320]=0x5e00-0xae80 TX[64x320]=0xae80-0xff00
[    3.399834] tegra-ivc ivc-bc00000.rtcpu:ivccapture@4: ivccapture: ver=0 grp=1 RX[512x64]=0xff00-0x17f80 TX[512x64]=0x17f80-0x20000
[    3.400017] tegra186-cam-rtcpu bc00000.rtcpu: using cam RTCPU IRQ (66)
[    3.400021] tegra186-cam-rtcpu bc00000.rtcpu: tegra_camrtc_mon_create is successful
[    3.400941] tegra186-cam-rtcpu bc00000.rtcpu: firmware version cpu=rce cmd=5 sha1=cf2bef3ad10e437272857b76308abef8ffb80bda
[    3.401355] Wake83 for irq=211
[    3.401419] gpio tegra-gpio wake67 for gpio=48(G:0)
[    3.401496] gpio tegra-gpio-aon wake29 for gpio=36(EE:4)
[    3.401633] input: gpio-keys as /devices/gpio-keys/input/input5
[    3.432775] tegra_rtc c2a0000.rtc: setting system clock to 2022-07-08 03:13:48 UTC (1657250028)
[    3.433219] mmcblk mmc0:0001: Card claimed for testing.
[    3.433228] mmcblk mmc1:aaaa: Card claimed for testing.
[    3.467813] bpmp: mounted debugfs mirror
[    3.474127] ALSA device list:
[    3.474133]   #0: tegra-hda-xnx at 0x3518000 irq 65
[    3.474137]   #1: jetson-xaviernx-ape
[    3.475833] Freeing unused kernel memory: 8576K
[    3.514917] Root device found: PARTUUID=8b3d9149-299d-4359-964b-687a7572b0ba
[    4.260097] EXT4-fs (mmcblk1p1): mounted filesystem with ordered data mode. Opts: (null)
[    4.267443] Rootfs mounted over PARTUUID=8b3d9149-299d-4359-964b-687a7572b0ba
[    4.301008] Switching from initrd to actual rootfs
[    4.567741] ip_tables: (C) 2000-2006 Netfilter Core Team
[    4.572670] cgroup: cgroup2: unknown option "nsdelegate"
[    4.582972] systemd[1]: systemd 237 running in system mode. (+PAM +AUDIT +SELINUX +IMA +APPARMOR +SMACK +SYSVINIT +UTMP +LIBCRYPTSETUP +GCRYPT +GNUTLS +ACL +XZ +LZ4 +SECCOMP +BLKID +ELFUTILS +KMOD -IDN2 +IDN -PCRE2 default-hierarchy=hybrid)
[    4.583551] systemd[1]: Detected architecture arm64.
[    4.589286] systemd[1]: Set hostname to <cit171>.
[    4.739925] systemd[1]: File /lib/systemd/system/systemd-journald.service:36 configures an IP firewall (IPAddressDeny=any), but the local system does not support BPF/cgroup based firewalling.
[    4.739938] systemd[1]: Proceeding WITHOUT firewalling in effect! (This warning is only shown for the first loaded unit using IP firewalling.)
[    4.901799] random: systemd: uninitialized urandom read (16 bytes read)
[    4.904523] systemd[1]: Created slice User and Session Slice.
[    4.904775] random: systemd: uninitialized urandom read (16 bytes read)
[    4.904801] systemd[1]: Reached target User and Group Name Lookups.
[    4.905060] random: systemd: uninitialized urandom read (16 bytes read)
[    4.905468] systemd[1]: Set up automount Arbitrary Executable File Formats File System Automount Point.
[    4.906486] systemd[1]: Created slice System Slice.
[    4.906901] systemd[1]: Listening on Journal Socket.
[    4.956906] EXT4-fs (mmcblk1p1): re-mounted. Opts: (null)
[    4.993897] pca954x 2-0070: vcc-pullup regulator not found
[    4.993912] pca954x 2-0070: pca954x_probe: forcing device bus number, start 30.
[    4.993916] pca954x 2-0070: device detect skipped.
[    4.994465] i2c i2c-2: Added multiplexed i2c bus 30
[    4.994968] i2c i2c-2: Added multiplexed i2c bus 31
[    4.995196] i2c i2c-2: Added multiplexed i2c bus 32
[    4.995862] i2c i2c-2: Added multiplexed i2c bus 33
[    4.995868] pca954x 2-0070: registered 4 multiplexed busses for I2C switch pca9546
[    5.008725] GPIO line 224 (tca9539_74_outlow) hogged as output/low
[    5.008970] GPIO line 225 (tca9539_74_outlow) hogged as output/low
[    5.009213] GPIO line 226 (tca9539_74_outlow) hogged as output/low
[    5.009455] GPIO line 227 (tca9539_74_outlow) hogged as output/low
[    5.009696] GPIO line 228 (tca9539_74_outlow) hogged as output/low
[    5.009940] GPIO line 229 (tca9539_74_outlow) hogged as output/low
[    5.010179] GPIO line 230 (tca9539_74_outlow) hogged as output/low
[    5.010434] GPIO line 231 (tca9539_74_outlow) hogged as output/low
[    5.010803] gpiochip_setup_dev: registered GPIOs 224 to 239 on device: gpiochip3 (pca9539)
[    5.010810] pca953x 2-0074: interrupt support not compiled in
[    5.011242] tegra-i2c 3180000.i2c: no acknowledge from address 0x22
[    5.011406] pca953x 30-0022: failed reading register
[    5.011596] pca953x: probe of 30-0022 failed with error -121
[    5.013814] GPIO line 200 (tca6424_22_outlow) hogged as output/low
[    5.014519] GPIO line 201 (tca6424_22_outlow) hogged as output/low
[    5.015264] GPIO line 202 (tca6424_22_outlow) hogged as output/low
[    5.016077] GPIO line 203 (tca6424_22_outlow) hogged as output/low
[    5.016826] GPIO line 204 (tca6424_22_outlow) hogged as output/low
[    5.017559] GPIO line 205 (tca6424_22_outlow) hogged as output/low
[    5.018287] GPIO line 206 (tca6424_22_outlow) hogged as output/low
[    5.019010] GPIO line 207 (tca6424_22_outlow) hogged as output/low
[    5.019416] gpiochip_setup_dev: registered GPIOs 200 to 223 on device: gpiochip4 (tca6424)
[    5.019424] pca953x 31-0022: interrupt support not compiled in
[    5.032965] ar0521: loading out-of-tree module taints kernel.
[    5.034714] ar0521 30-0042: Unable to toggle GPIO
[    5.034865] ar0521: probe of 30-0042 failed with error -22
[    5.100383] Current Firmware Version - (50CUNANO-g3bfcc9c)
[    5.145750] systemd-journald[2329]: Received request to flush runtime journal from PID 1
[    5.186477] cam_isp_init
[    6.242180] random: crng init done
[    6.242187] random: 7 urandom warning(s) missed due to ratelimiting
[    6.832518] usbcore: registered new interface driver ftdi_sio
[    6.832831] usbserial: USB Serial support registered for FTDI USB Serial Device
[    6.832996] ftdi_sio 1-2.1.2:1.0: FTDI USB Serial Device converter detected
[    6.833276] usb 1-2.1.2: Detected FT4232H
[    6.834091] usb 1-2.1.2: FTDI USB Serial Device converter now attached to ttyUSB0
[    6.834209] ftdi_sio 1-2.1.2:1.1: FTDI USB Serial Device converter detected
[    6.834350] usb 1-2.1.2: Detected FT4232H
[    6.834941] usb 1-2.1.2: FTDI USB Serial Device converter now attached to ttyUSB1
[    6.835012] ftdi_sio 1-2.1.2:1.2: FTDI USB Serial Device converter detected
[    6.835275] usb 1-2.1.2: Detected FT4232H
[    6.836740] usb 1-2.1.2: FTDI USB Serial Device converter now attached to ttyUSB2
[    6.836858] ftdi_sio 1-2.1.2:1.3: FTDI USB Serial Device converter detected
[    6.836970] usb 1-2.1.2: Detected FT4232H
[    6.837500] usb 1-2.1.2: FTDI USB Serial Device converter now attached to ttyUSB3
[    6.839589] cdc_acm 1-2.1.3:1.0: ttyACM0: USB ACM device
[    6.842304] usbcore: registered new interface driver cdc_acm
[    6.842310] cdc_acm: USB Abstract Control Model driver for USB modems and ISDN adapters
[    7.489563] usbcore: registered new interface driver rtl8821au
[    8.133812] nvgpu: 17000000.gv11b          nvgpu_nvhost_syncpt_init:291  [INFO]  syncpt_unit_base 60000000 syncpt_unit_size 400000 size 1000

[    9.252400] ar0521 31-0042: ISP Already Initialized !! 
[    9.258997] SENSOR ID=0x0265
[    9.263866]  cam_stream_off 2180 CAM Get CMD Stream off Success !! 
[    9.344212] 0. Initialized Control 0x00980900 - Brightness 
[    9.344237] 1. Initialized Control 0x00980901 - Contrast 
[    9.344242] 2. Initialized Control 0x00980902 - Saturation 
[    9.344246] 3. Initialized Control 0x0098090c - White Balance, Automatic 
[    9.344250] 4. Initialized Control 0x00980910 - Gamma 
[    9.344256] 5. Initialized Control 0x0098091a - White Balance Temperature 
[    9.344261] 6. Initialized Control 0x0098091b - Sharpness 
[    9.344265] 7. Initialized Control 0x00980913 - Gain 
[    9.350814]  Menu Element 0 : Full FOV Auto Mode 
[    9.350820]  Menu Element 1 : Manual Mode 
[    9.350824]  Menu Element 2 : ROI Based Auto Mode 
[    9.350833] 8. Initialized Custom Ctrl 0x009a0901 - Exposure Auto 
[    9.350838] 9. Initialized Control 0x009a0902 - Exposure Time, Absolute 
[    9.350843] 10. Initialized Control 0x009a090d - Zoom, Absolute 
[    9.350848] 11. Initialized Control 0x009a0908 - Pan, Absolute 
[    9.350852] 12. Initialized Control 0x009a0909 - Tilt, Absolute 
[    9.354292] 13. Initialized Custom Ctrl 0x009a092d - Denoise 
[    9.354299] 14. Initialized Control 0x00980914 - Horizontal Flip 
[    9.354305] 15. Initialized Control 0x00980915 - Vertical Flip 
[    9.358335] 16. Initialized Custom Ctrl 0x009a0926 - ROI Exposure 
[    9.362335] 17. Initialized Custom Ctrl 0x009a0924 - ROI Window Size 
[    9.366346] 18. Initialized Custom Ctrl 0x009a0931 - Exposure Compensation 
[    9.366356] tegra194-vi5 15c10000.vi: subdev ar0521 31-0042 bound
[    9.378479] cpu-throttle-alert cooling device registered.
[    9.378929] gpu-throttle-alert cooling device registered.
[    9.379519] aux-throttle-alert cooling device registered.
[   10.997762] using random self ethernet address
[   10.997907] using random host ethernet address
[   11.837059] Mass Storage Function, version: 2009/09/11
[   11.837068] LUN: removable file: (no medium)
[   11.842669] using random self ethernet address
[   11.842800] using random host ethernet address
[   12.146992] IPv6: ADDRCONF(NETDEV_UP): eth0: link is not ready
[   12.464530] gpio tegra-gpio wake20 for gpio=52(G:4)
[   12.470837] IPv6: ADDRCONF(NETDEV_UP): eth0: link is not ready
[   12.483613] IPv6: ADDRCONF(NETDEV_UP): wlan0: link is not ready
[   12.900225] nvgpu: 17000000.gv11b                 tpc_pg_mask_store:843  [INFO]  no value change, same mask already set
[   12.911927] IPv6: ADDRCONF(NETDEV_UP): wlan0: link is not ready
[   12.913430] rndis0: HOST MAC f6:ee:58:51:ed:6c
[   12.913514] rndis0: MAC f6:ee:58:51:ed:6d
[   12.914284] usb0: HOST MAC f6:ee:58:51:ed:6e
[   12.914331] usb0: MAC f6:ee:58:51:ed:6f
[   12.914359] tegra-xudc-new 3550000.xudc: exiting ELPG
[   12.918401] tegra-xudc-new 3550000.xudc: exiting ELPG done
[   12.918425] tegra-xudc-new 3550000.xudc: ep 0 (type: 0, dir: out) enabled
[   12.918704] tegra-xudc-new 3550000.xudc: entering ELPG
[   12.918952] tegra-xudc-new 3550000.xudc: entering ELPG done
[   12.918966] tegra-xudc-new 3550000.xudc: exiting ELPG
[   12.919467] tegra-xudc-new 3550000.xudc: exiting ELPG done
[   12.919483] tegra-xudc-new 3550000.xudc: entering ELPG
[   12.919714] tegra-xudc-new 3550000.xudc: entering ELPG done
[   12.924669] l4tbr0: port 1(rndis0) entered blocking state
[   12.924676] l4tbr0: port 1(rndis0) entered disabled state
[   12.925283] device rndis0 entered promiscuous mode
[   12.932468] IPv6: ADDRCONF(NETDEV_UP): rndis0: link is not ready
[   12.960095] l4tbr0: port 2(usb0) entered blocking state
[   12.960103] l4tbr0: port 2(usb0) entered disabled state
[   12.961130] device usb0 entered promiscuous mode
[   12.970684] IPv6: ADDRCONF(NETDEV_UP): usb0: link is not ready
[   13.231048] IPv6: ADDRCONF(NETDEV_UP): wlan0: link is not ready
[   13.264834] zram: Added device: zram0
[   13.268418] zram: Added device: zram1
[   13.269643] zram: Added device: zram2
[   13.272403] zram: Added device: zram3
[   13.279773] zram: Added device: zram4
[   13.280586] zram: Added device: zram5
[   13.314159] zram0: detected capacity change from 0 to 679256064
[   13.369871] Adding 663332k swap on /dev/zram0.  Priority:5 extents:1 across:663332k SS
[   13.387982] zram1: detected capacity change from 0 to 679256064
[   13.421003] Adding 663332k swap on /dev/zram1.  Priority:5 extents:1 across:663332k SS
[   13.430792] zram2: detected capacity change from 0 to 679256064
[   13.446606] Adding 663332k swap on /dev/zram2.  Priority:5 extents:1 across:663332k SS
[   13.453208] zram3: detected capacity change from 0 to 679256064
[   13.495886] Adding 663332k swap on /dev/zram3.  Priority:5 extents:1 across:663332k SS
[   13.499488] zram4: detected capacity change from 0 to 679256064
[   13.521300] Adding 663332k swap on /dev/zram4.  Priority:5 extents:1 across:663332k SS
[   13.530802] zram5: detected capacity change from 0 to 679256064
[   13.555525] Adding 663332k swap on /dev/zram5.  Priority:5 extents:1 across:663332k SS
[   15.153174] tegradc 15200000.nvdisplay: blank - powerdown
[   15.153189] tegradc 15210000.nvdisplay: blank - powerdown
[   15.844848] eqos 2490000.ether_qos eth0: Link is Up - 1Gbps/Full - flow control rx/tx
[   15.846073] IPv6: ADDRCONF(NETDEV_CHANGE): eth0: link becomes ready
[   17.326077] ------------[ cut here ]------------
[   17.326337] WARNING: CPU: 2 PID: 6459 at /home/rikuyokoo/en715_l4t32_5_2/top_dir/kernel_sources/Linux_for_Tegra/source/public/kernel/kernel-4.9/net/wireless/nl80211.c:14141 cfg80211_ch_switch_notify+0x150/0x170 [cfg80211]
[   17.326666] Modules linked in: zram overlay userspace_alert nvgpu rtl8821au cfg80211 cdc_acm ftdi_sio spidev binfmt_misc ar0521(O) gpio_pca953x i2c_mux_pca954x bluedroid_pm ip_tables x_tables

[   17.326749] CPU: 2 PID: 6459 Comm: RTW_CMD_THREAD Tainted: G           O    4.9.201 #1
[   17.326753] Hardware name: NVIDIA Jetson Xavier NX Developer Kit (DT)
[   17.326760] task: ffffffc1f2403800 task.stack: ffffffc1e7b50000
[   17.326879] PC is at cfg80211_ch_switch_notify+0x150/0x170 [cfg80211]
[   17.327432] LR is at rtw_cfg80211_ch_switch_notify+0x94/0x98 [rtl8821au]
[   17.327439] pc : [<ffffff8001183080>] lr : [<ffffff80012eb8b0>] pstate: 60c00045
[   17.327443] sp : ffffffc1e7b53c20
[   17.327448] x29: ffffffc1e7b53c20 x28: ffffff800128d930 
[   17.327460] x27: ffffff800bf761ac x26: ffffff80013f2060 
[   17.327471] x25: ffffff80014455bc x24: ffffffc1ed2f8000 
[   17.327482] x23: ffffffc1ed2ff000 x22: ffffffc1dd003000 
[   17.327493] x21: 0000000000000002 x20: ffffffc1e7b53ca8 
[   17.327504] x19: ffffffc1ec954800 x18: 0000000000000400 
[   17.327515] x17: 0000007f8cc6aa58 x16: 0000000000000000 
[   17.327526] x15: 0000000000000000 x14: 0000000000000008 
[   17.327537] x13: 7f0201c70000002a x12: 0105c001b2fffe01 
[   17.327548] x11: 0000000000000004 x10: 0000000000000002 
[   17.327559] x9 : 0000000000000004 x8 : ffffffc1e7b53d3a 
[   17.327570] x7 : 0000000000000000 x6 : 0000000000000001 
[   17.327587] x5 : 0000000000000040 x4 : 00000000000009b4 
[   17.327598] x3 : 0000145a00000003 x2 : ffffffc1dd004848 
[   17.327609] x1 : 0000145a00000003 x0 : 0000000000000000 

[   17.327624] ---[ end trace 26ec1bf1c75e65e8 ]---
[   17.327710] Call trace:
[   17.327833] [<ffffff8001183080>] cfg80211_ch_switch_notify+0x150/0x170 [cfg80211]
[   17.328391] [<ffffff80012eb8b0>] rtw_cfg80211_ch_switch_notify+0x94/0x98 [rtl8821au]
[   17.328936] [<ffffff800128d894>] rtw_chk_start_clnt_join+0x43c/0x4d8 [rtl8821au]
[   17.329472] [<ffffff800128db68>] join_cmd_hdl+0x238/0x330 [rtl8821au]
[   17.330000] [<ffffff8001251550>] rtw_cmd_thread+0x308/0x608 [rtl8821au]
[   17.330012] [<ffffff80080db074>] kthread+0xec/0xf0
[   17.330021] [<ffffff80080838a0>] ret_from_fork+0x10/0x30
[   17.490951] IPv6: ADDRCONF(NETDEV_CHANGE): wlan0: link becomes ready
[   18.762246] fuse init (API version 7.26)
[   21.691751] Bluetooth: BNEP (Ethernet Emulation) ver 1.3
[   21.691770] Bluetooth: BNEP socket layer initialized
[   25.463280] EXT4-fs (mmcblk0p1): mounted filesystem with ordered data mode. Opts: (null)
[   34.131924] vdd-sdmmc1-sw: disabling
[   34.131935] vdd-1v8-cvb: disabling
[   34.131940] vdd-epb-1v0: disabling
[   34.131945] avdd-cam-2v8: disabling
[   34.131972] vdd-fan: disabling
[   34.131984] vdd_sys_en: disabling
[   59.911266] Netfilter messages via NETLINK v0.30.
[   59.975786] device eth0 entered promiscuous mode
[   61.044977] device eth0 left promiscuous mode
